mkdir: /home/researcher/.config/yosyshq: Operation not permitted
mkdir: /home/researcher/.local/share/yosyshq: Operation not permitted
Info: constrained 'clk12' to bel 'X19/Y0/io1'
Info: constrained 'flash_cs_n' to bel 'X24/Y0/io1'
Info: constrained 'flash_sclk' to bel 'X24/Y0/io0'
Info: constrained 'flash_mosi' to bel 'X23/Y0/io1'
Info: constrained 'flash_miso' to bel 'X23/Y0/io0'
Info: constrained 'status_done' to bel 'X18/Y0/io1'
Info: constrained 'status_error' to bel 'X18/Y0/io0'
Info: constrained 'status_running' to bel 'X19/Y0/io0'

Info: Packing constants..
Info: Packing IOs..
Info: Packing LUT-FFs..
Info:     2604 LCs used as LUT4 only
Info:      849 LCs used as LUT4 and DFF
Info: Packing non-LUT FFs..
Info:      814 LCs used as DFF only
Info: Packing carries..
Info:      568 LCs used as CARRY only
Info: Packing indirect carry+LUT pairs...
Info:       99 LUTs merged into carry LCs
Info: Packing RAMs..
Info: Placing PLLs..
Info: Packing special functions..
Info: Packing PLLs..
Info: Promoting globals..
Info: promoting clk12$SB_IO_IN (fanout 1711)
Info: promoting rst [reset] (fanout 1176)
Info: promoting system.source.phase_SB_DFFESR_Q_14_D_SB_LUT4_O_I2_SB_LUT4_I3_O_SB_LUT4_O_I3_SB_CARRY_CI_CO_SB_CARRY_CI_CO_SB_CARRY_CI_CO_SB_CARRY_CI_CO_SB_CARRY_CI_CO_SB_CARRY_CI_CO_SB_CARRY_CI_CO_SB_CARRY_CI_CO_SB_CARRY_CI_CO_SB_CARRY_CI_CO_SB_CARRY_CI_CO_SB_CARRY_CI_CO_SB_CARRY_CI_CO_SB_LUT4_I3_O_SB_LUT4_I3_O[2] [reset] (fanout 71)
Info: promoting system.core.real_part.0.0_RDATA_2_SB_LUT4_O_I3_SB_LUT4_I3_O_SB_LUT4_I3_I1_SB_LUT4_I2_O [cen] (fanout 170)
Info: promoting system.core.nn_input_SB_DFFESR_Q_1_D_SB_LUT4_O_I3_SB_CARRY_CI_CO_SB_LUT4_I0_O [cen] (fanout 160)
Info: promoting system.error_flags_SB_DFFESR_Q_6_E_SB_LUT4_O_I2_SB_LUT4_I2_O [cen] (fanout 74)
Info: promoting system.core.real_part.0.0_RDATA_2_SB_LUT4_O_I3_SB_LUT4_O_I3_SB_LUT4_I1_O [cen] (fanout 43)
Info: promoting $PACKER_GND_NET (fanout 9)
Info: Constraining chains...
Info:      102 LCs used to legalise carry chains.
Info: Checksum: 0xdcc407cb

Info: Device utilisation:
Info: 	         ICESTORM_LC:    4842/   5280    91%
Info: 	        ICESTORM_RAM:      25/     30    83%
Info: 	               SB_IO:       8/     39    20%
Info: 	               SB_GB:       8/      8   100%
Info: 	        ICESTORM_PLL:       0/      1     0%
Info: 	         SB_WARMBOOT:       0/      1     0%
Info: 	        ICESTORM_DSP:       4/      8    50%
Info: 	      ICESTORM_HFOSC:       0/      1     0%
Info: 	      ICESTORM_LFOSC:       0/      1     0%
Info: 	              SB_I2C:       0/      2     0%
Info: 	              SB_SPI:       0/      2     0%
Info: 	              IO_I3C:       0/      2     0%
Info: 	         SB_LEDDA_IP:       0/      1     0%
Info: 	         SB_RGBA_DRV:       0/      1     0%
Info: 	      ICESTORM_SPRAM:       3/      4    75%

Info: Placed 8 cells based on constraints.
Info: Creating initial analytic placement for 3424 cells, random placement wirelen = 110953.
Info:     at initial placer iter 0, wirelen = 1929
Info:     at initial placer iter 1, wirelen = 1807
Info:     at initial placer iter 2, wirelen = 1797
Info:     at initial placer iter 3, wirelen = 1817
Info: Running main analytical placer, max placement attempts per cell = 2989012.
Info:     at iteration #1, type ALL: wirelen solved = 1804, spread = 51749, legal = 59166; time = 0.31s
Info:     at iteration #2, type ALL: wirelen solved = 2591, spread = 44255, legal = 53542; time = 0.28s
Info:     at iteration #3, type ALL: wirelen solved = 3688, spread = 36783, legal = 45593; time = 0.10s
Info:     at iteration #4, type ALL: wirelen solved = 5115, spread = 32930, legal = 43198; time = 0.11s
Info:     at iteration #5, type ALL: wirelen solved = 5860, spread = 30354, legal = 40991; time = 0.11s
Info:     at iteration #6, type ALL: wirelen solved = 6666, spread = 29326, legal = 40212; time = 0.11s
Info:     at iteration #7, type ALL: wirelen solved = 7965, spread = 28357, legal = 39558; time = 0.11s
Info:     at iteration #8, type ALL: wirelen solved = 8672, spread = 27265, legal = 36438; time = 0.31s
Info:     at iteration #9, type ALL: wirelen solved = 8856, spread = 26529, legal = 36110; time = 0.11s
Info:     at iteration #10, type ALL: wirelen solved = 9887, spread = 25853, legal = 35081; time = 0.25s
Info:     at iteration #11, type ALL: wirelen solved = 10025, spread = 24964, legal = 34811; time = 0.25s
Info:     at iteration #12, type ALL: wirelen solved = 10682, spread = 24566, legal = 34558; time = 0.24s
Info:     at iteration #13, type ALL: wirelen solved = 10964, spread = 24377, legal = 35148; time = 0.25s
Info:     at iteration #14, type ALL: wirelen solved = 11260, spread = 24627, legal = 34342; time = 0.23s
Info:     at iteration #15, type ALL: wirelen solved = 11760, spread = 24303, legal = 34670; time = 0.10s
Info:     at iteration #16, type ALL: wirelen solved = 11838, spread = 24470, legal = 33738; time = 0.26s
Info:     at iteration #17, type ALL: wirelen solved = 12041, spread = 24417, legal = 36009; time = 0.09s
Info:     at iteration #18, type ALL: wirelen solved = 12336, spread = 24837, legal = 34826; time = 0.09s
Info:     at iteration #19, type ALL: wirelen solved = 12685, spread = 24626, legal = 35283; time = 0.10s
Info:     at iteration #20, type ALL: wirelen solved = 12836, spread = 24968, legal = 35028; time = 0.09s
Info:     at iteration #21, type ALL: wirelen solved = 13125, spread = 24535, legal = 35046; time = 0.10s
Info: HeAP Placer Time: 3.97s
Info:   of which solving equations: 0.77s
Info:   of which spreading cells: 0.09s
Info:   of which strict legalisation: 2.83s

Info: Running simulated annealing placer for refinement.
Info:   at iteration #1: temp = 0.000000, timing cost = 1601, wirelen = 33738
Info:   at iteration #5: temp = 0.000000, timing cost = 1187, wirelen = 25874
Info:   at iteration #10: temp = 0.000000, timing cost = 1157, wirelen = 24688
Info:   at iteration #15: temp = 0.000000, timing cost = 1073, wirelen = 23813
Info:   at iteration #20: temp = 0.000000, timing cost = 992, wirelen = 23233
Info:   at iteration #25: temp = 0.000000, timing cost = 981, wirelen = 23057
Info:   at iteration #30: temp = 0.000000, timing cost = 981, wirelen = 22977
Info:   at iteration #35: temp = 0.000000, timing cost = 979, wirelen = 22939
Info:   at iteration #37: temp = 0.000000, timing cost = 981, wirelen = 22929 
Info: SA placement time 2.43s

Info: Max frequency for clock 'clk12$SB_IO_IN_$glb_clk': 19.24 MHz (PASS at 12.00 MHz)

Info: Clock '$PACKER_GND_NET_$glb_clk' has no interior paths

Info: Max delay <async>                         -> posedge clk12$SB_IO_IN_$glb_clk: 7.67 ns
Info: Max delay posedge clk12$SB_IO_IN_$glb_clk -> <async>                        : 12.77 ns

Info: Slack histogram:
Info:  legend: * represents 21 endpoint(s)
Info:          + represents [1,21) endpoint(s)
Info: [ 31352,  33783) |*+
Info: [ 33783,  36214) |**+
Info: [ 36214,  38645) |+
Info: [ 38645,  41076) |+
Info: [ 41076,  43507) |*+
Info: [ 43507,  45938) |*+
Info: [ 45938,  48369) |+
Info: [ 48369,  50800) |*+
Info: [ 50800,  53231) |********+
Info: [ 53231,  55662) |**************************+
Info: [ 55662,  58093) |*********************+
Info: [ 58093,  60524) |************************************************************ 
Info: [ 60524,  62955) |*********************************+
Info: [ 62955,  65386) |*******************+
Info: [ 65386,  67817) |***********************+
Info: [ 67817,  70248) |***************+
Info: [ 70248,  72679) |****************+
Info: [ 72679,  75110) |****************+
Info: [ 75110,  77541) |***************************+
Info: [ 77541,  79972) |****************************************+
Info: Checksum: 0x99e48916

Info: Routing..
Info: Setting up routing queue.
Info: Routing 15570 arcs.
Info:            |   (re-)routed arcs  |   delta    | remaining|       time spent     |
Info:    IterCnt |  w/ripup   wo/ripup |  w/r  wo/r |      arcs| batch(sec) total(sec)|
Info:       1000 |        8        991 |    8   991 |     14580|       0.29       0.29|
Info:       2000 |       47       1952 |   39   961 |     13642|       0.16       0.46|
Info:       3000 |      111       2803 |   64   851 |     12743|       0.09       0.54|
Info:       4000 |      200       3659 |   89   856 |     11857|       0.07       0.61|
Info:       5000 |      316       4421 |  116   762 |     11025|       0.07       0.68|
Info:       6000 |      451       5230 |  135   809 |     10237|       0.07       0.75|
Info:       7000 |      677       5977 |  226   747 |      9617|       0.10       0.85|
Info:       8000 |      875       6769 |  198   792 |      8930|       0.08       0.93|
Info:       9000 |     1134       7455 |  259   686 |      8307|       0.11       1.04|
Info:      10000 |     1386       8113 |  252   658 |      7673|       0.09       1.12|
Info:      11000 |     1663       8790 |  277   677 |      7148|       0.10       1.23|
Info:      12000 |     1912       9470 |  249   680 |      6607|       0.10       1.33|
Info:      13000 |     2276      10058 |  364   588 |      6100|       0.10       1.43|
Info:      14000 |     2585      10552 |  309   494 |      5542|       0.07       1.50|
Info:      15000 |     2970      11122 |  385   570 |      5145|       0.13       1.63|
Info:      16000 |     3322      11759 |  352   637 |      4783|       0.11       1.74|
Info:      17000 |     3670      12398 |  348   639 |      4285|       0.10       1.84|
Info:      18000 |     4060      12964 |  390   566 |      3894|       0.15       1.99|
Info:      19000 |     4409      13555 |  349   591 |      3471|       0.12       2.10|
Info:      20000 |     4798      14129 |  389   574 |      3120|       0.12       2.22|
Info:      21000 |     5265      14605 |  467   476 |      2772|       0.11       2.33|
Info:      22000 |     5658      15165 |  393   560 |      2392|       0.13       2.47|
Info:      23000 |     6143      15668 |  485   503 |      2095|       0.11       2.57|
Info:      24000 |     6495      16272 |  352   604 |      1642|       0.10       2.67|
Info:      25000 |     6775      16986 |  280   714 |      1053|       0.07       2.74|
Info:      26000 |     7095      17655 |  320   669 |       541|       0.21       2.95|
Info:      27000 |     7384      18361 |  289   706 |        37|       0.25       3.20|
Info:      27063 |     7405      18403 |   21    42 |         0|       0.02       3.22|
Info: Routing complete.
Info: Router1 time 3.22s
Info: Checksum: 0xb871b84f

Info: Critical path report for clock 'clk12$SB_IO_IN_$glb_clk' (posedge -> posedge):
Info:       type curr  total name
Info:   clk-to-q  1.39  1.39 Source system.core.dft_component_SB_DFFESR_Q_D_SB_LUT4_O_LC.O
Info:    routing  3.49  4.89 Net system.core.dft_component[0] (8,15) -> (3,17)
Info:                          Sink system.core.hidden.0.0_WDATA_2_SB_LUT4_O_I1_SB_LUT4_O_I3_SB_CARRY_CI_CO_SB_LUT4_I1_O_SB_LUT4_O_I3_SB_LUT4_O_I3_SB_LUT4_O_LC.I0
Info:                          Defined in:
Info:                               rtl/core/vibration_core.sv:99.18-99.28
Info:      logic  1.28  6.17 Source system.core.hidden.0.0_WDATA_2_SB_LUT4_O_I1_SB_LUT4_O_I3_SB_CARRY_CI_CO_SB_LUT4_I1_O_SB_LUT4_O_I3_SB_LUT4_O_I3_SB_LUT4_O_LC.O
Info:    routing  1.76  7.93 Net system.core.hidden.0.0_WDATA_2_SB_LUT4_O_I1_SB_LUT4_O_I3_SB_CARRY_CI_CO_SB_LUT4_I1_O_SB_LUT4_O_I3_SB_LUT4_O_I3[2] (3,17) -> (4,18)
Info:                          Sink system.core.hidden.0.0_WDATA_2_SB_LUT4_O_I1_SB_LUT4_O_I3_SB_CARRY_CI_CO_SB_LUT4_I1_O_SB_LUT4_O_I3_SB_LUT4_O_LC.I3
Info:                          Defined in:
Info:                               ./.tools/oss-cad-suite/libexec/../share/yosys/ice40/cells_map.v:6.21-6.22
Info:      logic  0.87  8.80 Source system.core.hidden.0.0_WDATA_2_SB_LUT4_O_I1_SB_LUT4_O_I3_SB_CARRY_CI_CO_SB_LUT4_I1_O_SB_LUT4_O_I3_SB_LUT4_O_LC.O
Info:    routing  1.76  10.56 Net system.core.hidden.0.0_WDATA_2_SB_LUT4_O_I1_SB_LUT4_O_I3_SB_CARRY_CI_CO_SB_LUT4_I1_O_SB_LUT4_O_I3[2] (4,18) -> (5,17)
Info:                          Sink system.core.hidden.0.0_WDATA_2_SB_LUT4_O_I1_SB_LUT4_O_I3_SB_CARRY_CI_CO_SB_LUT4_I1_O_SB_LUT4_O_LC.I3
Info:                          Defined in:
Info:                               ./.tools/oss-cad-suite/libexec/../share/yosys/ice40/cells_map.v:6.21-6.22
Info:      logic  0.87  11.44 Source system.core.hidden.0.0_WDATA_2_SB_LUT4_O_I1_SB_LUT4_O_I3_SB_CARRY_CI_CO_SB_LUT4_I1_O_SB_LUT4_O_LC.O
Info:    routing  2.95  14.39 Net system.core.hidden.0.0_WDATA_2_SB_LUT4_O_I1_SB_LUT4_O_I3_SB_CARRY_CI_CO_SB_LUT4_I1_O[0] (5,17) -> (7,16)
Info:                          Sink system.core.logits[0]_SB_DFFESR_Q_14_D_SB_LUT4_O_LC.I0
Info:                          Defined in:
Info:                               rtl/core/vibration_core.sv:149.23-149.120
Info:                               ./.tools/oss-cad-suite/libexec/../share/yosys/ice40/arith_map.v:62.5-70.4
Info:                               ./.tools/oss-cad-suite/libexec/../share/yosys/ice40/cells_map.v:6.21-6.22
Info:      logic  1.28  15.68 Source system.core.logits[0]_SB_DFFESR_Q_14_D_SB_LUT4_O_LC.O
Info:    routing  1.76  17.44 Net system.core.logits[0]_SB_DFFESR_Q_14_D[2] (7,16) -> (8,16)
Info:                          Sink system.core.real_part.0.0_WDATA_SB_LUT4_O_I1_SB_CARRY_I0_CI_SB_CARRY_CO_CI_SB_CARRY_CO_CI_SB_CARRY_CO_CI_SB_CARRY_CO_CI_SB_CARRY_CO_CI_SB_CARRY_CO_CI_SB_CARRY_CO_CI_SB_CARRY_CO_CI_SB_CARRY_CO_CI_SB_CARRY_CO_CI_SB_CARRY_CO_CI_SB_CARRY_CO_CI_SB_CARRY_CO_CI_SB_LUT4_O_I1_SB_LUT4_O_LC.I2
Info:                          Defined in:
Info:                               ./.tools/oss-cad-suite/libexec/../share/yosys/ice40/cells_map.v:6.21-6.22
Info:      logic  1.21  18.64 Source system.core.real_part.0.0_WDATA_SB_LUT4_O_I1_SB_CARRY_I0_CI_SB_CARRY_CO_CI_SB_CARRY_CO_CI_SB_CARRY_CO_CI_SB_CARRY_CO_CI_SB_CARRY_CO_CI_SB_CARRY_CO_CI_SB_CARRY_CO_CI_SB_CARRY_CO_CI_SB_CARRY_CO_CI_SB_CARRY_CO_CI_SB_CARRY_CO_CI_SB_CARRY_CO_CI_SB_CARRY_CO_CI_SB_LUT4_O_I1_SB_LUT4_O_LC.O
Info:    routing  2.95  21.59 Net system.core.real_part.0.0_WDATA_SB_LUT4_O_I1_SB_CARRY_I0_CI_SB_CARRY_CO_CI_SB_CARRY_CO_CI_SB_CARRY_CO_CI_SB_CARRY_CO_CI_SB_CARRY_CO_CI_SB_CARRY_CO_CI_SB_CARRY_CO_CI_SB_CARRY_CO_CI_SB_CARRY_CO_CI_SB_CARRY_CO_CI_SB_CARRY_CO_CI_SB_CARRY_CO_CI_SB_CARRY_CO_CI_SB_LUT4_O_I1[1] (8,16) -> (10,18)
Info:                          Sink system.core.real_part.0.0_WDATA_SB_LUT4_O_I1_SB_CARRY_I0_CI_SB_CARRY_CO_CI_SB_CARRY_CO_CI_SB_CARRY_CO_CI_SB_CARRY_CO_CI_SB_CARRY_CO_CI_SB_CARRY_CO_CI_SB_CARRY_CO_CI_SB_CARRY_CO_CI_SB_CARRY_CO_CI_SB_CARRY_CO_CI_SB_CARRY_CO_CI_SB_CARRY_CO_CI_SB_CARRY_CO_CI_SB_LUT4_O_LC.I1
Info:                          Defined in:
Info:                               rtl/core/vibration_core.sv:149.23-149.120
Info:                               ./.tools/oss-cad-suite/libexec/../share/yosys/ice40/arith_map.v:62.5-70.4
Info:                               ./.tools/oss-cad-suite/libexec/../share/yosys/ice40/cells_map.v:6.21-6.22
Info:      logic  0.68  22.27 Source system.core.real_part.0.0_WDATA_SB_LUT4_O_I1_SB_CARRY_I0_CI_SB_CARRY_CO_CI_SB_CARRY_CO_CI_SB_CARRY_CO_CI_SB_CARRY_CO_CI_SB_CARRY_CO_CI_SB_CARRY_CO_CI_SB_CARRY_CO_CI_SB_CARRY_CO_CI_SB_CARRY_CO_CI_SB_CARRY_CO_CI_SB_CARRY_CO_CI_SB_CARRY_CO_CI_SB_CARRY_CO_CI_SB_LUT4_O_LC.COUT
Info:    routing  0.00  22.27 Net system.core.real_part.0.0_WDATA_SB_LUT4_O_I1_SB_CARRY_I0_CI_SB_CARRY_CO_CI_SB_CARRY_CO_CI_SB_CARRY_CO_CI_SB_CARRY_CO_CI_SB_CARRY_CO_CI_SB_CARRY_CO_CI_SB_CARRY_CO_CI_SB_CARRY_CO_CI_SB_CARRY_CO_CI_SB_CARRY_CO_CI_SB_CARRY_CO_CI_SB_CARRY_CO_CI_SB_CARRY_CO_CI_SB_LUT4_O_I1_SB_CARRY_I0_CO[3] (10,18) -> (10,18)
Info:                          Sink system.core.real_part.0.0_WDATA_SB_LUT4_O_I1_SB_CARRY_I0_CI_SB_CARRY_CO_CI_SB_CARRY_CO_CI_SB_CARRY_CO_CI_SB_CARRY_CO_CI_SB_CARRY_CO_CI_SB_CARRY_CO_CI_SB_CARRY_CO_CI_SB_CARRY_CO_CI_SB_CARRY_CO_CI_SB_CARRY_CO_CI_SB_CARRY_CO_CI_SB_CARRY_CO_CI_SB_CARRY_CO_I0_SB_LUT4_O_LC.CIN
Info:                          Defined in:
Info:                               rtl/core/vibration_core.sv:149.23-149.120
Info:                               ./.tools/oss-cad-suite/libexec/../share/yosys/ice40/arith_map.v:62.5-70.4
Info:                               ./.tools/oss-cad-suite/libexec/../share/yosys/ice40/cells_map.v:6.21-6.22
Info:      logic  0.28  22.55 Source system.core.real_part.0.0_WDATA_SB_LUT4_O_I1_SB_CARRY_I0_CI_SB_CARRY_CO_CI_SB_CARRY_CO_CI_SB_CARRY_CO_CI_SB_CARRY_CO_CI_SB_CARRY_CO_CI_SB_CARRY_CO_CI_SB_CARRY_CO_CI_SB_CARRY_CO_CI_SB_CARRY_CO_CI_SB_CARRY_CO_CI_SB_CARRY_CO_CI_SB_CARRY_CO_CI_SB_CARRY_CO_I0_SB_LUT4_O_LC.COUT
Info:    routing  0.00  22.55 Net system.core.logits[0]_SB_DFFESR_Q_12_D[3] (10,18) -> (10,18)
Info:                          Sink system.core.real_part.0.0_WDATA_SB_LUT4_O_I1_SB_CARRY_I0_CI_SB_CARRY_CO_CI_SB_CARRY_CO_CI_SB_CARRY_CO_CI_SB_CARRY_CO_CI_SB_CARRY_CO_CI_SB_CARRY_CO_CI_SB_CARRY_CO_CI_SB_CARRY_CO_CI_SB_CARRY_CO_CI_SB_CARRY_CO_CI_SB_CARRY_CO_CI_SB_CARRY_CO_I0_SB_LUT4_O_LC.CIN
Info:                          Defined in:
Info:                               rtl/core/vibration_core.sv:149.23-149.120
Info:                               ./.tools/oss-cad-suite/libexec/../share/yosys/ice40/arith_map.v:62.5-70.4
Info:                               ./.tools/oss-cad-suite/libexec/../share/yosys/ice40/cells_map.v:6.21-6.22
Info:      logic  0.28  22.82 Source system.core.real_part.0.0_WDATA_SB_LUT4_O_I1_SB_CARRY_I0_CI_SB_CARRY_CO_CI_SB_CARRY_CO_CI_SB_CARRY_CO_CI_SB_CARRY_CO_CI_SB_CARRY_CO_CI_SB_CARRY_CO_CI_SB_CARRY_CO_CI_SB_CARRY_CO_CI_SB_CARRY_CO_CI_SB_CARRY_CO_CI_SB_CARRY_CO_CI_SB_CARRY_CO_I0_SB_LUT4_O_LC.COUT
Info:    routing  0.00  22.82 Net system.core.logits[0]_SB_DFFESR_Q_11_D[3] (10,18) -> (10,18)
Info:                          Sink system.core.real_part.0.0_WDATA_SB_LUT4_O_I1_SB_CARRY_I0_CI_SB_CARRY_CO_CI_SB_CARRY_CO_CI_SB_CARRY_CO_CI_SB_CARRY_CO_CI_SB_CARRY_CO_CI_SB_CARRY_CO_CI_SB_CARRY_CO_CI_SB_CARRY_CO_CI_SB_CARRY_CO_CI_SB_CARRY_CO_CI_SB_CARRY_CO_I0_SB_LUT4_O_LC.CIN
Info:                          Defined in:
Info:                               rtl/core/vibration_core.sv:149.23-149.120
Info:                               ./.tools/oss-cad-suite/libexec/../share/yosys/ice40/arith_map.v:62.5-70.4
Info:                               ./.tools/oss-cad-suite/libexec/../share/yosys/ice40/cells_map.v:6.21-6.22
Info:      logic  0.28  23.10 Source system.core.real_part.0.0_WDATA_SB_LUT4_O_I1_SB_CARRY_I0_CI_SB_CARRY_CO_CI_SB_CARRY_CO_CI_SB_CARRY_CO_CI_SB_CARRY_CO_CI_SB_CARRY_CO_CI_SB_CARRY_CO_CI_SB_CARRY_CO_CI_SB_CARRY_CO_CI_SB_CARRY_CO_CI_SB_CARRY_CO_CI_SB_CARRY_CO_I0_SB_LUT4_O_LC.COUT
Info:    routing  0.00  23.10 Net system.core.logits[2]_SB_DFFESR_Q_1_D[3] (10,18) -> (10,18)
Info:                          Sink system.core.real_part.0.0_WDATA_SB_LUT4_O_I1_SB_CARRY_I0_CI_SB_CARRY_CO_CI_SB_CARRY_CO_CI_SB_CARRY_CO_CI_SB_CARRY_CO_CI_SB_CARRY_CO_CI_SB_CARRY_CO_CI_SB_CARRY_CO_CI_SB_CARRY_CO_CI_SB_CARRY_CO_CI_SB_CARRY_CO_I0_SB_LUT4_O_LC.CIN
Info:                          Defined in:
Info:                               rtl/core/vibration_core.sv:149.23-149.120
Info:                               ./.tools/oss-cad-suite/libexec/../share/yosys/ice40/arith_map.v:62.5-70.4
Info:                               ./.tools/oss-cad-suite/libexec/../share/yosys/ice40/cells_map.v:6.21-6.22
Info:      logic  0.28  23.38 Source system.core.real_part.0.0_WDATA_SB_LUT4_O_I1_SB_CARRY_I0_CI_SB_CARRY_CO_CI_SB_CARRY_CO_CI_SB_CARRY_CO_CI_SB_CARRY_CO_CI_SB_CARRY_CO_CI_SB_CARRY_CO_CI_SB_CARRY_CO_CI_SB_CARRY_CO_CI_SB_CARRY_CO_CI_SB_CARRY_CO_I0_SB_LUT4_O_LC.COUT
Info:    routing  0.00  23.38 Net system.core.logits[0]_SB_DFFESR_Q_9_D[3] (10,18) -> (10,18)
Info:                          Sink system.core.real_part.0.0_WDATA_SB_LUT4_O_I1_SB_CARRY_I0_CI_SB_CARRY_CO_CI_SB_CARRY_CO_CI_SB_CARRY_CO_CI_SB_CARRY_CO_CI_SB_CARRY_CO_CI_SB_CARRY_CO_CI_SB_CARRY_CO_CI_SB_CARRY_CO_CI_SB_CARRY_CO_I0_SB_LUT4_O_LC.CIN
Info:                          Defined in:
Info:                               rtl/core/vibration_core.sv:149.23-149.120
Info:                               ./.tools/oss-cad-suite/libexec/../share/yosys/ice40/arith_map.v:62.5-70.4
Info:                               ./.tools/oss-cad-suite/libexec/../share/yosys/ice40/cells_map.v:6.21-6.22
Info:      logic  0.28  23.66 Source system.core.real_part.0.0_WDATA_SB_LUT4_O_I1_SB_CARRY_I0_CI_SB_CARRY_CO_CI_SB_CARRY_CO_CI_SB_CARRY_CO_CI_SB_CARRY_CO_CI_SB_CARRY_CO_CI_SB_CARRY_CO_CI_SB_CARRY_CO_CI_SB_CARRY_CO_CI_SB_CARRY_CO_I0_SB_LUT4_O_LC.COUT
Info:    routing  0.00  23.66 Net system.core.logits[0]_SB_DFFESR_Q_8_D[3] (10,18) -> (10,18)
Info:                          Sink system.core.real_part.0.0_WDATA_SB_LUT4_O_I1_SB_CARRY_I0_CI_SB_CARRY_CO_CI_SB_CARRY_CO_CI_SB_CARRY_CO_CI_SB_CARRY_CO_CI_SB_CARRY_CO_CI_SB_CARRY_CO_CI_SB_CARRY_CO_CI_SB_CARRY_CO_I0_SB_LUT4_O_LC.CIN
Info:                          Defined in:
Info:                               rtl/core/vibration_core.sv:149.23-149.120
Info:                               ./.tools/oss-cad-suite/libexec/../share/yosys/ice40/arith_map.v:62.5-70.4
Info:                               ./.tools/oss-cad-suite/libexec/../share/yosys/ice40/cells_map.v:6.21-6.22
Info:      logic  0.28  23.94 Source system.core.real_part.0.0_WDATA_SB_LUT4_O_I1_SB_CARRY_I0_CI_SB_CARRY_CO_CI_SB_CARRY_CO_CI_SB_CARRY_CO_CI_SB_CARRY_CO_CI_SB_CARRY_CO_CI_SB_CARRY_CO_CI_SB_CARRY_CO_CI_SB_CARRY_CO_I0_SB_LUT4_O_LC.COUT
Info:    routing  0.00  23.94 Net system.core.logits[1]_SB_DFFESR_Q_1_D[3] (10,18) -> (10,18)
Info:                          Sink system.core.real_part.0.0_WDATA_SB_LUT4_O_I1_SB_CARRY_I0_CO_SB_CARRY_CI_CO_SB_CARRY_CI_CO_SB_CARRY_CI_CO_SB_CARRY_CI_CO_SB_CARRY_CI_CO_SB_CARRY_CI_CO_SB_CARRY_CI_CO_SB_CARRY_CI_CO_SB_CARRY_CI_CO_SB_CARRY_CI_CO_SB_CARRY_CI_CO_SB_CARRY_CI_CO_SB_CARRY_CI_CO_SB_CARRY_CI_CO_SB_CARRY_CI_CO_SB_CARRY_CI_CO_SB_CARRY_CI_CO_SB_CARRY_CI_CO_SB_CARRY_CI_CO_SB_CARRY_CI_CO_SB_CARRY_CI_CO_SB_CARRY_CI_CO_SB_CARRY_CI_CO_SB_CARRY_CI_CO_SB_LUT4_I3_O_SB_LUT4_O_LC.CIN
Info:                          Defined in:
Info:                               rtl/core/vibration_core.sv:149.23-149.120
Info:                               ./.tools/oss-cad-suite/libexec/../share/yosys/ice40/arith_map.v:62.5-70.4
Info:                               ./.tools/oss-cad-suite/libexec/../share/yosys/ice40/cells_map.v:6.21-6.22
Info:      logic  0.28  24.21 Source system.core.real_part.0.0_WDATA_SB_LUT4_O_I1_SB_CARRY_I0_CO_SB_CARRY_CI_CO_SB_CARRY_CI_CO_SB_CARRY_CI_CO_SB_CARRY_CI_CO_SB_CARRY_CI_CO_SB_CARRY_CI_CO_SB_CARRY_CI_CO_SB_CARRY_CI_CO_SB_CARRY_CI_CO_SB_CARRY_CI_CO_SB_CARRY_CI_CO_SB_CARRY_CI_CO_SB_CARRY_CI_CO_SB_CARRY_CI_CO_SB_CARRY_CI_CO_SB_CARRY_CI_CO_SB_CARRY_CI_CO_SB_CARRY_CI_CO_SB_CARRY_CI_CO_SB_CARRY_CI_CO_SB_CARRY_CI_CO_SB_CARRY_CI_CO_SB_CARRY_CI_CO_SB_CARRY_CI_CO_SB_LUT4_I3_O_SB_LUT4_O_LC.COUT
Info:    routing  0.56  24.77 Net system.core.logits[0]_SB_DFFESR_Q_6_D[3] (10,18) -> (10,19)
Info:                          Sink system.core.real_part.0.0_WDATA_SB_LUT4_O_I1_SB_CARRY_I0_CI_SB_CARRY_CO_CI_SB_CARRY_CO_CI_SB_CARRY_CO_CI_SB_CARRY_CO_CI_SB_CARRY_CO_CI_SB_CARRY_CO_I0_SB_LUT4_O_LC.CIN
Info:                          Defined in:
Info:                               rtl/core/vibration_core.sv:149.23-149.120
Info:                               ./.tools/oss-cad-suite/libexec/../share/yosys/ice40/arith_map.v:62.5-70.4
Info:                               ./.tools/oss-cad-suite/libexec/../share/yosys/ice40/cells_map.v:6.21-6.22
Info:      logic  0.28  25.05 Source system.core.real_part.0.0_WDATA_SB_LUT4_O_I1_SB_CARRY_I0_CI_SB_CARRY_CO_CI_SB_CARRY_CO_CI_SB_CARRY_CO_CI_SB_CARRY_CO_CI_SB_CARRY_CO_CI_SB_CARRY_CO_I0_SB_LUT4_O_LC.COUT
Info:    routing  0.00  25.05 Net system.core.logits[0]_SB_DFFESR_Q_5_D[3] (10,19) -> (10,19)
Info:                          Sink system.core.real_part.0.0_WDATA_SB_LUT4_O_I1_SB_CARRY_I0_CI_SB_CARRY_CO_CI_SB_CARRY_CO_CI_SB_CARRY_CO_CI_SB_CARRY_CO_CI_SB_CARRY_CO_I0_SB_LUT4_O_LC.CIN
Info:                          Defined in:
Info:                               rtl/core/vibration_core.sv:149.23-149.120
Info:                               ./.tools/oss-cad-suite/libexec/../share/yosys/ice40/arith_map.v:62.5-70.4
Info:                               ./.tools/oss-cad-suite/libexec/../share/yosys/ice40/cells_map.v:6.21-6.22
Info:      logic  0.28  25.33 Source system.core.real_part.0.0_WDATA_SB_LUT4_O_I1_SB_CARRY_I0_CI_SB_CARRY_CO_CI_SB_CARRY_CO_CI_SB_CARRY_CO_CI_SB_CARRY_CO_CI_SB_CARRY_CO_I0_SB_LUT4_O_LC.COUT
Info:    routing  0.00  25.33 Net system.core.logits[0]_SB_DFFESR_Q_4_D[3] (10,19) -> (10,19)
Info:                          Sink system.core.real_part.0.0_WDATA_SB_LUT4_O_I1_SB_CARRY_I0_CI_SB_CARRY_CO_CI_SB_CARRY_CO_CI_SB_CARRY_CO_CI_SB_CARRY_CO_I0_SB_LUT4_O_LC.CIN
Info:                          Defined in:
Info:                               rtl/core/vibration_core.sv:149.23-149.120
Info:                               ./.tools/oss-cad-suite/libexec/../share/yosys/ice40/arith_map.v:62.5-70.4
Info:                               ./.tools/oss-cad-suite/libexec/../share/yosys/ice40/cells_map.v:6.21-6.22
Info:      logic  0.28  25.60 Source system.core.real_part.0.0_WDATA_SB_LUT4_O_I1_SB_CARRY_I0_CI_SB_CARRY_CO_CI_SB_CARRY_CO_CI_SB_CARRY_CO_CI_SB_CARRY_CO_I0_SB_LUT4_O_LC.COUT
Info:    routing  0.00  25.60 Net system.core.logits[0]_SB_DFFESR_Q_4_D_SB_CARRY_CI_CO[3] (10,19) -> (10,19)
Info:                          Sink system.core.real_part.0.0_WDATA_SB_LUT4_O_I1_SB_CARRY_I0_CI_SB_CARRY_CO_CI_SB_CARRY_CO_CI_SB_CARRY_CO_I0_SB_LUT4_O_LC.CIN
Info:                          Defined in:
Info:                               rtl/core/vibration_core.sv:149.23-149.120
Info:                               ./.tools/oss-cad-suite/libexec/../share/yosys/ice40/arith_map.v:62.5-70.4
Info:                               ./.tools/oss-cad-suite/libexec/../share/yosys/ice40/cells_map.v:6.21-6.22
Info:      logic  0.28  25.88 Source system.core.real_part.0.0_WDATA_SB_LUT4_O_I1_SB_CARRY_I0_CI_SB_CARRY_CO_CI_SB_CARRY_CO_CI_SB_CARRY_CO_I0_SB_LUT4_O_LC.COUT
Info:    routing  0.00  25.88 Net system.core.real_part.0.0_WDATA_SB_LUT4_O_I1_SB_LUT4_O_I3_SB_LUT4_I1_I3[3] (10,19) -> (10,19)
Info:                          Sink system.core.real_part.0.0_WDATA_SB_LUT4_O_I1_SB_CARRY_I0_CI_SB_CARRY_CO_CI_SB_CARRY_CO_I0_SB_LUT4_O_LC.CIN
Info:                          Defined in:
Info:                               rtl/core/vibration_core.sv:149.23-149.120
Info:                               ./.tools/oss-cad-suite/libexec/../share/yosys/ice40/arith_map.v:62.5-70.4
Info:                               ./.tools/oss-cad-suite/libexec/../share/yosys/ice40/cells_map.v:6.21-6.22
Info:      logic  0.28  26.16 Source system.core.real_part.0.0_WDATA_SB_LUT4_O_I1_SB_CARRY_I0_CI_SB_CARRY_CO_CI_SB_CARRY_CO_I0_SB_LUT4_O_LC.COUT
Info:    routing  0.00  26.16 Net system.core.real_part.0.0_WDATA_SB_LUT4_O_I1_SB_LUT4_O_I3_SB_LUT4_I1_I2[3] (10,19) -> (10,19)
Info:                          Sink system.core.real_part.0.0_WDATA_SB_LUT4_O_I1_SB_CARRY_I0_CI_SB_CARRY_CO_I0_SB_LUT4_O_LC.CIN
Info:                          Defined in:
Info:                               rtl/core/vibration_core.sv:149.23-149.120
Info:                               ./.tools/oss-cad-suite/libexec/../share/yosys/ice40/arith_map.v:62.5-70.4
Info:                               ./.tools/oss-cad-suite/libexec/../share/yosys/ice40/cells_map.v:6.21-6.22
Info:      logic  0.28  26.44 Source system.core.real_part.0.0_WDATA_SB_LUT4_O_I1_SB_CARRY_I0_CI_SB_CARRY_CO_I0_SB_LUT4_O_LC.COUT
Info:    routing  0.00  26.44 Net system.core.real_part.0.0_WDATA_SB_LUT4_O_I1_SB_LUT4_O_I3[3] (10,19) -> (10,19)
Info:                          Sink system.core.real_part.0.0_WDATA_SB_LUT4_O_I1_SB_LUT4_O_LC.CIN
Info:                          Defined in:
Info:                               rtl/core/vibration_core.sv:149.23-149.120
Info:                               ./.tools/oss-cad-suite/libexec/../share/yosys/ice40/arith_map.v:62.5-70.4
Info:                               ./.tools/oss-cad-suite/libexec/../share/yosys/ice40/cells_map.v:6.21-6.22
Info:      logic  0.28  26.72 Source system.core.real_part.0.0_WDATA_SB_LUT4_O_I1_SB_LUT4_O_LC.COUT
Info:    routing  0.00  26.72 Net system.core.real_part.0.0_WDATA_SB_LUT4_O_I1_SB_LUT4_O_I3_SB_CARRY_CI_CO[3] (10,19) -> (10,19)
Info:                          Sink system.core.real_part.0.0_WDATA_SB_LUT4_O_I1_SB_CARRY_I0_CO_SB_CARRY_CI_I0_SB_LUT4_O_LC.CIN
Info:                          Defined in:
Info:                               rtl/core/vibration_core.sv:149.23-149.120
Info:                               ./.tools/oss-cad-suite/libexec/../share/yosys/ice40/arith_map.v:62.5-70.4
Info:                               ./.tools/oss-cad-suite/libexec/../share/yosys/ice40/cells_map.v:6.21-6.22
Info:      logic  0.28  26.99 Source system.core.real_part.0.0_WDATA_SB_LUT4_O_I1_SB_CARRY_I0_CO_SB_CARRY_CI_I0_SB_LUT4_O_LC.COUT
Info:    routing  0.56  27.55 Net system.core.real_part.0.0_WDATA_SB_LUT4_O_I1_SB_LUT4_O_I3_SB_LUT4_I1_O_SB_LUT4_O_I3[3] (10,19) -> (10,20)
Info:                          Sink system.core.real_part.0.0_WDATA_SB_LUT4_O_I1_SB_CARRY_I0_CO_SB_CARRY_CI_CO_SB_CARRY_CI_I0_SB_LUT4_O_LC.CIN
Info:                          Defined in:
Info:                               rtl/core/vibration_core.sv:149.23-149.120
Info:                               ./.tools/oss-cad-suite/libexec/../share/yosys/ice40/arith_map.v:62.5-70.4
Info:                               ./.tools/oss-cad-suite/libexec/../share/yosys/ice40/cells_map.v:6.21-6.22
Info:      logic  0.28  27.83 Source system.core.real_part.0.0_WDATA_SB_LUT4_O_I1_SB_CARRY_I0_CO_SB_CARRY_CI_CO_SB_CARRY_CI_I0_SB_LUT4_O_LC.COUT
Info:    routing  0.00  27.83 Net system.core.real_part.0.0_WDATA_SB_LUT4_O_I1_SB_LUT4_O_I3_SB_LUT4_I1_O_SB_LUT4_O_I2[3] (10,20) -> (10,20)
Info:                          Sink system.core.real_part.0.0_WDATA_SB_LUT4_O_I1_SB_CARRY_I0_CO_SB_CARRY_CI_CO_SB_CARRY_CI_CO_SB_CARRY_CI_I0_SB_LUT4_O_LC.CIN
Info:                          Defined in:
Info:                               rtl/core/vibration_core.sv:149.23-149.120
Info:                               ./.tools/oss-cad-suite/libexec/../share/yosys/ice40/arith_map.v:62.5-70.4
Info:                               ./.tools/oss-cad-suite/libexec/../share/yosys/ice40/cells_map.v:6.21-6.22
Info:      logic  0.28  28.11 Source system.core.real_part.0.0_WDATA_SB_LUT4_O_I1_SB_CARRY_I0_CO_SB_CARRY_CI_CO_SB_CARRY_CI_CO_SB_CARRY_CI_I0_SB_LUT4_O_LC.COUT
Info:    routing  0.00  28.11 Net system.core.real_part.0.0_WDATA_SB_LUT4_O_I1_SB_LUT4_O_I3_SB_LUT4_I1_O_SB_LUT4_O_I1[3] (10,20) -> (10,20)
Info:                          Sink system.core.real_part.0.0_WDATA_SB_LUT4_O_I1_SB_CARRY_I0_CO_SB_CARRY_CI_CO_SB_CARRY_CI_CO_SB_CARRY_CI_CO_SB_CARRY_CI_I0_SB_LUT4_O_LC.CIN
Info:                          Defined in:
Info:                               rtl/core/vibration_core.sv:149.23-149.120
Info:                               ./.tools/oss-cad-suite/libexec/../share/yosys/ice40/arith_map.v:62.5-70.4
Info:                               ./.tools/oss-cad-suite/libexec/../share/yosys/ice40/cells_map.v:6.21-6.22
Info:      logic  0.28  28.38 Source system.core.real_part.0.0_WDATA_SB_LUT4_O_I1_SB_CARRY_I0_CO_SB_CARRY_CI_CO_SB_CARRY_CI_CO_SB_CARRY_CI_CO_SB_CARRY_CI_I0_SB_LUT4_O_LC.COUT
Info:    routing  0.00  28.38 Net system.core.real_part.0.0_WDATA_SB_LUT4_O_I1_SB_LUT4_O_I3_SB_LUT4_I1_O_SB_LUT4_O_I1_SB_CARRY_CI_CO[3] (10,20) -> (10,20)
Info:                          Sink system.core.real_part.0.0_WDATA_SB_LUT4_O_I1_SB_CARRY_I0_CO_SB_CARRY_CI_CO_SB_CARRY_CI_CO_SB_CARRY_CI_CO_SB_CARRY_CI_CO_SB_CARRY_CI_I0_SB_LUT4_O_LC.CIN
Info:                          Defined in:
Info:                               rtl/core/vibration_core.sv:149.23-149.120
Info:                               ./.tools/oss-cad-suite/libexec/../share/yosys/ice40/arith_map.v:62.5-70.4
Info:                               ./.tools/oss-cad-suite/libexec/../share/yosys/ice40/cells_map.v:6.21-6.22
Info:      logic  0.28  28.66 Source system.core.real_part.0.0_WDATA_SB_LUT4_O_I1_SB_CARRY_I0_CO_SB_CARRY_CI_CO_SB_CARRY_CI_CO_SB_CARRY_CI_CO_SB_CARRY_CI_CO_SB_CARRY_CI_I0_SB_LUT4_O_LC.COUT
Info:    routing  0.66  29.32 Net $nextpnr_ICESTORM_LC_58$I3 (10,20) -> (10,20)
Info:                          Sink $nextpnr_ICESTORM_LC_58.I3
Info:      logic  0.87  30.20 Source $nextpnr_ICESTORM_LC_58.O
Info:    routing  2.95  33.15 Net system.core.real_part.0.0_WDATA_SB_LUT4_O_I1_SB_CARRY_I0_CO_SB_CARRY_CI_I0_SB_CARRY_CI_CO_SB_CARRY_CI_CO_SB_CARRY_CI_CO_SB_CARRY_CI_CO_SB_CARRY_CI_CO_SB_CARRY_CI_CO_SB_CARRY_CI_CO_SB_CARRY_CI_CO_SB_CARRY_CI_CO_SB_CARRY_CI_CO_SB_CARRY_CI_CO_SB_CARRY_CI_CO_SB_CARRY_CI_CO_SB_CARRY_CI_CO_SB_CARRY_CI_CO_SB_CARRY_CI_CO_SB_CARRY_CI_CO_SB_CARRY_CI_CO_SB_CARRY_CI_CO_SB_CARRY_CI_CO_SB_CARRY_CI_CO_SB_CARRY_CI_CO_SB_CARRY_CI_CO_SB_LUT4_O_I3[3] (10,20) -> (8,23)
Info:                          Sink system.core.real_part.0.0_WDATA_SB_LUT4_O_I1_SB_CARRY_I0_CO_SB_CARRY_CI_I0_SB_CARRY_CI_CO_SB_CARRY_CI_CO_SB_CARRY_CI_CO_SB_CARRY_CI_CO_SB_CARRY_CI_CO_SB_CARRY_CI_CO_SB_CARRY_CI_CO_SB_CARRY_CI_CO_SB_CARRY_CI_CO_SB_CARRY_CI_CO_SB_CARRY_CI_CO_SB_CARRY_CI_CO_SB_CARRY_CI$CARRY.I3
Info:                          Defined in:
Info:                               rtl/core/vibration_core.sv:149.23-149.120
Info:                               ./.tools/oss-cad-suite/libexec/../share/yosys/ice40/arith_map.v:62.5-70.4
Info:                               ./.tools/oss-cad-suite/libexec/../share/yosys/ice40/cells_map.v:6.21-6.22
Info:      logic  0.87  34.02 Source system.core.real_part.0.0_WDATA_SB_LUT4_O_I1_SB_CARRY_I0_CO_SB_CARRY_CI_I0_SB_CARRY_CI_CO_SB_CARRY_CI_CO_SB_CARRY_CI_CO_SB_CARRY_CI_CO_SB_CARRY_CI_CO_SB_CARRY_CI_CO_SB_CARRY_CI_CO_SB_CARRY_CI_CO_SB_CARRY_CI_CO_SB_CARRY_CI_CO_SB_CARRY_CI_CO_SB_CARRY_CI_CO_SB_CARRY_CI$CARRY.O
Info:    routing  2.41  36.43 Net system.core.real_part.0.0_WDATA_SB_LUT4_O_I1_SB_CARRY_I0_CO_SB_CARRY_CI_CO_SB_CARRY_CI_CO_SB_CARRY_CI_CO_SB_CARRY_CI_CO_SB_CARRY_CI_CO_SB_CARRY_CI_CO_SB_CARRY_CI_CO_SB_CARRY_CI_CO_SB_CARRY_CI_CO_SB_CARRY_CI_CO_SB_CARRY_CI_CO_SB_CARRY_CI_CO_SB_CARRY_CI_CO_SB_CARRY_CI_CO_SB_CARRY_CI_CO_SB_CARRY_CI_CO_SB_CARRY_CI_CO_SB_CARRY_CI_CO_SB_CARRY_CI_CO_SB_CARRY_CI_CO_SB_CARRY_CI_CO_SB_CARRY_CI_CO_SB_CARRY_CI_CO_SB_CARRY_CI_CO[1] (8,23) -> (9,21)
Info:                          Sink system.core.real_part.0.0_WDATA_SB_LUT4_O_I1_SB_CARRY_I0_CO_SB_CARRY_CI_CO_SB_CARRY_CI_CO_SB_CARRY_CI_CO_SB_CARRY_CI_CO_SB_CARRY_CI_CO_SB_CARRY_CI$CARRY.I1
Info:                          Defined in:
Info:                               rtl/core/vibration_core.sv:165.22-165.36
Info:                               ./.tools/oss-cad-suite/libexec/../share/yosys/ice40/arith_map.v:62.5-70.4
Info:                               ./.tools/oss-cad-suite/libexec/../share/yosys/ice40/cells_map.v:6.21-6.22
Info:      logic  0.68  37.11 Source system.core.real_part.0.0_WDATA_SB_LUT4_O_I1_SB_CARRY_I0_CO_SB_CARRY_CI_CO_SB_CARRY_CI_CO_SB_CARRY_CI_CO_SB_CARRY_CI_CO_SB_CARRY_CI_CO_SB_CARRY_CI$CARRY.COUT
Info:    routing  0.00  37.11 Net system.core.real_part.0.0_WDATA_SB_LUT4_O_I1_SB_CARRY_I0_CO_SB_CARRY_CI_CO_SB_CARRY_CI_CO_SB_CARRY_CI_CO_SB_CARRY_CI_CO_SB_CARRY_CI_CO_SB_CARRY_CI_CO (9,21) -> (9,21)
Info:                          Sink system.core.real_part.0.0_WDATA_SB_LUT4_O_I1_SB_CARRY_I0_CO_SB_CARRY_CI_CO_SB_CARRY_CI_CO_SB_CARRY_CI_CO_SB_CARRY_CI_CO_SB_CARRY_CI_CO_SB_CARRY_CI_CO_SB_CARRY_CI$CARRY.CIN
Info:                          Defined in:
Info:                               rtl/core/vibration_core.sv:164.17-164.30
Info:                               ./.tools/oss-cad-suite/libexec/../share/yosys/ice40/arith_map.v:62.5-70.4
Info:                               ./.tools/oss-cad-suite/libexec/../share/yosys/ice40/abc9_model.v:4.9-4.11
Info:      logic  0.28  37.39 Source system.core.real_part.0.0_WDATA_SB_LUT4_O_I1_SB_CARRY_I0_CO_SB_CARRY_CI_CO_SB_CARRY_CI_CO_SB_CARRY_CI_CO_SB_CARRY_CI_CO_SB_CARRY_CI_CO_SB_CARRY_CI_CO_SB_CARRY_CI$CARRY.COUT
Info:    routing  0.00  37.39 Net system.core.real_part.0.0_WDATA_SB_LUT4_O_I1_SB_CARRY_I0_CO_SB_CARRY_CI_CO_SB_CARRY_CI_CO_SB_CARRY_CI_CO_SB_CARRY_CI_CO_SB_CARRY_CI_CO_SB_CARRY_CI_CO_SB_CARRY_CI_CO (9,21) -> (9,21)
Info:                          Sink system.core.real_part.0.0_WDATA_SB_LUT4_O_I1_SB_CARRY_I0_CO_SB_CARRY_CI_CO_SB_CARRY_CI_CO_SB_CARRY_CI_CO_SB_CARRY_CI_CO_SB_CARRY_CI_CO_SB_CARRY_CI_CO_SB_CARRY_CI_CO_SB_CARRY_CI$CARRY.CIN
Info:                          Defined in:
Info:                               rtl/core/vibration_core.sv:164.17-164.30
Info:                               ./.tools/oss-cad-suite/libexec/../share/yosys/ice40/arith_map.v:62.5-70.4
Info:                               ./.tools/oss-cad-suite/libexec/../share/yosys/ice40/abc9_model.v:4.9-4.11
Info:      logic  0.28  37.66 Source system.core.real_part.0.0_WDATA_SB_LUT4_O_I1_SB_CARRY_I0_CO_SB_CARRY_CI_CO_SB_CARRY_CI_CO_SB_CARRY_CI_CO_SB_CARRY_CI_CO_SB_CARRY_CI_CO_SB_CARRY_CI_CO_SB_CARRY_CI_CO_SB_CARRY_CI$CARRY.COUT
Info:    routing  0.00  37.66 Net system.core.real_part.0.0_WDATA_SB_LUT4_O_I1_SB_CARRY_I0_CO_SB_CARRY_CI_CO_SB_CARRY_CI_CO_SB_CARRY_CI_CO_SB_CARRY_CI_CO_SB_CARRY_CI_CO_SB_CARRY_CI_CO_SB_CARRY_CI_CO_SB_CARRY_CI_CO (9,21) -> (9,21)
Info:                          Sink system.core.real_part.0.0_WDATA_SB_LUT4_O_I1_SB_CARRY_I0_CO_SB_CARRY_CI_CO_SB_CARRY_CI_CO_SB_CARRY_CI_CO_SB_CARRY_CI_CO_SB_CARRY_CI_CO_SB_CARRY_CI_CO_SB_CARRY_CI_CO_SB_CARRY_CI_CO_SB_CARRY_CI$CARRY.CIN
Info:                          Defined in:
Info:                               rtl/core/vibration_core.sv:164.17-164.30
Info:                               ./.tools/oss-cad-suite/libexec/../share/yosys/ice40/arith_map.v:62.5-70.4
Info:                               ./.tools/oss-cad-suite/libexec/../share/yosys/ice40/abc9_model.v:4.9-4.11
Info:      logic  0.28  37.94 Source system.core.real_part.0.0_WDATA_SB_LUT4_O_I1_SB_CARRY_I0_CO_SB_CARRY_CI_CO_SB_CARRY_CI_CO_SB_CARRY_CI_CO_SB_CARRY_CI_CO_SB_CARRY_CI_CO_SB_CARRY_CI_CO_SB_CARRY_CI_CO_SB_CARRY_CI_CO_SB_CARRY_CI$CARRY.COUT
Info:    routing  0.56  38.50 Net system.core.real_part.0.0_WDATA_SB_LUT4_O_I1_SB_CARRY_I0_CO_SB_CARRY_CI_CO_SB_CARRY_CI_CO_SB_CARRY_CI_CO_SB_CARRY_CI_CO_SB_CARRY_CI_CO_SB_CARRY_CI_CO_SB_CARRY_CI_CO_SB_CARRY_CI_CO_SB_CARRY_CI_CO (9,21) -> (9,22)
Info:                          Sink system.core.real_part.0.0_WDATA_SB_LUT4_O_I1_SB_CARRY_I0_CO_SB_CARRY_CI_CO_SB_CARRY_CI_CO_SB_CARRY_CI_CO_SB_CARRY_CI_CO_SB_CARRY_CI_CO_SB_CARRY_CI_CO_SB_CARRY_CI_CO_SB_CARRY_CI_CO_SB_CARRY_CI_CO_SB_CARRY_CI$CARRY.CIN
Info:                          Defined in:
Info:                               rtl/core/vibration_core.sv:164.17-164.30
Info:                               ./.tools/oss-cad-suite/libexec/../share/yosys/ice40/arith_map.v:62.5-70.4
Info:                               ./.tools/oss-cad-suite/libexec/../share/yosys/ice40/abc9_model.v:4.9-4.11
Info:      logic  0.28  38.78 Source system.core.real_part.0.0_WDATA_SB_LUT4_O_I1_SB_CARRY_I0_CO_SB_CARRY_CI_CO_SB_CARRY_CI_CO_SB_CARRY_CI_CO_SB_CARRY_CI_CO_SB_CARRY_CI_CO_SB_CARRY_CI_CO_SB_CARRY_CI_CO_SB_CARRY_CI_CO_SB_CARRY_CI_CO_SB_CARRY_CI$CARRY.COUT
Info:    routing  0.00  38.78 Net system.core.real_part.0.0_WDATA_SB_LUT4_O_I1_SB_CARRY_I0_CO_SB_CARRY_CI_CO_SB_CARRY_CI_CO_SB_CARRY_CI_CO_SB_CARRY_CI_CO_SB_CARRY_CI_CO_SB_CARRY_CI_CO_SB_CARRY_CI_CO_SB_CARRY_CI_CO_SB_CARRY_CI_CO_SB_CARRY_CI_CO (9,22) -> (9,22)
Info:                          Sink system.core.real_part.0.0_WDATA_SB_LUT4_O_I1_SB_CARRY_I0_CO_SB_CARRY_CI_CO_SB_CARRY_CI_CO_SB_CARRY_CI_CO_SB_CARRY_CI_CO_SB_CARRY_CI_CO_SB_CARRY_CI_CO_SB_CARRY_CI_CO_SB_CARRY_CI_CO_SB_CARRY_CI_CO_SB_CARRY_CI_CO_SB_CARRY_CI$CARRY.CIN
Info:                          Defined in:
Info:                               rtl/core/vibration_core.sv:164.17-164.30
Info:                               ./.tools/oss-cad-suite/libexec/../share/yosys/ice40/arith_map.v:62.5-70.4
Info:                               ./.tools/oss-cad-suite/libexec/../share/yosys/ice40/abc9_model.v:4.9-4.11
Info:      logic  0.28  39.05 Source system.core.real_part.0.0_WDATA_SB_LUT4_O_I1_SB_CARRY_I0_CO_SB_CARRY_CI_CO_SB_CARRY_CI_CO_SB_CARRY_CI_CO_SB_CARRY_CI_CO_SB_CARRY_CI_CO_SB_CARRY_CI_CO_SB_CARRY_CI_CO_SB_CARRY_CI_CO_SB_CARRY_CI_CO_SB_CARRY_CI_CO_SB_CARRY_CI$CARRY.COUT
Info:    routing  0.00  39.05 Net system.core.real_part.0.0_WDATA_SB_LUT4_O_I1_SB_CARRY_I0_CO_SB_CARRY_CI_CO_SB_CARRY_CI_CO_SB_CARRY_CI_CO_SB_CARRY_CI_CO_SB_CARRY_CI_CO_SB_CARRY_CI_CO_SB_CARRY_CI_CO_SB_CARRY_CI_CO_SB_CARRY_CI_CO_SB_CARRY_CI_CO_SB_CARRY_CI_CO (9,22) -> (9,22)
Info:                          Sink system.core.real_part.0.0_WDATA_SB_LUT4_O_I1_SB_CARRY_I0_CO_SB_CARRY_CI_CO_SB_CARRY_CI_CO_SB_CARRY_CI_CO_SB_CARRY_CI_CO_SB_CARRY_CI_CO_SB_CARRY_CI_CO_SB_CARRY_CI_CO_SB_CARRY_CI_CO_SB_CARRY_CI_CO_SB_CARRY_CI_CO_SB_CARRY_CI_CO_SB_CARRY_CI$CARRY.CIN
Info:                          Defined in:
Info:                               rtl/core/vibration_core.sv:164.17-164.30
Info:                               ./.tools/oss-cad-suite/libexec/../share/yosys/ice40/arith_map.v:62.5-70.4
Info:                               ./.tools/oss-cad-suite/libexec/../share/yosys/ice40/abc9_model.v:4.9-4.11
Info:      logic  0.28  39.33 Source system.core.real_part.0.0_WDATA_SB_LUT4_O_I1_SB_CARRY_I0_CO_SB_CARRY_CI_CO_SB_CARRY_CI_CO_SB_CARRY_CI_CO_SB_CARRY_CI_CO_SB_CARRY_CI_CO_SB_CARRY_CI_CO_SB_CARRY_CI_CO_SB_CARRY_CI_CO_SB_CARRY_CI_CO_SB_CARRY_CI_CO_SB_CARRY_CI_CO_SB_CARRY_CI$CARRY.COUT
Info:    routing  0.00  39.33 Net system.core.real_part.0.0_WDATA_SB_LUT4_O_I1_SB_CARRY_I0_CO_SB_CARRY_CI_CO_SB_CARRY_CI_CO_SB_CARRY_CI_CO_SB_CARRY_CI_CO_SB_CARRY_CI_CO_SB_CARRY_CI_CO_SB_CARRY_CI_CO_SB_CARRY_CI_CO_SB_CARRY_CI_CO_SB_CARRY_CI_CO_SB_CARRY_CI_CO_SB_CARRY_CI_CO (9,22) -> (9,22)
Info:                          Sink system.core.real_part.0.0_WDATA_SB_LUT4_O_I1_SB_CARRY_I0_CO_SB_CARRY_CI_CO_SB_CARRY_CI_CO_SB_CARRY_CI_CO_SB_CARRY_CI_CO_SB_CARRY_CI_CO_SB_CARRY_CI_CO_SB_CARRY_CI_CO_SB_CARRY_CI_CO_SB_CARRY_CI_CO_SB_CARRY_CI_CO_SB_CARRY_CI_CO_SB_CARRY_CI_CO_SB_CARRY_CI$CARRY.CIN
Info:                          Defined in:
Info:                               rtl/core/vibration_core.sv:164.17-164.30
Info:                               ./.tools/oss-cad-suite/libexec/../share/yosys/ice40/arith_map.v:62.5-70.4
Info:                               ./.tools/oss-cad-suite/libexec/../share/yosys/ice40/abc9_model.v:4.9-4.11
Info:      logic  0.28  39.61 Source system.core.real_part.0.0_WDATA_SB_LUT4_O_I1_SB_CARRY_I0_CO_SB_CARRY_CI_CO_SB_CARRY_CI_CO_SB_CARRY_CI_CO_SB_CARRY_CI_CO_SB_CARRY_CI_CO_SB_CARRY_CI_CO_SB_CARRY_CI_CO_SB_CARRY_CI_CO_SB_CARRY_CI_CO_SB_CARRY_CI_CO_SB_CARRY_CI_CO_SB_CARRY_CI_CO_SB_CARRY_CI$CARRY.COUT
Info:    routing  0.00  39.61 Net system.core.real_part.0.0_WDATA_SB_LUT4_O_I1_SB_CARRY_I0_CO_SB_CARRY_CI_CO_SB_CARRY_CI_CO_SB_CARRY_CI_CO_SB_CARRY_CI_CO_SB_CARRY_CI_CO_SB_CARRY_CI_CO_SB_CARRY_CI_CO_SB_CARRY_CI_CO_SB_CARRY_CI_CO_SB_CARRY_CI_CO_SB_CARRY_CI_CO_SB_CARRY_CI_CO_SB_CARRY_CI_CO (9,22) -> (9,22)
Info:                          Sink system.core.real_part.0.0_WDATA_SB_LUT4_O_I1_SB_CARRY_I0_CO_SB_CARRY_CI_CO_SB_CARRY_CI_CO_SB_CARRY_CI_CO_SB_CARRY_CI_CO_SB_CARRY_CI_CO_SB_CARRY_CI_CO_SB_CARRY_CI_CO_SB_CARRY_CI_CO_SB_CARRY_CI_CO_SB_CARRY_CI_CO_SB_CARRY_CI_CO_SB_CARRY_CI_CO_SB_CARRY_CI_CO_SB_CARRY_CI$CARRY.CIN
Info:                          Defined in:
Info:                               rtl/core/vibration_core.sv:164.17-164.30
Info:                               ./.tools/oss-cad-suite/libexec/../share/yosys/ice40/arith_map.v:62.5-70.4
Info:                               ./.tools/oss-cad-suite/libexec/../share/yosys/ice40/abc9_model.v:4.9-4.11
Info:      logic  0.28  39.89 Source system.core.real_part.0.0_WDATA_SB_LUT4_O_I1_SB_CARRY_I0_CO_SB_CARRY_CI_CO_SB_CARRY_CI_CO_SB_CARRY_CI_CO_SB_CARRY_CI_CO_SB_CARRY_CI_CO_SB_CARRY_CI_CO_SB_CARRY_CI_CO_SB_CARRY_CI_CO_SB_CARRY_CI_CO_SB_CARRY_CI_CO_SB_CARRY_CI_CO_SB_CARRY_CI_CO_SB_CARRY_CI_CO_SB_CARRY_CI$CARRY.COUT
Info:    routing  0.00  39.89 Net system.core.real_part.0.0_WDATA_SB_LUT4_O_I1_SB_CARRY_I0_CO_SB_CARRY_CI_CO_SB_CARRY_CI_CO_SB_CARRY_CI_CO_SB_CARRY_CI_CO_SB_CARRY_CI_CO_SB_CARRY_CI_CO_SB_CARRY_CI_CO_SB_CARRY_CI_CO_SB_CARRY_CI_CO_SB_CARRY_CI_CO_SB_CARRY_CI_CO_SB_CARRY_CI_CO_SB_CARRY_CI_CO_SB_CARRY_CI_CO (9,22) -> (9,22)
Info:                          Sink system.core.real_part.0.0_WDATA_SB_LUT4_O_I1_SB_CARRY_I0_CO_SB_CARRY_CI_CO_SB_CARRY_CI_CO_SB_CARRY_CI_CO_SB_CARRY_CI_CO_SB_CARRY_CI_CO_SB_CARRY_CI_CO_SB_CARRY_CI_CO_SB_CARRY_CI_CO_SB_CARRY_CI_CO_SB_CARRY_CI_CO_SB_CARRY_CI_CO_SB_CARRY_CI_CO_SB_CARRY_CI_CO_SB_CARRY_CI_CO_SB_CARRY_CI$CARRY.CIN
Info:                          Defined in:
Info:                               rtl/core/vibration_core.sv:164.17-164.30
Info:                               ./.tools/oss-cad-suite/libexec/../share/yosys/ice40/arith_map.v:62.5-70.4
Info:                               ./.tools/oss-cad-suite/libexec/../share/yosys/ice40/abc9_model.v:4.9-4.11
Info:      logic  0.28  40.17 Source system.core.real_part.0.0_WDATA_SB_LUT4_O_I1_SB_CARRY_I0_CO_SB_CARRY_CI_CO_SB_CARRY_CI_CO_SB_CARRY_CI_CO_SB_CARRY_CI_CO_SB_CARRY_CI_CO_SB_CARRY_CI_CO_SB_CARRY_CI_CO_SB_CARRY_CI_CO_SB_CARRY_CI_CO_SB_CARRY_CI_CO_SB_CARRY_CI_CO_SB_CARRY_CI_CO_SB_CARRY_CI_CO_SB_CARRY_CI_CO_SB_CARRY_CI$CARRY.COUT
Info:    routing  0.00  40.17 Net system.core.real_part.0.0_WDATA_SB_LUT4_O_I1_SB_CARRY_I0_CO_SB_CARRY_CI_CO_SB_CARRY_CI_CO_SB_CARRY_CI_CO_SB_CARRY_CI_CO_SB_CARRY_CI_CO_SB_CARRY_CI_CO_SB_CARRY_CI_CO_SB_CARRY_CI_CO_SB_CARRY_CI_CO_SB_CARRY_CI_CO_SB_CARRY_CI_CO_SB_CARRY_CI_CO_SB_CARRY_CI_CO_SB_CARRY_CI_CO_SB_CARRY_CI_CO (9,22) -> (9,22)
Info:                          Sink system.core.real_part.0.0_WDATA_SB_LUT4_O_I1_SB_CARRY_I0_CO_SB_CARRY_CI_CO_SB_CARRY_CI_CO_SB_CARRY_CI_CO_SB_CARRY_CI_CO_SB_CARRY_CI_CO_SB_CARRY_CI_CO_SB_CARRY_CI_CO_SB_CARRY_CI_CO_SB_CARRY_CI_CO_SB_CARRY_CI_CO_SB_CARRY_CI_CO_SB_CARRY_CI_CO_SB_CARRY_CI_CO_SB_CARRY_CI_CO_SB_CARRY_CI_CO_SB_CARRY_CI$CARRY.CIN
Info:                          Defined in:
Info:                               rtl/core/vibration_core.sv:164.17-164.30
Info:                               ./.tools/oss-cad-suite/libexec/../share/yosys/ice40/arith_map.v:62.5-70.4
Info:                               ./.tools/oss-cad-suite/libexec/../share/yosys/ice40/abc9_model.v:4.9-4.11
Info:      logic  0.28  40.44 Source system.core.real_part.0.0_WDATA_SB_LUT4_O_I1_SB_CARRY_I0_CO_SB_CARRY_CI_CO_SB_CARRY_CI_CO_SB_CARRY_CI_CO_SB_CARRY_CI_CO_SB_CARRY_CI_CO_SB_CARRY_CI_CO_SB_CARRY_CI_CO_SB_CARRY_CI_CO_SB_CARRY_CI_CO_SB_CARRY_CI_CO_SB_CARRY_CI_CO_SB_CARRY_CI_CO_SB_CARRY_CI_CO_SB_CARRY_CI_CO_SB_CARRY_CI_CO_SB_CARRY_CI$CARRY.COUT
Info:    routing  0.00  40.44 Net system.core.real_part.0.0_WDATA_SB_LUT4_O_I1_SB_CARRY_I0_CO_SB_CARRY_CI_CO_SB_CARRY_CI_CO_SB_CARRY_CI_CO_SB_CARRY_CI_CO_SB_CARRY_CI_CO_SB_CARRY_CI_CO_SB_CARRY_CI_CO_SB_CARRY_CI_CO_SB_CARRY_CI_CO_SB_CARRY_CI_CO_SB_CARRY_CI_CO_SB_CARRY_CI_CO_SB_CARRY_CI_CO_SB_CARRY_CI_CO_SB_CARRY_CI_CO_SB_CARRY_CI_CO (9,22) -> (9,22)
Info:                          Sink system.core.real_part.0.0_WDATA_SB_LUT4_O_I1_SB_CARRY_I0_CO_SB_CARRY_CI_CO_SB_CARRY_CI_CO_SB_CARRY_CI_CO_SB_CARRY_CI_CO_SB_CARRY_CI_CO_SB_CARRY_CI_CO_SB_CARRY_CI_CO_SB_CARRY_CI_CO_SB_CARRY_CI_CO_SB_CARRY_CI_CO_SB_CARRY_CI_CO_SB_CARRY_CI_CO_SB_CARRY_CI_CO_SB_CARRY_CI_CO_SB_CARRY_CI_CO_SB_CARRY_CI_CO_SB_CARRY_CI$CARRY.CIN
Info:                          Defined in:
Info:                               rtl/core/vibration_core.sv:164.17-164.30
Info:                               ./.tools/oss-cad-suite/libexec/../share/yosys/ice40/arith_map.v:62.5-70.4
Info:                               ./.tools/oss-cad-suite/libexec/../share/yosys/ice40/abc9_model.v:4.9-4.11
Info:      logic  0.28  40.72 Source system.core.real_part.0.0_WDATA_SB_LUT4_O_I1_SB_CARRY_I0_CO_SB_CARRY_CI_CO_SB_CARRY_CI_CO_SB_CARRY_CI_CO_SB_CARRY_CI_CO_SB_CARRY_CI_CO_SB_CARRY_CI_CO_SB_CARRY_CI_CO_SB_CARRY_CI_CO_SB_CARRY_CI_CO_SB_CARRY_CI_CO_SB_CARRY_CI_CO_SB_CARRY_CI_CO_SB_CARRY_CI_CO_SB_CARRY_CI_CO_SB_CARRY_CI_CO_SB_CARRY_CI_CO_SB_CARRY_CI$CARRY.COUT
Info:    routing  0.56  41.28 Net system.core.real_part.0.0_WDATA_SB_LUT4_O_I1_SB_CARRY_I0_CO_SB_CARRY_CI_CO_SB_CARRY_CI_CO_SB_CARRY_CI_CO_SB_CARRY_CI_CO_SB_CARRY_CI_CO_SB_CARRY_CI_CO_SB_CARRY_CI_CO_SB_CARRY_CI_CO_SB_CARRY_CI_CO_SB_CARRY_CI_CO_SB_CARRY_CI_CO_SB_CARRY_CI_CO_SB_CARRY_CI_CO_SB_CARRY_CI_CO_SB_CARRY_CI_CO_SB_CARRY_CI_CO_SB_CARRY_CI_CO (9,22) -> (9,23)
Info:                          Sink system.core.real_part.0.0_WDATA_SB_LUT4_O_I1_SB_CARRY_I0_CO_SB_CARRY_CI_CO_SB_CARRY_CI_CO_SB_CARRY_CI_CO_SB_CARRY_CI_CO_SB_CARRY_CI_CO_SB_CARRY_CI_CO_SB_CARRY_CI_CO_SB_CARRY_CI_CO_SB_CARRY_CI_CO_SB_CARRY_CI_CO_SB_CARRY_CI_CO_SB_CARRY_CI_CO_SB_CARRY_CI_CO_SB_CARRY_CI_CO_SB_CARRY_CI_CO_SB_CARRY_CI_CO_SB_CARRY_CI_CO_SB_CARRY_CI$CARRY.CIN
Info:                          Defined in:
Info:                               rtl/core/vibration_core.sv:164.17-164.30
Info:                               ./.tools/oss-cad-suite/libexec/../share/yosys/ice40/arith_map.v:62.5-70.4
Info:                               ./.tools/oss-cad-suite/libexec/../share/yosys/ice40/abc9_model.v:4.9-4.11
Info:      logic  0.28  41.56 Source system.core.real_part.0.0_WDATA_SB_LUT4_O_I1_SB_CARRY_I0_CO_SB_CARRY_CI_CO_SB_CARRY_CI_CO_SB_CARRY_CI_CO_SB_CARRY_CI_CO_SB_CARRY_CI_CO_SB_CARRY_CI_CO_SB_CARRY_CI_CO_SB_CARRY_CI_CO_SB_CARRY_CI_CO_SB_CARRY_CI_CO_SB_CARRY_CI_CO_SB_CARRY_CI_CO_SB_CARRY_CI_CO_SB_CARRY_CI_CO_SB_CARRY_CI_CO_SB_CARRY_CI_CO_SB_CARRY_CI_CO_SB_CARRY_CI$CARRY.COUT
Info:    routing  0.00  41.56 Net system.core.real_part.0.0_WDATA_SB_LUT4_O_I1_SB_CARRY_I0_CO_SB_CARRY_CI_CO_SB_CARRY_CI_CO_SB_CARRY_CI_CO_SB_CARRY_CI_CO_SB_CARRY_CI_CO_SB_CARRY_CI_CO_SB_CARRY_CI_CO_SB_CARRY_CI_CO_SB_CARRY_CI_CO_SB_CARRY_CI_CO_SB_CARRY_CI_CO_SB_CARRY_CI_CO_SB_CARRY_CI_CO_SB_CARRY_CI_CO_SB_CARRY_CI_CO_SB_CARRY_CI_CO_SB_CARRY_CI_CO_SB_CARRY_CI_CO (9,23) -> (9,23)
Info:                          Sink system.core.real_part.0.0_WDATA_SB_LUT4_O_I1_SB_CARRY_I0_CO_SB_CARRY_CI_CO_SB_CARRY_CI_CO_SB_CARRY_CI_CO_SB_CARRY_CI_CO_SB_CARRY_CI_CO_SB_CARRY_CI_CO_SB_CARRY_CI_CO_SB_CARRY_CI_CO_SB_CARRY_CI_CO_SB_CARRY_CI_CO_SB_CARRY_CI_CO_SB_CARRY_CI_CO_SB_CARRY_CI_CO_SB_CARRY_CI_CO_SB_CARRY_CI_CO_SB_CARRY_CI_CO_SB_CARRY_CI_CO_SB_CARRY_CI_CO_SB_CARRY_CI$CARRY.CIN
Info:                          Defined in:
Info:                               rtl/core/vibration_core.sv:164.17-164.30
Info:                               ./.tools/oss-cad-suite/libexec/../share/yosys/ice40/arith_map.v:62.5-70.4
Info:                               ./.tools/oss-cad-suite/libexec/../share/yosys/ice40/abc9_model.v:4.9-4.11
Info:      logic  0.28  41.83 Source system.core.real_part.0.0_WDATA_SB_LUT4_O_I1_SB_CARRY_I0_CO_SB_CARRY_CI_CO_SB_CARRY_CI_CO_SB_CARRY_CI_CO_SB_CARRY_CI_CO_SB_CARRY_CI_CO_SB_CARRY_CI_CO_SB_CARRY_CI_CO_SB_CARRY_CI_CO_SB_CARRY_CI_CO_SB_CARRY_CI_CO_SB_CARRY_CI_CO_SB_CARRY_CI_CO_SB_CARRY_CI_CO_SB_CARRY_CI_CO_SB_CARRY_CI_CO_SB_CARRY_CI_CO_SB_CARRY_CI_CO_SB_CARRY_CI_CO_SB_CARRY_CI$CARRY.COUT
Info:    routing  0.00  41.83 Net system.core.real_part.0.0_WDATA_SB_LUT4_O_I1_SB_CARRY_I0_CO_SB_CARRY_CI_CO_SB_CARRY_CI_CO_SB_CARRY_CI_CO_SB_CARRY_CI_CO_SB_CARRY_CI_CO_SB_CARRY_CI_CO_SB_CARRY_CI_CO_SB_CARRY_CI_CO_SB_CARRY_CI_CO_SB_CARRY_CI_CO_SB_CARRY_CI_CO_SB_CARRY_CI_CO_SB_CARRY_CI_CO_SB_CARRY_CI_CO_SB_CARRY_CI_CO_SB_CARRY_CI_CO_SB_CARRY_CI_CO_SB_CARRY_CI_CO_SB_CARRY_CI_CO (9,23) -> (9,23)
Info:                          Sink system.core.real_part.0.0_WDATA_SB_LUT4_O_I1_SB_CARRY_I0_CO_SB_CARRY_CI_CO_SB_CARRY_CI_CO_SB_CARRY_CI_CO_SB_CARRY_CI_CO_SB_CARRY_CI_CO_SB_CARRY_CI_CO_SB_CARRY_CI_CO_SB_CARRY_CI_CO_SB_CARRY_CI_CO_SB_CARRY_CI_CO_SB_CARRY_CI_CO_SB_CARRY_CI_CO_SB_CARRY_CI_CO_SB_CARRY_CI_CO_SB_CARRY_CI_CO_SB_CARRY_CI_CO_SB_CARRY_CI_CO_SB_CARRY_CI_CO_SB_CARRY_CI_CO_SB_CARRY_CI$CARRY.CIN
Info:                          Defined in:
Info:                               rtl/core/vibration_core.sv:164.17-164.30
Info:                               ./.tools/oss-cad-suite/libexec/../share/yosys/ice40/arith_map.v:62.5-70.4
Info:                               ./.tools/oss-cad-suite/libexec/../share/yosys/ice40/abc9_model.v:4.9-4.11
Info:      logic  0.28  42.11 Source system.core.real_part.0.0_WDATA_SB_LUT4_O_I1_SB_CARRY_I0_CO_SB_CARRY_CI_CO_SB_CARRY_CI_CO_SB_CARRY_CI_CO_SB_CARRY_CI_CO_SB_CARRY_CI_CO_SB_CARRY_CI_CO_SB_CARRY_CI_CO_SB_CARRY_CI_CO_SB_CARRY_CI_CO_SB_CARRY_CI_CO_SB_CARRY_CI_CO_SB_CARRY_CI_CO_SB_CARRY_CI_CO_SB_CARRY_CI_CO_SB_CARRY_CI_CO_SB_CARRY_CI_CO_SB_CARRY_CI_CO_SB_CARRY_CI_CO_SB_CARRY_CI_CO_SB_CARRY_CI$CARRY.COUT
Info:    routing  0.00  42.11 Net system.core.real_part.0.0_WDATA_SB_LUT4_O_I1_SB_CARRY_I0_CO_SB_CARRY_CI_CO_SB_CARRY_CI_CO_SB_CARRY_CI_CO_SB_CARRY_CI_CO_SB_CARRY_CI_CO_SB_CARRY_CI_CO_SB_CARRY_CI_CO_SB_CARRY_CI_CO_SB_CARRY_CI_CO_SB_CARRY_CI_CO_SB_CARRY_CI_CO_SB_CARRY_CI_CO_SB_CARRY_CI_CO_SB_CARRY_CI_CO_SB_CARRY_CI_CO_SB_CARRY_CI_CO_SB_CARRY_CI_CO_SB_CARRY_CI_CO_SB_CARRY_CI_CO_SB_CARRY_CI_CO (9,23) -> (9,23)
Info:                          Sink system.core.real_part.0.0_WDATA_SB_LUT4_O_I1_SB_CARRY_I0_CO_SB_CARRY_CI_CO_SB_CARRY_CI_CO_SB_CARRY_CI_CO_SB_CARRY_CI_CO_SB_CARRY_CI_CO_SB_CARRY_CI_CO_SB_CARRY_CI_CO_SB_CARRY_CI_CO_SB_CARRY_CI_CO_SB_CARRY_CI_CO_SB_CARRY_CI_CO_SB_CARRY_CI_CO_SB_CARRY_CI_CO_SB_CARRY_CI_CO_SB_CARRY_CI_CO_SB_CARRY_CI_CO_SB_CARRY_CI_CO_SB_CARRY_CI_CO_SB_CARRY_CI_CO_SB_CARRY_CI_CO_SB_CARRY_CI$CARRY.CIN
Info:                          Defined in:
Info:                               rtl/core/vibration_core.sv:164.17-164.30
Info:                               ./.tools/oss-cad-suite/libexec/../share/yosys/ice40/arith_map.v:62.5-70.4
Info:                               ./.tools/oss-cad-suite/libexec/../share/yosys/ice40/abc9_model.v:4.9-4.11
Info:      logic  0.28  42.39 Source system.core.real_part.0.0_WDATA_SB_LUT4_O_I1_SB_CARRY_I0_CO_SB_CARRY_CI_CO_SB_CARRY_CI_CO_SB_CARRY_CI_CO_SB_CARRY_CI_CO_SB_CARRY_CI_CO_SB_CARRY_CI_CO_SB_CARRY_CI_CO_SB_CARRY_CI_CO_SB_CARRY_CI_CO_SB_CARRY_CI_CO_SB_CARRY_CI_CO_SB_CARRY_CI_CO_SB_CARRY_CI_CO_SB_CARRY_CI_CO_SB_CARRY_CI_CO_SB_CARRY_CI_CO_SB_CARRY_CI_CO_SB_CARRY_CI_CO_SB_CARRY_CI_CO_SB_CARRY_CI_CO_SB_CARRY_CI$CARRY.COUT
Info:    routing  0.00  42.39 Net system.core.real_part.0.0_WDATA_SB_LUT4_O_I1_SB_CARRY_I0_CO_SB_CARRY_CI_CO_SB_CARRY_CI_CO_SB_CARRY_CI_CO_SB_CARRY_CI_CO_SB_CARRY_CI_CO_SB_CARRY_CI_CO_SB_CARRY_CI_CO_SB_CARRY_CI_CO_SB_CARRY_CI_CO_SB_CARRY_CI_CO_SB_CARRY_CI_CO_SB_CARRY_CI_CO_SB_CARRY_CI_CO_SB_CARRY_CI_CO_SB_CARRY_CI_CO_SB_CARRY_CI_CO_SB_CARRY_CI_CO_SB_CARRY_CI_CO_SB_CARRY_CI_CO_SB_CARRY_CI_CO_SB_CARRY_CI_CO (9,23) -> (9,23)
Info:                          Sink system.core.real_part.0.0_WDATA_SB_LUT4_O_I1_SB_CARRY_I0_CO_SB_CARRY_CI_CO_SB_CARRY_CI_CO_SB_CARRY_CI_CO_SB_CARRY_CI_CO_SB_CARRY_CI_CO_SB_CARRY_CI_CO_SB_CARRY_CI_CO_SB_CARRY_CI_CO_SB_CARRY_CI_CO_SB_CARRY_CI_CO_SB_CARRY_CI_CO_SB_CARRY_CI_CO_SB_CARRY_CI_CO_SB_CARRY_CI_CO_SB_CARRY_CI_CO_SB_CARRY_CI_CO_SB_CARRY_CI_CO_SB_CARRY_CI_CO_SB_CARRY_CI_CO_SB_CARRY_CI_CO_SB_CARRY_CI_CO_SB_CARRY_CI$CARRY.CIN
Info:                          Defined in:
Info:                               rtl/core/vibration_core.sv:164.17-164.30
Info:                               ./.tools/oss-cad-suite/libexec/../share/yosys/ice40/arith_map.v:62.5-70.4
Info:                               ./.tools/oss-cad-suite/libexec/../share/yosys/ice40/abc9_model.v:4.9-4.11
Info:      logic  0.28  42.67 Source system.core.real_part.0.0_WDATA_SB_LUT4_O_I1_SB_CARRY_I0_CO_SB_CARRY_CI_CO_SB_CARRY_CI_CO_SB_CARRY_CI_CO_SB_CARRY_CI_CO_SB_CARRY_CI_CO_SB_CARRY_CI_CO_SB_CARRY_CI_CO_SB_CARRY_CI_CO_SB_CARRY_CI_CO_SB_CARRY_CI_CO_SB_CARRY_CI_CO_SB_CARRY_CI_CO_SB_CARRY_CI_CO_SB_CARRY_CI_CO_SB_CARRY_CI_CO_SB_CARRY_CI_CO_SB_CARRY_CI_CO_SB_CARRY_CI_CO_SB_CARRY_CI_CO_SB_CARRY_CI_CO_SB_CARRY_CI_CO_SB_CARRY_CI$CARRY.COUT
Info:    routing  0.00  42.67 Net system.core.real_part.0.0_WDATA_SB_LUT4_O_I1_SB_CARRY_I0_CO_SB_CARRY_CI_CO_SB_CARRY_CI_CO_SB_CARRY_CI_CO_SB_CARRY_CI_CO_SB_CARRY_CI_CO_SB_CARRY_CI_CO_SB_CARRY_CI_CO_SB_CARRY_CI_CO_SB_CARRY_CI_CO_SB_CARRY_CI_CO_SB_CARRY_CI_CO_SB_CARRY_CI_CO_SB_CARRY_CI_CO_SB_CARRY_CI_CO_SB_CARRY_CI_CO_SB_CARRY_CI_CO_SB_CARRY_CI_CO_SB_CARRY_CI_CO_SB_CARRY_CI_CO_SB_CARRY_CI_CO_SB_CARRY_CI_CO_SB_CARRY_CI_CO (9,23) -> (9,23)
Info:                          Sink system.core.real_part.0.0_WDATA_SB_LUT4_O_I1_SB_CARRY_I0_CO_SB_CARRY_CI_CO_SB_CARRY_CI_CO_SB_CARRY_CI_CO_SB_CARRY_CI_CO_SB_CARRY_CI_CO_SB_CARRY_CI_CO_SB_CARRY_CI_CO_SB_CARRY_CI_CO_SB_CARRY_CI_CO_SB_CARRY_CI_CO_SB_CARRY_CI_CO_SB_CARRY_CI_CO_SB_CARRY_CI_CO_SB_CARRY_CI_CO_SB_CARRY_CI_CO_SB_CARRY_CI_CO_SB_CARRY_CI_CO_SB_CARRY_CI_CO_SB_CARRY_CI_CO_SB_CARRY_CI_CO_SB_CARRY_CI_CO_SB_CARRY_CI_CO_SB_CARRY_CI$CARRY.CIN
Info:                          Defined in:
Info:                               rtl/core/vibration_core.sv:164.17-164.30
Info:                               ./.tools/oss-cad-suite/libexec/../share/yosys/ice40/arith_map.v:62.5-70.4
Info:                               ./.tools/oss-cad-suite/libexec/../share/yosys/ice40/abc9_model.v:4.9-4.11
Info:      logic  0.28  42.95 Source system.core.real_part.0.0_WDATA_SB_LUT4_O_I1_SB_CARRY_I0_CO_SB_CARRY_CI_CO_SB_CARRY_CI_CO_SB_CARRY_CI_CO_SB_CARRY_CI_CO_SB_CARRY_CI_CO_SB_CARRY_CI_CO_SB_CARRY_CI_CO_SB_CARRY_CI_CO_SB_CARRY_CI_CO_SB_CARRY_CI_CO_SB_CARRY_CI_CO_SB_CARRY_CI_CO_SB_CARRY_CI_CO_SB_CARRY_CI_CO_SB_CARRY_CI_CO_SB_CARRY_CI_CO_SB_CARRY_CI_CO_SB_CARRY_CI_CO_SB_CARRY_CI_CO_SB_CARRY_CI_CO_SB_CARRY_CI_CO_SB_CARRY_CI_CO_SB_CARRY_CI$CARRY.COUT
Info:    routing  0.00  42.95 Net system.core.real_part.0.0_WDATA_SB_LUT4_O_I1_SB_CARRY_I0_CO_SB_CARRY_CI_CO_SB_CARRY_CI_CO_SB_CARRY_CI_CO_SB_CARRY_CI_CO_SB_CARRY_CI_CO_SB_CARRY_CI_CO_SB_CARRY_CI_CO_SB_CARRY_CI_CO_SB_CARRY_CI_CO_SB_CARRY_CI_CO_SB_CARRY_CI_CO_SB_CARRY_CI_CO_SB_CARRY_CI_CO_SB_CARRY_CI_CO_SB_CARRY_CI_CO_SB_CARRY_CI_CO_SB_CARRY_CI_CO_SB_CARRY_CI_CO_SB_CARRY_CI_CO_SB_CARRY_CI_CO_SB_CARRY_CI_CO_SB_CARRY_CI_CO_SB_CARRY_CI_CO (9,23) -> (9,23)
Info:                          Sink system.core.real_part.0.0_WDATA_SB_LUT4_O_I1_SB_CARRY_I0_CO_SB_CARRY_CI_CO_SB_CARRY_CI_CO_SB_CARRY_CI_CO_SB_CARRY_CI_CO_SB_CARRY_CI_CO_SB_CARRY_CI_CO_SB_CARRY_CI_CO_SB_CARRY_CI_CO_SB_CARRY_CI_CO_SB_CARRY_CI_CO_SB_CARRY_CI_CO_SB_CARRY_CI_CO_SB_CARRY_CI_CO_SB_CARRY_CI_CO_SB_CARRY_CI_CO_SB_CARRY_CI_CO_SB_CARRY_CI_CO_SB_CARRY_CI_CO_SB_CARRY_CI_CO_SB_CARRY_CI_CO_SB_CARRY_CI_CO_SB_CARRY_CI_CO_SB_CARRY_CI_CO_SB_CARRY_CI$CARRY.CIN
Info:                          Defined in:
Info:                               rtl/core/vibration_core.sv:164.17-164.30
Info:                               ./.tools/oss-cad-suite/libexec/../share/yosys/ice40/arith_map.v:62.5-70.4
Info:                               ./.tools/oss-cad-suite/libexec/../share/yosys/ice40/abc9_model.v:4.9-4.11
Info:      logic  0.28  43.22 Source system.core.real_part.0.0_WDATA_SB_LUT4_O_I1_SB_CARRY_I0_CO_SB_CARRY_CI_CO_SB_CARRY_CI_CO_SB_CARRY_CI_CO_SB_CARRY_CI_CO_SB_CARRY_CI_CO_SB_CARRY_CI_CO_SB_CARRY_CI_CO_SB_CARRY_CI_CO_SB_CARRY_CI_CO_SB_CARRY_CI_CO_SB_CARRY_CI_CO_SB_CARRY_CI_CO_SB_CARRY_CI_CO_SB_CARRY_CI_CO_SB_CARRY_CI_CO_SB_CARRY_CI_CO_SB_CARRY_CI_CO_SB_CARRY_CI_CO_SB_CARRY_CI_CO_SB_CARRY_CI_CO_SB_CARRY_CI_CO_SB_CARRY_CI_CO_SB_CARRY_CI_CO_SB_CARRY_CI$CARRY.COUT
Info:    routing  0.66  43.89 Net system.core.real_part.0.0_WDATA_SB_LUT4_O_I1_SB_CARRY_I0_CO_SB_CARRY_CI_CO_SB_CARRY_CI_CO_SB_CARRY_CI_CO_SB_CARRY_CI_CO_SB_CARRY_CI_CO_SB_CARRY_CI_CO_SB_CARRY_CI_CO_SB_CARRY_CI_CO_SB_CARRY_CI_CO_SB_CARRY_CI_CO_SB_CARRY_CI_CO_SB_CARRY_CI_CO_SB_CARRY_CI_CO_SB_CARRY_CI_CO_SB_CARRY_CI_CO_SB_CARRY_CI_CO_SB_CARRY_CI_CO_SB_CARRY_CI_CO_SB_CARRY_CI_CO_SB_CARRY_CI_CO_SB_CARRY_CI_CO_SB_CARRY_CI_CO_SB_CARRY_CI_CO_SB_CARRY_CI_CO[3] (9,23) -> (9,23)
Info:                          Sink system.core.real_part.0.0_WDATA_SB_LUT4_O_I1_SB_CARRY_I0_CO_SB_CARRY_CI_CO_SB_CARRY_CI_CO_SB_CARRY_CI_CO_SB_CARRY_CI_CO_SB_CARRY_CI_CO_SB_CARRY_CI_CO_SB_CARRY_CI_CO_SB_CARRY_CI_CO_SB_CARRY_CI_CO_SB_CARRY_CI_CO_SB_CARRY_CI_CO_SB_CARRY_CI_CO_SB_CARRY_CI_CO_SB_CARRY_CI_CO_SB_CARRY_CI_CO_SB_CARRY_CI_CO_SB_CARRY_CI_CO_SB_CARRY_CI_CO_SB_CARRY_CI_CO_SB_CARRY_CI_CO_SB_CARRY_CI_CO_SB_CARRY_CI_CO_SB_CARRY_CI_CO_SB_CARRY_CI_CO_SB_LUT4_I3_LC.I3
Info:                          Defined in:
Info:                               rtl/core/vibration_core.sv:164.17-164.30
Info:                               ./.tools/oss-cad-suite/libexec/../share/yosys/ice40/arith_map.v:62.5-70.4
Info:                               ./.tools/oss-cad-suite/libexec/../share/yosys/ice40/cells_map.v:6.21-6.22
Info:      logic  0.87  44.76 Source system.core.real_part.0.0_WDATA_SB_LUT4_O_I1_SB_CARRY_I0_CO_SB_CARRY_CI_CO_SB_CARRY_CI_CO_SB_CARRY_CI_CO_SB_CARRY_CI_CO_SB_CARRY_CI_CO_SB_CARRY_CI_CO_SB_CARRY_CI_CO_SB_CARRY_CI_CO_SB_CARRY_CI_CO_SB_CARRY_CI_CO_SB_CARRY_CI_CO_SB_CARRY_CI_CO_SB_CARRY_CI_CO_SB_CARRY_CI_CO_SB_CARRY_CI_CO_SB_CARRY_CI_CO_SB_CARRY_CI_CO_SB_CARRY_CI_CO_SB_CARRY_CI_CO_SB_CARRY_CI_CO_SB_CARRY_CI_CO_SB_CARRY_CI_CO_SB_CARRY_CI_CO_SB_CARRY_CI_CO_SB_LUT4_I3_LC.O
Info:    routing  2.95  47.71 Net system.core.real_part.0.0_WDATA_SB_LUT4_O_I1[2] (9,23) -> (7,24)
Info:                          Sink system.core.real_part.0.0_WDATA_SB_LUT4_O_I1_SB_CARRY_I0_CI_SB_CARRY_CO_CI_SB_CARRY_CO_CI_SB_CARRY_CO_CI_SB_CARRY_CO_CI_SB_CARRY_CO_CI_SB_CARRY_CO_CI_SB_CARRY_CO_CI_SB_CARRY_CO_I0_SB_LUT4_I1_LC.I3
Info:                          Defined in:
Info:                               ./.tools/oss-cad-suite/libexec/../share/yosys/ice40/cells_map.v:6.21-6.22
Info:      logic  0.87  48.59 Source system.core.real_part.0.0_WDATA_SB_LUT4_O_I1_SB_CARRY_I0_CI_SB_CARRY_CO_CI_SB_CARRY_CO_CI_SB_CARRY_CO_CI_SB_CARRY_CO_CI_SB_CARRY_CO_CI_SB_CARRY_CO_CI_SB_CARRY_CO_CI_SB_CARRY_CO_I0_SB_LUT4_I1_LC.O
Info:    routing  2.95  51.54 Net system.core.real_part.0.0_WDATA_SB_LUT4_O_I1_SB_CARRY_I0_CI_SB_CARRY_CO_CI_SB_CARRY_CO_CI_SB_CARRY_CO_CI_SB_CARRY_CO_CI_SB_CARRY_CO_CI_SB_CARRY_CO_CI_SB_CARRY_CO_CI_SB_CARRY_CO_I0_SB_LUT4_I1_O (7,24) -> (6,25)
Info:                          Sink system.core.imag_part.0.0_RAM.WDATA_6
Info:      setup  0.10  51.64 Source system.core.imag_part.0.0_RAM.WDATA_6
Info: 22.14 ns logic, 29.50 ns routing

Info: Critical path report for cross-domain path '<async>' -> 'posedge clk12$SB_IO_IN_$glb_clk':
Info:       type curr  total name
Info:     source  0.00  0.00 Source flash_miso$sb_io.D_IN_0
Info:    routing  6.95  6.95 Net flash_miso$SB_IO_IN (23,0) -> (24,30)
Info:                          Sink system.transport.spi.rx_shift_SB_DFFESR_Q_7_DFFLC.I0
Info:                          Defined in:
Info:                               rtl/io/spi_master.sv:18.16-18.20
Info:      setup  1.23  8.18 Source system.transport.spi.rx_shift_SB_DFFESR_Q_7_DFFLC.I0
Info: 1.23 ns logic, 6.95 ns routing

Info: Critical path report for cross-domain path 'posedge clk12$SB_IO_IN_$glb_clk' -> '<async>':
Info:       type curr  total name
Info:   clk-to-q  1.39  1.39 Source system.error_flags_SB_DFFESR_Q_1_DFFLC.O
Info:    routing  3.60  4.99 Net system.error_flags[3] (22,8) -> (20,13)
Info:                          Sink status_error_SB_LUT4_O_I3_SB_LUT4_O_LC.I0
Info:                          Defined in:
Info:                               rtl/upduino_replay.sv:45.15-45.26
Info:      logic  1.28  6.27 Source status_error_SB_LUT4_O_I3_SB_LUT4_O_LC.O
Info:    routing  1.76  8.03 Net status_error_SB_LUT4_O_I3[3] (20,13) -> (20,13)
Info:                          Sink status_error_SB_LUT4_O_LC.I3
Info:                          Defined in:
Info:                               ./.tools/oss-cad-suite/libexec/../share/yosys/ice40/cells_map.v:6.21-6.22
Info:      logic  0.87  8.91 Source status_error_SB_LUT4_O_LC.O
Info:    routing  5.00  13.91 Net status_error$SB_IO_OUT (20,13) -> (18,0)
Info:                          Sink status_error$sb_io.D_OUT_0
Info:                          Defined in:
Info:                               rtl/upduino_replay.sv:36.28-36.40
Info: 3.55 ns logic, 10.36 ns routing

Info: Max frequency for clock 'clk12$SB_IO_IN_$glb_clk': 19.37 MHz (PASS at 12.00 MHz)

Info: Clock '$PACKER_GND_NET_$glb_clk' has no interior paths

Info: Max delay <async>                         -> posedge clk12$SB_IO_IN_$glb_clk: 8.18 ns
Info: Max delay posedge clk12$SB_IO_IN_$glb_clk -> <async>                        : 13.91 ns

Info: Slack histogram:
Info:  legend: * represents 31 endpoint(s)
Info:          + represents [1,31) endpoint(s)
Info: [ 31695,  34079) |**+
Info: [ 34079,  36463) |+
Info: [ 36463,  38847) |+
Info: [ 38847,  41231) |*+
Info: [ 41231,  43615) |+
Info: [ 43615,  45999) |+
Info: [ 45999,  48383) |+
Info: [ 48383,  50767) |*+
Info: [ 50767,  53151) |***+
Info: [ 53151,  55535) |*********+
Info: [ 55535,  57919) |***********+
Info: [ 57919,  60303) |******************+
Info: [ 60303,  62687) |************************************************************ 
Info: [ 62687,  65071) |***************+
Info: [ 65071,  67455) |**************+
Info: [ 67455,  69839) |********+
Info: [ 69839,  72223) |**********+
Info: [ 72223,  74607) |***********+
Info: [ 74607,  76991) |*************+
Info: [ 76991,  79375) |*********************************+

Info: Program finished normally.
