Copyright 1986-2022 Xilinx, Inc. All Rights Reserved. Copyright 2022-2024 Advanced Micro Devices, Inc. All Rights Reserved.
---------------------------------------------------------------------------------------------------------------------------------------------
| Tool Version : Vivado v.2024.2 (lin64) Build 5239630 Fri Nov 08 22:34:34 MST 2024
| Date         : Tue Oct  6 05:27:46 2026
| Host         : LAB_HOST.engr.wustl.edu running 64-bit Rocky Linux release 8.10 (Green Obsidian)
| Command      : report_timing_summary -delay_type min_max -report_unconstrained -file timing_summary.rpt
| Design       : known_spectral_core
| Device       : 7a35t-cpg236
| Speed File   : -1  PRODUCTION 1.23 2018-06-13
| Design State : Routed
---------------------------------------------------------------------------------------------------------------------------------------------

Timing Summary Report

------------------------------------------------------------------------------------------------
| Timer Settings
| --------------
------------------------------------------------------------------------------------------------

  Enable Multi Corner Analysis               :  Yes
  Enable Pessimism Removal                   :  Yes
  Pessimism Removal Resolution               :  Nearest Common Node
  Enable Input Delay Default Clock           :  No
  Enable Preset / Clear Arcs                 :  No
  Disable Flight Delays                      :  No
  Ignore I/O Paths                           :  No
  Timing Early Launch at Borrowing Latches   :  No
  Borrow Time for Max Delay Exceptions       :  Yes
  Merge Timing Exceptions                    :  Yes
  Inter-SLR Compensation                     :  Conservative

  Corner  Analyze    Analyze
  Name    Max Paths  Min Paths
  ------  ---------  ---------
  Slow    Yes        Yes
  Fast    Yes        Yes


------------------------------------------------------------------------------------------------
| Report Methodology
| ------------------
------------------------------------------------------------------------------------------------

No report available as report_methodology has not been run prior. Run report_methodology on the current design for the summary of methodology violations.



check_timing report

Table of Contents
-----------------
1. checking no_clock (0)
2. checking constant_clock (0)
3. checking pulse_width_clock (0)
4. checking unconstrained_internal_endpoints (0)
5. checking no_input_delay (0)
6. checking no_output_delay (0)
7. checking multiple_clock (0)
8. checking generated_clocks (0)
9. checking loops (0)
10. checking partial_input_delay (0)
11. checking partial_output_delay (0)
12. checking latch_loops (0)

1. checking no_clock (0)
------------------------
 There are 0 register/latch pins with no clock.


2. checking constant_clock (0)
------------------------------
 There are 0 register/latch pins with constant_clock.


3. checking pulse_width_clock (0)
---------------------------------
 There are 0 register/latch pins which need pulse_width check


4. checking unconstrained_internal_endpoints (0)
------------------------------------------------
 There are 0 pins that are not constrained for maximum delay.

 There are 0 pins that are not constrained for maximum delay due to constant clock.


5. checking no_input_delay (0)
------------------------------
 There are 0 input ports with no input delay specified.

 There are 0 input ports with no input delay but user has a false path constraint.


6. checking no_output_delay (0)
-------------------------------
 There are 0 ports with no output delay specified.

 There are 0 ports with no output delay but user has a false path constraint

 There are 0 ports with no output delay but with a timing clock defined on it or propagating through it


7. checking multiple_clock (0)
------------------------------
 There are 0 register/latch pins with multiple clocks.


8. checking generated_clocks (0)
--------------------------------
 There are 0 generated clocks that are not connected to a clock source.


9. checking loops (0)
---------------------
 There are 0 combinational loops in the design.


10. checking partial_input_delay (0)
------------------------------------
 There are 0 input ports with partial input delay specified.


11. checking partial_output_delay (0)
-------------------------------------
 There are 0 ports with partial output delay specified.


12. checking latch_loops (0)
----------------------------
 There are 0 combinational latch loops in the design through latch input



------------------------------------------------------------------------------------------------
| Design Timing Summary
| ---------------------
------------------------------------------------------------------------------------------------

    WNS(ns)      TNS(ns)  TNS Failing Endpoints  TNS Total Endpoints      WHS(ns)      THS(ns)  THS Failing Endpoints  THS Total Endpoints     WPWS(ns)     TPWS(ns)  TPWS Failing Endpoints  TPWS Total Endpoints
    -------      -------  ---------------------  -------------------      -------      -------  ---------------------  -------------------     --------     --------  ----------------------  --------------------
      4.955        0.000                      0                 4665        0.125        0.000                      0                 4665        9.500        0.000                       0                  1322


All user specified timing constraints are met.


------------------------------------------------------------------------------------------------
| Clock Summary
| -------------
------------------------------------------------------------------------------------------------

Clock  Waveform(ns)       Period(ns)      Frequency(MHz)
-----  ------------       ----------      --------------
clk    {0.000 10.000}     20.000          50.000


------------------------------------------------------------------------------------------------
| Intra Clock Table
| -----------------
------------------------------------------------------------------------------------------------

Clock             WNS(ns)      TNS(ns)  TNS Failing Endpoints  TNS Total Endpoints      WHS(ns)      THS(ns)  THS Failing Endpoints  THS Total Endpoints     WPWS(ns)     TPWS(ns)  TPWS Failing Endpoints  TPWS Total Endpoints
-----             -------      -------  ---------------------  -------------------      -------      -------  ---------------------  -------------------     --------     --------  ----------------------  --------------------
clk                 4.955        0.000                      0                 4665        0.125        0.000                      0                 4665        9.500        0.000                       0                  1322


------------------------------------------------------------------------------------------------
| Inter Clock Table
| -----------------
------------------------------------------------------------------------------------------------

From Clock    To Clock          WNS(ns)      TNS(ns)  TNS Failing Endpoints  TNS Total Endpoints      WHS(ns)      THS(ns)  THS Failing Endpoints  THS Total Endpoints
----------    --------          -------      -------  ---------------------  -------------------      -------      -------  ---------------------  -------------------


------------------------------------------------------------------------------------------------
| Other Path Groups Table
| -----------------------
------------------------------------------------------------------------------------------------

Path Group    From Clock    To Clock          WNS(ns)      TNS(ns)  TNS Failing Endpoints  TNS Total Endpoints      WHS(ns)      THS(ns)  THS Failing Endpoints  THS Total Endpoints
----------    ----------    --------          -------      -------  ---------------------  -------------------      -------      -------  ---------------------  -------------------


------------------------------------------------------------------------------------------------
| User Ignored Path Table
| -----------------------
------------------------------------------------------------------------------------------------

Path Group    From Clock    To Clock
----------    ----------    --------


------------------------------------------------------------------------------------------------
| Unconstrained Path Table
| ------------------------
------------------------------------------------------------------------------------------------

Path Group    From Clock    To Clock
----------    ----------    --------


------------------------------------------------------------------------------------------------
| Timing Details
| --------------
------------------------------------------------------------------------------------------------


---------------------------------------------------------------------------------------------------
From Clock:  clk
  To Clock:  clk

Setup :            0  Failing Endpoints,  Worst Slack        4.955ns,  Total Violation        0.000ns
Hold  :            0  Failing Endpoints,  Worst Slack        0.125ns,  Total Violation        0.000ns
PW    :            0  Failing Endpoints,  Worst Slack        9.500ns,  Total Violation        0.000ns
---------------------------------------------------------------------------------------------------


Max Delay Paths
--------------------------------------------------------------------------------------
Slack (MET) :             4.955ns  (required time - arrival time)
  Source:                 bin_index_reg_rep/CLKBWRCLK
                            (rising edge-triggered cell RAMB18E1 clocked by clk  {rise@0.000ns fall@10.000ns period=20.000ns})
  Destination:            dbg_value_reg[55]/D
                            (rising edge-triggered cell FDRE clocked by clk  {rise@0.000ns fall@10.000ns period=20.000ns})
  Path Group:             clk
  Path Type:              Setup (Max at Slow Process Corner)
  Requirement:            20.000ns  (clk rise@20.000ns - clk rise@0.000ns)
  Data Path Delay:        14.992ns  (logic 7.492ns (49.973%)  route 7.500ns (50.027%))
  Logic Levels:           24  (CARRY4=16 DSP48E1=1 LUT4=3 LUT5=1 LUT6=3)
  Clock Path Skew:        -0.049ns (DCD - SCD + CPR)
    Destination Clock Delay (DCD):    0.924ns = ( 20.924 - 20.000 )
    Source Clock Delay      (SCD):    0.973ns
    Clock Pessimism Removal (CPR):    0.000ns
  Clock Uncertainty:      0.035ns  ((TSJ^2 + TIJ^2)^1/2 + DJ) / 2 + PE
    Total System Jitter     (TSJ):    0.071ns
    Total Input Jitter      (TIJ):    0.000ns
    Discrete Jitter          (DJ):    0.000ns
    Phase Error              (PE):    0.000ns

    Location             Delay type                Incr(ns)  Path(ns)    Netlist Resource(s)
  -------------------------------------------------------------------    -------------------
                         (clock clk rise edge)        0.000     0.000 r
                                                      0.000     0.000 r  clk (IN)
                         net (fo=1327, unset)         0.973     0.973    clk
    RAMB18_X0Y12         RAMB18E1                                     r  bin_index_reg_rep/CLKBWRCLK
  -------------------------------------------------------------------    -------------------
    RAMB18_X0Y12         RAMB18E1 (Prop_ramb18e1_CLKBWRCLK_DOBDO[0])
                                                      0.882     1.855 r  bin_index_reg_rep/DOBDO[0]
                         net (fo=14, routed)          2.028     3.883    lanes[0].rom/DOBDO[0]
    SLICE_X28Y33         LUT6 (Prop_lut6_I1_O)        0.124     4.007 f  lanes[0].rom/unsigned_product_i_33/O
                         net (fo=17, routed)          0.939     4.946    lanes[0].rom_n_19
    SLICE_X29Y36         LUT4 (Prop_lut4_I3_O)        0.153     5.099 r  unsigned_product_i_3/O
                         net (fo=2, routed)           1.124     6.223    A[13]
    DSP48_X0Y15          DSP48E1 (Prop_dsp48e1_A[13]_P[1])
                                                      2.280     8.503 r  unsigned_product/P[1]
                         net (fo=3, routed)           1.287     9.790    power_ram/P[1]
    SLICE_X38Y33         LUT4 (Prop_lut4_I3_O)        0.124     9.914 r  power_ram/wide_acc[3]_i_6/O
                         net (fo=1, routed)           0.000     9.914    power_ram/wide_acc[3]_i_6_n_0
    SLICE_X38Y33         CARRY4 (Prop_carry4_S[1]_CO[3])
                                                      0.533    10.447 r  power_ram/wide_acc_reg[3]_i_2/CO[3]
                         net (fo=1, routed)           0.000    10.447    power_ram/wide_acc_reg[3]_i_2_n_0
    SLICE_X38Y34         CARRY4 (Prop_carry4_CI_O[1])
                                                      0.323    10.770 r  power_ram/wide_acc_reg[7]_i_2/O[1]
                         net (fo=2, routed)           0.650    11.420    power_ram/wide_acc_reg[7][1]
    SLICE_X39Y33         LUT4 (Prop_lut4_I0_O)        0.306    11.726 r  power_ram/wide_acc[3]_i_9/O
                         net (fo=1, routed)           0.436    12.162    power_ram/wide_acc[3]_i_9_n_0
    SLICE_X39Y35         LUT6 (Prop_lut6_I4_O)        0.124    12.286 r  power_ram/wide_acc[3]_i_8/O
                         net (fo=1, routed)           0.000    12.286    power_ram/wide_acc[3]_i_8_n_0
    SLICE_X39Y35         CARRY4 (Prop_carry4_S[0]_CO[3])
                                                      0.532    12.818 r  power_ram/wide_acc_reg[3]_i_3/CO[3]
                         net (fo=1, routed)           0.000    12.818    power_ram/wide_acc_reg[3]_i_3_n_0
    SLICE_X39Y36         CARRY4 (Prop_carry4_CI_CO[3])
                                                      0.114    12.932 r  power_ram/wide_acc_reg[7]_i_3/CO[3]
                         net (fo=1, routed)           0.000    12.932    power_ram/wide_acc_reg[7]_i_3_n_0
    SLICE_X39Y37         CARRY4 (Prop_carry4_CI_CO[3])
                                                      0.114    13.046 r  power_ram/wide_acc_reg[11]_i_3/CO[3]
                         net (fo=1, routed)           0.000    13.046    power_ram/wide_acc_reg[11]_i_3_n_0
    SLICE_X39Y38         CARRY4 (Prop_carry4_CI_CO[3])
                                                      0.114    13.160 r  power_ram/wide_acc_reg[15]_i_3/CO[3]
                         net (fo=1, routed)           0.000    13.160    power_ram/wide_acc_reg[15]_i_3_n_0
    SLICE_X39Y39         CARRY4 (Prop_carry4_CI_CO[3])
                                                      0.114    13.274 r  power_ram/wide_acc_reg[19]_i_3/CO[3]
                         net (fo=1, routed)           0.000    13.274    power_ram/wide_acc_reg[19]_i_3_n_0
    SLICE_X39Y40         CARRY4 (Prop_carry4_CI_CO[3])
                                                      0.114    13.388 r  power_ram/wide_acc_reg[23]_i_3/CO[3]
                         net (fo=1, routed)           0.000    13.388    power_ram/wide_acc_reg[23]_i_3_n_0
    SLICE_X39Y41         CARRY4 (Prop_carry4_CI_CO[3])
                                                      0.114    13.502 r  power_ram/wide_acc_reg[27]_i_3/CO[3]
                         net (fo=1, routed)           0.000    13.502    power_ram/wide_acc_reg[27]_i_3_n_0
    SLICE_X39Y42         CARRY4 (Prop_carry4_CI_CO[3])
                                                      0.114    13.616 r  power_ram/wide_acc_reg[31]_i_3/CO[3]
                         net (fo=1, routed)           0.000    13.616    power_ram/wide_acc_reg[31]_i_3_n_0
    SLICE_X39Y43         CARRY4 (Prop_carry4_CI_CO[3])
                                                      0.114    13.730 r  power_ram/wide_acc_reg[35]_i_3/CO[3]
                         net (fo=1, routed)           0.000    13.730    power_ram/wide_acc_reg[35]_i_3_n_0
    SLICE_X39Y44         CARRY4 (Prop_carry4_CI_CO[3])
                                                      0.114    13.844 r  power_ram/wide_acc_reg[39]_i_3/CO[3]
                         net (fo=1, routed)           0.000    13.844    power_ram/wide_acc_reg[39]_i_3_n_0
    SLICE_X39Y45         CARRY4 (Prop_carry4_CI_CO[3])
                                                      0.114    13.958 r  power_ram/wide_acc_reg[43]_i_3/CO[3]
                         net (fo=1, routed)           0.000    13.958    power_ram/wide_acc_reg[43]_i_3_n_0
    SLICE_X39Y46         CARRY4 (Prop_carry4_CI_CO[3])
                                                      0.114    14.072 r  power_ram/wide_acc_reg[47]_i_3/CO[3]
                         net (fo=1, routed)           0.000    14.072    power_ram/wide_acc_reg[47]_i_3_n_0
    SLICE_X39Y47         CARRY4 (Prop_carry4_CI_CO[3])
                                                      0.114    14.186 r  power_ram/wide_acc_reg[51]_i_3/CO[3]
                         net (fo=1, routed)           0.000    14.186    power_ram/wide_acc_reg[51]_i_3_n_0
    SLICE_X39Y48         CARRY4 (Prop_carry4_CI_O[3])
                                                      0.313    14.499 r  power_ram/wide_acc_reg[55]_i_3/O[3]
                         net (fo=3, routed)           0.547    15.045    power_ram_n_120
    SLICE_X40Y49         LUT6 (Prop_lut6_I5_O)        0.306    15.351 r  dbg_value[55]_i_2/O
                         net (fo=1, routed)           0.490    15.841    dbg_value[55]_i_2_n_0
    SLICE_X40Y49         LUT5 (Prop_lut5_I4_O)        0.124    15.965 r  dbg_value[55]_i_1/O
                         net (fo=1, routed)           0.000    15.965    dbg_value[55]_i_1_n_0
    SLICE_X40Y49         FDRE                                         r  dbg_value_reg[55]/D
  -------------------------------------------------------------------    -------------------

                         (clock clk rise edge)       20.000    20.000 r
                                                      0.000    20.000 r  clk (IN)
                         net (fo=1327, unset)         0.924    20.924    clk
    SLICE_X40Y49         FDRE                                         r  dbg_value_reg[55]/C
                         clock pessimism              0.000    20.924
                         clock uncertainty           -0.035    20.889
    SLICE_X40Y49         FDRE (Setup_fdre_C_D)        0.031    20.920    dbg_value_reg[55]
  -------------------------------------------------------------------
                         required time                         20.920
                         arrival time                         -15.965
  -------------------------------------------------------------------
                         slack                                  4.955





Min Delay Paths
--------------------------------------------------------------------------------------
Slack (MET) :             0.125ns  (arrival time - required time)
  Source:                 active_id_reg[10]/C
                            (rising edge-triggered cell FDRE clocked by clk  {rise@0.000ns fall@10.000ns period=20.000ns})
  Destination:            previous_id_reg[10]/D
                            (rising edge-triggered cell FDRE clocked by clk  {rise@0.000ns fall@10.000ns period=20.000ns})
  Path Group:             clk
  Path Type:              Hold (Min at Fast Process Corner)
  Requirement:            0.000ns  (clk rise@0.000ns - clk rise@0.000ns)
  Data Path Delay:        0.194ns  (logic 0.141ns (72.697%)  route 0.053ns (27.303%))
  Logic Levels:           0
  Clock Path Skew:        0.022ns (DCD - SCD - CPR)
    Destination Clock Delay (DCD):    0.432ns
    Source Clock Delay      (SCD):    0.410ns
    Clock Pessimism Removal (CPR):    -0.000ns

    Location             Delay type                Incr(ns)  Path(ns)    Netlist Resource(s)
  -------------------------------------------------------------------    -------------------
                         (clock clk rise edge)        0.000     0.000 r
                                                      0.000     0.000 r  clk (IN)
                         net (fo=1327, unset)         0.410     0.410    clk
    SLICE_X40Y65         FDRE                                         r  active_id_reg[10]/C
  -------------------------------------------------------------------    -------------------
    SLICE_X40Y65         FDRE (Prop_fdre_C_Q)         0.141     0.551 r  active_id_reg[10]/Q
                         net (fo=1, routed)           0.053     0.604    dbg_frame[10]
    SLICE_X41Y65         FDRE                                         r  previous_id_reg[10]/D
  -------------------------------------------------------------------    -------------------

                         (clock clk rise edge)        0.000     0.000 r
                                                      0.000     0.000 r  clk (IN)
                         net (fo=1327, unset)         0.432     0.432    clk
    SLICE_X41Y65         FDRE                                         r  previous_id_reg[10]/C
                         clock pessimism              0.000     0.432
    SLICE_X41Y65         FDRE (Hold_fdre_C_D)         0.047     0.479    previous_id_reg[10]
  -------------------------------------------------------------------
                         required time                         -0.479
                         arrival time                           0.604
  -------------------------------------------------------------------
                         slack                                  0.125





Pulse Width Checks
--------------------------------------------------------------------------------------
Clock Name:         clk
Waveform(ns):       { 0.000 10.000 }
Period(ns):         20.000
Sources:            { clk }

Check Type        Corner  Lib Pin             Reference Pin  Required(ns)  Actual(ns)  Slack(ns)  Location      Pin
Min Period        n/a     RAMB18E1/CLKARDCLK  n/a            2.944         20.000      17.056     RAMB18_X0Y11  windowed_reg/CLKARDCLK
Low Pulse Width   Slow    FDRE/C              n/a            0.500         10.000      9.500      SLICE_X56Y40  accumulator_reg[0][0]/C
High Pulse Width  Slow    FDRE/C              n/a            0.500         10.000      9.500      SLICE_X56Y40  accumulator_reg[0][0]/C
