Info: constrained 'flash_cs_n' to bel 'X24/Y0/io1'
Info: constrained 'flash_sclk' to bel 'X24/Y0/io0'
Info: constrained 'flash_mosi' to bel 'X23/Y0/io0'
Info: constrained 'flash_miso' to bel 'X23/Y0/io1'
Info: constrained 'status_done' to bel 'X18/Y0/io1'
Info: constrained 'status_error' to bel 'X18/Y0/io0'
Info: constrained 'status_running' to bel 'X19/Y0/io0'
Info: constraining clock net 'clk' to 13.20 MHz

Info: Packing constants..
Info: Packing IOs..
Info: Packing LUT-FFs..
Info:     2733 LCs used as LUT4 only
Info:      967 LCs used as LUT4 and DFF
Info: Packing non-LUT FFs..
Info:      530 LCs used as DFF only
Info: Packing carries..
Info:      468 LCs used as CARRY only
Info: Packing indirect carry+LUT pairs...
Info:       27 LUTs merged into carry LCs
Info: Packing RAMs..
Info: Placing PLLs..
Info: Packing special functions..
Info:   constrained ICESTORM_HFOSC 'oscillator_OSC' to X0/Y31/hfosc_1
Warning:     Overriding derived constraint of 12.0 MHz on net clk with user-specified constraint of 13.2 MHz.
Info: Packing PLLs..
Info: Promoting globals..
Info: promoting startup_SB_CARRY_I0_CO_SB_CARRY_CI_CO_SB_LUT4_I3_O [reset] (fanout 888)
Info: promoting system.core.quant_value_SB_DFFESR_Q_61_D_SB_LUT4_O_I3_SB_LUT4_O_I2_SB_LUT4_O_I3_SB_LUT4_O_I3_SB_CARRY_CO_CI_SB_CARRY_CO_CI_SB_CARRY_CO_CI_SB_CARRY_CO_CI_SB_CARRY_CO_CI_SB_CARRY_CO_CI_SB_LUT4_I3_O_SB_LUT4_I3_O[1] [reset] (fanout 64)
Info: promoting system.core.operand_a[0]_SB_LUT4_O_1_I2[0] [reset] (fanout 57)
Info: promoting system.core.valid1_SB_LUT4_I0_2_O_SB_LUT4_O_1_I3_SB_LUT4_I3_O_SB_LUT4_I3_O_SB_LUT4_I3_1_O [cen] (fanout 64)
Info: promoting system.core.valid1_SB_LUT4_I0_I2_SB_LUT4_I3_O_SB_LUT4_O_1_I2_SB_LUT4_I2_O [cen] (fanout 64)
Info: promoting system.core.quant_value_SB_DFFESR_Q_E [cen] (fanout 64)
Info: promoting system.core.valid1_SB_LUT4_I0_O [cen] (fanout 48)
Info: Constraining chains...
Info:       89 LCs used to legalise carry chains.
Info: Checksum: 0xaff041a1

Info: Device utilisation:
Info: 	         ICESTORM_LC:    4765/   5280    90%
Info: 	        ICESTORM_RAM:      25/     30    83%
Info: 	               SB_IO:       7/     39    17%
Info: 	               SB_GB:       8/      8   100%
Info: 	        ICESTORM_PLL:       0/      1     0%
Info: 	         SB_WARMBOOT:       0/      1     0%
Info: 	        ICESTORM_DSP:       1/      8    12%
Info: 	      ICESTORM_HFOSC:       1/      1   100%
Info: 	      ICESTORM_LFOSC:       0/      1     0%
Info: 	              SB_I2C:       0/      2     0%
Info: 	              SB_SPI:       0/      2     0%
Info: 	              IO_I3C:       0/      2     0%
Info: 	         SB_LEDDA_IP:       0/      1     0%
Info: 	         SB_RGBA_DRV:       0/      1     0%
Info: 	      ICESTORM_SPRAM:       1/      4    25%

Info: Placed 9 cells based on constraints.
Info: Creating initial analytic placement for 3199 cells, random placement wirelen = 106837.
Info:     at initial placer iter 0, wirelen = 3257
Info:     at initial placer iter 1, wirelen = 3048
Info:     at initial placer iter 2, wirelen = 3049
Info:     at initial placer iter 3, wirelen = 3050
Info: Running main analytical placer, max placement attempts per cell = 2889608.
Info:     at iteration #1, type ALL: wirelen solved = 3052, spread = 45525, legal = 50190; time = 0.09s
Info:     at iteration #2, type ALL: wirelen solved = 3140, spread = 36930, legal = 43284; time = 0.09s
Info:     at iteration #3, type ALL: wirelen solved = 3871, spread = 33714, legal = 39799; time = 0.08s
Info:     at iteration #4, type ALL: wirelen solved = 5236, spread = 31248, legal = 37103; time = 0.08s
Info:     at iteration #5, type ALL: wirelen solved = 5941, spread = 29299, legal = 35512; time = 0.08s
Info:     at iteration #6, type ALL: wirelen solved = 6444, spread = 28145, legal = 33852; time = 0.08s
Info:     at iteration #7, type ALL: wirelen solved = 7357, spread = 25819, legal = 32217; time = 0.08s
Info:     at iteration #8, type ALL: wirelen solved = 7568, spread = 25248, legal = 32276; time = 0.08s
Info:     at iteration #9, type ALL: wirelen solved = 7974, spread = 23501, legal = 30382; time = 0.08s
Info:     at iteration #10, type ALL: wirelen solved = 8321, spread = 23180, legal = 29227; time = 0.08s
Info:     at iteration #11, type ALL: wirelen solved = 8690, spread = 22424, legal = 29659; time = 0.08s
Info:     at iteration #12, type ALL: wirelen solved = 8892, spread = 22190, legal = 30031; time = 0.08s
Info:     at iteration #13, type ALL: wirelen solved = 9089, spread = 22270, legal = 29251; time = 0.08s
Info:     at iteration #14, type ALL: wirelen solved = 9533, spread = 21775, legal = 29535; time = 0.08s
Info:     at iteration #15, type ALL: wirelen solved = 9965, spread = 21801, legal = 28760; time = 0.08s
Info:     at iteration #16, type ALL: wirelen solved = 10364, spread = 21616, legal = 28736; time = 0.08s
Info:     at iteration #17, type ALL: wirelen solved = 10535, spread = 21757, legal = 29551; time = 0.08s
Info:     at iteration #18, type ALL: wirelen solved = 10862, spread = 21533, legal = 28518; time = 0.08s
Info:     at iteration #19, type ALL: wirelen solved = 10985, spread = 21109, legal = 28771; time = 0.08s
Info:     at iteration #20, type ALL: wirelen solved = 11500, spread = 21465, legal = 29202; time = 0.08s
Info:     at iteration #21, type ALL: wirelen solved = 11845, spread = 21760, legal = 28522; time = 0.08s
Info:     at iteration #22, type ALL: wirelen solved = 11806, spread = 21191, legal = 28114; time = 0.08s
Info:     at iteration #23, type ALL: wirelen solved = 12032, spread = 21357, legal = 29739; time = 0.08s
Info:     at iteration #24, type ALL: wirelen solved = 12154, spread = 21531, legal = 28811; time = 0.08s
Info:     at iteration #25, type ALL: wirelen solved = 12489, spread = 22427, legal = 29253; time = 0.08s
Info:     at iteration #26, type ALL: wirelen solved = 13021, spread = 22145, legal = 29449; time = 0.08s
Info:     at iteration #27, type ALL: wirelen solved = 13271, spread = 22230, legal = 27821; time = 0.08s
Info:     at iteration #28, type ALL: wirelen solved = 13661, spread = 21913, legal = 27947; time = 0.10s
Info:     at iteration #29, type ALL: wirelen solved = 13743, spread = 22068, legal = 28105; time = 0.08s
Info:     at iteration #30, type ALL: wirelen solved = 13853, spread = 22436, legal = 29070; time = 0.08s
Info:     at iteration #31, type ALL: wirelen solved = 14160, spread = 22088, legal = 28370; time = 0.08s
Info:     at iteration #32, type ALL: wirelen solved = 14183, spread = 21866, legal = 27826; time = 0.08s
Info: HeAP Placer Time: 2.92s
Info:   of which solving equations: 0.89s
Info:   of which spreading cells: 0.11s
Info:   of which strict legalisation: 1.62s

Info: Running simulated annealing placer for refinement.
Info:   at iteration #1: temp = 0.000000, timing cost = 1660, wirelen = 27821
Info:   at iteration #5: temp = 0.000000, timing cost = 1238, wirelen = 23122
Info:   at iteration #10: temp = 0.000000, timing cost = 1525, wirelen = 21539
Info:   at iteration #15: temp = 0.000000, timing cost = 1577, wirelen = 20875
Info:   at iteration #20: temp = 0.000000, timing cost = 1492, wirelen = 20432
Info:   at iteration #25: temp = 0.000000, timing cost = 1487, wirelen = 20242
Info:   at iteration #30: temp = 0.000000, timing cost = 1484, wirelen = 20202
Info:   at iteration #33: temp = 0.000000, timing cost = 1482, wirelen = 20167
Info: SA placement time 1.77s

Info: Max frequency for clock 'clk': 17.72 MHz (PASS at 13.20 MHz)

Info: Clock '$PACKER_GND_NET' has no interior paths

Info: Max delay <async>     -> posedge clk: 4.14 ns
Info: Max delay posedge clk -> <async>    : 13.86 ns

Info: Slack histogram:
Info:  legend: * represents 17 endpoint(s)
Info:          + represents [1,17) endpoint(s)
Info: [ 19326,  22000) |+
Info: [ 22000,  24674) |**+
Info: [ 24674,  27348) |*+
Info: [ 27348,  30022) |**+
Info: [ 30022,  32696) |****+
Info: [ 32696,  35370) |*****+
Info: [ 35370,  38044) |**+
Info: [ 38044,  40718) |********+
Info: [ 40718,  43392) |*******+
Info: [ 43392,  46066) |*************+
Info: [ 46066,  48740) |*********+
Info: [ 48740,  51414) |***************************+
Info: [ 51414,  54088) |****************************+
Info: [ 54088,  56762) |*******************************************************+
Info: [ 56762,  59436) |***********************************+
Info: [ 59436,  62110) |*************************+
Info: [ 62110,  64784) |**************+
Info: [ 64784,  67458) |******************+
Info: [ 67458,  70132) |********************************+
Info: [ 70132,  72806) |************************************************************
Info: Checksum: 0x0153aabc

Info: Routing..
Info: Setting up routing queue.
Info: Routing 15752 arcs.
Info:            |   (re-)routed arcs  |   delta    | remaining|       time spent     |
Info:    IterCnt |  w/ripup   wo/ripup |  w/r  wo/r |      arcs| batch(sec) total(sec)|
Info:       1000 |       48        951 |   48   951 |     14822|       0.31       0.31|
Info:       2000 |      152       1847 |  104   896 |     13988|       0.10       0.41|
Info:       3000 |      318       2633 |  166   786 |     13253|       0.10       0.51|
Info:       4000 |      533       3398 |  215   765 |     12601|       0.12       0.63|
Info:       5000 |      747       4105 |  214   707 |     11975|       0.10       0.73|
Info:       6000 |     1094       4701 |  347   596 |     11437|       0.09       0.81|
Info:       7000 |     1239       5342 |  145   641 |     10663|       0.06       0.87|
Info:       8000 |     1607       5963 |  368   621 |     10202|       0.10       0.97|
Info:       9000 |     1940       6591 |  333   628 |      9682|       0.08       1.05|
Info:      10000 |     2275       7248 |  335   657 |      9121|       0.09       1.14|
Info:      11000 |     2516       7911 |  241   663 |      8464|       0.09       1.22|
Info:      12000 |     2774       8578 |  258   667 |      7840|       0.10       1.32|
Info:      13000 |     3195       9156 |  421   578 |      7438|       0.10       1.43|
Info:      14000 |     3593       9675 |  398   519 |      6959|       0.10       1.52|
Info:      15000 |     4106      10160 |  513   485 |      6741|       0.12       1.64|
Info:      16000 |     4481      10694 |  375   534 |      6304|       0.09       1.73|
Info:      17000 |     4768      11317 |  287   623 |      5744|       0.07       1.80|
Info:      18000 |     5208      11849 |  440   532 |      5372|       0.12       1.92|
Info:      19000 |     5794      12255 |  586   406 |      5142|       0.11       2.04|
Info:      20000 |     6155      12811 |  361   556 |      4689|       0.11       2.14|
Info:      21000 |     6541      13399 |  386   588 |      4270|       0.11       2.26|
Info:      22000 |     6938      13898 |  397   499 |      3891|       0.12       2.38|
Info:      23000 |     7373      14437 |  435   539 |      3546|       0.12       2.50|
Info:      24000 |     7731      15003 |  358   566 |      3071|       0.09       2.59|
Info:      25000 |     8212      15483 |  481   480 |      2771|       0.15       2.74|
Info:      26000 |     8669      16020 |  457   537 |      2414|       0.12       2.85|
Info:      27000 |     9150      16539 |  481   519 |      2085|       0.13       2.98|
Info:      28000 |     9504      17126 |  354   587 |      1659|       0.08       3.07|
Info:      29000 |     9771      17857 |  267   731 |      1003|       0.05       3.12|
Info:      30000 |    10141      18481 |  370   624 |       562|       0.19       3.31|
Info:      31000 |    10456      19153 |  315   672 |       113|       0.18       3.50|
Info:      31209 |    10524      19294 |   68   141 |         0|       0.04       3.54|
Info: Routing complete.
Info: Router1 time 3.54s
Info: Checksum: 0x8d616e9e

Info: Critical path report for clock 'clk' (posedge -> posedge):
Info:       type curr  total name
Info:   clk-to-q  1.39  1.39 Source system.controller.loaded_SB_DFFESR_Q_17_D_SB_LUT4_O_LC.O
Info:    routing  1.76  3.15 Net system.controller.loaded[2] (17,2) -> (18,3)
Info:                          Sink system.controller.loaded_SB_DFFESR_Q_D_SB_LUT4_O_I2_SB_CARRY_I1_CO_SB_LUT4_I3_I2_SB_LUT4_O_LC.I3
Info:                          Defined in:
Info:                               rtl/io/known_replay_controller.sv:33.16-33.22
Info:      logic  0.87  4.03 Source system.controller.loaded_SB_DFFESR_Q_D_SB_LUT4_O_I2_SB_CARRY_I1_CO_SB_LUT4_I3_I2_SB_LUT4_O_LC.O
Info:    routing  2.95  6.98 Net system.controller.loaded_SB_DFFESR_Q_D_SB_LUT4_O_I2_SB_CARRY_I1_CO_SB_LUT4_I3_I2[2] (18,3) -> (20,2)
Info:                          Sink system.controller.loaded_SB_DFFESR_Q_D_SB_LUT4_O_I2_SB_CARRY_I1_CO_SB_LUT4_I3_LC.I2
Info:                          Defined in:
Info:                               rtl/io/known_replay_controller.sv:92.61-92.73
Info:                               LOCAL_PRIVATE_PATH 2026/digital ic/.tools/oss-cad-suite/libexec/../share/yosys/ice40/arith_map.v:62.5-70.4
Info:                               LOCAL_PRIVATE_PATH 2026/digital ic/.tools/oss-cad-suite/libexec/../share/yosys/ice40/cells_map.v:6.21-6.22
Info:      logic  0.61  7.59 Source system.controller.loaded_SB_DFFESR_Q_D_SB_LUT4_O_I2_SB_CARRY_I1_CO_SB_LUT4_I3_LC.COUT
Info:    routing  0.00  7.59 Net system.controller.loaded_SB_DFFESR_Q_D_SB_LUT4_O_I2_SB_CARRY_I1_CO_SB_CARRY_CI_CO (20,2) -> (20,2)
Info:                          Sink system.transport.remaining_SB_DFFESR_Q_2_D_SB_LUT4_O_I2_SB_LUT4_O_I3_SB_CARRY_CI_CO_SB_LUT4_I3_O_SB_LUT4_O_I2_SB_LUT4_O_LC.CIN
Info:                          Defined in:
Info:                               rtl/io/known_replay_controller.sv:92.61-92.73
Info:                               LOCAL_PRIVATE_PATH 2026/digital ic/.tools/oss-cad-suite/libexec/../share/yosys/ice40/arith_map.v:62.5-70.4
Info:                               LOCAL_PRIVATE_PATH 2026/digital ic/.tools/oss-cad-suite/libexec/../share/yosys/ice40/cells_map.v:6.21-6.22
Info:      logic  0.28  7.86 Source system.transport.remaining_SB_DFFESR_Q_2_D_SB_LUT4_O_I2_SB_LUT4_O_I3_SB_CARRY_CI_CO_SB_LUT4_I3_O_SB_LUT4_O_I2_SB_LUT4_O_LC.COUT
Info:    routing  0.00  7.86 Net system.controller.loaded_SB_DFFESR_Q_D_SB_LUT4_O_I2_SB_CARRY_I1_CO_SB_CARRY_CI_CO_SB_CARRY_CI_CO (20,2) -> (20,2)
Info:                          Sink system.controller.loaded_SB_DFFESR_Q_D_SB_LUT4_O_I2_SB_CARRY_I1_CO_SB_CARRY_CI_CO_SB_CARRY_CI_CO_SB_LUT4_I3_LC.CIN
Info:                          Defined in:
Info:                               rtl/io/known_replay_controller.sv:92.61-92.73
Info:                               LOCAL_PRIVATE_PATH 2026/digital ic/.tools/oss-cad-suite/libexec/../share/yosys/ice40/arith_map.v:62.5-70.4
Info:                               LOCAL_PRIVATE_PATH 2026/digital ic/.tools/oss-cad-suite/libexec/../share/yosys/ice40/cells_map.v:6.21-6.22
Info:      logic  0.28  8.14 Source system.controller.loaded_SB_DFFESR_Q_D_SB_LUT4_O_I2_SB_CARRY_I1_CO_SB_CARRY_CI_CO_SB_CARRY_CI_CO_SB_LUT4_I3_LC.COUT
Info:    routing  0.00  8.14 Net system.controller.loaded_SB_DFFESR_Q_D_SB_LUT4_O_I2_SB_CARRY_I1_CO_SB_CARRY_CI_CO_SB_CARRY_CI_CO_SB_CARRY_CI_CO (20,2) -> (20,2)
Info:                          Sink system.transport.remaining_SB_DFFESR_Q_6_D_SB_LUT4_O_I2_SB_LUT4_O_I3_SB_CARRY_CO_CI_SB_LUT4_I3_O_SB_LUT4_O_I2_SB_LUT4_O_LC.CIN
Info:                          Defined in:
Info:                               rtl/io/known_replay_controller.sv:92.61-92.73
Info:                               LOCAL_PRIVATE_PATH 2026/digital ic/.tools/oss-cad-suite/libexec/../share/yosys/ice40/arith_map.v:62.5-70.4
Info:                               LOCAL_PRIVATE_PATH 2026/digital ic/.tools/oss-cad-suite/libexec/../share/yosys/ice40/cells_map.v:6.21-6.22
Info:      logic  0.28  8.42 Source system.transport.remaining_SB_DFFESR_Q_6_D_SB_LUT4_O_I2_SB_LUT4_O_I3_SB_CARRY_CO_CI_SB_LUT4_I3_O_SB_LUT4_O_I2_SB_LUT4_O_LC.COUT
Info:    routing  0.00  8.42 Net system.controller.loaded_SB_DFFESR_Q_D_SB_LUT4_O_I2_SB_CARRY_I1_CO_SB_CARRY_CI_CO_SB_CARRY_CI_CO_SB_CARRY_CI_CO_SB_CARRY_CI_CO (20,2) -> (20,2)
Info:                          Sink system.controller.loaded_SB_DFFESR_Q_D_SB_LUT4_O_I2_SB_CARRY_I1_CO_SB_CARRY_CI_CO_SB_CARRY_CI_CO_SB_CARRY_CI_CO_SB_CARRY_CI_CO_SB_LUT4_I3_LC.CIN
Info:                          Defined in:
Info:                               rtl/io/known_replay_controller.sv:92.61-92.73
Info:                               LOCAL_PRIVATE_PATH 2026/digital ic/.tools/oss-cad-suite/libexec/../share/yosys/ice40/arith_map.v:62.5-70.4
Info:                               LOCAL_PRIVATE_PATH 2026/digital ic/.tools/oss-cad-suite/libexec/../share/yosys/ice40/cells_map.v:6.21-6.22
Info:      logic  0.28  8.70 Source system.controller.loaded_SB_DFFESR_Q_D_SB_LUT4_O_I2_SB_CARRY_I1_CO_SB_CARRY_CI_CO_SB_CARRY_CI_CO_SB_CARRY_CI_CO_SB_CARRY_CI_CO_SB_LUT4_I3_LC.COUT
Info:    routing  0.00  8.70 Net system.transport.remaining_SB_DFFESR_Q_6_D_SB_LUT4_O_I2_SB_LUT4_O_I3_SB_CARRY_CI_CO_SB_LUT4_I3_O_SB_LUT4_O_I2_SB_LUT4_O_I2[3] (20,2) -> (20,2)
Info:                          Sink system.transport.remaining_SB_DFFESR_Q_6_D_SB_LUT4_O_I2_SB_LUT4_O_I3_SB_CARRY_CI_CO_SB_LUT4_I3_O_SB_LUT4_O_I2_SB_LUT4_O_LC.CIN
Info:                          Defined in:
Info:                               rtl/io/known_replay_controller.sv:92.61-92.73
Info:                               LOCAL_PRIVATE_PATH 2026/digital ic/.tools/oss-cad-suite/libexec/../share/yosys/ice40/arith_map.v:62.5-70.4
Info:                               LOCAL_PRIVATE_PATH 2026/digital ic/.tools/oss-cad-suite/libexec/../share/yosys/ice40/abc9_model.v:4.9-4.11
Info:      logic  0.28  8.98 Source system.transport.remaining_SB_DFFESR_Q_6_D_SB_LUT4_O_I2_SB_LUT4_O_I3_SB_CARRY_CI_CO_SB_LUT4_I3_O_SB_LUT4_O_I2_SB_LUT4_O_LC.COUT
Info:    routing  0.56  9.53 Net system.transport.remaining_SB_DFFESR_Q_6_D_SB_LUT4_O_I2_SB_LUT4_O_I3_SB_CARRY_CI_CO_SB_LUT4_I3_O_SB_LUT4_O_I2_SB_LUT4_O_I3_SB_CARRY_CI_CO (20,2) -> (20,3)
Info:                          Sink system.transport.remaining_SB_DFFESR_Q_6_D_SB_LUT4_O_I2_SB_LUT4_O_I3_SB_CARRY_CI_CO_SB_LUT4_I3_O_SB_LUT4_O_I2_SB_LUT4_O_I3_SB_CARRY_CI_CO_SB_LUT4_I3_LC.CIN
Info:                          Defined in:
Info:                               rtl/io/known_replay_controller.sv:92.61-92.73
Info:                               LOCAL_PRIVATE_PATH 2026/digital ic/.tools/oss-cad-suite/libexec/../share/yosys/ice40/arith_map.v:62.5-70.4
Info:                               LOCAL_PRIVATE_PATH 2026/digital ic/.tools/oss-cad-suite/libexec/../share/yosys/ice40/cells_map.v:6.21-6.22
Info:      logic  0.28  9.81 Source system.transport.remaining_SB_DFFESR_Q_6_D_SB_LUT4_O_I2_SB_LUT4_O_I3_SB_CARRY_CI_CO_SB_LUT4_I3_O_SB_LUT4_O_I2_SB_LUT4_O_I3_SB_CARRY_CI_CO_SB_LUT4_I3_LC.COUT
Info:    routing  0.00  9.81 Net system.transport.remaining_SB_DFFESR_Q_6_D_SB_LUT4_O_I2_SB_LUT4_O_I3_SB_CARRY_CI_CO_SB_LUT4_I3_O_SB_LUT4_O_I2_SB_LUT4_O_I3_SB_CARRY_CI_CO_SB_CARRY_CI_CO (20,3) -> (20,3)
Info:                          Sink system.transport.remaining_SB_DFFESR_Q_6_D_SB_LUT4_O_I2_SB_LUT4_O_I3_SB_CARRY_CI_CO_SB_LUT4_I3_O_SB_LUT4_O_I2_SB_LUT4_O_I3_SB_CARRY_CI_CO_SB_CARRY_CI_CO_SB_LUT4_I3_LC.CIN
Info:                          Defined in:
Info:                               rtl/io/known_replay_controller.sv:92.61-92.73
Info:                               LOCAL_PRIVATE_PATH 2026/digital ic/.tools/oss-cad-suite/libexec/../share/yosys/ice40/arith_map.v:62.5-70.4
Info:                               LOCAL_PRIVATE_PATH 2026/digital ic/.tools/oss-cad-suite/libexec/../share/yosys/ice40/cells_map.v:6.21-6.22
Info:      logic  0.28  10.09 Source system.transport.remaining_SB_DFFESR_Q_6_D_SB_LUT4_O_I2_SB_LUT4_O_I3_SB_CARRY_CI_CO_SB_LUT4_I3_O_SB_LUT4_O_I2_SB_LUT4_O_I3_SB_CARRY_CI_CO_SB_CARRY_CI_CO_SB_LUT4_I3_LC.COUT
Info:    routing  0.00  10.09 Net system.transport.remaining_SB_DFFESR_Q_6_D_SB_LUT4_O_I2_SB_LUT4_O_I3_SB_CARRY_CI_CO_SB_LUT4_I3_O_SB_LUT4_O_I2_SB_LUT4_O_I3_SB_CARRY_CI_CO_SB_CARRY_CI_CO_SB_CARRY_CI_CO (20,3) -> (20,3)
Info:                          Sink system.transport.remaining_SB_DFFESR_Q_6_D_SB_LUT4_O_I2_SB_LUT4_O_I3_SB_CARRY_CI_CO_SB_LUT4_I3_O_SB_LUT4_O_I2_SB_LUT4_O_I3_SB_CARRY_CI_CO_SB_CARRY_CI_CO_SB_CARRY_CI_CO_SB_LUT4_I3_LC.CIN
Info:                          Defined in:
Info:                               rtl/io/known_replay_controller.sv:92.61-92.73
Info:                               LOCAL_PRIVATE_PATH 2026/digital ic/.tools/oss-cad-suite/libexec/../share/yosys/ice40/arith_map.v:62.5-70.4
Info:                               LOCAL_PRIVATE_PATH 2026/digital ic/.tools/oss-cad-suite/libexec/../share/yosys/ice40/cells_map.v:6.21-6.22
Info:      logic  0.28  10.37 Source system.transport.remaining_SB_DFFESR_Q_6_D_SB_LUT4_O_I2_SB_LUT4_O_I3_SB_CARRY_CI_CO_SB_LUT4_I3_O_SB_LUT4_O_I2_SB_LUT4_O_I3_SB_CARRY_CI_CO_SB_CARRY_CI_CO_SB_CARRY_CI_CO_SB_LUT4_I3_LC.COUT
Info:    routing  0.00  10.37 Net system.transport.remaining_SB_DFFESR_Q_6_D_SB_LUT4_O_I2_SB_LUT4_O_I3_SB_CARRY_CI_CO_SB_LUT4_I3_O_SB_LUT4_O_I2_SB_LUT4_O_I3_SB_CARRY_CI_CO_SB_CARRY_CI_CO_SB_CARRY_CI_CO_SB_CARRY_CI_CO (20,3) -> (20,3)
Info:                          Sink system.transport.remaining_SB_DFFESR_Q_6_D_SB_LUT4_O_I2_SB_LUT4_O_I3_SB_CARRY_CI_CO_SB_LUT4_I3_O_SB_LUT4_O_I2_SB_LUT4_O_I3_SB_CARRY_CI_CO_SB_CARRY_CI_CO_SB_CARRY_CI_CO_SB_LUT4_I3_O_SB_CARRY_CI_I0_SB_LUT4_O_LC.CIN
Info:                          Defined in:
Info:                               rtl/io/known_replay_controller.sv:92.61-92.73
Info:                               LOCAL_PRIVATE_PATH 2026/digital ic/.tools/oss-cad-suite/libexec/../share/yosys/ice40/arith_map.v:62.5-70.4
Info:                               LOCAL_PRIVATE_PATH 2026/digital ic/.tools/oss-cad-suite/libexec/../share/yosys/ice40/cells_map.v:6.21-6.22
Info:      logic  0.28  10.64 Source system.transport.remaining_SB_DFFESR_Q_6_D_SB_LUT4_O_I2_SB_LUT4_O_I3_SB_CARRY_CI_CO_SB_LUT4_I3_O_SB_LUT4_O_I2_SB_LUT4_O_I3_SB_CARRY_CI_CO_SB_CARRY_CI_CO_SB_CARRY_CI_CO_SB_LUT4_I3_O_SB_CARRY_CI_I0_SB_LUT4_O_LC.COUT
Info:    routing  0.00  10.64 Net system.transport.remaining_SB_DFFESR_Q_6_D_SB_LUT4_O_I2_SB_LUT4_O_I3_SB_CARRY_CI_CO_SB_LUT4_I3_O_SB_LUT4_O_I2_SB_LUT4_O_I3_SB_CARRY_CI_CO_SB_CARRY_CI_CO_SB_CARRY_CI_CO_SB_CARRY_CI_CO_SB_CARRY_CI_CO (20,3) -> (20,3)
Info:                          Sink system.transport.remaining_SB_DFFESR_Q_6_D_SB_LUT4_O_I2_SB_LUT4_O_I3_SB_CARRY_CI_CO_SB_LUT4_I3_O_SB_LUT4_O_I2_SB_LUT4_O_I3_SB_CARRY_CI_CO_SB_CARRY_CI_CO_SB_CARRY_CI_CO_SB_LUT4_I3_O_SB_CARRY_CI_CO_SB_CARRY_CI_I0_SB_LUT4_O_LC.CIN
Info:                          Defined in:
Info:                               rtl/io/known_replay_controller.sv:92.61-92.73
Info:                               LOCAL_PRIVATE_PATH 2026/digital ic/.tools/oss-cad-suite/libexec/../share/yosys/ice40/arith_map.v:62.5-70.4
Info:                               LOCAL_PRIVATE_PATH 2026/digital ic/.tools/oss-cad-suite/libexec/../share/yosys/ice40/cells_map.v:6.21-6.22
Info:      logic  0.28  10.92 Source system.transport.remaining_SB_DFFESR_Q_6_D_SB_LUT4_O_I2_SB_LUT4_O_I3_SB_CARRY_CI_CO_SB_LUT4_I3_O_SB_LUT4_O_I2_SB_LUT4_O_I3_SB_CARRY_CI_CO_SB_CARRY_CI_CO_SB_CARRY_CI_CO_SB_LUT4_I3_O_SB_CARRY_CI_CO_SB_CARRY_CI_I0_SB_LUT4_O_LC.COUT
Info:    routing  0.00  10.92 Net system.transport.remaining_SB_DFFESR_Q_6_D_SB_LUT4_O_I2_SB_LUT4_O_I3_SB_CARRY_CI_CO_SB_LUT4_I3_O_SB_LUT4_O_I2_SB_LUT4_O_I3_SB_CARRY_CI_CO_SB_CARRY_CI_CO_SB_CARRY_CI_CO_SB_CARRY_CI_CO_SB_CARRY_CI_CO_SB_CARRY_CI_CO (20,3) -> (20,3)
Info:                          Sink system.transport.remaining_SB_DFFESR_Q_6_D_SB_LUT4_O_I2_SB_LUT4_O_I3_SB_CARRY_CI_CO_SB_LUT4_I3_O_SB_LUT4_O_I2_SB_LUT4_O_I3_SB_CARRY_CI_CO_SB_CARRY_CI_CO_SB_CARRY_CI_CO_SB_LUT4_I3_O_SB_CARRY_CI_CO_SB_CARRY_CI_CO_SB_CARRY_CI_I0_SB_LUT4_O_LC.CIN
Info:                          Defined in:
Info:                               rtl/io/known_replay_controller.sv:92.61-92.73
Info:                               LOCAL_PRIVATE_PATH 2026/digital ic/.tools/oss-cad-suite/libexec/../share/yosys/ice40/arith_map.v:62.5-70.4
Info:                               LOCAL_PRIVATE_PATH 2026/digital ic/.tools/oss-cad-suite/libexec/../share/yosys/ice40/cells_map.v:6.21-6.22
Info:      logic  0.28  11.20 Source system.transport.remaining_SB_DFFESR_Q_6_D_SB_LUT4_O_I2_SB_LUT4_O_I3_SB_CARRY_CI_CO_SB_LUT4_I3_O_SB_LUT4_O_I2_SB_LUT4_O_I3_SB_CARRY_CI_CO_SB_CARRY_CI_CO_SB_CARRY_CI_CO_SB_LUT4_I3_O_SB_CARRY_CI_CO_SB_CARRY_CI_CO_SB_CARRY_CI_I0_SB_LUT4_O_LC.COUT
Info:    routing  0.00  11.20 Net system.transport.remaining_SB_DFFESR_Q_6_D_SB_LUT4_O_I2_SB_LUT4_O_I3_SB_CARRY_CI_CO_SB_LUT4_I3_O_SB_LUT4_O_I2_SB_LUT4_O_I3_SB_CARRY_CI_CO_SB_CARRY_CI_CO_SB_CARRY_CI_CO_SB_CARRY_CI_CO_SB_CARRY_CI_CO_SB_CARRY_CI_CO_SB_CARRY_CI_CO (20,3) -> (20,3)
Info:                          Sink system.transport.remaining_SB_DFFESR_Q_6_D_SB_LUT4_O_I2_SB_LUT4_O_I3_SB_CARRY_CI_CO_SB_LUT4_I3_O_SB_LUT4_O_I2_SB_LUT4_O_I3_SB_CARRY_CI_CO_SB_CARRY_CI_CO_SB_CARRY_CI_CO_SB_LUT4_I3_O_SB_CARRY_CI_CO_SB_CARRY_CI_CO_SB_CARRY_CI_CO_SB_CARRY_CI_I0_SB_LUT4_O_LC.CIN
Info:                          Defined in:
Info:                               rtl/io/known_replay_controller.sv:92.61-92.73
Info:                               LOCAL_PRIVATE_PATH 2026/digital ic/.tools/oss-cad-suite/libexec/../share/yosys/ice40/arith_map.v:62.5-70.4
Info:                               LOCAL_PRIVATE_PATH 2026/digital ic/.tools/oss-cad-suite/libexec/../share/yosys/ice40/cells_map.v:6.21-6.22
Info:      logic  0.28  11.48 Source system.transport.remaining_SB_DFFESR_Q_6_D_SB_LUT4_O_I2_SB_LUT4_O_I3_SB_CARRY_CI_CO_SB_LUT4_I3_O_SB_LUT4_O_I2_SB_LUT4_O_I3_SB_CARRY_CI_CO_SB_CARRY_CI_CO_SB_CARRY_CI_CO_SB_LUT4_I3_O_SB_CARRY_CI_CO_SB_CARRY_CI_CO_SB_CARRY_CI_CO_SB_CARRY_CI_I0_SB_LUT4_O_LC.COUT
Info:    routing  0.00  11.48 Net system.transport.remaining_SB_DFFESR_Q_6_D_SB_LUT4_O_I2_SB_LUT4_O_I3_SB_CARRY_CI_CO_SB_LUT4_I3_O_SB_LUT4_O_I2_SB_LUT4_O_I3_SB_CARRY_CI_CO_SB_CARRY_CI_CO_SB_CARRY_CI_CO_SB_CARRY_CI_CO_SB_CARRY_CI_CO_SB_CARRY_CI_CO_SB_CARRY_CI_CO_SB_CARRY_CI_CO (20,3) -> (20,3)
Info:                          Sink system.transport.remaining_SB_DFFESR_Q_6_D_SB_LUT4_O_I2_SB_LUT4_O_I3_SB_CARRY_CI_CO_SB_LUT4_I3_O_SB_LUT4_O_I2_SB_LUT4_O_I3_SB_CARRY_CI_CO_SB_CARRY_CI_CO_SB_CARRY_CI_CO_SB_LUT4_I3_O_SB_CARRY_CI_CO_SB_CARRY_CI_CO_SB_CARRY_CI_CO_SB_CARRY_CI_CO_SB_CARRY_CI_I0_SB_LUT4_O_LC.CIN
Info:                          Defined in:
Info:                               rtl/io/known_replay_controller.sv:92.61-92.73
Info:                               LOCAL_PRIVATE_PATH 2026/digital ic/.tools/oss-cad-suite/libexec/../share/yosys/ice40/arith_map.v:62.5-70.4
Info:                               LOCAL_PRIVATE_PATH 2026/digital ic/.tools/oss-cad-suite/libexec/../share/yosys/ice40/cells_map.v:6.21-6.22
Info:      logic  0.28  11.76 Source system.transport.remaining_SB_DFFESR_Q_6_D_SB_LUT4_O_I2_SB_LUT4_O_I3_SB_CARRY_CI_CO_SB_LUT4_I3_O_SB_LUT4_O_I2_SB_LUT4_O_I3_SB_CARRY_CI_CO_SB_CARRY_CI_CO_SB_CARRY_CI_CO_SB_LUT4_I3_O_SB_CARRY_CI_CO_SB_CARRY_CI_CO_SB_CARRY_CI_CO_SB_CARRY_CI_CO_SB_CARRY_CI_I0_SB_LUT4_O_LC.COUT
Info:    routing  0.56  12.31 Net system.transport.remaining_SB_DFFESR_Q_6_D_SB_LUT4_O_I2_SB_LUT4_O_I3_SB_CARRY_CI_CO_SB_LUT4_I3_O_SB_LUT4_O_I2_SB_LUT4_O_I3_SB_CARRY_CI_CO_SB_CARRY_CI_CO_SB_CARRY_CI_CO_SB_CARRY_CI_CO_SB_CARRY_CI_CO_SB_CARRY_CI_CO_SB_CARRY_CI_CO_SB_CARRY_CI_CO_SB_CARRY_CI_CO (20,3) -> (20,4)
Info:                          Sink system.transport.remaining_SB_DFFESR_Q_6_D_SB_LUT4_O_I2_SB_LUT4_O_I3_SB_CARRY_CI_CO_SB_LUT4_I3_O_SB_LUT4_O_I2_SB_LUT4_O_I3_SB_CARRY_CI_CO_SB_CARRY_CI_CO_SB_CARRY_CI_CO_SB_LUT4_I3_O_SB_CARRY_CI_CO_SB_CARRY_CI_CO_SB_CARRY_CI_CO_SB_CARRY_CI_CO_SB_CARRY_CI_CO_SB_CARRY_CI_I0_SB_LUT4_O_LC.CIN
Info:                          Defined in:
Info:                               rtl/io/known_replay_controller.sv:92.61-92.73
Info:                               LOCAL_PRIVATE_PATH 2026/digital ic/.tools/oss-cad-suite/libexec/../share/yosys/ice40/arith_map.v:62.5-70.4
Info:                               LOCAL_PRIVATE_PATH 2026/digital ic/.tools/oss-cad-suite/libexec/../share/yosys/ice40/cells_map.v:6.21-6.22
Info:      logic  0.28  12.59 Source system.transport.remaining_SB_DFFESR_Q_6_D_SB_LUT4_O_I2_SB_LUT4_O_I3_SB_CARRY_CI_CO_SB_LUT4_I3_O_SB_LUT4_O_I2_SB_LUT4_O_I3_SB_CARRY_CI_CO_SB_CARRY_CI_CO_SB_CARRY_CI_CO_SB_LUT4_I3_O_SB_CARRY_CI_CO_SB_CARRY_CI_CO_SB_CARRY_CI_CO_SB_CARRY_CI_CO_SB_CARRY_CI_CO_SB_CARRY_CI_I0_SB_LUT4_O_LC.COUT
Info:    routing  0.00  12.59 Net system.transport.remaining_SB_DFFESR_Q_6_D_SB_LUT4_O_I2_SB_LUT4_O_I3_SB_CARRY_CI_CO_SB_LUT4_I3_O_SB_LUT4_O_I2_SB_LUT4_O_I3_SB_CARRY_CI_CO_SB_CARRY_CI_CO_SB_CARRY_CI_CO_SB_CARRY_CI_CO_SB_CARRY_CI_CO_SB_CARRY_CI_CO_SB_CARRY_CI_CO_SB_CARRY_CI_CO_SB_CARRY_CI_CO_SB_CARRY_CI_CO (20,4) -> (20,4)
Info:                          Sink system.transport.remaining_SB_DFFESR_Q_6_D_SB_LUT4_O_I2_SB_LUT4_O_I3_SB_CARRY_CI_CO_SB_LUT4_I3_O_SB_LUT4_O_I2_SB_LUT4_O_I3_SB_CARRY_CI_CO_SB_CARRY_CI_CO_SB_CARRY_CI_CO_SB_LUT4_I3_O_SB_CARRY_CI_CO_SB_CARRY_CI_CO_SB_CARRY_CI_CO_SB_CARRY_CI_CO_SB_CARRY_CI_CO_SB_CARRY_CI_CO_SB_CARRY_CI_I0_SB_LUT4_O_LC.CIN
Info:                          Defined in:
Info:                               rtl/io/known_replay_controller.sv:92.61-92.73
Info:                               LOCAL_PRIVATE_PATH 2026/digital ic/.tools/oss-cad-suite/libexec/../share/yosys/ice40/arith_map.v:62.5-70.4
Info:                               LOCAL_PRIVATE_PATH 2026/digital ic/.tools/oss-cad-suite/libexec/../share/yosys/ice40/cells_map.v:6.21-6.22
Info:      logic  0.28  12.87 Source system.transport.remaining_SB_DFFESR_Q_6_D_SB_LUT4_O_I2_SB_LUT4_O_I3_SB_CARRY_CI_CO_SB_LUT4_I3_O_SB_LUT4_O_I2_SB_LUT4_O_I3_SB_CARRY_CI_CO_SB_CARRY_CI_CO_SB_CARRY_CI_CO_SB_LUT4_I3_O_SB_CARRY_CI_CO_SB_CARRY_CI_CO_SB_CARRY_CI_CO_SB_CARRY_CI_CO_SB_CARRY_CI_CO_SB_CARRY_CI_CO_SB_CARRY_CI_I0_SB_LUT4_O_LC.COUT
Info:    routing  0.00  12.87 Net system.transport.remaining_SB_DFFESR_Q_6_D_SB_LUT4_O_I2_SB_LUT4_O_I3_SB_CARRY_CI_CO_SB_LUT4_I3_O_SB_LUT4_O_I2_SB_LUT4_O_I3_SB_CARRY_CI_CO_SB_CARRY_CI_CO_SB_CARRY_CI_CO_SB_CARRY_CI_CO_SB_CARRY_CI_CO_SB_CARRY_CI_CO_SB_CARRY_CI_CO_SB_CARRY_CI_CO_SB_CARRY_CI_CO_SB_CARRY_CI_CO_SB_CARRY_CI_CO (20,4) -> (20,4)
Info:                          Sink system.transport.remaining_SB_DFFESR_Q_6_D_SB_LUT4_O_I2_SB_LUT4_O_I3_SB_CARRY_CI_CO_SB_LUT4_I3_O_SB_LUT4_O_I2_SB_LUT4_O_I3_SB_CARRY_CI_CO_SB_CARRY_CI_CO_SB_CARRY_CI_CO_SB_LUT4_I3_O_SB_CARRY_CI_CO_SB_CARRY_CI_CO_SB_CARRY_CI_CO_SB_CARRY_CI_CO_SB_CARRY_CI_CO_SB_CARRY_CI_CO_SB_CARRY_CI_CO_SB_CARRY_CI_I0_SB_LUT4_O_LC.CIN
Info:                          Defined in:
Info:                               rtl/io/known_replay_controller.sv:92.61-92.73
Info:                               LOCAL_PRIVATE_PATH 2026/digital ic/.tools/oss-cad-suite/libexec/../share/yosys/ice40/arith_map.v:62.5-70.4
Info:                               LOCAL_PRIVATE_PATH 2026/digital ic/.tools/oss-cad-suite/libexec/../share/yosys/ice40/cells_map.v:6.21-6.22
Info:      logic  0.28  13.15 Source system.transport.remaining_SB_DFFESR_Q_6_D_SB_LUT4_O_I2_SB_LUT4_O_I3_SB_CARRY_CI_CO_SB_LUT4_I3_O_SB_LUT4_O_I2_SB_LUT4_O_I3_SB_CARRY_CI_CO_SB_CARRY_CI_CO_SB_CARRY_CI_CO_SB_LUT4_I3_O_SB_CARRY_CI_CO_SB_CARRY_CI_CO_SB_CARRY_CI_CO_SB_CARRY_CI_CO_SB_CARRY_CI_CO_SB_CARRY_CI_CO_SB_CARRY_CI_CO_SB_CARRY_CI_I0_SB_LUT4_O_LC.COUT
Info:    routing  0.66  13.81 Net $nextpnr_ICESTORM_LC_79$I3 (20,4) -> (20,4)
Info:                          Sink $nextpnr_ICESTORM_LC_79.I3
Info:      logic  0.87  14.68 Source $nextpnr_ICESTORM_LC_79.O
Info:    routing  1.76  16.44 Net system.transport.remaining_SB_DFFESR_Q_6_D_SB_LUT4_O_I2_SB_LUT4_O_I3_SB_CARRY_CI_CO_SB_LUT4_I3_O_SB_LUT4_O_I2_SB_LUT4_O_I3_SB_CARRY_CI_CO_SB_CARRY_CI_CO_SB_CARRY_CI_CO_SB_CARRY_CI_CO_SB_CARRY_CI_CO_SB_CARRY_CI_CO_SB_CARRY_CI_CO_SB_CARRY_CI_CO_SB_CARRY_CI_CO_SB_CARRY_CI_CO_SB_CARRY_CI_CO_SB_CARRY_CI_CO (20,4) -> (21,3)
Info:                          Sink system.transport.remaining_SB_DFFESR_Q_6_D_SB_LUT4_O_I2_SB_LUT4_O_I3_SB_CARRY_CI_CO_SB_LUT4_I3_O_SB_LUT4_O_I2_SB_LUT4_O_I3_SB_CARRY_CI_CO_SB_CARRY_CI_CO_SB_CARRY_CI_CO_SB_LUT4_I3_O_SB_CARRY_CI_CO_SB_CARRY_CI_CO_SB_CARRY_CI_CO_SB_CARRY_CI_CO_SB_CARRY_CI_CO_SB_CARRY_CI_CO_SB_CARRY_CI_CO_SB_CARRY_CI_CO_SB_CARRY_CI$CARRY.I3
Info:                          Defined in:
Info:                               LOCAL_PRIVATE_PATH 2026/digital ic/.tools/oss-cad-suite/libexec/../share/yosys/ice40/cells_map.v:6.21-6.22
Info:      logic  0.87  17.32 Source system.transport.remaining_SB_DFFESR_Q_6_D_SB_LUT4_O_I2_SB_LUT4_O_I3_SB_CARRY_CI_CO_SB_LUT4_I3_O_SB_LUT4_O_I2_SB_LUT4_O_I3_SB_CARRY_CI_CO_SB_CARRY_CI_CO_SB_CARRY_CI_CO_SB_LUT4_I3_O_SB_CARRY_CI_CO_SB_CARRY_CI_CO_SB_CARRY_CI_CO_SB_CARRY_CI_CO_SB_CARRY_CI_CO_SB_CARRY_CI_CO_SB_CARRY_CI_CO_SB_CARRY_CI_CO_SB_CARRY_CI$CARRY.O
Info:    routing  1.76  19.08 Net system.transport.remaining_SB_DFFESR_Q_6_D_SB_LUT4_O_I2_SB_LUT4_O_I3_SB_CARRY_CI_CO_SB_LUT4_I3_O_SB_LUT4_O_I2_SB_LUT4_O_I3_SB_CARRY_CI_CO_SB_CARRY_CI_CO_SB_CARRY_CI_CO_SB_CARRY_CI_CO_SB_CARRY_CI_CO_SB_CARRY_CI_CO_SB_CARRY_CI_CO_SB_CARRY_CI_CO_SB_CARRY_CI_CO_SB_CARRY_CI_CO_SB_CARRY_CI_CO_SB_CARRY_CI_CO_SB_LUT4_I3_O (21,3) -> (21,3)
Info:                          Sink system.transport.remaining_SB_DFFESR_Q_6_D_SB_LUT4_O_I2_SB_LUT4_O_I3_SB_CARRY_CI_CO_SB_LUT4_I3_O_SB_LUT4_O_I2_SB_LUT4_O_I3_SB_CARRY_CI_CO_SB_CARRY_CI_CO_SB_CARRY_CI_CO_SB_LUT4_I3_O_SB_CARRY_CI_CO_SB_CARRY_CI_CO_SB_CARRY_CI_CO_SB_CARRY_CI_CO_SB_CARRY_CI_CO_SB_CARRY_CI_CO_SB_CARRY_CI_CO_SB_CARRY_CI_CO_SB_CARRY_CI$CARRY.I1
Info:      logic  0.68  19.75 Source system.transport.remaining_SB_DFFESR_Q_6_D_SB_LUT4_O_I2_SB_LUT4_O_I3_SB_CARRY_CI_CO_SB_LUT4_I3_O_SB_LUT4_O_I2_SB_LUT4_O_I3_SB_CARRY_CI_CO_SB_CARRY_CI_CO_SB_CARRY_CI_CO_SB_LUT4_I3_O_SB_CARRY_CI_CO_SB_CARRY_CI_CO_SB_CARRY_CI_CO_SB_CARRY_CI_CO_SB_CARRY_CI_CO_SB_CARRY_CI_CO_SB_CARRY_CI_CO_SB_CARRY_CI_CO_SB_CARRY_CI$CARRY.COUT
Info:    routing  0.00  19.75 Net system.transport.remaining_SB_DFFESR_Q_6_D_SB_LUT4_O_I2_SB_LUT4_O_I3_SB_CARRY_CI_CO_SB_LUT4_I3_O_SB_LUT4_O_I2_SB_LUT4_O_I3_SB_CARRY_CI_CO_SB_CARRY_CI_CO_SB_CARRY_CI_CO_SB_LUT4_I3_O_SB_CARRY_CI_CO_SB_CARRY_CI_CO_SB_CARRY_CI_CO_SB_CARRY_CI_CO_SB_CARRY_CI_CO_SB_CARRY_CI_CO_SB_CARRY_CI_CO_SB_CARRY_CI_CO_SB_CARRY_CI_CO (21,3) -> (21,3)
Info:                          Sink system.transport.remaining_SB_DFFESR_Q_6_D_SB_LUT4_O_I2_SB_LUT4_O_I3_SB_CARRY_CI_CO_SB_LUT4_I3_O_SB_LUT4_O_I2_SB_LUT4_O_I3_SB_CARRY_CI_CO_SB_CARRY_CI_CO_SB_CARRY_CI_CO_SB_LUT4_I3_O_SB_CARRY_CI_CO_SB_CARRY_CI_CO_SB_CARRY_CI_CO_SB_CARRY_CI_CO_SB_CARRY_CI_CO_SB_CARRY_CI_CO_SB_CARRY_CI_CO_SB_CARRY_CI_CO_SB_CARRY_CI_CO_SB_CARRY_CI$CARRY.CIN
Info:                          Defined in:
Info:                               rtl/io/known_replay_controller.sv:92.29-92.46
Info:                               LOCAL_PRIVATE_PATH 2026/digital ic/.tools/oss-cad-suite/libexec/../share/yosys/ice40/arith_map.v:62.5-70.4
Info:                               LOCAL_PRIVATE_PATH 2026/digital ic/.tools/oss-cad-suite/libexec/../share/yosys/ice40/abc9_model.v:4.9-4.11
Info:      logic  0.28  20.03 Source system.transport.remaining_SB_DFFESR_Q_6_D_SB_LUT4_O_I2_SB_LUT4_O_I3_SB_CARRY_CI_CO_SB_LUT4_I3_O_SB_LUT4_O_I2_SB_LUT4_O_I3_SB_CARRY_CI_CO_SB_CARRY_CI_CO_SB_CARRY_CI_CO_SB_LUT4_I3_O_SB_CARRY_CI_CO_SB_CARRY_CI_CO_SB_CARRY_CI_CO_SB_CARRY_CI_CO_SB_CARRY_CI_CO_SB_CARRY_CI_CO_SB_CARRY_CI_CO_SB_CARRY_CI_CO_SB_CARRY_CI_CO_SB_CARRY_CI$CARRY.COUT
Info:    routing  0.00  20.03 Net system.transport.remaining_SB_DFFESR_Q_6_D_SB_LUT4_O_I2_SB_LUT4_O_I3_SB_CARRY_CI_CO_SB_LUT4_I3_O_SB_LUT4_O_I2_SB_LUT4_O_I3_SB_CARRY_CI_CO_SB_CARRY_CI_CO_SB_CARRY_CI_CO_SB_LUT4_I3_O_SB_CARRY_CI_CO_SB_CARRY_CI_CO_SB_CARRY_CI_CO_SB_CARRY_CI_CO_SB_CARRY_CI_CO_SB_CARRY_CI_CO_SB_CARRY_CI_CO_SB_CARRY_CI_CO_SB_CARRY_CI_CO_SB_CARRY_CI_CO (21,3) -> (21,3)
Info:                          Sink system.transport.remaining_SB_DFFESR_Q_6_D_SB_LUT4_O_I2_SB_LUT4_O_I3_SB_CARRY_CI_CO_SB_LUT4_I3_O_SB_LUT4_O_I2_SB_LUT4_O_I3_SB_CARRY_CI_CO_SB_CARRY_CI_CO_SB_CARRY_CI_CO_SB_LUT4_I3_O_SB_CARRY_CI_CO_SB_CARRY_CI_CO_SB_CARRY_CI_CO_SB_CARRY_CI_CO_SB_CARRY_CI_CO_SB_CARRY_CI_CO_SB_CARRY_CI_CO_SB_CARRY_CI_CO_SB_CARRY_CI_CO_SB_CARRY_CI_CO_SB_CARRY_CI$CARRY.CIN
Info:                          Defined in:
Info:                               rtl/io/known_replay_controller.sv:92.29-92.46
Info:                               LOCAL_PRIVATE_PATH 2026/digital ic/.tools/oss-cad-suite/libexec/../share/yosys/ice40/arith_map.v:62.5-70.4
Info:                               LOCAL_PRIVATE_PATH 2026/digital ic/.tools/oss-cad-suite/libexec/../share/yosys/ice40/abc9_model.v:4.9-4.11
Info:      logic  0.28  20.31 Source system.transport.remaining_SB_DFFESR_Q_6_D_SB_LUT4_O_I2_SB_LUT4_O_I3_SB_CARRY_CI_CO_SB_LUT4_I3_O_SB_LUT4_O_I2_SB_LUT4_O_I3_SB_CARRY_CI_CO_SB_CARRY_CI_CO_SB_CARRY_CI_CO_SB_LUT4_I3_O_SB_CARRY_CI_CO_SB_CARRY_CI_CO_SB_CARRY_CI_CO_SB_CARRY_CI_CO_SB_CARRY_CI_CO_SB_CARRY_CI_CO_SB_CARRY_CI_CO_SB_CARRY_CI_CO_SB_CARRY_CI_CO_SB_CARRY_CI_CO_SB_CARRY_CI$CARRY.COUT
Info:    routing  0.00  20.31 Net system.transport.remaining_SB_DFFESR_Q_6_D_SB_LUT4_O_I2_SB_LUT4_O_I3_SB_CARRY_CI_CO_SB_LUT4_I3_O_SB_LUT4_O_I2_SB_LUT4_O_I3_SB_CARRY_CI_CO_SB_CARRY_CI_CO_SB_CARRY_CI_CO_SB_LUT4_I3_O_SB_CARRY_CI_CO_SB_CARRY_CI_CO_SB_CARRY_CI_CO_SB_CARRY_CI_CO_SB_CARRY_CI_CO_SB_CARRY_CI_CO_SB_CARRY_CI_CO_SB_CARRY_CI_CO_SB_CARRY_CI_CO_SB_CARRY_CI_CO_SB_CARRY_CI_CO (21,3) -> (21,3)
Info:                          Sink system.transport.remaining_SB_DFFESR_Q_6_D_SB_LUT4_O_I2_SB_LUT4_O_I3_SB_CARRY_CI_CO_SB_LUT4_I3_O_SB_LUT4_O_I2_SB_LUT4_O_I3_SB_CARRY_CI_CO_SB_CARRY_CI_CO_SB_CARRY_CI_CO_SB_LUT4_I3_O_SB_CARRY_CI_CO_SB_CARRY_CI_CO_SB_CARRY_CI_CO_SB_CARRY_CI_CO_SB_CARRY_CI_CO_SB_CARRY_CI_CO_SB_CARRY_CI_CO_SB_CARRY_CI_CO_SB_CARRY_CI_CO_SB_CARRY_CI_CO_SB_CARRY_CI_CO_SB_CARRY_CI$CARRY.CIN
Info:                          Defined in:
Info:                               rtl/io/known_replay_controller.sv:92.29-92.46
Info:                               LOCAL_PRIVATE_PATH 2026/digital ic/.tools/oss-cad-suite/libexec/../share/yosys/ice40/arith_map.v:62.5-70.4
Info:                               LOCAL_PRIVATE_PATH 2026/digital ic/.tools/oss-cad-suite/libexec/../share/yosys/ice40/abc9_model.v:4.9-4.11
Info:      logic  0.28  20.59 Source system.transport.remaining_SB_DFFESR_Q_6_D_SB_LUT4_O_I2_SB_LUT4_O_I3_SB_CARRY_CI_CO_SB_LUT4_I3_O_SB_LUT4_O_I2_SB_LUT4_O_I3_SB_CARRY_CI_CO_SB_CARRY_CI_CO_SB_CARRY_CI_CO_SB_LUT4_I3_O_SB_CARRY_CI_CO_SB_CARRY_CI_CO_SB_CARRY_CI_CO_SB_CARRY_CI_CO_SB_CARRY_CI_CO_SB_CARRY_CI_CO_SB_CARRY_CI_CO_SB_CARRY_CI_CO_SB_CARRY_CI_CO_SB_CARRY_CI_CO_SB_CARRY_CI_CO_SB_CARRY_CI$CARRY.COUT
Info:    routing  0.00  20.59 Net system.transport.remaining_SB_DFFESR_Q_6_D_SB_LUT4_O_I2_SB_LUT4_O_I3_SB_CARRY_CI_CO_SB_LUT4_I3_O_SB_LUT4_O_I2_SB_LUT4_O_I3_SB_CARRY_CI_CO_SB_CARRY_CI_CO_SB_CARRY_CI_CO_SB_LUT4_I3_O_SB_CARRY_CI_CO_SB_CARRY_CI_CO_SB_CARRY_CI_CO_SB_CARRY_CI_CO_SB_CARRY_CI_CO_SB_CARRY_CI_CO_SB_CARRY_CI_CO_SB_CARRY_CI_CO_SB_CARRY_CI_CO_SB_CARRY_CI_CO_SB_CARRY_CI_CO_SB_CARRY_CI_CO (21,3) -> (21,3)
Info:                          Sink system.transport.remaining_SB_DFFESR_Q_6_D_SB_LUT4_O_I2_SB_LUT4_O_I3_SB_CARRY_CI_CO_SB_LUT4_I3_O_SB_LUT4_O_I2_SB_LUT4_O_I3_SB_CARRY_CI_CO_SB_CARRY_CI_CO_SB_CARRY_CI_CO_SB_LUT4_I3_O_SB_CARRY_CI_CO_SB_CARRY_CI_CO_SB_CARRY_CI_CO_SB_CARRY_CI_CO_SB_CARRY_CI_CO_SB_CARRY_CI_CO_SB_CARRY_CI_CO_SB_CARRY_CI_CO_SB_CARRY_CI_CO_SB_CARRY_CI_CO_SB_CARRY_CI_CO_SB_CARRY_CI_CO_SB_CARRY_CI$CARRY.CIN
Info:                          Defined in:
Info:                               rtl/io/known_replay_controller.sv:92.29-92.46
Info:                               LOCAL_PRIVATE_PATH 2026/digital ic/.tools/oss-cad-suite/libexec/../share/yosys/ice40/arith_map.v:62.5-70.4
Info:                               LOCAL_PRIVATE_PATH 2026/digital ic/.tools/oss-cad-suite/libexec/../share/yosys/ice40/abc9_model.v:4.9-4.11
Info:      logic  0.28  20.86 Source system.transport.remaining_SB_DFFESR_Q_6_D_SB_LUT4_O_I2_SB_LUT4_O_I3_SB_CARRY_CI_CO_SB_LUT4_I3_O_SB_LUT4_O_I2_SB_LUT4_O_I3_SB_CARRY_CI_CO_SB_CARRY_CI_CO_SB_CARRY_CI_CO_SB_LUT4_I3_O_SB_CARRY_CI_CO_SB_CARRY_CI_CO_SB_CARRY_CI_CO_SB_CARRY_CI_CO_SB_CARRY_CI_CO_SB_CARRY_CI_CO_SB_CARRY_CI_CO_SB_CARRY_CI_CO_SB_CARRY_CI_CO_SB_CARRY_CI_CO_SB_CARRY_CI_CO_SB_CARRY_CI_CO_SB_CARRY_CI$CARRY.COUT
Info:    routing  0.00  20.86 Net system.transport.remaining_SB_DFFESR_Q_6_D_SB_LUT4_O_I2_SB_LUT4_O_I3_SB_CARRY_CI_CO_SB_LUT4_I3_O_SB_LUT4_O_I2_SB_LUT4_O_I3_SB_CARRY_CI_CO_SB_CARRY_CI_CO_SB_CARRY_CI_CO_SB_LUT4_I3_O_SB_CARRY_CI_CO_SB_CARRY_CI_CO_SB_CARRY_CI_CO_SB_CARRY_CI_CO_SB_CARRY_CI_CO_SB_CARRY_CI_CO_SB_CARRY_CI_CO_SB_CARRY_CI_CO_SB_CARRY_CI_CO_SB_CARRY_CI_CO_SB_CARRY_CI_CO_SB_CARRY_CI_CO_SB_CARRY_CI_CO (21,3) -> (21,3)
Info:                          Sink system.transport.remaining_SB_DFFESR_Q_6_D_SB_LUT4_O_I2_SB_LUT4_O_I3_SB_CARRY_CI_CO_SB_LUT4_I3_O_SB_LUT4_O_I2_SB_LUT4_O_I3_SB_CARRY_CI_CO_SB_CARRY_CI_CO_SB_CARRY_CI_CO_SB_LUT4_I3_O_SB_CARRY_CI_CO_SB_CARRY_CI_CO_SB_CARRY_CI_CO_SB_CARRY_CI_CO_SB_CARRY_CI_CO_SB_CARRY_CI_CO_SB_CARRY_CI_CO_SB_CARRY_CI_CO_SB_CARRY_CI_CO_SB_CARRY_CI_CO_SB_CARRY_CI_CO_SB_CARRY_CI_CO_SB_CARRY_CI_CO_SB_CARRY_CI$CARRY.CIN
Info:                          Defined in:
Info:                               rtl/io/known_replay_controller.sv:92.29-92.46
Info:                               LOCAL_PRIVATE_PATH 2026/digital ic/.tools/oss-cad-suite/libexec/../share/yosys/ice40/arith_map.v:62.5-70.4
Info:                               LOCAL_PRIVATE_PATH 2026/digital ic/.tools/oss-cad-suite/libexec/../share/yosys/ice40/abc9_model.v:4.9-4.11
Info:      logic  0.28  21.14 Source system.transport.remaining_SB_DFFESR_Q_6_D_SB_LUT4_O_I2_SB_LUT4_O_I3_SB_CARRY_CI_CO_SB_LUT4_I3_O_SB_LUT4_O_I2_SB_LUT4_O_I3_SB_CARRY_CI_CO_SB_CARRY_CI_CO_SB_CARRY_CI_CO_SB_LUT4_I3_O_SB_CARRY_CI_CO_SB_CARRY_CI_CO_SB_CARRY_CI_CO_SB_CARRY_CI_CO_SB_CARRY_CI_CO_SB_CARRY_CI_CO_SB_CARRY_CI_CO_SB_CARRY_CI_CO_SB_CARRY_CI_CO_SB_CARRY_CI_CO_SB_CARRY_CI_CO_SB_CARRY_CI_CO_SB_CARRY_CI_CO_SB_CARRY_CI$CARRY.COUT
Info:    routing  0.00  21.14 Net system.transport.remaining_SB_DFFESR_Q_6_D_SB_LUT4_O_I2_SB_LUT4_O_I3_SB_CARRY_CI_CO_SB_LUT4_I3_O_SB_LUT4_O_I2_SB_LUT4_O_I3_SB_CARRY_CI_CO_SB_CARRY_CI_CO_SB_CARRY_CI_CO_SB_LUT4_I3_O_SB_CARRY_CI_CO_SB_CARRY_CI_CO_SB_CARRY_CI_CO_SB_CARRY_CI_CO_SB_CARRY_CI_CO_SB_CARRY_CI_CO_SB_CARRY_CI_CO_SB_CARRY_CI_CO_SB_CARRY_CI_CO_SB_CARRY_CI_CO_SB_CARRY_CI_CO_SB_CARRY_CI_CO_SB_CARRY_CI_CO_SB_CARRY_CI_CO (21,3) -> (21,3)
Info:                          Sink system.transport.remaining_SB_DFFESR_Q_6_D_SB_LUT4_O_I2_SB_LUT4_O_I3_SB_CARRY_CI_CO_SB_LUT4_I3_O_SB_LUT4_O_I2_SB_LUT4_O_I3_SB_CARRY_CI_CO_SB_CARRY_CI_CO_SB_CARRY_CI_CO_SB_LUT4_I3_O_SB_CARRY_CI_CO_SB_CARRY_CI_CO_SB_CARRY_CI_CO_SB_CARRY_CI_CO_SB_CARRY_CI_CO_SB_CARRY_CI_CO_SB_CARRY_CI_CO_SB_CARRY_CI_CO_SB_CARRY_CI_CO_SB_CARRY_CI_CO_SB_CARRY_CI_CO_SB_CARRY_CI_CO_SB_CARRY_CI_CO_SB_CARRY_CI_CO_SB_CARRY_CI$CARRY.CIN
Info:                          Defined in:
Info:                               rtl/io/known_replay_controller.sv:92.29-92.46
Info:                               LOCAL_PRIVATE_PATH 2026/digital ic/.tools/oss-cad-suite/libexec/../share/yosys/ice40/arith_map.v:62.5-70.4
Info:                               LOCAL_PRIVATE_PATH 2026/digital ic/.tools/oss-cad-suite/libexec/../share/yosys/ice40/abc9_model.v:4.9-4.11
Info:      logic  0.28  21.42 Source system.transport.remaining_SB_DFFESR_Q_6_D_SB_LUT4_O_I2_SB_LUT4_O_I3_SB_CARRY_CI_CO_SB_LUT4_I3_O_SB_LUT4_O_I2_SB_LUT4_O_I3_SB_CARRY_CI_CO_SB_CARRY_CI_CO_SB_CARRY_CI_CO_SB_LUT4_I3_O_SB_CARRY_CI_CO_SB_CARRY_CI_CO_SB_CARRY_CI_CO_SB_CARRY_CI_CO_SB_CARRY_CI_CO_SB_CARRY_CI_CO_SB_CARRY_CI_CO_SB_CARRY_CI_CO_SB_CARRY_CI_CO_SB_CARRY_CI_CO_SB_CARRY_CI_CO_SB_CARRY_CI_CO_SB_CARRY_CI_CO_SB_CARRY_CI_CO_SB_CARRY_CI$CARRY.COUT
Info:    routing  0.56  21.98 Net system.transport.remaining_SB_DFFESR_Q_6_D_SB_LUT4_O_I2_SB_LUT4_O_I3_SB_CARRY_CI_CO_SB_LUT4_I3_O_SB_LUT4_O_I2_SB_LUT4_O_I3_SB_CARRY_CI_CO_SB_CARRY_CI_CO_SB_CARRY_CI_CO_SB_LUT4_I3_O_SB_CARRY_CI_CO_SB_CARRY_CI_CO_SB_CARRY_CI_CO_SB_CARRY_CI_CO_SB_CARRY_CI_CO_SB_CARRY_CI_CO_SB_CARRY_CI_CO_SB_CARRY_CI_CO_SB_CARRY_CI_CO_SB_CARRY_CI_CO_SB_CARRY_CI_CO_SB_CARRY_CI_CO_SB_CARRY_CI_CO_SB_CARRY_CI_CO_SB_CARRY_CI_CO (21,3) -> (21,4)
Info:                          Sink system.transport.remaining_SB_DFFESR_Q_6_D_SB_LUT4_O_I2_SB_LUT4_O_I3_SB_CARRY_CI_CO_SB_LUT4_I3_O_SB_LUT4_O_I2_SB_LUT4_O_I3_SB_CARRY_CI_CO_SB_CARRY_CI_CO_SB_CARRY_CI_CO_SB_LUT4_I3_O_SB_CARRY_CI_CO_SB_CARRY_CI_CO_SB_CARRY_CI_CO_SB_CARRY_CI_CO_SB_CARRY_CI_CO_SB_CARRY_CI_CO_SB_CARRY_CI_CO_SB_CARRY_CI_CO_SB_CARRY_CI_CO_SB_CARRY_CI_CO_SB_CARRY_CI_CO_SB_CARRY_CI_CO_SB_CARRY_CI_CO_SB_CARRY_CI_CO_SB_CARRY_CI_CO_SB_CARRY_CI$CARRY.CIN
Info:                          Defined in:
Info:                               rtl/io/known_replay_controller.sv:92.29-92.46
Info:                               LOCAL_PRIVATE_PATH 2026/digital ic/.tools/oss-cad-suite/libexec/../share/yosys/ice40/arith_map.v:62.5-70.4
Info:                               LOCAL_PRIVATE_PATH 2026/digital ic/.tools/oss-cad-suite/libexec/../share/yosys/ice40/abc9_model.v:4.9-4.11
Info:      logic  0.28  22.25 Source system.transport.remaining_SB_DFFESR_Q_6_D_SB_LUT4_O_I2_SB_LUT4_O_I3_SB_CARRY_CI_CO_SB_LUT4_I3_O_SB_LUT4_O_I2_SB_LUT4_O_I3_SB_CARRY_CI_CO_SB_CARRY_CI_CO_SB_CARRY_CI_CO_SB_LUT4_I3_O_SB_CARRY_CI_CO_SB_CARRY_CI_CO_SB_CARRY_CI_CO_SB_CARRY_CI_CO_SB_CARRY_CI_CO_SB_CARRY_CI_CO_SB_CARRY_CI_CO_SB_CARRY_CI_CO_SB_CARRY_CI_CO_SB_CARRY_CI_CO_SB_CARRY_CI_CO_SB_CARRY_CI_CO_SB_CARRY_CI_CO_SB_CARRY_CI_CO_SB_CARRY_CI_CO_SB_CARRY_CI$CARRY.COUT
Info:    routing  0.00  22.25 Net system.transport.remaining_SB_DFFESR_Q_6_D_SB_LUT4_O_I2_SB_LUT4_O_I3_SB_CARRY_CI_CO_SB_LUT4_I3_O_SB_LUT4_O_I2_SB_LUT4_O_I3_SB_CARRY_CI_CO_SB_CARRY_CI_CO_SB_CARRY_CI_CO_SB_LUT4_I3_O_SB_CARRY_CI_CO_SB_CARRY_CI_CO_SB_CARRY_CI_CO_SB_CARRY_CI_CO_SB_CARRY_CI_CO_SB_CARRY_CI_CO_SB_CARRY_CI_CO_SB_CARRY_CI_CO_SB_CARRY_CI_CO_SB_CARRY_CI_CO_SB_CARRY_CI_CO_SB_CARRY_CI_CO_SB_CARRY_CI_CO_SB_CARRY_CI_CO_SB_CARRY_CI_CO_SB_CARRY_CI_CO (21,4) -> (21,4)
Info:                          Sink system.transport.remaining_SB_DFFESR_Q_6_D_SB_LUT4_O_I2_SB_LUT4_O_I3_SB_CARRY_CI_CO_SB_LUT4_I3_O_SB_LUT4_O_I2_SB_LUT4_O_I3_SB_CARRY_CI_CO_SB_CARRY_CI_CO_SB_CARRY_CI_CO_SB_LUT4_I3_O_SB_CARRY_CI_CO_SB_CARRY_CI_CO_SB_CARRY_CI_CO_SB_CARRY_CI_CO_SB_CARRY_CI_CO_SB_CARRY_CI_CO_SB_CARRY_CI_CO_SB_CARRY_CI_CO_SB_CARRY_CI_CO_SB_CARRY_CI_CO_SB_CARRY_CI_CO_SB_CARRY_CI_CO_SB_CARRY_CI_CO_SB_CARRY_CI_CO_SB_CARRY_CI_CO_SB_CARRY_CI_CO_SB_CARRY_CI$CARRY.CIN
Info:                          Defined in:
Info:                               rtl/io/known_replay_controller.sv:92.29-92.46
Info:                               LOCAL_PRIVATE_PATH 2026/digital ic/.tools/oss-cad-suite/libexec/../share/yosys/ice40/arith_map.v:62.5-70.4
Info:                               LOCAL_PRIVATE_PATH 2026/digital ic/.tools/oss-cad-suite/libexec/../share/yosys/ice40/abc9_model.v:4.9-4.11
Info:      logic  0.28  22.53 Source system.transport.remaining_SB_DFFESR_Q_6_D_SB_LUT4_O_I2_SB_LUT4_O_I3_SB_CARRY_CI_CO_SB_LUT4_I3_O_SB_LUT4_O_I2_SB_LUT4_O_I3_SB_CARRY_CI_CO_SB_CARRY_CI_CO_SB_CARRY_CI_CO_SB_LUT4_I3_O_SB_CARRY_CI_CO_SB_CARRY_CI_CO_SB_CARRY_CI_CO_SB_CARRY_CI_CO_SB_CARRY_CI_CO_SB_CARRY_CI_CO_SB_CARRY_CI_CO_SB_CARRY_CI_CO_SB_CARRY_CI_CO_SB_CARRY_CI_CO_SB_CARRY_CI_CO_SB_CARRY_CI_CO_SB_CARRY_CI_CO_SB_CARRY_CI_CO_SB_CARRY_CI_CO_SB_CARRY_CI_CO_SB_CARRY_CI$CARRY.COUT
Info:    routing  0.00  22.53 Net system.transport.remaining_SB_DFFESR_Q_6_D_SB_LUT4_O_I2_SB_LUT4_O_I3_SB_CARRY_CI_CO_SB_LUT4_I3_O_SB_LUT4_O_I2_SB_LUT4_O_I3_SB_CARRY_CI_CO_SB_CARRY_CI_CO_SB_CARRY_CI_CO_SB_LUT4_I3_O_SB_CARRY_CI_CO_SB_CARRY_CI_CO_SB_CARRY_CI_CO_SB_CARRY_CI_CO_SB_CARRY_CI_CO_SB_CARRY_CI_CO_SB_CARRY_CI_CO_SB_CARRY_CI_CO_SB_CARRY_CI_CO_SB_CARRY_CI_CO_SB_CARRY_CI_CO_SB_CARRY_CI_CO_SB_CARRY_CI_CO_SB_CARRY_CI_CO_SB_CARRY_CI_CO_SB_CARRY_CI_CO_SB_CARRY_CI_CO (21,4) -> (21,4)
Info:                          Sink system.transport.remaining_SB_DFFESR_Q_6_D_SB_LUT4_O_I2_SB_LUT4_O_I3_SB_CARRY_CI_CO_SB_LUT4_I3_O_SB_LUT4_O_I2_SB_LUT4_O_I3_SB_CARRY_CI_CO_SB_CARRY_CI_CO_SB_CARRY_CI_CO_SB_LUT4_I3_O_SB_CARRY_CI_CO_SB_CARRY_CI_CO_SB_CARRY_CI_CO_SB_CARRY_CI_CO_SB_CARRY_CI_CO_SB_CARRY_CI_CO_SB_CARRY_CI_CO_SB_CARRY_CI_CO_SB_CARRY_CI_CO_SB_CARRY_CI_CO_SB_CARRY_CI_CO_SB_CARRY_CI_CO_SB_CARRY_CI_CO_SB_CARRY_CI_CO_SB_CARRY_CI_CO_SB_CARRY_CI_CO_SB_CARRY_CI_CO_SB_CARRY_CI$CARRY.CIN
Info:                          Defined in:
Info:                               rtl/io/known_replay_controller.sv:92.29-92.46
Info:                               LOCAL_PRIVATE_PATH 2026/digital ic/.tools/oss-cad-suite/libexec/../share/yosys/ice40/arith_map.v:62.5-70.4
Info:                               LOCAL_PRIVATE_PATH 2026/digital ic/.tools/oss-cad-suite/libexec/../share/yosys/ice40/abc9_model.v:4.9-4.11
Info:      logic  0.28  22.81 Source system.transport.remaining_SB_DFFESR_Q_6_D_SB_LUT4_O_I2_SB_LUT4_O_I3_SB_CARRY_CI_CO_SB_LUT4_I3_O_SB_LUT4_O_I2_SB_LUT4_O_I3_SB_CARRY_CI_CO_SB_CARRY_CI_CO_SB_CARRY_CI_CO_SB_LUT4_I3_O_SB_CARRY_CI_CO_SB_CARRY_CI_CO_SB_CARRY_CI_CO_SB_CARRY_CI_CO_SB_CARRY_CI_CO_SB_CARRY_CI_CO_SB_CARRY_CI_CO_SB_CARRY_CI_CO_SB_CARRY_CI_CO_SB_CARRY_CI_CO_SB_CARRY_CI_CO_SB_CARRY_CI_CO_SB_CARRY_CI_CO_SB_CARRY_CI_CO_SB_CARRY_CI_CO_SB_CARRY_CI_CO_SB_CARRY_CI_CO_SB_CARRY_CI$CARRY.COUT
Info:    routing  0.00  22.81 Net system.transport.remaining_SB_DFFESR_Q_6_D_SB_LUT4_O_I2_SB_LUT4_O_I3_SB_CARRY_CI_CO_SB_LUT4_I3_O_SB_LUT4_O_I2_SB_LUT4_O_I3_SB_CARRY_CI_CO_SB_CARRY_CI_CO_SB_CARRY_CI_CO_SB_LUT4_I3_O_SB_CARRY_CI_CO_SB_CARRY_CI_CO_SB_CARRY_CI_CO_SB_CARRY_CI_CO_SB_CARRY_CI_CO_SB_CARRY_CI_CO_SB_CARRY_CI_CO_SB_CARRY_CI_CO_SB_CARRY_CI_CO_SB_CARRY_CI_CO_SB_CARRY_CI_CO_SB_CARRY_CI_CO_SB_CARRY_CI_CO_SB_CARRY_CI_CO_SB_CARRY_CI_CO_SB_CARRY_CI_CO_SB_CARRY_CI_CO_SB_CARRY_CI_CO (21,4) -> (21,4)
Info:                          Sink system.transport.remaining_SB_DFFESR_Q_6_D_SB_LUT4_O_I2_SB_LUT4_O_I3_SB_CARRY_CI_CO_SB_LUT4_I3_O_SB_LUT4_O_I2_SB_LUT4_O_I3_SB_CARRY_CI_CO_SB_CARRY_CI_CO_SB_CARRY_CI_CO_SB_LUT4_I3_O_SB_CARRY_CI_CO_SB_CARRY_CI_CO_SB_CARRY_CI_CO_SB_CARRY_CI_CO_SB_CARRY_CI_CO_SB_CARRY_CI_CO_SB_CARRY_CI_CO_SB_CARRY_CI_CO_SB_CARRY_CI_CO_SB_CARRY_CI_CO_SB_CARRY_CI_CO_SB_CARRY_CI_CO_SB_CARRY_CI_CO_SB_CARRY_CI_CO_SB_CARRY_CI_CO_SB_CARRY_CI_CO_SB_CARRY_CI_CO_SB_CARRY_CI_CO_SB_CARRY_CI$CARRY.CIN
Info:                          Defined in:
Info:                               rtl/io/known_replay_controller.sv:92.29-92.46
Info:                               LOCAL_PRIVATE_PATH 2026/digital ic/.tools/oss-cad-suite/libexec/../share/yosys/ice40/arith_map.v:62.5-70.4
Info:                               LOCAL_PRIVATE_PATH 2026/digital ic/.tools/oss-cad-suite/libexec/../share/yosys/ice40/abc9_model.v:4.9-4.11
Info:      logic  0.28  23.09 Source system.transport.remaining_SB_DFFESR_Q_6_D_SB_LUT4_O_I2_SB_LUT4_O_I3_SB_CARRY_CI_CO_SB_LUT4_I3_O_SB_LUT4_O_I2_SB_LUT4_O_I3_SB_CARRY_CI_CO_SB_CARRY_CI_CO_SB_CARRY_CI_CO_SB_LUT4_I3_O_SB_CARRY_CI_CO_SB_CARRY_CI_CO_SB_CARRY_CI_CO_SB_CARRY_CI_CO_SB_CARRY_CI_CO_SB_CARRY_CI_CO_SB_CARRY_CI_CO_SB_CARRY_CI_CO_SB_CARRY_CI_CO_SB_CARRY_CI_CO_SB_CARRY_CI_CO_SB_CARRY_CI_CO_SB_CARRY_CI_CO_SB_CARRY_CI_CO_SB_CARRY_CI_CO_SB_CARRY_CI_CO_SB_CARRY_CI_CO_SB_CARRY_CI_CO_SB_CARRY_CI$CARRY.COUT
Info:    routing  0.00  23.09 Net system.transport.remaining_SB_DFFESR_Q_6_D_SB_LUT4_O_I2_SB_LUT4_O_I3_SB_CARRY_CI_CO_SB_LUT4_I3_O_SB_LUT4_O_I2_SB_LUT4_O_I3_SB_CARRY_CI_CO_SB_CARRY_CI_CO_SB_CARRY_CI_CO_SB_LUT4_I3_O_SB_CARRY_CI_CO_SB_CARRY_CI_CO_SB_CARRY_CI_CO_SB_CARRY_CI_CO_SB_CARRY_CI_CO_SB_CARRY_CI_CO_SB_CARRY_CI_CO_SB_CARRY_CI_CO_SB_CARRY_CI_CO_SB_CARRY_CI_CO_SB_CARRY_CI_CO_SB_CARRY_CI_CO_SB_CARRY_CI_CO_SB_CARRY_CI_CO_SB_CARRY_CI_CO_SB_CARRY_CI_CO_SB_CARRY_CI_CO_SB_CARRY_CI_CO_SB_CARRY_CI_CO (21,4) -> (21,4)
Info:                          Sink system.transport.remaining_SB_DFFESR_Q_6_D_SB_LUT4_O_I2_SB_LUT4_O_I3_SB_CARRY_CI_CO_SB_LUT4_I3_O_SB_LUT4_O_I2_SB_LUT4_O_I3_SB_CARRY_CI_CO_SB_CARRY_CI_CO_SB_CARRY_CI_CO_SB_LUT4_I3_O_SB_CARRY_CI_CO_SB_CARRY_CI_CO_SB_CARRY_CI_CO_SB_CARRY_CI_CO_SB_CARRY_CI_CO_SB_CARRY_CI_CO_SB_CARRY_CI_CO_SB_CARRY_CI_CO_SB_CARRY_CI_CO_SB_CARRY_CI_CO_SB_CARRY_CI_CO_SB_CARRY_CI_CO_SB_CARRY_CI_CO_SB_CARRY_CI_CO_SB_CARRY_CI_CO_SB_CARRY_CI_CO_SB_CARRY_CI_CO_SB_CARRY_CI_CO_SB_CARRY_CI_CO_SB_CARRY_CI$CARRY.CIN
Info:                          Defined in:
Info:                               rtl/io/known_replay_controller.sv:92.29-92.46
Info:                               LOCAL_PRIVATE_PATH 2026/digital ic/.tools/oss-cad-suite/libexec/../share/yosys/ice40/arith_map.v:62.5-70.4
Info:                               LOCAL_PRIVATE_PATH 2026/digital ic/.tools/oss-cad-suite/libexec/../share/yosys/ice40/abc9_model.v:4.9-4.11
Info:      logic  0.28  23.37 Source system.transport.remaining_SB_DFFESR_Q_6_D_SB_LUT4_O_I2_SB_LUT4_O_I3_SB_CARRY_CI_CO_SB_LUT4_I3_O_SB_LUT4_O_I2_SB_LUT4_O_I3_SB_CARRY_CI_CO_SB_CARRY_CI_CO_SB_CARRY_CI_CO_SB_LUT4_I3_O_SB_CARRY_CI_CO_SB_CARRY_CI_CO_SB_CARRY_CI_CO_SB_CARRY_CI_CO_SB_CARRY_CI_CO_SB_CARRY_CI_CO_SB_CARRY_CI_CO_SB_CARRY_CI_CO_SB_CARRY_CI_CO_SB_CARRY_CI_CO_SB_CARRY_CI_CO_SB_CARRY_CI_CO_SB_CARRY_CI_CO_SB_CARRY_CI_CO_SB_CARRY_CI_CO_SB_CARRY_CI_CO_SB_CARRY_CI_CO_SB_CARRY_CI_CO_SB_CARRY_CI_CO_SB_CARRY_CI$CARRY.COUT
Info:    routing  0.00  23.37 Net system.transport.remaining_SB_DFFESR_Q_6_D_SB_LUT4_O_I2_SB_LUT4_O_I3_SB_CARRY_CI_CO_SB_LUT4_I3_O_SB_LUT4_O_I2_SB_LUT4_O_I3_SB_CARRY_CI_CO_SB_CARRY_CI_CO_SB_CARRY_CI_CO_SB_LUT4_I3_O_SB_CARRY_CI_CO_SB_CARRY_CI_CO_SB_CARRY_CI_CO_SB_CARRY_CI_CO_SB_CARRY_CI_CO_SB_CARRY_CI_CO_SB_CARRY_CI_CO_SB_CARRY_CI_CO_SB_CARRY_CI_CO_SB_CARRY_CI_CO_SB_CARRY_CI_CO_SB_CARRY_CI_CO_SB_CARRY_CI_CO_SB_CARRY_CI_CO_SB_CARRY_CI_CO_SB_CARRY_CI_CO_SB_CARRY_CI_CO_SB_CARRY_CI_CO_SB_CARRY_CI_CO_SB_CARRY_CI_CO (21,4) -> (21,4)
Info:                          Sink system.transport.remaining_SB_DFFESR_Q_6_D_SB_LUT4_O_I2_SB_LUT4_O_I3_SB_CARRY_CI_CO_SB_LUT4_I3_O_SB_LUT4_O_I2_SB_LUT4_O_I3_SB_CARRY_CI_CO_SB_CARRY_CI_CO_SB_CARRY_CI_CO_SB_LUT4_I3_O_SB_CARRY_CI_CO_SB_CARRY_CI_CO_SB_CARRY_CI_CO_SB_CARRY_CI_CO_SB_CARRY_CI_CO_SB_CARRY_CI_CO_SB_CARRY_CI_CO_SB_CARRY_CI_CO_SB_CARRY_CI_CO_SB_CARRY_CI_CO_SB_CARRY_CI_CO_SB_CARRY_CI_CO_SB_CARRY_CI_CO_SB_CARRY_CI_CO_SB_CARRY_CI_CO_SB_CARRY_CI_CO_SB_CARRY_CI_CO_SB_CARRY_CI_CO_SB_CARRY_CI_CO_SB_CARRY_CI_CO_SB_CARRY_CI$CARRY.CIN
Info:                          Defined in:
Info:                               rtl/io/known_replay_controller.sv:92.29-92.46
Info:                               LOCAL_PRIVATE_PATH 2026/digital ic/.tools/oss-cad-suite/libexec/../share/yosys/ice40/arith_map.v:62.5-70.4
Info:                               LOCAL_PRIVATE_PATH 2026/digital ic/.tools/oss-cad-suite/libexec/../share/yosys/ice40/abc9_model.v:4.9-4.11
Info:      logic  0.28  23.65 Source system.transport.remaining_SB_DFFESR_Q_6_D_SB_LUT4_O_I2_SB_LUT4_O_I3_SB_CARRY_CI_CO_SB_LUT4_I3_O_SB_LUT4_O_I2_SB_LUT4_O_I3_SB_CARRY_CI_CO_SB_CARRY_CI_CO_SB_CARRY_CI_CO_SB_LUT4_I3_O_SB_CARRY_CI_CO_SB_CARRY_CI_CO_SB_CARRY_CI_CO_SB_CARRY_CI_CO_SB_CARRY_CI_CO_SB_CARRY_CI_CO_SB_CARRY_CI_CO_SB_CARRY_CI_CO_SB_CARRY_CI_CO_SB_CARRY_CI_CO_SB_CARRY_CI_CO_SB_CARRY_CI_CO_SB_CARRY_CI_CO_SB_CARRY_CI_CO_SB_CARRY_CI_CO_SB_CARRY_CI_CO_SB_CARRY_CI_CO_SB_CARRY_CI_CO_SB_CARRY_CI_CO_SB_CARRY_CI_CO_SB_CARRY_CI$CARRY.COUT
Info:    routing  0.00  23.65 Net $nextpnr_ICESTORM_LC_40$I3 (21,4) -> (21,4)
Info:                          Sink $nextpnr_ICESTORM_LC_40.CIN
Info:      logic  0.28  23.92 Source $nextpnr_ICESTORM_LC_40.COUT
Info:    routing  0.66  24.58 Net $nextpnr_ICESTORM_LC_40$COUT (21,4) -> (21,4)
Info:                          Sink system.transport.remaining_SB_DFFESR_Q_6_D_SB_LUT4_O_I2_SB_LUT4_O_I3_SB_CARRY_CI_CO_SB_LUT4_I3_O_SB_LUT4_O_I2_SB_LUT4_O_I3_SB_CARRY_CI_CO_SB_CARRY_CI_CO_SB_CARRY_CI_CO_SB_LUT4_I3_O_SB_CARRY_CI_CO_SB_CARRY_CI_CO_SB_CARRY_CI_CO_SB_CARRY_CI_CO_SB_CARRY_CI_CO_SB_CARRY_CI_CO_SB_CARRY_CI_CO_SB_CARRY_CI_CO_SB_CARRY_CI_CO_SB_CARRY_CI_CO_SB_CARRY_CI_CO_SB_CARRY_CI_CO_SB_CARRY_CI_CO_SB_CARRY_CI_CO_SB_CARRY_CI_CO_SB_CARRY_CI_CO_SB_CARRY_CI_CO_SB_CARRY_CI_CO_SB_CARRY_CI_CO_SB_CARRY_CI_CO_SB_CARRY_CI_CO_SB_LUT4_I3_LC.I3
Info:      logic  0.87  25.46 Source system.transport.remaining_SB_DFFESR_Q_6_D_SB_LUT4_O_I2_SB_LUT4_O_I3_SB_CARRY_CI_CO_SB_LUT4_I3_O_SB_LUT4_O_I2_SB_LUT4_O_I3_SB_CARRY_CI_CO_SB_CARRY_CI_CO_SB_CARRY_CI_CO_SB_LUT4_I3_O_SB_CARRY_CI_CO_SB_CARRY_CI_CO_SB_CARRY_CI_CO_SB_CARRY_CI_CO_SB_CARRY_CI_CO_SB_CARRY_CI_CO_SB_CARRY_CI_CO_SB_CARRY_CI_CO_SB_CARRY_CI_CO_SB_CARRY_CI_CO_SB_CARRY_CI_CO_SB_CARRY_CI_CO_SB_CARRY_CI_CO_SB_CARRY_CI_CO_SB_CARRY_CI_CO_SB_CARRY_CI_CO_SB_CARRY_CI_CO_SB_CARRY_CI_CO_SB_CARRY_CI_CO_SB_CARRY_CI_CO_SB_CARRY_CI_CO_SB_LUT4_I3_LC.O
Info:    routing  2.95  28.41 Net system.controller.loaded_SB_DFFESR_Q_D[1] (21,4) -> (23,5)
Info:                          Sink system.transport.address_SB_DFFESR_Q_15_D_SB_CARRY_I1_CI_SB_CARRY_CO_CI_SB_CARRY_CO_CI_SB_CARRY_CO_CI_SB_CARRY_CO_CI_SB_CARRY_CO_CI_SB_CARRY_CO_CI_SB_CARRY_CO_CI_SB_CARRY_CO_CI_SB_CARRY_CO_CI_SB_CARRY_CO_CI_SB_CARRY_CO_CI_SB_CARRY_CO_CI_SB_CARRY_CO_CI_SB_CARRY_CO$CARRY.I3
Info:                          Defined in:
Info:                               LOCAL_PRIVATE_PATH 2026/digital ic/.tools/oss-cad-suite/libexec/../share/yosys/ice40/cells_map.v:6.21-6.22
Info:      logic  0.87  29.28 Source system.transport.address_SB_DFFESR_Q_15_D_SB_CARRY_I1_CI_SB_CARRY_CO_CI_SB_CARRY_CO_CI_SB_CARRY_CO_CI_SB_CARRY_CO_CI_SB_CARRY_CO_CI_SB_CARRY_CO_CI_SB_CARRY_CO_CI_SB_CARRY_CO_CI_SB_CARRY_CO_CI_SB_CARRY_CO_CI_SB_CARRY_CO_CI_SB_CARRY_CO_CI_SB_CARRY_CO_CI_SB_CARRY_CO$CARRY.O
Info:    routing  1.76  31.05 Net system.controller.loaded_SB_DFFESR_Q_D_SB_LUT4_I2_O[2] (23,5) -> (23,5)
Info:                          Sink system.transport.address_SB_DFFESR_Q_15_D_SB_CARRY_I1_CI_SB_CARRY_CO_CI_SB_CARRY_CO_CI_SB_CARRY_CO_CI_SB_CARRY_CO_CI_SB_CARRY_CO_CI_SB_CARRY_CO_CI_SB_CARRY_CO_CI_SB_CARRY_CO_CI_SB_CARRY_CO_CI_SB_CARRY_CO_CI_SB_CARRY_CO_CI_SB_CARRY_CO_CI_SB_CARRY_CO_CI_SB_CARRY_CO$CARRY.I1
Info:                          Defined in:
Info:                               LOCAL_PRIVATE_PATH 2026/digital ic/.tools/oss-cad-suite/libexec/../share/yosys/ice40/cells_map.v:6.21-6.22
Info:      logic  0.68  31.72 Source system.transport.address_SB_DFFESR_Q_15_D_SB_CARRY_I1_CI_SB_CARRY_CO_CI_SB_CARRY_CO_CI_SB_CARRY_CO_CI_SB_CARRY_CO_CI_SB_CARRY_CO_CI_SB_CARRY_CO_CI_SB_CARRY_CO_CI_SB_CARRY_CO_CI_SB_CARRY_CO_CI_SB_CARRY_CO_CI_SB_CARRY_CO_CI_SB_CARRY_CO_CI_SB_CARRY_CO_CI_SB_CARRY_CO$CARRY.COUT
Info:    routing  0.00  31.72 Net system.transport.address_SB_DFFESR_Q_15_D_SB_CARRY_I1_CI_SB_CARRY_CO_CI_SB_CARRY_CO_CI_SB_CARRY_CO_CI_SB_CARRY_CO_CI_SB_CARRY_CO_CI_SB_CARRY_CO_CI_SB_CARRY_CO_CI_SB_CARRY_CO_CI_SB_CARRY_CO_CI_SB_CARRY_CO_CI_SB_CARRY_CO_CI_SB_CARRY_CO_CI_SB_CARRY_CO_CI (23,5) -> (23,5)
Info:                          Sink system.transport.address_SB_DFFESR_Q_15_D_SB_CARRY_I1_CI_SB_CARRY_CO_CI_SB_CARRY_CO_CI_SB_CARRY_CO_CI_SB_CARRY_CO_CI_SB_CARRY_CO_CI_SB_CARRY_CO_CI_SB_CARRY_CO_CI_SB_CARRY_CO_CI_SB_CARRY_CO_CI_SB_CARRY_CO_CI_SB_CARRY_CO_CI_SB_CARRY_CO_CI_SB_CARRY_CO$CARRY.CIN
Info:                          Defined in:
Info:                               rtl/io/flash_stream.sv:87.49-87.85
Info:                               LOCAL_PRIVATE_PATH 2026/digital ic/.tools/oss-cad-suite/libexec/../share/yosys/ice40/arith_map.v:62.5-70.4
Info:                               LOCAL_PRIVATE_PATH 2026/digital ic/.tools/oss-cad-suite/libexec/../share/yosys/ice40/abc9_model.v:4.9-4.11
Info:      logic  0.28  32.00 Source system.transport.address_SB_DFFESR_Q_15_D_SB_CARRY_I1_CI_SB_CARRY_CO_CI_SB_CARRY_CO_CI_SB_CARRY_CO_CI_SB_CARRY_CO_CI_SB_CARRY_CO_CI_SB_CARRY_CO_CI_SB_CARRY_CO_CI_SB_CARRY_CO_CI_SB_CARRY_CO_CI_SB_CARRY_CO_CI_SB_CARRY_CO_CI_SB_CARRY_CO_CI_SB_CARRY_CO$CARRY.COUT
Info:    routing  0.00  32.00 Net system.transport.address_SB_DFFESR_Q_15_D_SB_CARRY_I1_CI_SB_CARRY_CO_CI_SB_CARRY_CO_CI_SB_CARRY_CO_CI_SB_CARRY_CO_CI_SB_CARRY_CO_CI_SB_CARRY_CO_CI_SB_CARRY_CO_CI_SB_CARRY_CO_CI_SB_CARRY_CO_CI_SB_CARRY_CO_CI_SB_CARRY_CO_CI_SB_CARRY_CO_CI (23,5) -> (23,5)
Info:                          Sink system.transport.address_SB_DFFESR_Q_15_D_SB_CARRY_I1_CI_SB_CARRY_CO_CI_SB_CARRY_CO_CI_SB_CARRY_CO_CI_SB_CARRY_CO_CI_SB_CARRY_CO_CI_SB_CARRY_CO_CI_SB_CARRY_CO_CI_SB_CARRY_CO_CI_SB_CARRY_CO_CI_SB_CARRY_CO_CI_SB_CARRY_CO_CI_SB_CARRY_CO$CARRY.CIN
Info:                          Defined in:
Info:                               rtl/io/flash_stream.sv:87.49-87.85
Info:                               LOCAL_PRIVATE_PATH 2026/digital ic/.tools/oss-cad-suite/libexec/../share/yosys/ice40/arith_map.v:62.5-70.4
Info:                               LOCAL_PRIVATE_PATH 2026/digital ic/.tools/oss-cad-suite/libexec/../share/yosys/ice40/abc9_model.v:4.9-4.11
Info:      logic  0.28  32.28 Source system.transport.address_SB_DFFESR_Q_15_D_SB_CARRY_I1_CI_SB_CARRY_CO_CI_SB_CARRY_CO_CI_SB_CARRY_CO_CI_SB_CARRY_CO_CI_SB_CARRY_CO_CI_SB_CARRY_CO_CI_SB_CARRY_CO_CI_SB_CARRY_CO_CI_SB_CARRY_CO_CI_SB_CARRY_CO_CI_SB_CARRY_CO_CI_SB_CARRY_CO$CARRY.COUT
Info:    routing  0.00  32.28 Net system.transport.address_SB_DFFESR_Q_15_D_SB_CARRY_I1_CI_SB_CARRY_CO_CI_SB_CARRY_CO_CI_SB_CARRY_CO_CI_SB_CARRY_CO_CI_SB_CARRY_CO_CI_SB_CARRY_CO_CI_SB_CARRY_CO_CI_SB_CARRY_CO_CI_SB_CARRY_CO_CI_SB_CARRY_CO_CI_SB_CARRY_CO_CI (23,5) -> (23,5)
Info:                          Sink system.transport.address_SB_DFFESR_Q_15_D_SB_CARRY_I1_CI_SB_CARRY_CO_CI_SB_CARRY_CO_CI_SB_CARRY_CO_CI_SB_CARRY_CO_CI_SB_CARRY_CO_CI_SB_CARRY_CO_CI_SB_CARRY_CO_CI_SB_CARRY_CO_CI_SB_CARRY_CO_CI_SB_CARRY_CO_CI_SB_CARRY_CO$CARRY.CIN
Info:                          Defined in:
Info:                               rtl/io/flash_stream.sv:87.49-87.85
Info:                               LOCAL_PRIVATE_PATH 2026/digital ic/.tools/oss-cad-suite/libexec/../share/yosys/ice40/arith_map.v:62.5-70.4
Info:                               LOCAL_PRIVATE_PATH 2026/digital ic/.tools/oss-cad-suite/libexec/../share/yosys/ice40/abc9_model.v:4.9-4.11
Info:      logic  0.28  32.56 Source system.transport.address_SB_DFFESR_Q_15_D_SB_CARRY_I1_CI_SB_CARRY_CO_CI_SB_CARRY_CO_CI_SB_CARRY_CO_CI_SB_CARRY_CO_CI_SB_CARRY_CO_CI_SB_CARRY_CO_CI_SB_CARRY_CO_CI_SB_CARRY_CO_CI_SB_CARRY_CO_CI_SB_CARRY_CO_CI_SB_CARRY_CO$CARRY.COUT
Info:    routing  0.00  32.56 Net system.transport.address_SB_DFFESR_Q_15_D_SB_CARRY_I1_CI_SB_CARRY_CO_CI_SB_CARRY_CO_CI_SB_CARRY_CO_CI_SB_CARRY_CO_CI_SB_CARRY_CO_CI_SB_CARRY_CO_CI_SB_CARRY_CO_CI_SB_CARRY_CO_CI_SB_CARRY_CO_CI_SB_CARRY_CO_CI (23,5) -> (23,5)
Info:                          Sink system.transport.address_SB_DFFESR_Q_15_D_SB_CARRY_I1_CI_SB_CARRY_CO_CI_SB_CARRY_CO_CI_SB_CARRY_CO_CI_SB_CARRY_CO_CI_SB_CARRY_CO_CI_SB_CARRY_CO_CI_SB_CARRY_CO_CI_SB_CARRY_CO_CI_SB_CARRY_CO_CI_SB_CARRY_CO$CARRY.CIN
Info:                          Defined in:
Info:                               rtl/io/flash_stream.sv:87.49-87.85
Info:                               LOCAL_PRIVATE_PATH 2026/digital ic/.tools/oss-cad-suite/libexec/../share/yosys/ice40/arith_map.v:62.5-70.4
Info:                               LOCAL_PRIVATE_PATH 2026/digital ic/.tools/oss-cad-suite/libexec/../share/yosys/ice40/abc9_model.v:4.9-4.11
Info:      logic  0.28  32.83 Source system.transport.address_SB_DFFESR_Q_15_D_SB_CARRY_I1_CI_SB_CARRY_CO_CI_SB_CARRY_CO_CI_SB_CARRY_CO_CI_SB_CARRY_CO_CI_SB_CARRY_CO_CI_SB_CARRY_CO_CI_SB_CARRY_CO_CI_SB_CARRY_CO_CI_SB_CARRY_CO_CI_SB_CARRY_CO$CARRY.COUT
Info:    routing  0.00  32.83 Net system.transport.address_SB_DFFESR_Q_15_D_SB_CARRY_I1_CI_SB_CARRY_CO_CI_SB_CARRY_CO_CI_SB_CARRY_CO_CI_SB_CARRY_CO_CI_SB_CARRY_CO_CI_SB_CARRY_CO_CI_SB_CARRY_CO_CI_SB_CARRY_CO_CI_SB_CARRY_CO_CI (23,5) -> (23,5)
Info:                          Sink system.transport.address_SB_DFFESR_Q_15_D_SB_CARRY_I1_CI_SB_CARRY_CO_CI_SB_CARRY_CO_CI_SB_CARRY_CO_CI_SB_CARRY_CO_CI_SB_CARRY_CO_CI_SB_CARRY_CO_CI_SB_CARRY_CO_CI_SB_CARRY_CO_CI_SB_CARRY_CO$CARRY.CIN
Info:                          Defined in:
Info:                               rtl/io/flash_stream.sv:87.49-87.85
Info:                               LOCAL_PRIVATE_PATH 2026/digital ic/.tools/oss-cad-suite/libexec/../share/yosys/ice40/arith_map.v:62.5-70.4
Info:                               LOCAL_PRIVATE_PATH 2026/digital ic/.tools/oss-cad-suite/libexec/../share/yosys/ice40/abc9_model.v:4.9-4.11
Info:      logic  0.28  33.11 Source system.transport.address_SB_DFFESR_Q_15_D_SB_CARRY_I1_CI_SB_CARRY_CO_CI_SB_CARRY_CO_CI_SB_CARRY_CO_CI_SB_CARRY_CO_CI_SB_CARRY_CO_CI_SB_CARRY_CO_CI_SB_CARRY_CO_CI_SB_CARRY_CO_CI_SB_CARRY_CO$CARRY.COUT
Info:    routing  0.00  33.11 Net system.transport.address_SB_DFFESR_Q_15_D_SB_CARRY_I1_CI_SB_CARRY_CO_CI_SB_CARRY_CO_CI_SB_CARRY_CO_CI_SB_CARRY_CO_CI_SB_CARRY_CO_CI_SB_CARRY_CO_CI_SB_CARRY_CO_CI_SB_CARRY_CO_CI (23,5) -> (23,5)
Info:                          Sink system.transport.address_SB_DFFESR_Q_15_D_SB_CARRY_I1_CI_SB_CARRY_CO_CI_SB_CARRY_CO_CI_SB_CARRY_CO_CI_SB_CARRY_CO_CI_SB_CARRY_CO_CI_SB_CARRY_CO_CI_SB_CARRY_CO_CI_SB_CARRY_CO$CARRY.CIN
Info:                          Defined in:
Info:                               rtl/io/flash_stream.sv:87.49-87.85
Info:                               LOCAL_PRIVATE_PATH 2026/digital ic/.tools/oss-cad-suite/libexec/../share/yosys/ice40/arith_map.v:62.5-70.4
Info:                               LOCAL_PRIVATE_PATH 2026/digital ic/.tools/oss-cad-suite/libexec/../share/yosys/ice40/abc9_model.v:4.9-4.11
Info:      logic  0.28  33.39 Source system.transport.address_SB_DFFESR_Q_15_D_SB_CARRY_I1_CI_SB_CARRY_CO_CI_SB_CARRY_CO_CI_SB_CARRY_CO_CI_SB_CARRY_CO_CI_SB_CARRY_CO_CI_SB_CARRY_CO_CI_SB_CARRY_CO_CI_SB_CARRY_CO$CARRY.COUT
Info:    routing  0.56  33.94 Net system.transport.address_SB_DFFESR_Q_15_D_SB_CARRY_I1_CI_SB_CARRY_CO_CI_SB_CARRY_CO_CI_SB_CARRY_CO_CI_SB_CARRY_CO_CI_SB_CARRY_CO_CI_SB_CARRY_CO_CI_SB_CARRY_CO_CI (23,5) -> (23,6)
Info:                          Sink system.transport.address_SB_DFFESR_Q_15_D_SB_CARRY_I1_CI_SB_CARRY_CO_CI_SB_CARRY_CO_CI_SB_CARRY_CO_CI_SB_CARRY_CO_CI_SB_CARRY_CO_CI_SB_CARRY_CO_CI_SB_CARRY_CO$CARRY.CIN
Info:                          Defined in:
Info:                               rtl/io/flash_stream.sv:87.49-87.85
Info:                               LOCAL_PRIVATE_PATH 2026/digital ic/.tools/oss-cad-suite/libexec/../share/yosys/ice40/arith_map.v:62.5-70.4
Info:                               LOCAL_PRIVATE_PATH 2026/digital ic/.tools/oss-cad-suite/libexec/../share/yosys/ice40/abc9_model.v:4.9-4.11
Info:      logic  0.28  34.22 Source system.transport.address_SB_DFFESR_Q_15_D_SB_CARRY_I1_CI_SB_CARRY_CO_CI_SB_CARRY_CO_CI_SB_CARRY_CO_CI_SB_CARRY_CO_CI_SB_CARRY_CO_CI_SB_CARRY_CO_CI_SB_CARRY_CO$CARRY.COUT
Info:    routing  0.00  34.22 Net system.transport.address_SB_DFFESR_Q_15_D_SB_CARRY_I1_CI_SB_CARRY_CO_CI_SB_CARRY_CO_CI_SB_CARRY_CO_CI_SB_CARRY_CO_CI_SB_CARRY_CO_CI_SB_CARRY_CO_CI (23,6) -> (23,6)
Info:                          Sink system.transport.address_SB_DFFESR_Q_15_D_SB_CARRY_I1_CI_SB_CARRY_CO_CI_SB_CARRY_CO_CI_SB_CARRY_CO_CI_SB_CARRY_CO_CI_SB_CARRY_CO_CI_SB_CARRY_CO$CARRY.CIN
Info:                          Defined in:
Info:                               rtl/io/flash_stream.sv:87.49-87.85
Info:                               LOCAL_PRIVATE_PATH 2026/digital ic/.tools/oss-cad-suite/libexec/../share/yosys/ice40/arith_map.v:62.5-70.4
Info:                               LOCAL_PRIVATE_PATH 2026/digital ic/.tools/oss-cad-suite/libexec/../share/yosys/ice40/abc9_model.v:4.9-4.11
Info:      logic  0.28  34.50 Source system.transport.address_SB_DFFESR_Q_15_D_SB_CARRY_I1_CI_SB_CARRY_CO_CI_SB_CARRY_CO_CI_SB_CARRY_CO_CI_SB_CARRY_CO_CI_SB_CARRY_CO_CI_SB_CARRY_CO$CARRY.COUT
Info:    routing  0.00  34.50 Net system.transport.address_SB_DFFESR_Q_15_D_SB_CARRY_I1_CI_SB_CARRY_CO_CI_SB_CARRY_CO_CI_SB_CARRY_CO_CI_SB_CARRY_CO_CI_SB_CARRY_CO_CI (23,6) -> (23,6)
Info:                          Sink system.transport.address_SB_DFFESR_Q_15_D_SB_CARRY_I1_CI_SB_CARRY_CO_CI_SB_CARRY_CO_CI_SB_CARRY_CO_CI_SB_CARRY_CO_CI_SB_CARRY_CO$CARRY.CIN
Info:                          Defined in:
Info:                               rtl/io/flash_stream.sv:87.49-87.85
Info:                               LOCAL_PRIVATE_PATH 2026/digital ic/.tools/oss-cad-suite/libexec/../share/yosys/ice40/arith_map.v:62.5-70.4
Info:                               LOCAL_PRIVATE_PATH 2026/digital ic/.tools/oss-cad-suite/libexec/../share/yosys/ice40/abc9_model.v:4.9-4.11
Info:      logic  0.28  34.78 Source system.transport.address_SB_DFFESR_Q_15_D_SB_CARRY_I1_CI_SB_CARRY_CO_CI_SB_CARRY_CO_CI_SB_CARRY_CO_CI_SB_CARRY_CO_CI_SB_CARRY_CO$CARRY.COUT
Info:    routing  0.00  34.78 Net system.transport.address_SB_DFFESR_Q_15_D_SB_CARRY_I1_CI_SB_CARRY_CO_CI_SB_CARRY_CO_CI_SB_CARRY_CO_CI_SB_CARRY_CO_CI (23,6) -> (23,6)
Info:                          Sink system.transport.address_SB_DFFESR_Q_15_D_SB_CARRY_I1_CI_SB_CARRY_CO_CI_SB_CARRY_CO_CI_SB_CARRY_CO_CI_SB_CARRY_CO$CARRY.CIN
Info:                          Defined in:
Info:                               rtl/io/flash_stream.sv:87.49-87.85
Info:                               LOCAL_PRIVATE_PATH 2026/digital ic/.tools/oss-cad-suite/libexec/../share/yosys/ice40/arith_map.v:62.5-70.4
Info:                               LOCAL_PRIVATE_PATH 2026/digital ic/.tools/oss-cad-suite/libexec/../share/yosys/ice40/abc9_model.v:4.9-4.11
Info:      logic  0.28  35.06 Source system.transport.address_SB_DFFESR_Q_15_D_SB_CARRY_I1_CI_SB_CARRY_CO_CI_SB_CARRY_CO_CI_SB_CARRY_CO_CI_SB_CARRY_CO$CARRY.COUT
Info:    routing  0.00  35.06 Net system.transport.address_SB_DFFESR_Q_15_D_SB_CARRY_I1_CI_SB_CARRY_CO_CI_SB_CARRY_CO_CI_SB_CARRY_CO_CI (23,6) -> (23,6)
Info:                          Sink system.transport.address_SB_DFFESR_Q_15_D_SB_CARRY_I1_CI_SB_CARRY_CO_CI_SB_CARRY_CO_CI_SB_CARRY_CO$CARRY.CIN
Info:                          Defined in:
Info:                               rtl/io/flash_stream.sv:87.49-87.85
Info:                               LOCAL_PRIVATE_PATH 2026/digital ic/.tools/oss-cad-suite/libexec/../share/yosys/ice40/arith_map.v:62.5-70.4
Info:                               LOCAL_PRIVATE_PATH 2026/digital ic/.tools/oss-cad-suite/libexec/../share/yosys/ice40/abc9_model.v:4.9-4.11
Info:      logic  0.28  35.33 Source system.transport.address_SB_DFFESR_Q_15_D_SB_CARRY_I1_CI_SB_CARRY_CO_CI_SB_CARRY_CO_CI_SB_CARRY_CO$CARRY.COUT
Info:    routing  0.00  35.33 Net system.transport.address_SB_DFFESR_Q_15_D_SB_CARRY_I1_CI_SB_CARRY_CO_CI_SB_CARRY_CO_CI (23,6) -> (23,6)
Info:                          Sink system.transport.address_SB_DFFESR_Q_15_D_SB_CARRY_I1_CI_SB_CARRY_CO_CI_SB_CARRY_CO$CARRY.CIN
Info:                          Defined in:
Info:                               rtl/io/flash_stream.sv:87.49-87.85
Info:                               LOCAL_PRIVATE_PATH 2026/digital ic/.tools/oss-cad-suite/libexec/../share/yosys/ice40/arith_map.v:62.5-70.4
Info:                               LOCAL_PRIVATE_PATH 2026/digital ic/.tools/oss-cad-suite/libexec/../share/yosys/ice40/abc9_model.v:4.9-4.11
Info:      logic  0.28  35.61 Source system.transport.address_SB_DFFESR_Q_15_D_SB_CARRY_I1_CI_SB_CARRY_CO_CI_SB_CARRY_CO$CARRY.COUT
Info:    routing  0.00  35.61 Net system.transport.address_SB_DFFESR_Q_15_D_SB_CARRY_I1_CI_SB_CARRY_CO_CI (23,6) -> (23,6)
Info:                          Sink system.transport.address_SB_DFFESR_Q_15_D_SB_CARRY_I1_CI_SB_CARRY_CO$CARRY.CIN
Info:                          Defined in:
Info:                               rtl/io/flash_stream.sv:87.49-87.85
Info:                               LOCAL_PRIVATE_PATH 2026/digital ic/.tools/oss-cad-suite/libexec/../share/yosys/ice40/arith_map.v:62.5-70.4
Info:                               LOCAL_PRIVATE_PATH 2026/digital ic/.tools/oss-cad-suite/libexec/../share/yosys/ice40/abc9_model.v:4.9-4.11
Info:      logic  0.28  35.89 Source system.transport.address_SB_DFFESR_Q_15_D_SB_CARRY_I1_CI_SB_CARRY_CO$CARRY.COUT
Info:    routing  0.00  35.89 Net system.transport.address_SB_DFFESR_Q_15_D_SB_CARRY_I1_CI (23,6) -> (23,6)
Info:                          Sink system.transport.address_SB_DFFESR_Q_15_D_SB_CARRY_I1$CARRY.CIN
Info:                          Defined in:
Info:                               rtl/io/flash_stream.sv:87.49-87.85
Info:                               LOCAL_PRIVATE_PATH 2026/digital ic/.tools/oss-cad-suite/libexec/../share/yosys/ice40/arith_map.v:62.5-70.4
Info:                               LOCAL_PRIVATE_PATH 2026/digital ic/.tools/oss-cad-suite/libexec/../share/yosys/ice40/abc9_model.v:4.9-4.11
Info:      logic  0.28  36.17 Source system.transport.address_SB_DFFESR_Q_15_D_SB_CARRY_I1$CARRY.COUT
Info:    routing  0.56  36.72 Net system.transport.address_SB_DFFESR_Q_15_D_SB_CARRY_I1_CO (23,6) -> (23,7)
Info:                          Sink system.transport.address_SB_DFFESR_Q_15_D_SB_CARRY_I1_CO_SB_CARRY_CI$CARRY.CIN
Info:                          Defined in:
Info:                               rtl/io/flash_stream.sv:87.49-87.85
Info:                               LOCAL_PRIVATE_PATH 2026/digital ic/.tools/oss-cad-suite/libexec/../share/yosys/ice40/arith_map.v:62.5-70.4
Info:                               LOCAL_PRIVATE_PATH 2026/digital ic/.tools/oss-cad-suite/libexec/../share/yosys/ice40/abc9_model.v:4.9-4.11
Info:      logic  0.28  37.00 Source system.transport.address_SB_DFFESR_Q_15_D_SB_CARRY_I1_CO_SB_CARRY_CI$CARRY.COUT
Info:    routing  0.00  37.00 Net system.transport.address_SB_DFFESR_Q_15_D_SB_CARRY_I1_CO_SB_CARRY_CI_CO (23,7) -> (23,7)
Info:                          Sink system.transport.address_SB_DFFESR_Q_19_D_SB_LUT4_I2_O_SB_CARRY_I0_CI_SB_CARRY_CO_CI_SB_LUT4_O_LC.CIN
Info:                          Defined in:
Info:                               rtl/io/flash_stream.sv:87.49-87.85
Info:                               LOCAL_PRIVATE_PATH 2026/digital ic/.tools/oss-cad-suite/libexec/../share/yosys/ice40/arith_map.v:62.5-70.4
Info:                               LOCAL_PRIVATE_PATH 2026/digital ic/.tools/oss-cad-suite/libexec/../share/yosys/ice40/cells_map.v:6.21-6.22
Info:      logic  0.28  37.28 Source system.transport.address_SB_DFFESR_Q_19_D_SB_LUT4_I2_O_SB_CARRY_I0_CI_SB_CARRY_CO_CI_SB_LUT4_O_LC.COUT
Info:    routing  0.00  37.28 Net system.transport.address_SB_DFFESR_Q_19_D_SB_LUT4_I2_I3_SB_CARRY_CO_CI (23,7) -> (23,7)
Info:                          Sink system.transport.address_SB_DFFESR_Q_19_D_SB_LUT4_I2_O_SB_CARRY_I0_CI_SB_CARRY_CO_I0_SB_LUT4_O_LC.CIN
Info:                          Defined in:
Info:                               rtl/io/flash_stream.sv:87.49-87.85
Info:                               LOCAL_PRIVATE_PATH 2026/digital ic/.tools/oss-cad-suite/libexec/../share/yosys/ice40/arith_map.v:62.5-70.4
Info:                               LOCAL_PRIVATE_PATH 2026/digital ic/.tools/oss-cad-suite/libexec/../share/yosys/ice40/cells_map.v:6.21-6.22
Info:      logic  0.28  37.56 Source system.transport.address_SB_DFFESR_Q_19_D_SB_LUT4_I2_O_SB_CARRY_I0_CI_SB_CARRY_CO_I0_SB_LUT4_O_LC.COUT
Info:    routing  0.66  38.22 Net $nextpnr_ICESTORM_LC_26$I3 (23,7) -> (23,7)
Info:                          Sink $nextpnr_ICESTORM_LC_26.I3
Info:      logic  0.87  39.10 Source $nextpnr_ICESTORM_LC_26.O
Info:    routing  1.76  40.86 Net system.transport.address_SB_DFFESR_Q_19_D[3] (23,7) -> (23,8)
Info:                          Sink system.transport.address_SB_DFFESR_Q_19_D_SB_LUT4_I2_O_SB_CARRY_I0$CARRY.I3
Info:                          Defined in:
Info:                               rtl/io/flash_stream.sv:87.49-87.85
Info:                               LOCAL_PRIVATE_PATH 2026/digital ic/.tools/oss-cad-suite/libexec/../share/yosys/ice40/arith_map.v:62.5-70.4
Info:                               LOCAL_PRIVATE_PATH 2026/digital ic/.tools/oss-cad-suite/libexec/../share/yosys/ice40/abc9_model.v:4.9-4.11
Info:      logic  0.87  41.73 Source system.transport.address_SB_DFFESR_Q_19_D_SB_LUT4_I2_O_SB_CARRY_I0$CARRY.O
Info:    routing  1.76  43.49 Net system.transport.address_SB_DFFESR_Q_19_D_SB_LUT4_I2_O (23,8) -> (23,8)
Info:                          Sink system.transport.address_SB_DFFESR_Q_19_D_SB_LUT4_I2_O_SB_CARRY_I0$CARRY.I1
Info:      logic  0.68  44.17 Source system.transport.address_SB_DFFESR_Q_19_D_SB_LUT4_I2_O_SB_CARRY_I0$CARRY.COUT
Info:    routing  0.00  44.17 Net system.transport.address_SB_DFFESR_Q_19_D_SB_LUT4_I2_O_SB_CARRY_I0_CO (23,8) -> (23,8)
Info:                          Sink system.transport.address_SB_DFFESR_Q_19_D_SB_LUT4_I2_O_SB_CARRY_I0_CO_SB_CARRY_CI$CARRY.CIN
Info:                          Defined in:
Info:                               rtl/io/flash_stream.sv:87.49-87.100
Info:                               LOCAL_PRIVATE_PATH 2026/digital ic/.tools/oss-cad-suite/libexec/../share/yosys/ice40/arith_map.v:62.5-70.4
Info:                               LOCAL_PRIVATE_PATH 2026/digital ic/.tools/oss-cad-suite/libexec/../share/yosys/ice40/abc9_model.v:4.9-4.11
Info:      logic  0.28  44.44 Source system.transport.address_SB_DFFESR_Q_19_D_SB_LUT4_I2_O_SB_CARRY_I0_CO_SB_CARRY_CI$CARRY.COUT
Info:    routing  0.00  44.44 Net system.transport.address_SB_DFFESR_Q_19_D_SB_LUT4_I2_O_SB_CARRY_I0_CO_SB_CARRY_CI_CO (23,8) -> (23,8)
Info:                          Sink system.transport.address_SB_DFFESR_Q_19_D_SB_LUT4_I2_O_SB_CARRY_I0_CO_SB_CARRY_CI_CO_SB_CARRY_CI$CARRY.CIN
Info:                          Defined in:
Info:                               rtl/io/flash_stream.sv:87.49-87.100
Info:                               LOCAL_PRIVATE_PATH 2026/digital ic/.tools/oss-cad-suite/libexec/../share/yosys/ice40/arith_map.v:62.5-70.4
Info:                               LOCAL_PRIVATE_PATH 2026/digital ic/.tools/oss-cad-suite/libexec/../share/yosys/ice40/abc9_model.v:4.9-4.11
Info:      logic  0.28  44.72 Source system.transport.address_SB_DFFESR_Q_19_D_SB_LUT4_I2_O_SB_CARRY_I0_CO_SB_CARRY_CI_CO_SB_CARRY_CI$CARRY.COUT
Info:    routing  0.66  45.38 Net system.transport.address_SB_DFFESR_Q_19_D_SB_LUT4_I2_O_SB_CARRY_I0_CO_SB_CARRY_CI_CO_SB_CARRY_CI_CO (23,8) -> (23,8)
Info:                          Sink system.transport.address_SB_DFFESR_Q_19_D_SB_LUT4_I2_O_SB_CARRY_I0_CO_SB_CARRY_CI_CO_SB_CARRY_CI_CO_SB_LUT4_I3_LC.I3
Info:                          Defined in:
Info:                               rtl/io/flash_stream.sv:87.49-87.100
Info:                               LOCAL_PRIVATE_PATH 2026/digital ic/.tools/oss-cad-suite/libexec/../share/yosys/ice40/arith_map.v:62.5-70.4
Info:                               LOCAL_PRIVATE_PATH 2026/digital ic/.tools/oss-cad-suite/libexec/../share/yosys/ice40/abc9_model.v:4.9-4.11
Info:      logic  0.87  46.26 Source system.transport.address_SB_DFFESR_Q_19_D_SB_LUT4_I2_O_SB_CARRY_I0_CO_SB_CARRY_CI_CO_SB_CARRY_CI_CO_SB_LUT4_I3_LC.O
Info:    routing  1.76  48.02 Net system.transport.address_SB_DFFESR_Q_19_D_SB_LUT4_I2_O_SB_CARRY_I0_CO_SB_CARRY_CI_CO_SB_CARRY_CI_CO_SB_LUT4_I3_O[2] (23,8) -> (22,8)
Info:                          Sink system.transport.remaining_SB_DFFESR_Q_6_D_SB_LUT4_O_I2_SB_LUT4_O_I3_SB_CARRY_CI_CO_SB_LUT4_I3_O_SB_LUT4_O_I2_SB_LUT4_O_I3_SB_CARRY_CI_CO_SB_CARRY_CI_CO_SB_CARRY_CI_CO_SB_LUT4_I3_O_SB_CARRY_CI_CO_SB_CARRY_CI_CO_SB_CARRY_CI_CO_SB_CARRY_CI_CO_SB_CARRY_CI_CO_SB_CARRY_CI_CO_SB_CARRY_CI_CO_SB_CARRY_CI_CO_SB_CARRY_CI_CO_SB_CARRY_CI_CO_SB_CARRY_CI_CO_SB_CARRY_CI_CO_SB_CARRY_CI_CO_SB_CARRY_CI_CO_SB_CARRY_CI_CO_SB_CARRY_CI_CO_SB_CARRY_CI_CO_SB_CARRY_CI_CO_SB_CARRY_CI_CO_SB_CARRY_CI_CO_SB_CARRY_CI_CO_SB_LUT4_I3_1_O_SB_CARRY_I0_CO_SB_CARRY_CI_CO_SB_CARRY_CI_CO_SB_LUT4_I3_O_SB_LUT4_I3_O_SB_LUT4_O_LC.I3
Info:                          Defined in:
Info:                               LOCAL_PRIVATE_PATH 2026/digital ic/.tools/oss-cad-suite/libexec/../share/yosys/ice40/cells_map.v:6.21-6.22
Info:      logic  0.87  48.89 Source system.transport.remaining_SB_DFFESR_Q_6_D_SB_LUT4_O_I2_SB_LUT4_O_I3_SB_CARRY_CI_CO_SB_LUT4_I3_O_SB_LUT4_O_I2_SB_LUT4_O_I3_SB_CARRY_CI_CO_SB_CARRY_CI_CO_SB_CARRY_CI_CO_SB_LUT4_I3_O_SB_CARRY_CI_CO_SB_CARRY_CI_CO_SB_CARRY_CI_CO_SB_CARRY_CI_CO_SB_CARRY_CI_CO_SB_CARRY_CI_CO_SB_CARRY_CI_CO_SB_CARRY_CI_CO_SB_CARRY_CI_CO_SB_CARRY_CI_CO_SB_CARRY_CI_CO_SB_CARRY_CI_CO_SB_CARRY_CI_CO_SB_CARRY_CI_CO_SB_CARRY_CI_CO_SB_CARRY_CI_CO_SB_CARRY_CI_CO_SB_CARRY_CI_CO_SB_CARRY_CI_CO_SB_CARRY_CI_CO_SB_CARRY_CI_CO_SB_LUT4_I3_1_O_SB_CARRY_I0_CO_SB_CARRY_CI_CO_SB_CARRY_CI_CO_SB_LUT4_I3_O_SB_LUT4_I3_O_SB_LUT4_O_LC.O
Info:    routing  1.76  50.65 Net system.transport.remaining_SB_DFFESR_Q_6_D_SB_LUT4_O_I2_SB_LUT4_O_I3_SB_CARRY_CI_CO_SB_LUT4_I3_O_SB_LUT4_O_I2_SB_LUT4_O_I3_SB_CARRY_CI_CO_SB_CARRY_CI_CO_SB_CARRY_CI_CO_SB_LUT4_I3_O_SB_CARRY_CI_CO_SB_CARRY_CI_CO_SB_CARRY_CI_CO_SB_CARRY_CI_CO_SB_CARRY_CI_CO_SB_CARRY_CI_CO_SB_CARRY_CI_CO_SB_CARRY_CI_CO_SB_CARRY_CI_CO_SB_CARRY_CI_CO_SB_CARRY_CI_CO_SB_CARRY_CI_CO_SB_CARRY_CI_CO_SB_CARRY_CI_CO_SB_CARRY_CI_CO_SB_CARRY_CI_CO_SB_CARRY_CI_CO_SB_CARRY_CI_CO_SB_CARRY_CI_CO_SB_CARRY_CI_CO_SB_CARRY_CI_CO_SB_LUT4_I3_1_O_SB_CARRY_I0_CO_SB_CARRY_CI_CO_SB_CARRY_CI_CO_SB_LUT4_I3_O_SB_LUT4_I3_O[1] (22,8) -> (22,8)
Info:                          Sink system.transport.header_index_SB_DFFESR_Q_E_SB_LUT4_O_I3_SB_LUT4_O_LC.I3
Info:                          Defined in:
Info:                               LOCAL_PRIVATE_PATH 2026/digital ic/.tools/oss-cad-suite/libexec/../share/yosys/ice40/cells_map.v:6.21-6.22
Info:      logic  0.87  51.53 Source system.transport.header_index_SB_DFFESR_Q_E_SB_LUT4_O_I3_SB_LUT4_O_LC.O
Info:    routing  1.76  53.29 Net system.transport.header_index_SB_DFFESR_Q_E_SB_LUT4_O_I1[2] (22,8) -> (21,9)
Info:                          Sink system.transport.header_index_SB_DFFESR_Q_E_SB_LUT4_O_LC.I3
Info:                          Defined in:
Info:                               LOCAL_PRIVATE_PATH 2026/digital ic/.tools/oss-cad-suite/libexec/../share/yosys/ice40/cells_map.v:6.21-6.22
Info:      logic  0.87  54.16 Source system.transport.header_index_SB_DFFESR_Q_E_SB_LUT4_O_LC.O
Info:    routing  4.72  58.89 Net system.transport.header_index_SB_DFFESR_Q_E (21,9) -> (10,14)
Info:                          Sink system.transport.header_index_SB_DFFESR_Q_1_D_SB_LUT4_O_LC.CEN
Info:                          Defined in:
Info:                               rtl/io/flash_stream.sv:69.5-122.8
Info:                               LOCAL_PRIVATE_PATH 2026/digital ic/.tools/oss-cad-suite/libexec/../share/yosys/ice40/ff_map.v:24.66-24.119
Info:                               LOCAL_PRIVATE_PATH 2026/digital ic/.tools/oss-cad-suite/libexec/../share/yosys/ice40/cells_sim.v:595.8-595.9
Info:      setup  0.10  58.99 Source system.transport.header_index_SB_DFFESR_Q_1_D_SB_LUT4_O_LC.CEN
Info: 27.08 ns logic, 31.91 ns routing

Info: Critical path report for cross-domain path '<async>' -> 'posedge clk':
Info:       type curr  total name
Info:     source  0.00  0.00 Source flash_miso$sb_io.D_IN_0
Info:    routing  2.41  2.41 Net flash_miso$SB_IO_IN (23,0) -> (23,4)
Info:                          Sink system.transport.spi.rx_shift_SB_DFFESR_Q_DFFLC.I0
Info:                          Defined in:
Info:                               rtl/io/spi_master.sv:18.16-18.20
Info:      setup  1.23  3.64 Source system.transport.spi.rx_shift_SB_DFFESR_Q_DFFLC.I0
Info: 1.23 ns logic, 2.41 ns routing

Info: Critical path report for cross-domain path 'posedge clk' -> '<async>':
Info:       type curr  total name
Info:   clk-to-q  1.39  1.39 Source system.controller.errors_SB_DFFESR_Q_4_DFFLC.O
Info:    routing  1.76  3.15 Net system.controller.errors[2] (20,11) -> (21,12)
Info:                          Sink status_error_SB_LUT4_O_I3_SB_LUT4_O_1_LC.I0
Info:                          Defined in:
Info:                               LOCAL_PRIVATE_PATH 2026/digital ic/.tools/oss-cad-suite/libexec/../share/yosys/ice40/cells_map.v:6.21-6.22
Info:      logic  1.28  4.43 Source status_error_SB_LUT4_O_I3_SB_LUT4_O_1_LC.O
Info:    routing  3.60  8.03 Net status_error_SB_LUT4_O_I3[0] (21,12) -> (17,17)
Info:                          Sink status_error_SB_LUT4_O_LC.I2
Info:                          Defined in:
Info:                               LOCAL_PRIVATE_PATH 2026/digital ic/.tools/oss-cad-suite/libexec/../share/yosys/ice40/cells_map.v:6.21-6.22
Info:      logic  1.21  9.24 Source status_error_SB_LUT4_O_LC.O
Info:    routing  5.00  14.24 Net status_error$SB_IO_OUT (17,17) -> (18,0)
Info:                          Sink status_error$sb_io.D_OUT_0
Info:                          Defined in:
Info:                               LOCAL_PRIVATE_PATH 2026/digital ic/.tools/oss-cad-suite/libexec/../share/yosys/ice40/cells_map.v:6.21-6.22
Info: 3.88 ns logic, 10.36 ns routing

Info: Max frequency for clock 'clk': 16.95 MHz (PASS at 13.20 MHz)

Info: Clock '$PACKER_GND_NET' has no interior paths

Info: Max delay <async>     -> posedge clk: 3.64 ns
Info: Max delay posedge clk -> <async>    : 14.24 ns

Info: Slack histogram:
Info:  legend: * represents 18 endpoint(s)
Info:          + represents [1,18) endpoint(s)
Info: [ 16769,  19556) |**+
Info: [ 19556,  22343) |+
Info: [ 22343,  25130) |+
Info: [ 25130,  27917) |**+
Info: [ 27917,  30704) |**+
Info: [ 30704,  33491) |**+
Info: [ 33491,  36278) |******+
Info: [ 36278,  39065) |*+
Info: [ 39065,  41852) |**********+
Info: [ 41852,  44639) |*********+
Info: [ 44639,  47426) |*******+
Info: [ 47426,  50213) |*****************+
Info: [ 50213,  53000) |*********************+
Info: [ 53000,  55787) |**************************+
Info: [ 55787,  58574) |*****************************+
Info: [ 58574,  61361) |*************************+
Info: [ 61361,  64148) |************************************************************
Info: [ 64148,  66935) |***************+
Info: [ 66935,  69722) |*******************************+
Info: [ 69722,  72509) |*******************************************************+
1 warning, 0 errors

Info: Program finished normally.
