- V e r i l a t i o n   R e p o r t: Verilator 5.051 devel rev v5.050-312-gb1c06fdb0 (mod)
- Verilator: Built from 0.121 MB sources in 5 modules, into 0.185 MB in 5 C++ files needing 0.001 MB
- Verilator: Walltime 0.024 s (elab=0.003, cvt=0.013, bld=0.000); cpu 0.023 s on 1 threads; allocated 15.828 MB
g++  -I.  -MMD -ILOCAL_TEMP_PATH -ILOCAL_TEMP_PATH -DVERILATOR=1 -DVM_COVERAGE=0 -DVM_SC=0 -DVM_TIMING=0 -DVM_TRACE=0 -DVM_TRACE_FST=0 -DVM_TRACE_VCD=0 -DVM_TRACE_SAIF=0 -DVM_VPI=0 -faligned-new -fbracket-depth=4096 -fcf-protection=none -Xclang -fno-pch-timestamp -Qunused-arguments  -Wno-c++11-narrowing -Wno-constant-logical-operand -Wno-int-in-bool-context -Wno-non-pod-varargs -Wno-parentheses-equality -Wno-shadow -Wno-sign-compare  -Wno-tautological-compare -Wno-uninitialized -Wno-unnecessary-virtual-specifier -Wno-unused-but-set-parameter -Wno-unused-but-set-variable -Wno-unused-parameter -Wno-unused-variable -Wno-vla-cxx-extension    -std=c++17 -O3   -Os  -c -o known_native_main.o LOCAL_TEMP_PATH
g++ -Os  -I.  -MMD -ILOCAL_TEMP_PATH -ILOCAL_TEMP_PATH -DVERILATOR=1 -DVM_COVERAGE=0 -DVM_SC=0 -DVM_TIMING=0 -DVM_TRACE=0 -DVM_TRACE_FST=0 -DVM_TRACE_VCD=0 -DVM_TRACE_SAIF=0 -DVM_VPI=0 -faligned-new -fbracket-depth=4096 -fcf-protection=none -Xclang -fno-pch-timestamp -Qunused-arguments  -Wno-c++11-narrowing -Wno-constant-logical-operand -Wno-int-in-bool-context -Wno-non-pod-varargs -Wno-parentheses-equality -Wno-shadow -Wno-sign-compare  -Wno-tautological-compare -Wno-uninitialized -Wno-unnecessary-virtual-specifier -Wno-unused-but-set-parameter -Wno-unused-but-set-variable -Wno-unused-parameter -Wno-unused-variable -Wno-vla-cxx-extension    -std=c++17 -O3   -c -o verilated.o LOCAL_TEMP_PATH
g++ -Os  -I.  -MMD -ILOCAL_TEMP_PATH -ILOCAL_TEMP_PATH -DVERILATOR=1 -DVM_COVERAGE=0 -DVM_SC=0 -DVM_TIMING=0 -DVM_TRACE=0 -DVM_TRACE_FST=0 -DVM_TRACE_VCD=0 -DVM_TRACE_SAIF=0 -DVM_VPI=0 -faligned-new -fbracket-depth=4096 -fcf-protection=none -Xclang -fno-pch-timestamp -Qunused-arguments  -Wno-c++11-narrowing -Wno-constant-logical-operand -Wno-int-in-bool-context -Wno-non-pod-varargs -Wno-parentheses-equality -Wno-shadow -Wno-sign-compare  -Wno-tautological-compare -Wno-uninitialized -Wno-unnecessary-virtual-specifier -Wno-unused-but-set-parameter -Wno-unused-but-set-variable -Wno-unused-parameter -Wno-unused-variable -Wno-vla-cxx-extension    -std=c++17 -O3   -c -o verilated_threads.o LOCAL_TEMP_PATH
python3 LOCAL_TEMP_PATH -DVL_INCLUDE_OPT=include Vknown_spectral_core.cpp Vknown_spectral_core___024root__0.cpp Vknown_spectral_core___024root__Slow.cpp Vknown_spectral_core___024root__0__Slow.cpp Vknown_spectral_core__Syms__Slow.cpp > Vknown_spectral_core__ALL.cpp
g++ -Os  -I.  -MMD -ILOCAL_TEMP_PATH -ILOCAL_TEMP_PATH -DVERILATOR=1 -DVM_COVERAGE=0 -DVM_SC=0 -DVM_TIMING=0 -DVM_TRACE=0 -DVM_TRACE_FST=0 -DVM_TRACE_VCD=0 -DVM_TRACE_SAIF=0 -DVM_VPI=0 -faligned-new -fbracket-depth=4096 -fcf-protection=none -Xclang -fno-pch-timestamp -Qunused-arguments  -Wno-c++11-narrowing -Wno-constant-logical-operand -Wno-int-in-bool-context -Wno-non-pod-varargs -Wno-parentheses-equality -Wno-shadow -Wno-sign-compare  -Wno-tautological-compare -Wno-uninitialized -Wno-unnecessary-virtual-specifier -Wno-unused-but-set-parameter -Wno-unused-but-set-variable -Wno-unused-parameter -Wno-unused-variable -Wno-vla-cxx-extension    -std=c++17 -O3   -c -o Vknown_spectral_core__ALL.o Vknown_spectral_core__ALL.cpp
g++  -Wl,-U,__Z15vl_time_stamp64v,-U,__Z13sc_time_stampv,-U,_vlog_startup_routines   known_native_main.o verilated.o verilated_threads.o Vknown_spectral_core__ALL.a    -pthread -lpthread   -o Vknown_spectral_core
rm Vknown_spectral_core__ALL.verilator_deplist.tmp
Compiler cache MISS 3bd7d999bd23 (1.793s)
Traceback (most recent call last):
  File "PROJECT_ROOT/scripts/test_known_native.py", line 47, in <module>
    with threadpool_limits(limits=2):main()
                                     ^^^^^^
  File "PROJECT_ROOT/scripts/test_known_native.py", line 40, in main
    with (out/'test.log').open('w') as f:result=subprocess.run([str(exe),str(vector),str(report),str(a.lanes),str(a.period),str(a.quant_pipeline)],cwd=ROOT,stdout=f,stderr=subprocess.STDOUT)
                                                ^^^^^^^^^^^^^^^^^^^^^^^^^^^^^^^^^^^^^^^^^^^^^^^^^^^^^^^^^^^^^^^^^^^^^^^^^^^^^^^^^^^^^^^^^^^^^^^^^^^^^^^^^^^^^^^^^^^^^^^^^^^^^^^^^^^^^^^^^^^^^^
  File "LOCAL_PRIVATE_PATH", line 550, in run
    stdout, stderr = process.communicate(input, timeout=timeout)
                     ^^^^^^^^^^^^^^^^^^^^^^^^^^^^^^^^^^^^^^^^^^^
  File "LOCAL_PRIVATE_PATH", line 1201, in communicate
    self.wait()
  File "LOCAL_PRIVATE_PATH", line 1264, in wait
    return self._wait(timeout=timeout)
           ^^^^^^^^^^^^^^^^^^^^^^^^^^^
  File "LOCAL_PRIVATE_PATH", line 2053, in _wait
    (pid, sts) = self._try_wait(0)
                 ^^^^^^^^^^^^^^^^^
  File "LOCAL_PRIVATE_PATH", line 2011, in _try_wait
    (pid, sts) = os.waitpid(self.pid, wait_flags)
                 ^^^^^^^^^^^^^^^^^^^^^^^^^^^^^^^^
KeyboardInterrupt
