mkdir: /home/researcher/.config/yosyshq: Operation not permitted
mkdir: /home/researcher/.local/share/yosyshq: Operation not permitted
Info: constrained 'clk12' to bel 'X19/Y0/io1'
Info: constrained 'flash_cs_n' to bel 'X24/Y0/io1'
Info: constrained 'flash_sclk' to bel 'X24/Y0/io0'
Info: constrained 'flash_mosi' to bel 'X23/Y0/io1'
Info: constrained 'flash_miso' to bel 'X23/Y0/io0'
Info: constrained 'sensor_cs_n' to bel 'X19/Y31/io0'
Info: constrained 'sensor_sclk' to bel 'X19/Y31/io1'
Info: constrained 'sensor_mosi' to bel 'X18/Y31/io0'
Info: constrained 'sensor_miso' to bel 'X18/Y31/io1'
Info: constrained 'sensor_drdy' to bel 'X16/Y31/io0'
Info: constrained 'status_done' to bel 'X18/Y0/io1'
Info: constrained 'status_error' to bel 'X18/Y0/io0'
Info: constrained 'status_running' to bel 'X19/Y0/io0'

Info: Packing constants..
Info: Packing IOs..
Info: Packing LUT-FFs..
Info:     2605 LCs used as LUT4 only
Info:     1176 LCs used as LUT4 and DFF
Info: Packing non-LUT FFs..
Info:      558 LCs used as DFF only
Info: Packing carries..
Info:      525 LCs used as CARRY only
Info: Packing indirect carry+LUT pairs...
Info:       86 LUTs merged into carry LCs
Info: Packing RAMs..
Info: Placing PLLs..
Info: Packing special functions..
Info: Packing PLLs..
Info: Promoting globals..
Info: promoting clk12$SB_IO_IN (fanout 1755)
Info: promoting rst [reset] (fanout 1400)
Info: promoting system.watchdog_SB_DFFSR_Q_9_D_SB_LUT4_O_I1_SB_LUT4_O_I3_SB_CARRY_CI_CO_SB_LUT4_I3_O[1] [reset] (fanout 85)
Info: promoting system.calibration.busy_SB_LUT4_I2_O [cen] (fanout 150)
Info: promoting system.calibration.out_valid_SB_LUT4_I2_O [cen] (fanout 128)
Info: promoting system.capture.sample_valid_SB_LUT4_I0_1_O [cen] (fanout 48)
Info: promoting system.with_spectrum.spectrum.dsp.quant_work_SB_DFFESR_Q_E [cen] (fanout 43)
Info: promoting $PACKER_GND_NET (fanout 2)
Info: Constraining chains...
Info:       93 LCs used to legalise carry chains.
Info: Checksum: 0x635c7e58

Info: Device utilisation:
Info: 	         ICESTORM_LC:    4874/   5280    92%
Info: 	        ICESTORM_RAM:       9/     30    30%
Info: 	               SB_IO:      13/     39    33%
Info: 	               SB_GB:       8/      8   100%
Info: 	        ICESTORM_PLL:       0/      1     0%
Info: 	         SB_WARMBOOT:       0/      1     0%
Info: 	        ICESTORM_DSP:       1/      8    12%
Info: 	      ICESTORM_HFOSC:       0/      1     0%
Info: 	      ICESTORM_LFOSC:       0/      1     0%
Info: 	              SB_I2C:       0/      2     0%
Info: 	              SB_SPI:       0/      2     0%
Info: 	              IO_I3C:       0/      2     0%
Info: 	         SB_LEDDA_IP:       0/      1     0%
Info: 	         SB_RGBA_DRV:       0/      1     0%
Info: 	      ICESTORM_SPRAM:       4/      4   100%

Info: Placed 13 cells based on constraints.
Info: Creating initial analytic placement for 3232 cells, random placement wirelen = 108865.
Info:     at initial placer iter 0, wirelen = 2119
Info:     at initial placer iter 1, wirelen = 2350
Info:     at initial placer iter 2, wirelen = 2534
Info:     at initial placer iter 3, wirelen = 2359
Info: Running main analytical placer, max placement attempts per cell = 3012285.
Info:     at iteration #1, type ALL: wirelen solved = 2570, spread = 49921, legal = 57934; time = 0.29s
Info:     at iteration #2, type ALL: wirelen solved = 2683, spread = 39811, legal = 50867; time = 0.29s
Info:     at iteration #3, type ALL: wirelen solved = 3830, spread = 36646, legal = 46833; time = 0.33s
Info:     at iteration #4, type ALL: wirelen solved = 4673, spread = 32234, legal = 43135; time = 0.30s
Info:     at iteration #5, type ALL: wirelen solved = 5932, spread = 29921, legal = 37422; time = 0.23s
Info:     at iteration #6, type ALL: wirelen solved = 6472, spread = 29576, legal = 36063; time = 0.06s
Info:     at iteration #7, type ALL: wirelen solved = 7114, spread = 29004, legal = 33730; time = 0.04s
Info:     at iteration #8, type ALL: wirelen solved = 7633, spread = 28489, legal = 33162; time = 0.04s
Info:     at iteration #9, type ALL: wirelen solved = 8103, spread = 28360, legal = 33289; time = 0.04s
Info:     at iteration #10, type ALL: wirelen solved = 8909, spread = 27747, legal = 32072; time = 0.04s
Info:     at iteration #11, type ALL: wirelen solved = 9078, spread = 27484, legal = 34450; time = 0.09s
Info:     at iteration #12, type ALL: wirelen solved = 9328, spread = 27179, legal = 31084; time = 0.03s
Info:     at iteration #13, type ALL: wirelen solved = 9724, spread = 25740, legal = 30407; time = 0.03s
Info:     at iteration #14, type ALL: wirelen solved = 10586, spread = 25190, legal = 31023; time = 0.05s
Info:     at iteration #15, type ALL: wirelen solved = 10702, spread = 24143, legal = 29003; time = 0.03s
Info:     at iteration #16, type ALL: wirelen solved = 11120, spread = 23814, legal = 28549; time = 0.03s
Info:     at iteration #17, type ALL: wirelen solved = 11378, spread = 23465, legal = 27977; time = 0.03s
Info:     at iteration #18, type ALL: wirelen solved = 11652, spread = 22864, legal = 27953; time = 0.03s
Info:     at iteration #19, type ALL: wirelen solved = 11793, spread = 23047, legal = 28214; time = 0.03s
Info:     at iteration #20, type ALL: wirelen solved = 12363, spread = 22397, legal = 28659; time = 0.04s
Info:     at iteration #21, type ALL: wirelen solved = 12675, spread = 22600, legal = 27456; time = 0.03s
Info:     at iteration #22, type ALL: wirelen solved = 12805, spread = 22582, legal = 27672; time = 0.03s
Info:     at iteration #23, type ALL: wirelen solved = 13127, spread = 22808, legal = 28120; time = 0.03s
Info:     at iteration #24, type ALL: wirelen solved = 13480, spread = 22748, legal = 27690; time = 0.03s
Info:     at iteration #25, type ALL: wirelen solved = 13581, spread = 22693, legal = 27346; time = 0.03s
Info:     at iteration #26, type ALL: wirelen solved = 13803, spread = 22490, legal = 28051; time = 0.03s
Info:     at iteration #27, type ALL: wirelen solved = 14516, spread = 22447, legal = 27432; time = 0.03s
Info:     at iteration #28, type ALL: wirelen solved = 14284, spread = 22790, legal = 28075; time = 0.03s
Info:     at iteration #29, type ALL: wirelen solved = 14755, spread = 22539, legal = 26595; time = 0.03s
Info:     at iteration #30, type ALL: wirelen solved = 14757, spread = 22279, legal = 27682; time = 0.03s
Info:     at iteration #31, type ALL: wirelen solved = 15128, spread = 22342, legal = 26785; time = 0.03s
Info:     at iteration #32, type ALL: wirelen solved = 15195, spread = 22201, legal = 26937; time = 0.03s
Info:     at iteration #33, type ALL: wirelen solved = 15458, spread = 22446, legal = 26836; time = 0.03s
Info:     at iteration #34, type ALL: wirelen solved = 15915, spread = 22476, legal = 26568; time = 0.03s
Info:     at iteration #35, type ALL: wirelen solved = 15594, spread = 22224, legal = 26470; time = 0.03s
Info:     at iteration #36, type ALL: wirelen solved = 15722, spread = 22253, legal = 26874; time = 0.03s
Info:     at iteration #37, type ALL: wirelen solved = 15641, spread = 22622, legal = 27606; time = 0.03s
Info:     at iteration #38, type ALL: wirelen solved = 16265, spread = 23100, legal = 27489; time = 0.03s
Info:     at iteration #39, type ALL: wirelen solved = 16310, spread = 22830, legal = 27723; time = 0.03s
Info:     at iteration #40, type ALL: wirelen solved = 16479, spread = 23222, legal = 27440; time = 0.03s
Info: HeAP Placer Time: 3.15s
Info:   of which solving equations: 1.00s
Info:   of which spreading cells: 0.13s
Info:   of which strict legalisation: 1.66s

Info: Running simulated annealing placer for refinement.
Info:   at iteration #1: temp = 0.000000, timing cost = 1844, wirelen = 26470
Info:   at iteration #5: temp = 0.000000, timing cost = 1914, wirelen = 23492
Info:   at iteration #10: temp = 0.000000, timing cost = 1932, wirelen = 22491
Info:   at iteration #15: temp = 0.000000, timing cost = 1813, wirelen = 21884
Info:   at iteration #20: temp = 0.000000, timing cost = 1813, wirelen = 21631
Info:   at iteration #25: temp = 0.000000, timing cost = 1818, wirelen = 21577
Info:   at iteration #29: temp = 0.000000, timing cost = 1820, wirelen = 21565 
Info: SA placement time 1.43s

Info: Max frequency for clock 'clk12$SB_IO_IN_$glb_clk': 17.01 MHz (PASS at 12.00 MHz)

Info: Clock '$PACKER_GND_NET_$glb_clk' has no interior paths

Info: Max delay <async>                         -> posedge clk12$SB_IO_IN_$glb_clk: 4.14 ns
Info: Max delay posedge clk12$SB_IO_IN_$glb_clk -> <async>                        : 16.88 ns

Info: Slack histogram:
Info:  legend: * represents 20 endpoint(s)
Info:          + represents [1,20) endpoint(s)
Info: [ 24545,  27335) |+
Info: [ 27335,  30125) |+
Info: [ 30125,  32915) |*+
Info: [ 32915,  35705) |+
Info: [ 35705,  38495) |**+
Info: [ 38495,  41285) |**+
Info: [ 41285,  44075) |*********+
Info: [ 44075,  46865) |*********+
Info: [ 46865,  49655) |******+
Info: [ 49655,  52445) |******+
Info: [ 52445,  55235) |***************+
Info: [ 55235,  58025) |*************+
Info: [ 58025,  60815) |************************************************************ 
Info: [ 60815,  63605) |***************************************************+
Info: [ 63605,  66395) |*******************+
Info: [ 66395,  69185) |*****************+
Info: [ 69185,  71975) |*******************+
Info: [ 71975,  74765) |************************+
Info: [ 74765,  77555) |***************************************+
Info: [ 77555,  80345) |************************************************+
Info: Checksum: 0x1bd6f737

Info: Routing..
Info: Setting up routing queue.
Info: Routing 15706 arcs.
Info:            |   (re-)routed arcs  |   delta    | remaining|       time spent     |
Info:    IterCnt |  w/ripup   wo/ripup |  w/r  wo/r |      arcs| batch(sec) total(sec)|
Info:       1000 |      144        855 |  144   855 |     14930|       0.33       0.33|
Info:       2000 |      430       1569 |  286   714 |     14398|       0.12       0.45|
Info:       3000 |      840       2159 |  410   590 |     14126|       0.12       0.57|
Info:       4000 |     1304       2695 |  464   536 |     13862|       0.12       0.68|
Info:       5000 |     1804       3195 |  500   500 |     13635|       0.11       0.79|
Info:       6000 |     2319       3680 |  515   485 |     13347|       0.14       0.93|
Info:       7000 |     2688       4311 |  369   631 |     12928|       0.11       1.04|
Info:       8000 |     3231       4768 |  543   457 |     12647|       0.11       1.15|
Info:       9000 |     3778       5206 |  547   438 |     12345|       0.10       1.25|
Info:      10000 |     4439       5545 |  661   339 |     12214|       0.11       1.36|
Info:      11000 |     5049       5935 |  610   390 |     12095|       0.13       1.49|
Info:      12000 |     5732       6252 |  683   317 |     12047|       0.11       1.60|
Info:      13000 |     6315       6669 |  583   417 |     11778|       0.11       1.71|
Info:      14000 |     6872       7027 |  557   358 |     11500|       0.09       1.80|
Info:      15000 |     7295       7497 |  423   470 |     11049|       0.09       1.90|
Info:      16000 |     7720       8044 |  425   547 |     10599|       0.10       2.00|
Info:      17000 |     8173       8530 |  453   486 |     10147|       0.10       2.10|
Info:      18000 |     8580       9031 |  407   501 |      9670|       0.09       2.19|
Info:      19000 |     8986       9575 |  406   544 |      9179|       0.10       2.29|
Info:      20000 |     9541       9993 |  555   418 |      8882|       0.13       2.42|
Info:      21000 |    10133      10401 |  592   408 |      8643|       0.12       2.54|
Info:      22000 |    10839      10667 |  706   266 |      8534|       0.12       2.66|
Info:      23000 |    11351      11100 |  512   433 |      8189|       0.13       2.79|
Info:      24000 |    11693      11667 |  342   567 |      7637|       0.10       2.89|
Info:      25000 |    12044      12270 |  351   603 |      7066|       0.10       2.99|
Info:      26000 |    12312      12850 |  268   580 |      6423|       0.06       3.05|
Info:      27000 |    12670      13449 |  358   599 |      5911|       0.08       3.13|
Info:      28000 |    12933      14138 |  263   689 |      5360|       0.09       3.22|
Info:      29000 |    13284      14768 |  351   630 |      4890|       0.07       3.30|
Info:      30000 |    13799      15218 |  515   450 |      4555|       0.12       3.41|
Info:      31000 |    14135      15608 |  336   390 |      4015|       0.11       3.52|
Info:      32000 |    14706      15982 |  571   374 |      3778|       0.15       3.67|
Info:      33000 |    15371      16317 |  665   335 |      3688|       0.14       3.81|
Info:      34000 |    15724      16929 |  353   612 |      3152|       0.12       3.93|
Info:      35000 |    16256      17396 |  532   467 |      2838|       0.14       4.06|
Info:      36000 |    16609      17997 |  353   601 |      2347|       0.11       4.17|
Info:      37000 |    16977      18626 |  368   629 |      1867|       0.08       4.25|
Info:      38000 |    17190      19382 |  213   756 |      1140|       0.05       4.29|
Info:      39000 |    17498      20072 |  308   690 |       604|       0.15       4.44|
Info:      39854 |    17662      20755 |  164   683 |         0|       0.15       4.59|
Info: Routing complete.
Info: Router1 time 4.59s
Info: Checksum: 0xaf1950db

Info: Critical path report for clock 'clk12$SB_IO_IN_$glb_clk' (posedge -> posedge):
Info:       type curr  total name
Info:   clk-to-q  1.39  1.39 Source system.write_position_SB_DFFESR_Q_11_D_SB_LUT4_O_LC.O
Info:    routing  2.41  3.80 Net system.write_position[5] (17,9) -> (17,11)
Info:                          Sink system.transport.spi.tx_shift_SB_DFFESR_Q_6_D_SB_LUT4_O_I3_SB_LUT4_O_1_I3_SB_LUT4_O_I3_SB_LUT4_O_2_I3_SB_LUT4_O_1_I3_SB_LUT4_O_I3_SB_LUT4_O_1_I2_SB_LUT4_O_I0_SB_LUT4_O_I2_SB_LUT4_O_LC.I2
Info:                          Defined in:
Info:                               rtl/upduino_sensor.sv:315.37-315.56
Info:                               ./.tools/oss-cad-suite/libexec/../share/yosys/ice40/arith_map.v:62.5-70.4
Info:                               ./.tools/oss-cad-suite/libexec/../share/yosys/ice40/cells_map.v:6.21-6.22
Info:      logic  1.21  5.00 Source system.transport.spi.tx_shift_SB_DFFESR_Q_6_D_SB_LUT4_O_I3_SB_LUT4_O_1_I3_SB_LUT4_O_I3_SB_LUT4_O_2_I3_SB_LUT4_O_1_I3_SB_LUT4_O_I3_SB_LUT4_O_1_I2_SB_LUT4_O_I0_SB_LUT4_O_I2_SB_LUT4_O_LC.O
Info:    routing  1.76  6.76 Net system.write_position_SB_DFFESR_Q_15_D_SB_LUT4_I3_O_SB_LUT4_O_1_I3_SB_LUT4_O_1_I3_SB_LUT4_O_1_I3_SB_LUT4_O_1_I2_SB_LUT4_O_I3_SB_LUT4_O_2_I3_SB_LUT4_O_I1_SB_LUT4_I3_O_SB_LUT4_O_1_I2[0] (17,11) -> (17,11)
Info:                          Sink system.write_position_SB_DFFESR_Q_15_D_SB_LUT4_I3_O_SB_LUT4_O_1_I3_SB_LUT4_O_1_I3_SB_LUT4_O_1_I3_SB_LUT4_O_1_I2_SB_LUT4_O_I3_SB_LUT4_O_2_I3_SB_LUT4_O_I1_SB_LUT4_I3_O_SB_LUT4_O_1_I2_SB_LUT4_I3_LC.I2
Info:                          Defined in:
Info:                               ./.tools/oss-cad-suite/libexec/../share/yosys/ice40/cells_map.v:6.21-6.22
Info:      logic  1.21  7.97 Source system.write_position_SB_DFFESR_Q_15_D_SB_LUT4_I3_O_SB_LUT4_O_1_I3_SB_LUT4_O_1_I3_SB_LUT4_O_1_I3_SB_LUT4_O_1_I2_SB_LUT4_O_I3_SB_LUT4_O_2_I3_SB_LUT4_O_I1_SB_LUT4_I3_O_SB_LUT4_O_1_I2_SB_LUT4_I3_LC.O
Info:    routing  2.99  10.96 Net system.write_position_SB_DFFESR_Q_15_D_SB_LUT4_I3_O_SB_LUT4_O_1_I3_SB_LUT4_O_1_I3_SB_LUT4_O_1_I3_SB_LUT4_O_1_I2_SB_LUT4_O_I3_SB_LUT4_O_2_I3_SB_LUT4_O_I1_SB_LUT4_I3_O_SB_LUT4_O_1_I2_SB_LUT4_I3_O[3] (17,11) -> (17,18)
Info:                          Sink system.transport.spi.tx_shift_SB_DFFESR_Q_6_D_SB_LUT4_O_I3_SB_LUT4_O_1_I3_SB_LUT4_O_I3_SB_LUT4_O_2_I3_SB_LUT4_O_1_I3_SB_LUT4_O_I3_SB_LUT4_O_1_I2_SB_LUT4_O_I3_SB_LUT4_O_1_I2_SB_LUT4_O_I3_SB_LUT4_I3_O_SB_LUT4_O_LC.I3
Info:                          Defined in:
Info:                               ./.tools/oss-cad-suite/libexec/../share/yosys/ice40/cells_map.v:6.21-6.22
Info:      logic  0.87  11.84 Source system.transport.spi.tx_shift_SB_DFFESR_Q_6_D_SB_LUT4_O_I3_SB_LUT4_O_1_I3_SB_LUT4_O_I3_SB_LUT4_O_2_I3_SB_LUT4_O_1_I3_SB_LUT4_O_I3_SB_LUT4_O_1_I2_SB_LUT4_O_I3_SB_LUT4_O_1_I2_SB_LUT4_O_I3_SB_LUT4_I3_O_SB_LUT4_O_LC.O
Info:    routing  2.95  14.79 Net system.write_position_SB_DFFESR_Q_15_D_SB_LUT4_I3_O_SB_LUT4_O_1_I3_SB_LUT4_O_1_I3_SB_LUT4_O_1_I3_SB_LUT4_O_1_I2_SB_LUT4_O_I3_SB_LUT4_O_2_I3_SB_LUT4_O_I1_SB_LUT4_I2_O_SB_LUT4_I2_I3_SB_LUT4_O_I3_SB_LUT4_O_1_I3_SB_LUT4_I3_2_O_SB_LUT4_I3_O[1] (17,18) -> (14,16)
Info:                          Sink system.write_position_SB_DFFESR_Q_15_D_SB_LUT4_I3_O_SB_LUT4_O_1_I3_SB_LUT4_O_1_I3_SB_LUT4_O_1_I3_SB_LUT4_O_1_I2_SB_LUT4_O_I3_SB_LUT4_O_2_I3_SB_LUT4_O_I1_SB_LUT4_I3_O_SB_LUT4_O_1_I3_SB_LUT4_I3_O_SB_LUT4_I2_O_SB_LUT4_O_1_I3_SB_LUT4_O_2_I3_SB_LUT4_O_1_I3_SB_LUT4_O_1_LC.I3
Info:                          Defined in:
Info:                               ./.tools/oss-cad-suite/libexec/../share/yosys/ice40/cells_map.v:6.21-6.22
Info:      logic  0.87  15.66 Source system.write_position_SB_DFFESR_Q_15_D_SB_LUT4_I3_O_SB_LUT4_O_1_I3_SB_LUT4_O_1_I3_SB_LUT4_O_1_I3_SB_LUT4_O_1_I2_SB_LUT4_O_I3_SB_LUT4_O_2_I3_SB_LUT4_O_I1_SB_LUT4_I3_O_SB_LUT4_O_1_I3_SB_LUT4_I3_O_SB_LUT4_I2_O_SB_LUT4_O_1_I3_SB_LUT4_O_2_I3_SB_LUT4_O_1_I3_SB_LUT4_O_1_LC.O
Info:    routing  1.76  17.42 Net system.write_position_SB_DFFESR_Q_15_D_SB_LUT4_I3_O_SB_LUT4_O_1_I3_SB_LUT4_O_1_I3_SB_LUT4_O_1_I3_SB_LUT4_O_1_I2_SB_LUT4_O_I3_SB_LUT4_O_2_I3_SB_LUT4_O_I1_SB_LUT4_I3_O_SB_LUT4_O_1_I3_SB_LUT4_I3_O_SB_LUT4_I2_O_SB_LUT4_O_1_I3_SB_LUT4_O_2_I3_SB_LUT4_O_1_I3[3] (14,16) -> (13,15)
Info:                          Sink system.write_position_SB_DFFESR_Q_15_D_SB_LUT4_I3_O_SB_LUT4_O_1_I3_SB_LUT4_O_1_I3_SB_LUT4_O_1_I3_SB_LUT4_O_1_I2_SB_LUT4_O_I3_SB_LUT4_O_2_I3_SB_LUT4_O_I1_SB_LUT4_I3_O_SB_LUT4_O_1_I3_SB_LUT4_I3_O_SB_LUT4_I2_O_SB_LUT4_O_1_I3_SB_LUT4_O_2_I3_SB_LUT4_O_1_LC.I3
Info:                          Defined in:
Info:                               ./.tools/oss-cad-suite/libexec/../share/yosys/ice40/cells_map.v:6.21-6.22
Info:      logic  0.87  18.30 Source system.write_position_SB_DFFESR_Q_15_D_SB_LUT4_I3_O_SB_LUT4_O_1_I3_SB_LUT4_O_1_I3_SB_LUT4_O_1_I3_SB_LUT4_O_1_I2_SB_LUT4_O_I3_SB_LUT4_O_2_I3_SB_LUT4_O_I1_SB_LUT4_I3_O_SB_LUT4_O_1_I3_SB_LUT4_I3_O_SB_LUT4_I2_O_SB_LUT4_O_1_I3_SB_LUT4_O_2_I3_SB_LUT4_O_1_LC.O
Info:    routing  1.76  20.06 Net system.write_position_SB_DFFESR_Q_15_D_SB_LUT4_I3_O_SB_LUT4_O_1_I3_SB_LUT4_O_1_I3_SB_LUT4_O_1_I3_SB_LUT4_O_1_I2_SB_LUT4_O_I3_SB_LUT4_O_2_I3_SB_LUT4_O_I1_SB_LUT4_I3_O_SB_LUT4_O_1_I3_SB_LUT4_I3_O_SB_LUT4_I2_O_SB_LUT4_O_1_I3_SB_LUT4_O_2_I3[3] (13,15) -> (14,15)
Info:                          Sink system.write_position_SB_DFFESR_Q_15_D_SB_LUT4_I3_O_SB_LUT4_O_1_I3_SB_LUT4_O_1_I3_SB_LUT4_O_1_I3_SB_LUT4_O_1_I2_SB_LUT4_O_I3_SB_LUT4_O_2_I3_SB_LUT4_O_I1_SB_LUT4_I3_O_SB_LUT4_O_1_I3_SB_LUT4_I3_O_SB_LUT4_I2_O_SB_LUT4_O_1_I3_SB_LUT4_O_2_LC.I3
Info:                          Defined in:
Info:                               ./.tools/oss-cad-suite/libexec/../share/yosys/ice40/cells_map.v:6.21-6.22
Info:      logic  0.87  20.93 Source system.write_position_SB_DFFESR_Q_15_D_SB_LUT4_I3_O_SB_LUT4_O_1_I3_SB_LUT4_O_1_I3_SB_LUT4_O_1_I3_SB_LUT4_O_1_I2_SB_LUT4_O_I3_SB_LUT4_O_2_I3_SB_LUT4_O_I1_SB_LUT4_I3_O_SB_LUT4_O_1_I3_SB_LUT4_I3_O_SB_LUT4_I2_O_SB_LUT4_O_1_I3_SB_LUT4_O_2_LC.O
Info:    routing  1.76  22.69 Net system.write_position_SB_DFFESR_Q_15_D_SB_LUT4_I3_O_SB_LUT4_O_1_I3_SB_LUT4_O_1_I3_SB_LUT4_O_1_I3_SB_LUT4_O_1_I2_SB_LUT4_O_I3_SB_LUT4_O_2_I3_SB_LUT4_O_I1_SB_LUT4_I3_O_SB_LUT4_O_1_I3_SB_LUT4_I3_O_SB_LUT4_I2_O_SB_LUT4_O_1_I3[3] (14,15) -> (14,16)
Info:                          Sink system.write_position_SB_DFFESR_Q_15_D_SB_LUT4_I3_O_SB_LUT4_O_1_I3_SB_LUT4_O_1_I3_SB_LUT4_O_1_I3_SB_LUT4_O_1_I2_SB_LUT4_O_I3_SB_LUT4_O_2_I3_SB_LUT4_O_I1_SB_LUT4_I3_O_SB_LUT4_O_1_I3_SB_LUT4_I3_O_SB_LUT4_I2_O_SB_LUT4_O_1_LC.I3
Info:                          Defined in:
Info:                               ./.tools/oss-cad-suite/libexec/../share/yosys/ice40/cells_map.v:6.21-6.22
Info:      logic  0.87  23.57 Source system.write_position_SB_DFFESR_Q_15_D_SB_LUT4_I3_O_SB_LUT4_O_1_I3_SB_LUT4_O_1_I3_SB_LUT4_O_1_I3_SB_LUT4_O_1_I2_SB_LUT4_O_I3_SB_LUT4_O_2_I3_SB_LUT4_O_I1_SB_LUT4_I3_O_SB_LUT4_O_1_I3_SB_LUT4_I3_O_SB_LUT4_I2_O_SB_LUT4_O_1_LC.O
Info:    routing  1.76  25.33 Net system.write_position_SB_DFFESR_Q_15_D_SB_LUT4_I3_O_SB_LUT4_O_1_I3_SB_LUT4_O_1_I3_SB_LUT4_O_1_I3_SB_LUT4_O_1_I2_SB_LUT4_O_I3_SB_LUT4_O_2_I3_SB_LUT4_O_I1_SB_LUT4_I3_O_SB_LUT4_O_1_I3_SB_LUT4_I3_O_SB_LUT4_I2_O[2] (14,16) -> (15,16)
Info:                          Sink system.transport.spi.tx_shift_SB_DFFESR_Q_5_D_SB_LUT4_O_I3_SB_LUT4_O_I3_SB_LUT4_I3_O_SB_LUT4_O_I3_SB_LUT4_O_I3_SB_LUT4_O_1_I3_SB_LUT4_O_1_I3_SB_LUT4_O_1_I3_SB_LUT4_O_2_I2_SB_LUT4_O_LC.I3
Info:                          Defined in:
Info:                               ./.tools/oss-cad-suite/libexec/../share/yosys/ice40/cells_map.v:6.21-6.22
Info:      logic  0.87  26.20 Source system.transport.spi.tx_shift_SB_DFFESR_Q_5_D_SB_LUT4_O_I3_SB_LUT4_O_I3_SB_LUT4_I3_O_SB_LUT4_O_I3_SB_LUT4_O_I3_SB_LUT4_O_1_I3_SB_LUT4_O_1_I3_SB_LUT4_O_1_I3_SB_LUT4_O_2_I2_SB_LUT4_O_LC.O
Info:    routing  2.95  29.15 Net system.transport.spi.tx_shift_SB_DFFESR_Q_5_D_SB_LUT4_O_I3_SB_LUT4_O_I3_SB_LUT4_I3_O_SB_LUT4_O_I3_SB_LUT4_O_I3_SB_LUT4_O_1_I3_SB_LUT4_O_1_I3_SB_LUT4_O_1_I3_SB_LUT4_O_2_I2[1] (15,16) -> (18,17)
Info:                          Sink system.transport.spi.tx_shift_SB_DFFESR_Q_5_D_SB_LUT4_O_I3_SB_LUT4_O_I3_SB_LUT4_I3_O_SB_LUT4_O_I3_SB_LUT4_O_I3_SB_LUT4_O_1_I3_SB_LUT4_O_1_I3_SB_LUT4_O_1_I3_SB_LUT4_O_2_LC.I2
Info:                          Defined in:
Info:                               ./.tools/oss-cad-suite/libexec/../share/yosys/ice40/cells_map.v:6.21-6.22
Info:      logic  1.21  30.36 Source system.transport.spi.tx_shift_SB_DFFESR_Q_5_D_SB_LUT4_O_I3_SB_LUT4_O_I3_SB_LUT4_I3_O_SB_LUT4_O_I3_SB_LUT4_O_I3_SB_LUT4_O_1_I3_SB_LUT4_O_1_I3_SB_LUT4_O_1_I3_SB_LUT4_O_2_LC.O
Info:    routing  1.76  32.12 Net system.transport.spi.tx_shift_SB_DFFESR_Q_5_D_SB_LUT4_O_I3_SB_LUT4_O_I3_SB_LUT4_I3_O_SB_LUT4_O_I3_SB_LUT4_O_I3_SB_LUT4_O_1_I3_SB_LUT4_O_1_I3_SB_LUT4_O_1_I3[2] (18,17) -> (18,18)
Info:                          Sink system.transport.spi.tx_shift_SB_DFFESR_Q_5_D_SB_LUT4_O_I3_SB_LUT4_O_I3_SB_LUT4_I3_O_SB_LUT4_O_I3_SB_LUT4_O_I3_SB_LUT4_O_1_I3_SB_LUT4_O_1_I3_SB_LUT4_O_1_LC.I2
Info:                          Defined in:
Info:                               ./.tools/oss-cad-suite/libexec/../share/yosys/ice40/cells_map.v:6.21-6.22
Info:      logic  1.21  33.33 Source system.transport.spi.tx_shift_SB_DFFESR_Q_5_D_SB_LUT4_O_I3_SB_LUT4_O_I3_SB_LUT4_I3_O_SB_LUT4_O_I3_SB_LUT4_O_I3_SB_LUT4_O_1_I3_SB_LUT4_O_1_I3_SB_LUT4_O_1_LC.O
Info:    routing  1.76  35.09 Net system.transport.spi.tx_shift_SB_DFFESR_Q_5_D_SB_LUT4_O_I3_SB_LUT4_O_I3_SB_LUT4_I3_O_SB_LUT4_O_I3_SB_LUT4_O_I3_SB_LUT4_O_1_I3_SB_LUT4_O_1_I3[3] (18,18) -> (17,17)
Info:                          Sink system.transport.spi.tx_shift_SB_DFFESR_Q_5_D_SB_LUT4_O_I3_SB_LUT4_O_I3_SB_LUT4_I3_O_SB_LUT4_O_I3_SB_LUT4_O_I3_SB_LUT4_O_1_I3_SB_LUT4_O_1_LC.I3
Info:                          Defined in:
Info:                               ./.tools/oss-cad-suite/libexec/../share/yosys/ice40/cells_map.v:6.21-6.22
Info:      logic  0.87  35.96 Source system.transport.spi.tx_shift_SB_DFFESR_Q_5_D_SB_LUT4_O_I3_SB_LUT4_O_I3_SB_LUT4_I3_O_SB_LUT4_O_I3_SB_LUT4_O_I3_SB_LUT4_O_1_I3_SB_LUT4_O_1_LC.O
Info:    routing  4.35  40.31 Net system.transport.spi.tx_shift_SB_DFFESR_Q_5_D_SB_LUT4_O_I3_SB_LUT4_O_I3_SB_LUT4_I3_O_SB_LUT4_O_I3_SB_LUT4_O_I3_SB_LUT4_O_1_I3[3] (17,17) -> (17,4)
Info:                          Sink system.transport.spi.tx_shift_SB_DFFESR_Q_5_D_SB_LUT4_O_I3_SB_LUT4_O_I3_SB_LUT4_I3_O_SB_LUT4_O_I3_SB_LUT4_O_I3_SB_LUT4_O_1_LC.I3
Info:                          Defined in:
Info:                               ./.tools/oss-cad-suite/libexec/../share/yosys/ice40/cells_map.v:6.21-6.22
Info:      logic  0.87  41.19 Source system.transport.spi.tx_shift_SB_DFFESR_Q_5_D_SB_LUT4_O_I3_SB_LUT4_O_I3_SB_LUT4_I3_O_SB_LUT4_O_I3_SB_LUT4_O_I3_SB_LUT4_O_1_LC.O
Info:    routing  1.76  42.95 Net system.transport.spi.tx_shift_SB_DFFESR_Q_5_D_SB_LUT4_O_I3_SB_LUT4_O_I3_SB_LUT4_I3_O_SB_LUT4_O_I3_SB_LUT4_O_I3[2] (17,4) -> (16,4)
Info:                          Sink system.transport.spi.tx_shift_SB_DFFESR_Q_5_D_SB_LUT4_O_I3_SB_LUT4_O_I3_SB_LUT4_I3_O_SB_LUT4_O_I3_SB_LUT4_O_LC.I3
Info:                          Defined in:
Info:                               ./.tools/oss-cad-suite/libexec/../share/yosys/ice40/cells_map.v:6.21-6.22
Info:      logic  0.87  43.82 Source system.transport.spi.tx_shift_SB_DFFESR_Q_5_D_SB_LUT4_O_I3_SB_LUT4_O_I3_SB_LUT4_I3_O_SB_LUT4_O_I3_SB_LUT4_O_LC.O
Info:    routing  1.76  45.58 Net system.transport.spi.tx_shift_SB_DFFESR_Q_5_D_SB_LUT4_O_I3_SB_LUT4_O_I3_SB_LUT4_I3_O_SB_LUT4_O_I3[3] (16,4) -> (15,5)
Info:                          Sink system.transport.spi.tx_shift_SB_DFFESR_Q_5_D_SB_LUT4_O_I3_SB_LUT4_O_I3_SB_LUT4_I3_O_SB_LUT4_O_LC.I3
Info:                          Defined in:
Info:                               ./.tools/oss-cad-suite/libexec/../share/yosys/ice40/cells_map.v:6.21-6.22
Info:      logic  0.87  46.46 Source system.transport.spi.tx_shift_SB_DFFESR_Q_5_D_SB_LUT4_O_I3_SB_LUT4_O_I3_SB_LUT4_I3_O_SB_LUT4_O_LC.O
Info:    routing  1.76  48.22 Net system.transport.spi.tx_shift_SB_DFFESR_Q_5_D_SB_LUT4_O_I3_SB_LUT4_O_I3_SB_LUT4_I3_O[1] (15,5) -> (16,6)
Info:                          Sink system.transport.spi.tx_shift_SB_DFFESR_Q_5_D_SB_LUT4_O_I3_SB_LUT4_O_I3_SB_LUT4_I3_O_SB_LUT4_I3_LC.I3
Info:                          Defined in:
Info:                               ./.tools/oss-cad-suite/libexec/../share/yosys/ice40/cells_map.v:6.21-6.22
Info:      logic  0.87  49.09 Source system.transport.spi.tx_shift_SB_DFFESR_Q_5_D_SB_LUT4_O_I3_SB_LUT4_O_I3_SB_LUT4_I3_O_SB_LUT4_I3_LC.O
Info:    routing  1.76  50.85 Net system.transport.spi.tx_shift_SB_DFFESR_Q_3_D_SB_LUT4_O_I3_SB_LUT4_O_I3_SB_LUT4_I3_O_SB_LUT4_I3_O[3] (16,6) -> (17,6)
Info:                          Sink system.crc_SB_DFFESS_Q_1_D_SB_LUT4_O_LC.I2
Info:                          Defined in:
Info:                               ./.tools/oss-cad-suite/libexec/../share/yosys/ice40/cells_map.v:6.21-6.22
Info:      logic  1.21  52.06 Source system.crc_SB_DFFESS_Q_1_D_SB_LUT4_O_LC.O
Info:    routing  1.76  53.82 Net system.crc_SB_DFFESS_Q_1_D[1] (17,6) -> (17,6)
Info:                          Sink system.crc_SB_DFFESS_Q_2_D_SB_LUT4_O_LC.I3
Info:                          Defined in:
Info:                               ./.tools/oss-cad-suite/libexec/../share/yosys/ice40/cells_map.v:6.21-6.22
Info:      logic  0.87  54.69 Source system.crc_SB_DFFESS_Q_2_D_SB_LUT4_O_LC.O
Info:    routing  1.76  56.45 Net system.crc_SB_DFFESS_Q_2_D[3] (17,6) -> (16,6)
Info:                          Sink system.crc_SB_DFFESS_Q_2_DFFLC.I0
Info:                          Defined in:
Info:                               ./.tools/oss-cad-suite/libexec/../share/yosys/ice40/cells_map.v:6.21-6.22
Info:      setup  1.23  57.69 Source system.crc_SB_DFFESS_Q_2_DFFLC.I0
Info: 19.14 ns logic, 38.55 ns routing

Info: Critical path report for cross-domain path '<async>' -> 'posedge clk12$SB_IO_IN_$glb_clk':
Info:       type curr  total name
Info:     source  0.00  0.00 Source sensor_drdy$sb_io.D_IN_0
Info:    routing  3.60  3.60 Net sensor_drdy$SB_IO_IN (16,31) -> (11,30)
Info:                          Sink system.capture.drdy_meta_SB_DFFSR_Q_DFFLC.I0
Info:                          Defined in:
Info:                               rtl/upduino_sensor.sv:45.49-45.60
Info:      setup  1.23  4.83 Source system.capture.drdy_meta_SB_DFFSR_Q_DFFLC.I0
Info: 1.23 ns logic, 3.60 ns routing

Info: Critical path report for cross-domain path 'posedge clk12$SB_IO_IN_$glb_clk' -> '<async>':
Info:       type curr  total name
Info:   clk-to-q  1.39  1.39 Source system.error_flags_SB_DFFESR_Q_5_DFFLC.O
Info:    routing  5.45  6.84 Net system.error_flags[4] (18,29) -> (15,10)
Info:                          Sink status_error_SB_LUT4_O_I3_SB_LUT4_O_I3_SB_LUT4_O_LC.I3
Info:                          Defined in:
Info:                               rtl/upduino_sensor.sv:55.15-55.26
Info:      logic  0.87  7.72 Source status_error_SB_LUT4_O_I3_SB_LUT4_O_I3_SB_LUT4_O_LC.O
Info:    routing  1.76  9.48 Net status_error_SB_LUT4_O_I3_SB_LUT4_O_I3[3] (15,10) -> (15,10)
Info:                          Sink status_error_SB_LUT4_O_I3_SB_LUT4_O_LC.I3
Info:                          Defined in:
Info:                               ./.tools/oss-cad-suite/libexec/../share/yosys/ice40/cells_map.v:6.21-6.22
Info:      logic  0.87  10.35 Source status_error_SB_LUT4_O_I3_SB_LUT4_O_LC.O
Info:    routing  1.76  12.11 Net status_error_SB_LUT4_O_I3[1] (15,10) -> (15,10)
Info:                          Sink status_error_SB_LUT4_O_LC.I3
Info:                          Defined in:
Info:                               ./.tools/oss-cad-suite/libexec/../share/yosys/ice40/cells_map.v:6.21-6.22
Info:      logic  0.87  12.99 Source status_error_SB_LUT4_O_LC.O
Info:    routing  4.35  17.34 Net status_error$SB_IO_OUT (15,10) -> (18,0)
Info:                          Sink status_error$sb_io.D_OUT_0
Info:                          Defined in:
Info:                               rtl/upduino_sensor.sv:48.28-48.40
Info: 4.01 ns logic, 13.33 ns routing

Info: Max frequency for clock 'clk12$SB_IO_IN_$glb_clk': 17.33 MHz (PASS at 12.00 MHz)

Info: Clock '$PACKER_GND_NET_$glb_clk' has no interior paths

Info: Max delay <async>                         -> posedge clk12$SB_IO_IN_$glb_clk: 4.83 ns
Info: Max delay posedge clk12$SB_IO_IN_$glb_clk -> <async>                        : 17.34 ns

Info: Slack histogram:
Info:  legend: * represents 28 endpoint(s)
Info:          + represents [1,28) endpoint(s)
Info: [ 25645,  28367) |+
Info: [ 28367,  31089) |+
Info: [ 31089,  33811) |*+
Info: [ 33811,  36533) |**+
Info: [ 36533,  39255) |**+
Info: [ 39255,  41977) |*+
Info: [ 41977,  44699) |****+
Info: [ 44699,  47421) |**+
Info: [ 47421,  50143) |********+
Info: [ 50143,  52865) |*************+
Info: [ 52865,  55587) |**********+
Info: [ 55587,  58309) |******+
Info: [ 58309,  61031) |************+
Info: [ 61031,  63753) |***********************+
Info: [ 63753,  66475) |************************************************************ 
Info: [ 66475,  69197) |**********+
Info: [ 69197,  71919) |***********+
Info: [ 71919,  74641) |***************+
Info: [ 74641,  77363) |***********************+
Info: [ 77363,  80085) |**********************************+

Info: Program finished normally.
