Info: constrained 'clk12' to bel 'X19/Y0/io1'
Info: constrained 'flash_cs_n' to bel 'X24/Y0/io1'
Info: constrained 'flash_sclk' to bel 'X24/Y0/io0'
Info: constrained 'flash_mosi' to bel 'X23/Y0/io0'
Info: constrained 'flash_miso' to bel 'X23/Y0/io1'
Info: constrained 'status_done' to bel 'X18/Y0/io1'
Info: constrained 'status_error' to bel 'X18/Y0/io0'
Info: constrained 'status_running' to bel 'X19/Y0/io0'
Info: constraining clock net 'system_clk' to 13.20 MHz

Info: Packing constants..
Info: Packing IOs..
Info: Packing LUT-FFs..
Info:     2341 LCs used as LUT4 only
Info:      768 LCs used as LUT4 and DFF
Info: Packing non-LUT FFs..
Info:      800 LCs used as DFF only
Info: Packing carries..
Info:      540 LCs used as CARRY only
Info: Packing indirect carry+LUT pairs...
Info:       28 LUTs merged into carry LCs
Info: Packing RAMs..
Info: Placing PLLs..
Info: Packing special functions..
Info:   constrained ICESTORM_HFOSC 'internal_clock.oscillator_OSC' to X0/Y31/hfosc_1
Warning:     Overriding derived constraint of 12.0 MHz on net system_clk with user-specified constraint of 13.2 MHz.
Info: Packing PLLs..
Info: Promoting globals..
Info: promoting rst [reset] (fanout 1039)
Info: promoting system.source.phase_SB_DFFESR_Q_1_D_SB_LUT4_O_I2_SB_LUT4_I3_O_SB_LUT4_O_I3_SB_CARRY_CI_CO_SB_CARRY_CI_CO_SB_CARRY_CI_CO_SB_CARRY_CI_CO_SB_CARRY_CI_CO_SB_CARRY_CI_CO_SB_CARRY_CI_CO_SB_CARRY_CI_CO_SB_CARRY_CI_CO_SB_CARRY_CI_CO_SB_CARRY_CI_CO_SB_CARRY_CI_CO_SB_CARRY_CI_CO_SB_LUT4_I3_O_SB_LUT4_I3_O[2] [reset] (fanout 71)
Info: promoting system.core.g_lane[0].coeff_rom.en_SB_LUT4_O_I3_SB_LUT4_I3_O_SB_LUT4_I2_O [cen] (fanout 104)
Info: promoting system.error_flags_SB_DFFESR_Q_6_E_SB_LUT4_O_I2_SB_LUT4_I2_O [cen] (fanout 74)
Info: promoting system.core.state_SB_DFFESR_Q_1_D_SB_LUT4_O_I3_SB_LUT4_O_1_I2_SB_LUT4_I2_O [cen] (fanout 43)
Info: promoting $PACKER_GND_NET (fanout 3)
Info: Constraining chains...
Info:       93 LCs used to legalise carry chains.
Info: Checksum: 0xab4a9c28

Info: Device utilisation:
Info: 	         ICESTORM_LC:    4517/   5280    85%
Info: 	        ICESTORM_RAM:      19/     30    63%
Info: 	               SB_IO:       8/     39    20%
Info: 	               SB_GB:       7/      8    87%
Info: 	        ICESTORM_PLL:       0/      1     0%
Info: 	         SB_WARMBOOT:       0/      1     0%
Info: 	        ICESTORM_DSP:       1/      8    12%
Info: 	      ICESTORM_HFOSC:       1/      1   100%
Info: 	      ICESTORM_LFOSC:       0/      1     0%
Info: 	              SB_I2C:       0/      2     0%
Info: 	              SB_SPI:       0/      2     0%
Info: 	              IO_I3C:       0/      2     0%
Info: 	         SB_LEDDA_IP:       0/      1     0%
Info: 	         SB_RGBA_DRV:       0/      1     0%
Info: 	      ICESTORM_SPRAM:       3/      4    75%

Info: Placed 10 cells based on constraints.
Info: Creating initial analytic placement for 3241 cells, random placement wirelen = 101676.
Info:     at initial placer iter 0, wirelen = 1414
Info:     at initial placer iter 1, wirelen = 1268
Info:     at initial placer iter 2, wirelen = 1284
Info:     at initial placer iter 3, wirelen = 1281
Info: Running main analytical placer, max placement attempts per cell = 2594642.
Info:     at iteration #1, type ALL: wirelen solved = 1284, spread = 40729, legal = 43771; time = 0.05s
Info:     at iteration #2, type ALL: wirelen solved = 2245, spread = 33914, legal = 38526; time = 0.04s
Info:     at iteration #3, type ALL: wirelen solved = 3084, spread = 29804, legal = 34300; time = 0.04s
Info:     at iteration #4, type ALL: wirelen solved = 4450, spread = 25854, legal = 30821; time = 0.04s
Info:     at iteration #5, type ALL: wirelen solved = 5400, spread = 23623, legal = 28502; time = 0.03s
Info:     at iteration #6, type ALL: wirelen solved = 5895, spread = 22091, legal = 26802; time = 0.04s
Info:     at iteration #7, type ALL: wirelen solved = 6822, spread = 20906, legal = 25765; time = 0.03s
Info:     at iteration #8, type ALL: wirelen solved = 7346, spread = 20880, legal = 25079; time = 0.03s
Info:     at iteration #9, type ALL: wirelen solved = 7713, spread = 19952, legal = 24771; time = 0.03s
Info:     at iteration #10, type ALL: wirelen solved = 8238, spread = 19271, legal = 24353; time = 0.03s
Info:     at iteration #11, type ALL: wirelen solved = 8534, spread = 19322, legal = 24653; time = 0.03s
Info:     at iteration #12, type ALL: wirelen solved = 8915, spread = 18987, legal = 24057; time = 0.04s
Info:     at iteration #13, type ALL: wirelen solved = 9132, spread = 18814, legal = 23654; time = 0.03s
Info:     at iteration #14, type ALL: wirelen solved = 9413, spread = 18369, legal = 23019; time = 0.03s
Info:     at iteration #15, type ALL: wirelen solved = 9856, spread = 18465, legal = 22751; time = 0.03s
Info:     at iteration #16, type ALL: wirelen solved = 9737, spread = 19213, legal = 23054; time = 0.03s
Info:     at iteration #17, type ALL: wirelen solved = 9926, spread = 18702, legal = 23007; time = 0.03s
Info:     at iteration #18, type ALL: wirelen solved = 9846, spread = 18348, legal = 22686; time = 0.03s
Info:     at iteration #19, type ALL: wirelen solved = 10417, spread = 17965, legal = 22730; time = 0.03s
Info:     at iteration #20, type ALL: wirelen solved = 10301, spread = 18377, legal = 23000; time = 0.03s
Info:     at iteration #21, type ALL: wirelen solved = 10557, spread = 18456, legal = 22848; time = 0.04s
Info:     at iteration #22, type ALL: wirelen solved = 10818, spread = 18710, legal = 23559; time = 0.03s
Info:     at iteration #23, type ALL: wirelen solved = 11048, spread = 18451, legal = 23008; time = 0.04s
Info: HeAP Placer Time: 1.11s
Info:   of which solving equations: 0.62s
Info:   of which spreading cells: 0.08s
Info:   of which strict legalisation: 0.21s

Info: Running simulated annealing placer for refinement.
Info:   at iteration #1: temp = 0.000000, timing cost = 746, wirelen = 22686
Info:   at iteration #5: temp = 0.000000, timing cost = 1261, wirelen = 19567
Info:   at iteration #10: temp = 0.000000, timing cost = 982, wirelen = 18534
Info:   at iteration #15: temp = 0.000000, timing cost = 965, wirelen = 17878
Info:   at iteration #20: temp = 0.000000, timing cost = 944, wirelen = 17529
Info:   at iteration #25: temp = 0.000000, timing cost = 941, wirelen = 17433
Info:   at iteration #25: temp = 0.000000, timing cost = 940, wirelen = 17435 
Info: SA placement time 1.38s

Info: Max frequency for clock 'system_clk': 22.41 MHz (PASS at 13.20 MHz)

Info: Clock '$PACKER_GND_NET_$glb_clk' has no interior paths

Info: Max delay <async>            -> posedge system_clk: 7.02 ns
Info: Max delay posedge system_clk -> <async>           : 13.83 ns

Info: Slack histogram:
Info:  legend: * represents 14 endpoint(s)
Info:          + represents [1,14) endpoint(s)
Info: [ 31142,  33211) |**+
Info: [ 33211,  35280) |***+
Info: [ 35280,  37349) |**+
Info: [ 37349,  39418) |**+
Info: [ 39418,  41487) |****+
Info: [ 41487,  43556) |******+
Info: [ 43556,  45625) |*******************+
Info: [ 45625,  47694) |*************************************+
Info: [ 47694,  49763) |************************************+
Info: [ 49763,  51832) |************************************************************ 
Info: [ 51832,  53901) |**************************+
Info: [ 53901,  55970) |****************+
Info: [ 55970,  58039) |****************+
Info: [ 58039,  60108) |*****************+
Info: [ 60108,  62177) |************+
Info: [ 62177,  64246) |***********+
Info: [ 64246,  66315) |****************+
Info: [ 66315,  68384) |**************************+
Info: [ 68384,  70453) |***********************************+
Info: [ 70453,  72522) |*********************************************+
Info: Checksum: 0xfb9b2deb

Info: Routing..
Info: Setting up routing queue.
Info: Routing 14349 arcs.
Info:            |   (re-)routed arcs  |   delta    | remaining|       time spent     |
Info:    IterCnt |  w/ripup   wo/ripup |  w/r  wo/r |      arcs| batch(sec) total(sec)|
Info:       1000 |       34        965 |   34   965 |     13392|       0.43       0.43|
Info:       2000 |      123       1876 |   89   911 |     12546|       0.14       0.57|
Info:       3000 |      231       2719 |  108   843 |     11772|       0.10       0.67|
Info:       4000 |      367       3454 |  136   735 |     10994|       0.07       0.74|
Info:       5000 |      503       4210 |  136   756 |     10186|       0.08       0.82|
Info:       6000 |      772       4896 |  269   686 |      9546|       0.07       0.89|
Info:       7000 |      961       5634 |  189   738 |      8837|       0.07       0.95|
Info:       8000 |     1182       6377 |  221   743 |      8142|       0.08       1.04|
Info:       9000 |     1422       7119 |  240   742 |      7488|       0.11       1.14|
Info:      10000 |     1727       7692 |  305   573 |      6967|       0.10       1.24|
Info:      11000 |     2082       8293 |  355   601 |      6508|       0.10       1.34|
Info:      12000 |     2384       8925 |  302   632 |      5929|       0.09       1.44|
Info:      13000 |     2682       9560 |  298   635 |      5311|       0.06       1.49|
Info:      14000 |     3007      10208 |  325   648 |      4796|       0.09       1.59|
Info:      15000 |     3293      10896 |  286   688 |      4203|       0.09       1.68|
Info:      16000 |     3575      11542 |  282   646 |      3568|       0.10       1.78|
Info:      17000 |     3870      12161 |  295   619 |      2996|       0.12       1.90|
Info:      18000 |     4142      12796 |  272   635 |      2378|       0.09       1.99|
Info:      19000 |     4343      13556 |  201   760 |      1669|       0.10       2.09|
Info:      20000 |     4571      14319 |  228   763 |       949|       0.09       2.17|
Info:      21000 |     4783      15096 |  212   777 |       315|       0.27       2.44|
Info:      21537 |     4930      15485 |  147   389 |         0|       0.19       2.63|
Info: Routing complete.
Info: Router1 time 2.63s
Info: Checksum: 0x039398be

Info: Critical path report for clock 'system_clk' (posedge -> posedge):
Info:       type curr  total name
Info:   clk-to-q  1.39  1.39 Source system.core.accumulator[0]_SB_DFFESR_Q_19_D_SB_LUT4_O_LC.O
Info:    routing  2.95  4.34 Net system.core.accumulator[0][20] (3,9) -> (2,13)
Info:                          Sink system.core.hidden.0.0_WDATA_SB_LUT4_O_I1_SB_LUT4_O_I1_SB_LUT4_O_I2_SB_LUT4_O_LC.I2
Info:                          Defined in:
Info:                               rtl/core/acoustic_core.sv:154.24-154.44
Info:      logic  1.21  5.55 Source system.core.hidden.0.0_WDATA_SB_LUT4_O_I1_SB_LUT4_O_I1_SB_LUT4_O_I2_SB_LUT4_O_LC.O
Info:    routing  3.60  9.15 Net system.core.hidden.0.0_WDATA_SB_LUT4_O_I1_SB_LUT4_O_I1_SB_LUT4_O_I2[2] (2,13) -> (4,8)
Info:                          Sink system.core.hidden.0.0_WDATA_SB_LUT4_O_I1_SB_LUT4_O_I1_SB_LUT4_O_I2_SB_LUT4_I3_LC.I2
Info:                          Defined in:
Info:                               /home/researcher/Desktop/￿FFE6￿FF95￿FF99￿FFE6￿FF9D￿FF90/Fall 2026/digital ic/.tools/oss-cad-suite/libexec/../share/yosys/ice40/cells_map.v:6.21-6.22
Info:      logic  1.21  10.35 Source system.core.hidden.0.0_WDATA_SB_LUT4_O_I1_SB_LUT4_O_I1_SB_LUT4_O_I2_SB_LUT4_I3_LC.O
Info:    routing  1.76  12.11 Net system.core.hidden.0.0_WDATA_SB_LUT4_O_I1_SB_LUT4_O_I1_SB_LUT4_O_I2_SB_LUT4_I3_O[2] (4,8) -> (4,8)
Info:                          Sink system.core.imag_part.0.0_WDATA_SB_LUT4_O_I1_SB_CARRY_I0_CI_SB_CARRY_CO_CI_SB_CARRY_CO_CI_SB_CARRY_CO_CI_SB_CARRY_CO_CI_SB_CARRY_CO_CI_SB_CARRY_CO_CI_SB_CARRY_CO_CI_SB_CARRY_CO_CI_SB_CARRY_CO_CI_SB_CARRY_CO_CI_SB_CARRY_CO_CI_SB_CARRY_CO_CI_SB_CARRY_CO_CI_SB_LUT4_O_I1_SB_LUT4_O_LC.I2
Info:                          Defined in:
Info:                               /home/researcher/Desktop/￿FFE6￿FF95￿FF99￿FFE6￿FF9D￿FF90/Fall 2026/digital ic/.tools/oss-cad-suite/libexec/../share/yosys/ice40/cells_map.v:6.21-6.22
Info:      logic  1.21  13.32 Source system.core.imag_part.0.0_WDATA_SB_LUT4_O_I1_SB_CARRY_I0_CI_SB_CARRY_CO_CI_SB_CARRY_CO_CI_SB_CARRY_CO_CI_SB_CARRY_CO_CI_SB_CARRY_CO_CI_SB_CARRY_CO_CI_SB_CARRY_CO_CI_SB_CARRY_CO_CI_SB_CARRY_CO_CI_SB_CARRY_CO_CI_SB_CARRY_CO_CI_SB_CARRY_CO_CI_SB_CARRY_CO_CI_SB_LUT4_O_I1_SB_LUT4_O_LC.O
Info:    routing  2.95  16.27 Net system.core.imag_part.0.0_WDATA_SB_LUT4_O_I1_SB_CARRY_I0_CI_SB_CARRY_CO_CI_SB_CARRY_CO_CI_SB_CARRY_CO_CI_SB_CARRY_CO_CI_SB_CARRY_CO_CI_SB_CARRY_CO_CI_SB_CARRY_CO_CI_SB_CARRY_CO_CI_SB_CARRY_CO_CI_SB_CARRY_CO_CI_SB_CARRY_CO_CI_SB_CARRY_CO_CI_SB_CARRY_CO_CI_SB_LUT4_O_I1[1] (4,8) -> (5,12)
Info:                          Sink system.core.imag_part.0.0_WDATA_SB_LUT4_O_I1_SB_CARRY_I0_CI_SB_CARRY_CO_CI_SB_CARRY_CO_CI_SB_CARRY_CO_CI_SB_CARRY_CO_CI_SB_CARRY_CO_CI_SB_CARRY_CO_CI_SB_CARRY_CO_CI_SB_CARRY_CO_CI_SB_CARRY_CO_CI_SB_CARRY_CO_CI_SB_CARRY_CO_CI_SB_CARRY_CO_CI_SB_CARRY_CO_CI_SB_LUT4_O_LC.I1
Info:                          Defined in:
Info:                               rtl/core/acoustic_core.sv:168.23-168.120
Info:                               /home/researcher/Desktop/￿FFE6￿FF95￿FF99￿FFE6￿FF9D￿FF90/Fall 2026/digital ic/.tools/oss-cad-suite/libexec/../share/yosys/ice40/arith_map.v:62.5-70.4
Info:                               /home/researcher/Desktop/￿FFE6￿FF95￿FF99￿FFE6￿FF9D￿FF90/Fall 2026/digital ic/.tools/oss-cad-suite/libexec/../share/yosys/ice40/cells_map.v:6.21-6.22
Info:      logic  0.68  16.94 Source system.core.imag_part.0.0_WDATA_SB_LUT4_O_I1_SB_CARRY_I0_CI_SB_CARRY_CO_CI_SB_CARRY_CO_CI_SB_CARRY_CO_CI_SB_CARRY_CO_CI_SB_CARRY_CO_CI_SB_CARRY_CO_CI_SB_CARRY_CO_CI_SB_CARRY_CO_CI_SB_CARRY_CO_CI_SB_CARRY_CO_CI_SB_CARRY_CO_CI_SB_CARRY_CO_CI_SB_CARRY_CO_CI_SB_LUT4_O_LC.COUT
Info:    routing  0.00  16.94 Net system.core.imag_part.0.0_WDATA_SB_LUT4_O_I1_SB_LUT4_O_I3_SB_CARRY_CO_CI_SB_CARRY_CO_CI_SB_CARRY_CO_CI_SB_CARRY_CO_CI_SB_CARRY_CO_CI_SB_CARRY_CO_CI_SB_CARRY_CO_CI_SB_CARRY_CO_CI_SB_CARRY_CO_CI_SB_CARRY_CO_CI_SB_CARRY_CO_CI_SB_CARRY_CO_CI_SB_CARRY_CO_CI (5,12) -> (5,12)
Info:                          Sink system.core.imag_part.0.0_WDATA_SB_LUT4_O_I1_SB_CARRY_I0_CI_SB_CARRY_CO_CI_SB_CARRY_CO_CI_SB_CARRY_CO_CI_SB_CARRY_CO_CI_SB_CARRY_CO_CI_SB_CARRY_CO_CI_SB_CARRY_CO_CI_SB_CARRY_CO_CI_SB_CARRY_CO_CI_SB_CARRY_CO_CI_SB_CARRY_CO_CI_SB_CARRY_CO_CI_SB_CARRY_CO_I0_SB_LUT4_O_LC.CIN
Info:                          Defined in:
Info:                               rtl/core/acoustic_core.sv:168.23-168.120
Info:                               /home/researcher/Desktop/￿FFE6￿FF95￿FF99￿FFE6￿FF9D￿FF90/Fall 2026/digital ic/.tools/oss-cad-suite/libexec/../share/yosys/ice40/arith_map.v:62.5-70.4
Info:                               /home/researcher/Desktop/￿FFE6￿FF95￿FF99￿FFE6￿FF9D￿FF90/Fall 2026/digital ic/.tools/oss-cad-suite/libexec/../share/yosys/ice40/abc9_model.v:4.9-4.11
Info:      logic  0.28  17.22 Source system.core.imag_part.0.0_WDATA_SB_LUT4_O_I1_SB_CARRY_I0_CI_SB_CARRY_CO_CI_SB_CARRY_CO_CI_SB_CARRY_CO_CI_SB_CARRY_CO_CI_SB_CARRY_CO_CI_SB_CARRY_CO_CI_SB_CARRY_CO_CI_SB_CARRY_CO_CI_SB_CARRY_CO_CI_SB_CARRY_CO_CI_SB_CARRY_CO_CI_SB_CARRY_CO_CI_SB_CARRY_CO_I0_SB_LUT4_O_LC.COUT
Info:    routing  0.00  17.22 Net system.core.imag_part.0.0_WDATA_SB_LUT4_O_I1_SB_LUT4_O_I3_SB_CARRY_CO_CI_SB_CARRY_CO_CI_SB_CARRY_CO_CI_SB_CARRY_CO_CI_SB_CARRY_CO_CI_SB_CARRY_CO_CI_SB_CARRY_CO_CI_SB_CARRY_CO_CI_SB_CARRY_CO_CI_SB_CARRY_CO_CI_SB_CARRY_CO_CI_SB_CARRY_CO_CI (5,12) -> (5,12)
Info:                          Sink system.core.imag_part.0.0_WDATA_SB_LUT4_O_I1_SB_CARRY_I0_CI_SB_CARRY_CO_CI_SB_CARRY_CO_CI_SB_CARRY_CO_CI_SB_CARRY_CO_CI_SB_CARRY_CO_CI_SB_CARRY_CO_CI_SB_CARRY_CO_CI_SB_CARRY_CO_CI_SB_CARRY_CO_CI_SB_CARRY_CO_CI_SB_CARRY_CO_CI_SB_CARRY_CO_I0_SB_LUT4_O_LC.CIN
Info:                          Defined in:
Info:                               rtl/core/acoustic_core.sv:168.23-168.120
Info:                               /home/researcher/Desktop/￿FFE6￿FF95￿FF99￿FFE6￿FF9D￿FF90/Fall 2026/digital ic/.tools/oss-cad-suite/libexec/../share/yosys/ice40/arith_map.v:62.5-70.4
Info:                               /home/researcher/Desktop/￿FFE6￿FF95￿FF99￿FFE6￿FF9D￿FF90/Fall 2026/digital ic/.tools/oss-cad-suite/libexec/../share/yosys/ice40/abc9_model.v:4.9-4.11
Info:      logic  0.28  17.50 Source system.core.imag_part.0.0_WDATA_SB_LUT4_O_I1_SB_CARRY_I0_CI_SB_CARRY_CO_CI_SB_CARRY_CO_CI_SB_CARRY_CO_CI_SB_CARRY_CO_CI_SB_CARRY_CO_CI_SB_CARRY_CO_CI_SB_CARRY_CO_CI_SB_CARRY_CO_CI_SB_CARRY_CO_CI_SB_CARRY_CO_CI_SB_CARRY_CO_CI_SB_CARRY_CO_I0_SB_LUT4_O_LC.COUT
Info:    routing  0.00  17.50 Net system.core.imag_part.0.0_WDATA_SB_LUT4_O_I1_SB_LUT4_O_I3_SB_CARRY_CO_CI_SB_CARRY_CO_CI_SB_CARRY_CO_CI_SB_CARRY_CO_CI_SB_CARRY_CO_CI_SB_CARRY_CO_CI_SB_CARRY_CO_CI_SB_CARRY_CO_CI_SB_CARRY_CO_CI_SB_CARRY_CO_CI_SB_CARRY_CO_CI (5,12) -> (5,12)
Info:                          Sink system.core.imag_part.0.0_WDATA_SB_LUT4_O_I1_SB_CARRY_I0_CI_SB_CARRY_CO_CI_SB_CARRY_CO_CI_SB_CARRY_CO_CI_SB_CARRY_CO_CI_SB_CARRY_CO_CI_SB_CARRY_CO_CI_SB_CARRY_CO_CI_SB_CARRY_CO_CI_SB_CARRY_CO_CI_SB_CARRY_CO_CI_SB_CARRY_CO_I0_SB_LUT4_O_LC.CIN
Info:                          Defined in:
Info:                               rtl/core/acoustic_core.sv:168.23-168.120
Info:                               /home/researcher/Desktop/￿FFE6￿FF95￿FF99￿FFE6￿FF9D￿FF90/Fall 2026/digital ic/.tools/oss-cad-suite/libexec/../share/yosys/ice40/arith_map.v:62.5-70.4
Info:                               /home/researcher/Desktop/￿FFE6￿FF95￿FF99￿FFE6￿FF9D￿FF90/Fall 2026/digital ic/.tools/oss-cad-suite/libexec/../share/yosys/ice40/abc9_model.v:4.9-4.11
Info:      logic  0.28  17.78 Source system.core.imag_part.0.0_WDATA_SB_LUT4_O_I1_SB_CARRY_I0_CI_SB_CARRY_CO_CI_SB_CARRY_CO_CI_SB_CARRY_CO_CI_SB_CARRY_CO_CI_SB_CARRY_CO_CI_SB_CARRY_CO_CI_SB_CARRY_CO_CI_SB_CARRY_CO_CI_SB_CARRY_CO_CI_SB_CARRY_CO_CI_SB_CARRY_CO_I0_SB_LUT4_O_LC.COUT
Info:    routing  0.00  17.78 Net system.core.imag_part.0.0_WDATA_SB_LUT4_O_I1_SB_LUT4_O_I3_SB_CARRY_CO_CI_SB_CARRY_CO_CI_SB_CARRY_CO_CI_SB_CARRY_CO_CI_SB_CARRY_CO_CI_SB_CARRY_CO_CI_SB_CARRY_CO_CI_SB_CARRY_CO_CI_SB_CARRY_CO_CI_SB_CARRY_CO_CI (5,12) -> (5,12)
Info:                          Sink system.core.imag_part.0.0_WDATA_SB_LUT4_O_I1_SB_CARRY_I0_CI_SB_CARRY_CO_CI_SB_CARRY_CO_CI_SB_CARRY_CO_CI_SB_CARRY_CO_CI_SB_CARRY_CO_CI_SB_CARRY_CO_CI_SB_CARRY_CO_CI_SB_CARRY_CO_CI_SB_CARRY_CO_CI_SB_CARRY_CO_I0_SB_LUT4_O_LC.CIN
Info:                          Defined in:
Info:                               rtl/core/acoustic_core.sv:168.23-168.120
Info:                               /home/researcher/Desktop/￿FFE6￿FF95￿FF99￿FFE6￿FF9D￿FF90/Fall 2026/digital ic/.tools/oss-cad-suite/libexec/../share/yosys/ice40/arith_map.v:62.5-70.4
Info:                               /home/researcher/Desktop/￿FFE6￿FF95￿FF99￿FFE6￿FF9D￿FF90/Fall 2026/digital ic/.tools/oss-cad-suite/libexec/../share/yosys/ice40/abc9_model.v:4.9-4.11
Info:      logic  0.28  18.06 Source system.core.imag_part.0.0_WDATA_SB_LUT4_O_I1_SB_CARRY_I0_CI_SB_CARRY_CO_CI_SB_CARRY_CO_CI_SB_CARRY_CO_CI_SB_CARRY_CO_CI_SB_CARRY_CO_CI_SB_CARRY_CO_CI_SB_CARRY_CO_CI_SB_CARRY_CO_CI_SB_CARRY_CO_CI_SB_CARRY_CO_I0_SB_LUT4_O_LC.COUT
Info:    routing  0.00  18.06 Net system.core.imag_part.0.0_WDATA_SB_LUT4_O_I1_SB_LUT4_O_I3_SB_CARRY_CO_CI_SB_CARRY_CO_CI_SB_CARRY_CO_CI_SB_CARRY_CO_CI_SB_CARRY_CO_CI_SB_CARRY_CO_CI_SB_CARRY_CO_CI_SB_CARRY_CO_CI_SB_CARRY_CO_CI (5,12) -> (5,12)
Info:                          Sink system.core.imag_part.0.0_WDATA_SB_LUT4_O_I1_SB_CARRY_I0_CI_SB_CARRY_CO_CI_SB_CARRY_CO_CI_SB_CARRY_CO_CI_SB_CARRY_CO_CI_SB_CARRY_CO_CI_SB_CARRY_CO_CI_SB_CARRY_CO_CI_SB_CARRY_CO_CI_SB_CARRY_CO_I0_SB_LUT4_O_LC.CIN
Info:                          Defined in:
Info:                               rtl/core/acoustic_core.sv:168.23-168.120
Info:                               /home/researcher/Desktop/￿FFE6￿FF95￿FF99￿FFE6￿FF9D￿FF90/Fall 2026/digital ic/.tools/oss-cad-suite/libexec/../share/yosys/ice40/arith_map.v:62.5-70.4
Info:                               /home/researcher/Desktop/￿FFE6￿FF95￿FF99￿FFE6￿FF9D￿FF90/Fall 2026/digital ic/.tools/oss-cad-suite/libexec/../share/yosys/ice40/abc9_model.v:4.9-4.11
Info:      logic  0.28  18.33 Source system.core.imag_part.0.0_WDATA_SB_LUT4_O_I1_SB_CARRY_I0_CI_SB_CARRY_CO_CI_SB_CARRY_CO_CI_SB_CARRY_CO_CI_SB_CARRY_CO_CI_SB_CARRY_CO_CI_SB_CARRY_CO_CI_SB_CARRY_CO_CI_SB_CARRY_CO_CI_SB_CARRY_CO_I0_SB_LUT4_O_LC.COUT
Info:    routing  0.00  18.33 Net system.core.imag_part.0.0_WDATA_SB_LUT4_O_I1_SB_LUT4_O_I3_SB_CARRY_CO_CI_SB_CARRY_CO_CI_SB_CARRY_CO_CI_SB_CARRY_CO_CI_SB_CARRY_CO_CI_SB_CARRY_CO_CI_SB_CARRY_CO_CI_SB_CARRY_CO_CI (5,12) -> (5,12)
Info:                          Sink system.core.imag_part.0.0_WDATA_SB_LUT4_O_I1_SB_CARRY_I0_CI_SB_CARRY_CO_CI_SB_CARRY_CO_CI_SB_CARRY_CO_CI_SB_CARRY_CO_CI_SB_CARRY_CO_CI_SB_CARRY_CO_CI_SB_CARRY_CO_CI_SB_CARRY_CO_I0_SB_LUT4_O_LC.CIN
Info:                          Defined in:
Info:                               rtl/core/acoustic_core.sv:168.23-168.120
Info:                               /home/researcher/Desktop/￿FFE6￿FF95￿FF99￿FFE6￿FF9D￿FF90/Fall 2026/digital ic/.tools/oss-cad-suite/libexec/../share/yosys/ice40/arith_map.v:62.5-70.4
Info:                               /home/researcher/Desktop/￿FFE6￿FF95￿FF99￿FFE6￿FF9D￿FF90/Fall 2026/digital ic/.tools/oss-cad-suite/libexec/../share/yosys/ice40/abc9_model.v:4.9-4.11
Info:      logic  0.28  18.61 Source system.core.imag_part.0.0_WDATA_SB_LUT4_O_I1_SB_CARRY_I0_CI_SB_CARRY_CO_CI_SB_CARRY_CO_CI_SB_CARRY_CO_CI_SB_CARRY_CO_CI_SB_CARRY_CO_CI_SB_CARRY_CO_CI_SB_CARRY_CO_CI_SB_CARRY_CO_I0_SB_LUT4_O_LC.COUT
Info:    routing  0.00  18.61 Net system.core.imag_part.0.0_WDATA_SB_LUT4_O_I1_SB_LUT4_O_I3_SB_CARRY_CO_CI_SB_CARRY_CO_CI_SB_CARRY_CO_CI_SB_CARRY_CO_CI_SB_CARRY_CO_CI_SB_CARRY_CO_CI_SB_CARRY_CO_CI (5,12) -> (5,12)
Info:                          Sink system.core.imag_part.0.0_WDATA_SB_LUT4_O_I1_SB_CARRY_I0_CO_SB_CARRY_CI_CO_SB_CARRY_CI_CO_SB_CARRY_CI_CO_SB_CARRY_CI_CO_SB_CARRY_CI_CO_SB_CARRY_CI_CO_SB_CARRY_CI_CO_SB_CARRY_CI_CO_SB_CARRY_CI_CO_SB_CARRY_CI_CO_SB_CARRY_CI_CO_SB_CARRY_CI_CO_SB_CARRY_CI_CO_SB_CARRY_CI_CO_SB_CARRY_CI_CO_SB_CARRY_CI_CO_SB_CARRY_CI_CO_SB_CARRY_CI_CO_SB_CARRY_CI_CO_SB_CARRY_CI_CO_SB_CARRY_CI_CO_SB_CARRY_CI_CO_SB_CARRY_CI_CO_SB_CARRY_CI_CO_SB_LUT4_I3_O_SB_LUT4_O_LC.CIN
Info:                          Defined in:
Info:                               rtl/core/acoustic_core.sv:168.23-168.120
Info:                               /home/researcher/Desktop/￿FFE6￿FF95￿FF99￿FFE6￿FF9D￿FF90/Fall 2026/digital ic/.tools/oss-cad-suite/libexec/../share/yosys/ice40/arith_map.v:62.5-70.4
Info:                               /home/researcher/Desktop/￿FFE6￿FF95￿FF99￿FFE6￿FF9D￿FF90/Fall 2026/digital ic/.tools/oss-cad-suite/libexec/../share/yosys/ice40/abc9_model.v:4.9-4.11
Info:      logic  0.28  18.89 Source system.core.imag_part.0.0_WDATA_SB_LUT4_O_I1_SB_CARRY_I0_CO_SB_CARRY_CI_CO_SB_CARRY_CI_CO_SB_CARRY_CI_CO_SB_CARRY_CI_CO_SB_CARRY_CI_CO_SB_CARRY_CI_CO_SB_CARRY_CI_CO_SB_CARRY_CI_CO_SB_CARRY_CI_CO_SB_CARRY_CI_CO_SB_CARRY_CI_CO_SB_CARRY_CI_CO_SB_CARRY_CI_CO_SB_CARRY_CI_CO_SB_CARRY_CI_CO_SB_CARRY_CI_CO_SB_CARRY_CI_CO_SB_CARRY_CI_CO_SB_CARRY_CI_CO_SB_CARRY_CI_CO_SB_CARRY_CI_CO_SB_CARRY_CI_CO_SB_CARRY_CI_CO_SB_CARRY_CI_CO_SB_LUT4_I3_O_SB_LUT4_O_LC.COUT
Info:    routing  0.56  19.45 Net system.core.imag_part.0.0_WDATA_SB_LUT4_O_I1_SB_LUT4_O_I3_SB_CARRY_CO_CI_SB_CARRY_CO_CI_SB_CARRY_CO_CI_SB_CARRY_CO_CI_SB_CARRY_CO_CI_SB_CARRY_CO_CI (5,12) -> (5,13)
Info:                          Sink system.core.imag_part.0.0_WDATA_SB_LUT4_O_I1_SB_CARRY_I0_CI_SB_CARRY_CO_CI_SB_CARRY_CO_CI_SB_CARRY_CO_CI_SB_CARRY_CO_CI_SB_CARRY_CO_CI_SB_CARRY_CO_I0_SB_LUT4_O_LC.CIN
Info:                          Defined in:
Info:                               rtl/core/acoustic_core.sv:168.23-168.120
Info:                               /home/researcher/Desktop/￿FFE6￿FF95￿FF99￿FFE6￿FF9D￿FF90/Fall 2026/digital ic/.tools/oss-cad-suite/libexec/../share/yosys/ice40/arith_map.v:62.5-70.4
Info:                               /home/researcher/Desktop/￿FFE6￿FF95￿FF99￿FFE6￿FF9D￿FF90/Fall 2026/digital ic/.tools/oss-cad-suite/libexec/../share/yosys/ice40/abc9_model.v:4.9-4.11
Info:      logic  0.28  19.73 Source system.core.imag_part.0.0_WDATA_SB_LUT4_O_I1_SB_CARRY_I0_CI_SB_CARRY_CO_CI_SB_CARRY_CO_CI_SB_CARRY_CO_CI_SB_CARRY_CO_CI_SB_CARRY_CO_CI_SB_CARRY_CO_I0_SB_LUT4_O_LC.COUT
Info:    routing  0.00  19.73 Net system.core.imag_part.0.0_WDATA_SB_LUT4_O_I1_SB_LUT4_O_I3_SB_CARRY_CO_CI_SB_CARRY_CO_CI_SB_CARRY_CO_CI_SB_CARRY_CO_CI_SB_CARRY_CO_CI (5,13) -> (5,13)
Info:                          Sink system.core.imag_part.0.0_WDATA_SB_LUT4_O_I1_SB_CARRY_I0_CI_SB_CARRY_CO_CI_SB_CARRY_CO_CI_SB_CARRY_CO_CI_SB_CARRY_CO_CI_SB_CARRY_CO_I0_SB_LUT4_O_LC.CIN
Info:                          Defined in:
Info:                               rtl/core/acoustic_core.sv:168.23-168.120
Info:                               /home/researcher/Desktop/￿FFE6￿FF95￿FF99￿FFE6￿FF9D￿FF90/Fall 2026/digital ic/.tools/oss-cad-suite/libexec/../share/yosys/ice40/arith_map.v:62.5-70.4
Info:                               /home/researcher/Desktop/￿FFE6￿FF95￿FF99￿FFE6￿FF9D￿FF90/Fall 2026/digital ic/.tools/oss-cad-suite/libexec/../share/yosys/ice40/abc9_model.v:4.9-4.11
Info:      logic  0.28  20.00 Source system.core.imag_part.0.0_WDATA_SB_LUT4_O_I1_SB_CARRY_I0_CI_SB_CARRY_CO_CI_SB_CARRY_CO_CI_SB_CARRY_CO_CI_SB_CARRY_CO_CI_SB_CARRY_CO_I0_SB_LUT4_O_LC.COUT
Info:    routing  0.00  20.00 Net system.core.imag_part.0.0_WDATA_SB_LUT4_O_I1_SB_LUT4_O_I3_SB_CARRY_CO_CI_SB_CARRY_CO_CI_SB_CARRY_CO_CI_SB_CARRY_CO_CI (5,13) -> (5,13)
Info:                          Sink system.core.imag_part.0.0_WDATA_SB_LUT4_O_I1_SB_CARRY_I0_CI_SB_CARRY_CO_CI_SB_CARRY_CO_CI_SB_CARRY_CO_CI_SB_CARRY_CO_I0_SB_LUT4_O_LC.CIN
Info:                          Defined in:
Info:                               rtl/core/acoustic_core.sv:168.23-168.120
Info:                               /home/researcher/Desktop/￿FFE6￿FF95￿FF99￿FFE6￿FF9D￿FF90/Fall 2026/digital ic/.tools/oss-cad-suite/libexec/../share/yosys/ice40/arith_map.v:62.5-70.4
Info:                               /home/researcher/Desktop/￿FFE6￿FF95￿FF99￿FFE6￿FF9D￿FF90/Fall 2026/digital ic/.tools/oss-cad-suite/libexec/../share/yosys/ice40/abc9_model.v:4.9-4.11
Info:      logic  0.28  20.28 Source system.core.imag_part.0.0_WDATA_SB_LUT4_O_I1_SB_CARRY_I0_CI_SB_CARRY_CO_CI_SB_CARRY_CO_CI_SB_CARRY_CO_CI_SB_CARRY_CO_I0_SB_LUT4_O_LC.COUT
Info:    routing  0.00  20.28 Net system.core.imag_part.0.0_WDATA_SB_LUT4_O_I1_SB_LUT4_O_I3_SB_CARRY_CO_CI_SB_CARRY_CO_CI_SB_CARRY_CO_CI (5,13) -> (5,13)
Info:                          Sink system.core.imag_part.0.0_WDATA_SB_LUT4_O_I1_SB_CARRY_I0_CI_SB_CARRY_CO_CI_SB_CARRY_CO_CI_SB_CARRY_CO_I0_SB_LUT4_O_LC.CIN
Info:                          Defined in:
Info:                               rtl/core/acoustic_core.sv:168.23-168.120
Info:                               /home/researcher/Desktop/￿FFE6￿FF95￿FF99￿FFE6￿FF9D￿FF90/Fall 2026/digital ic/.tools/oss-cad-suite/libexec/../share/yosys/ice40/arith_map.v:62.5-70.4
Info:                               /home/researcher/Desktop/￿FFE6￿FF95￿FF99￿FFE6￿FF9D￿FF90/Fall 2026/digital ic/.tools/oss-cad-suite/libexec/../share/yosys/ice40/abc9_model.v:4.9-4.11
Info:      logic  0.28  20.56 Source system.core.imag_part.0.0_WDATA_SB_LUT4_O_I1_SB_CARRY_I0_CI_SB_CARRY_CO_CI_SB_CARRY_CO_CI_SB_CARRY_CO_I0_SB_LUT4_O_LC.COUT
Info:    routing  0.00  20.56 Net system.core.imag_part.0.0_WDATA_SB_LUT4_O_I1_SB_LUT4_O_I3_SB_CARRY_CO_CI_SB_CARRY_CO_CI (5,13) -> (5,13)
Info:                          Sink system.core.imag_part.0.0_WDATA_SB_LUT4_O_I1_SB_CARRY_I0_CI_SB_CARRY_CO_CI_SB_CARRY_CO_I0_SB_LUT4_O_LC.CIN
Info:                          Defined in:
Info:                               rtl/core/acoustic_core.sv:168.23-168.120
Info:                               /home/researcher/Desktop/￿FFE6￿FF95￿FF99￿FFE6￿FF9D￿FF90/Fall 2026/digital ic/.tools/oss-cad-suite/libexec/../share/yosys/ice40/arith_map.v:62.5-70.4
Info:                               /home/researcher/Desktop/￿FFE6￿FF95￿FF99￿FFE6￿FF9D￿FF90/Fall 2026/digital ic/.tools/oss-cad-suite/libexec/../share/yosys/ice40/abc9_model.v:4.9-4.11
Info:      logic  0.28  20.84 Source system.core.imag_part.0.0_WDATA_SB_LUT4_O_I1_SB_CARRY_I0_CI_SB_CARRY_CO_CI_SB_CARRY_CO_I0_SB_LUT4_O_LC.COUT
Info:    routing  0.00  20.84 Net system.core.imag_part.0.0_WDATA_SB_LUT4_O_I1_SB_LUT4_O_I3_SB_CARRY_CO_CI (5,13) -> (5,13)
Info:                          Sink system.core.imag_part.0.0_WDATA_SB_LUT4_O_I1_SB_CARRY_I0_CI_SB_CARRY_CO_I0_SB_LUT4_O_LC.CIN
Info:                          Defined in:
Info:                               rtl/core/acoustic_core.sv:168.23-168.120
Info:                               /home/researcher/Desktop/￿FFE6￿FF95￿FF99￿FFE6￿FF9D￿FF90/Fall 2026/digital ic/.tools/oss-cad-suite/libexec/../share/yosys/ice40/arith_map.v:62.5-70.4
Info:                               /home/researcher/Desktop/￿FFE6￿FF95￿FF99￿FFE6￿FF9D￿FF90/Fall 2026/digital ic/.tools/oss-cad-suite/libexec/../share/yosys/ice40/abc9_model.v:4.9-4.11
Info:      logic  0.28  21.11 Source system.core.imag_part.0.0_WDATA_SB_LUT4_O_I1_SB_CARRY_I0_CI_SB_CARRY_CO_I0_SB_LUT4_O_LC.COUT
Info:    routing  0.00  21.11 Net system.core.imag_part.0.0_WDATA_SB_LUT4_O_I1_SB_LUT4_O_I3 (5,13) -> (5,13)
Info:                          Sink system.core.imag_part.0.0_WDATA_SB_LUT4_O_I1_SB_LUT4_O_LC.CIN
Info:                          Defined in:
Info:                               rtl/core/acoustic_core.sv:168.23-168.120
Info:                               /home/researcher/Desktop/￿FFE6￿FF95￿FF99￿FFE6￿FF9D￿FF90/Fall 2026/digital ic/.tools/oss-cad-suite/libexec/../share/yosys/ice40/arith_map.v:62.5-70.4
Info:                               /home/researcher/Desktop/￿FFE6￿FF95￿FF99￿FFE6￿FF9D￿FF90/Fall 2026/digital ic/.tools/oss-cad-suite/libexec/../share/yosys/ice40/abc9_model.v:4.9-4.11
Info:      logic  0.28  21.39 Source system.core.imag_part.0.0_WDATA_SB_LUT4_O_I1_SB_LUT4_O_LC.COUT
Info:    routing  0.00  21.39 Net system.core.imag_part.0.0_WDATA_SB_LUT4_O_I1_SB_LUT4_O_I3_SB_CARRY_CI_CO (5,13) -> (5,13)
Info:                          Sink system.core.imag_part.0.0_WDATA_SB_LUT4_O_I1_SB_CARRY_I0_CO_SB_CARRY_CI_I0_SB_LUT4_O_LC.CIN
Info:                          Defined in:
Info:                               rtl/core/acoustic_core.sv:168.23-168.120
Info:                               /home/researcher/Desktop/￿FFE6￿FF95￿FF99￿FFE6￿FF9D￿FF90/Fall 2026/digital ic/.tools/oss-cad-suite/libexec/../share/yosys/ice40/arith_map.v:62.5-70.4
Info:                               /home/researcher/Desktop/￿FFE6￿FF95￿FF99￿FFE6￿FF9D￿FF90/Fall 2026/digital ic/.tools/oss-cad-suite/libexec/../share/yosys/ice40/abc9_model.v:4.9-4.11
Info:      logic  0.28  21.67 Source system.core.imag_part.0.0_WDATA_SB_LUT4_O_I1_SB_CARRY_I0_CO_SB_CARRY_CI_I0_SB_LUT4_O_LC.COUT
Info:    routing  0.56  22.23 Net system.core.imag_part.0.0_WDATA_SB_LUT4_O_I1_SB_LUT4_O_I3_SB_CARRY_CI_CO_SB_CARRY_CI_CO (5,13) -> (5,14)
Info:                          Sink system.core.imag_part.0.0_WDATA_SB_LUT4_O_I1_SB_CARRY_I0_CO_SB_CARRY_CI_CO_SB_CARRY_CI_I0_SB_LUT4_O_LC.CIN
Info:                          Defined in:
Info:                               rtl/core/acoustic_core.sv:168.23-168.120
Info:                               /home/researcher/Desktop/￿FFE6￿FF95￿FF99￿FFE6￿FF9D￿FF90/Fall 2026/digital ic/.tools/oss-cad-suite/libexec/../share/yosys/ice40/arith_map.v:62.5-70.4
Info:                               /home/researcher/Desktop/￿FFE6￿FF95￿FF99￿FFE6￿FF9D￿FF90/Fall 2026/digital ic/.tools/oss-cad-suite/libexec/../share/yosys/ice40/abc9_model.v:4.9-4.11
Info:      logic  0.28  22.50 Source system.core.imag_part.0.0_WDATA_SB_LUT4_O_I1_SB_CARRY_I0_CO_SB_CARRY_CI_CO_SB_CARRY_CI_I0_SB_LUT4_O_LC.COUT
Info:    routing  0.00  22.50 Net system.core.imag_part.0.0_WDATA_SB_LUT4_O_I1_SB_LUT4_O_I3_SB_CARRY_CI_CO_SB_CARRY_CI_CO_SB_CARRY_CI_CO (5,14) -> (5,14)
Info:                          Sink system.core.imag_part.0.0_WDATA_SB_LUT4_O_I1_SB_CARRY_I0_CO_SB_CARRY_CI_CO_SB_CARRY_CI_CO_SB_CARRY_CI_I0_SB_LUT4_O_LC.CIN
Info:                          Defined in:
Info:                               rtl/core/acoustic_core.sv:168.23-168.120
Info:                               /home/researcher/Desktop/￿FFE6￿FF95￿FF99￿FFE6￿FF9D￿FF90/Fall 2026/digital ic/.tools/oss-cad-suite/libexec/../share/yosys/ice40/arith_map.v:62.5-70.4
Info:                               /home/researcher/Desktop/￿FFE6￿FF95￿FF99￿FFE6￿FF9D￿FF90/Fall 2026/digital ic/.tools/oss-cad-suite/libexec/../share/yosys/ice40/abc9_model.v:4.9-4.11
Info:      logic  0.28  22.78 Source system.core.imag_part.0.0_WDATA_SB_LUT4_O_I1_SB_CARRY_I0_CO_SB_CARRY_CI_CO_SB_CARRY_CI_CO_SB_CARRY_CI_I0_SB_LUT4_O_LC.COUT
Info:    routing  0.00  22.78 Net system.core.imag_part.0.0_WDATA_SB_LUT4_O_I1_SB_LUT4_O_I3_SB_CARRY_CI_CO_SB_CARRY_CI_CO_SB_CARRY_CI_CO_SB_CARRY_CI_CO (5,14) -> (5,14)
Info:                          Sink system.core.imag_part.0.0_WDATA_SB_LUT4_O_I1_SB_CARRY_I0_CO_SB_CARRY_CI_CO_SB_CARRY_CI_CO_SB_CARRY_CI_CO_SB_CARRY_CI_I0_SB_LUT4_O_LC.CIN
Info:                          Defined in:
Info:                               rtl/core/acoustic_core.sv:168.23-168.120
Info:                               /home/researcher/Desktop/￿FFE6￿FF95￿FF99￿FFE6￿FF9D￿FF90/Fall 2026/digital ic/.tools/oss-cad-suite/libexec/../share/yosys/ice40/arith_map.v:62.5-70.4
Info:                               /home/researcher/Desktop/￿FFE6￿FF95￿FF99￿FFE6￿FF9D￿FF90/Fall 2026/digital ic/.tools/oss-cad-suite/libexec/../share/yosys/ice40/abc9_model.v:4.9-4.11
Info:      logic  0.28  23.06 Source system.core.imag_part.0.0_WDATA_SB_LUT4_O_I1_SB_CARRY_I0_CO_SB_CARRY_CI_CO_SB_CARRY_CI_CO_SB_CARRY_CI_CO_SB_CARRY_CI_I0_SB_LUT4_O_LC.COUT
Info:    routing  0.00  23.06 Net system.core.imag_part.0.0_WDATA_SB_LUT4_O_I1_SB_LUT4_O_I3_SB_CARRY_CI_CO_SB_CARRY_CI_CO_SB_CARRY_CI_CO_SB_CARRY_CI_CO_SB_CARRY_CI_CO (5,14) -> (5,14)
Info:                          Sink system.core.imag_part.0.0_WDATA_SB_LUT4_O_I1_SB_CARRY_I0_CO_SB_CARRY_CI_CO_SB_CARRY_CI_CO_SB_CARRY_CI_CO_SB_CARRY_CI_CO_SB_CARRY_CI_I0_SB_LUT4_O_LC.CIN
Info:                          Defined in:
Info:                               rtl/core/acoustic_core.sv:168.23-168.120
Info:                               /home/researcher/Desktop/￿FFE6￿FF95￿FF99￿FFE6￿FF9D￿FF90/Fall 2026/digital ic/.tools/oss-cad-suite/libexec/../share/yosys/ice40/arith_map.v:62.5-70.4
Info:                               /home/researcher/Desktop/￿FFE6￿FF95￿FF99￿FFE6￿FF9D￿FF90/Fall 2026/digital ic/.tools/oss-cad-suite/libexec/../share/yosys/ice40/abc9_model.v:4.9-4.11
Info:      logic  0.28  23.34 Source system.core.imag_part.0.0_WDATA_SB_LUT4_O_I1_SB_CARRY_I0_CO_SB_CARRY_CI_CO_SB_CARRY_CI_CO_SB_CARRY_CI_CO_SB_CARRY_CI_CO_SB_CARRY_CI_I0_SB_LUT4_O_LC.COUT
Info:    routing  0.66  24.00 Net $nextpnr_ICESTORM_LC_60$I3 (5,14) -> (5,14)
Info:                          Sink $nextpnr_ICESTORM_LC_60.I3
Info:      logic  0.87  24.88 Source $nextpnr_ICESTORM_LC_60.O
Info:    routing  2.95  27.83 Net system.core.imag_part.0.0_WDATA_SB_LUT4_O_I1_SB_LUT4_O_I3_SB_CARRY_CI_CO_SB_CARRY_CI_CO_SB_CARRY_CI_CO_SB_CARRY_CI_CO_SB_CARRY_CI_CO_SB_CARRY_CI_CO (5,14) -> (7,15)
Info:                          Sink system.core.imag_part.0.0_WDATA_SB_LUT4_O_I1_SB_CARRY_I0_CO_SB_CARRY_CI_CO_SB_CARRY_CI_CO_SB_CARRY_CI_CO_SB_CARRY_CI_CO_SB_CARRY_CI_CO_SB_CARRY_CI_CO_SB_CARRY_CI$CARRY.I3
Info:                          Defined in:
Info:                               rtl/core/acoustic_core.sv:168.23-168.120
Info:                               /home/researcher/Desktop/￿FFE6￿FF95￿FF99￿FFE6￿FF9D￿FF90/Fall 2026/digital ic/.tools/oss-cad-suite/libexec/../share/yosys/ice40/arith_map.v:62.5-70.4
Info:                               /home/researcher/Desktop/￿FFE6￿FF95￿FF99￿FFE6￿FF9D￿FF90/Fall 2026/digital ic/.tools/oss-cad-suite/libexec/../share/yosys/ice40/abc9_model.v:4.9-4.11
Info:      logic  0.87  28.70 Source system.core.imag_part.0.0_WDATA_SB_LUT4_O_I1_SB_CARRY_I0_CO_SB_CARRY_CI_CO_SB_CARRY_CI_CO_SB_CARRY_CI_CO_SB_CARRY_CI_CO_SB_CARRY_CI_CO_SB_CARRY_CI_CO_SB_CARRY_CI$CARRY.O
Info:    routing  1.76  30.46 Net system.core.imag_part.0.0_WDATA_SB_LUT4_O_I1_SB_LUT4_O_I3_SB_CARRY_CI_CO_SB_CARRY_CI_CO_SB_CARRY_CI_CO_SB_CARRY_CI_CO_SB_CARRY_CI_CO_SB_CARRY_CI_CO_SB_LUT4_I3_O[1] (7,15) -> (8,14)
Info:                          Sink system.core.imag_part.0.0_WDATA_SB_LUT4_O_I1_SB_CARRY_I0_CO_SB_CARRY_CI_CO_SB_CARRY_CI_CO_SB_CARRY_CI_CO_SB_CARRY_CI_CO_SB_CARRY_CI_CO_SB_CARRY_CI_CO_SB_CARRY_CI_CO_SB_CARRY_CI_CO_SB_CARRY_CI_CO_SB_CARRY_CI_CO_SB_CARRY_CI_CO_SB_CARRY_CI_CO_SB_CARRY_CI_CO_SB_CARRY_CI_CO_SB_CARRY_CI_CO_SB_CARRY_CI_CO_SB_CARRY_CI_CO_SB_CARRY_CI_CO_SB_CARRY_CI_CO_SB_CARRY_CI_CO_SB_CARRY_CI_CO_SB_CARRY_CI_CO_SB_CARRY_CI_CO_SB_CARRY_CI_CO_SB_LUT4_I3_O_SB_LUT4_O_1_I3_SB_CARRY_CO_CI_SB_CARRY_CO_CI_SB_CARRY_CO_CI_SB_CARRY_CO_CI_SB_CARRY_CO_CI_SB_CARRY_CO_CI_SB_CARRY_CO_CI_SB_CARRY_CO_CI_SB_CARRY_CO_CI_SB_CARRY_CO_CI_SB_CARRY_CO_CI_SB_CARRY_CO_CI_SB_CARRY_CO_CI_SB_CARRY_CO_CI_SB_CARRY_CO_CI_SB_CARRY_CO_CI_SB_CARRY_CO_CI_SB_CARRY_CO_CI_SB_CARRY_CO$CARRY.I1
Info:                          Defined in:
Info:                               rtl/core/acoustic_core.sv:184.22-184.36
Info:                               /home/researcher/Desktop/￿FFE6￿FF95￿FF99￿FFE6￿FF9D￿FF90/Fall 2026/digital ic/.tools/oss-cad-suite/libexec/../share/yosys/ice40/arith_map.v:62.5-70.4
Info:                               /home/researcher/Desktop/￿FFE6￿FF95￿FF99￿FFE6￿FF9D￿FF90/Fall 2026/digital ic/.tools/oss-cad-suite/libexec/../share/yosys/ice40/cells_map.v:6.21-6.22
Info:      logic  0.68  31.14 Source system.core.imag_part.0.0_WDATA_SB_LUT4_O_I1_SB_CARRY_I0_CO_SB_CARRY_CI_CO_SB_CARRY_CI_CO_SB_CARRY_CI_CO_SB_CARRY_CI_CO_SB_CARRY_CI_CO_SB_CARRY_CI_CO_SB_CARRY_CI_CO_SB_CARRY_CI_CO_SB_CARRY_CI_CO_SB_CARRY_CI_CO_SB_CARRY_CI_CO_SB_CARRY_CI_CO_SB_CARRY_CI_CO_SB_CARRY_CI_CO_SB_CARRY_CI_CO_SB_CARRY_CI_CO_SB_CARRY_CI_CO_SB_CARRY_CI_CO_SB_CARRY_CI_CO_SB_CARRY_CI_CO_SB_CARRY_CI_CO_SB_CARRY_CI_CO_SB_CARRY_CI_CO_SB_CARRY_CI_CO_SB_LUT4_I3_O_SB_LUT4_O_1_I3_SB_CARRY_CO_CI_SB_CARRY_CO_CI_SB_CARRY_CO_CI_SB_CARRY_CO_CI_SB_CARRY_CO_CI_SB_CARRY_CO_CI_SB_CARRY_CO_CI_SB_CARRY_CO_CI_SB_CARRY_CO_CI_SB_CARRY_CO_CI_SB_CARRY_CO_CI_SB_CARRY_CO_CI_SB_CARRY_CO_CI_SB_CARRY_CO_CI_SB_CARRY_CO_CI_SB_CARRY_CO_CI_SB_CARRY_CO_CI_SB_CARRY_CO_CI_SB_CARRY_CO$CARRY.COUT
Info:    routing  0.00  31.14 Net system.core.imag_part.0.0_WDATA_SB_LUT4_O_I1_SB_CARRY_I0_CO_SB_CARRY_CI_CO_SB_CARRY_CI_CO_SB_CARRY_CI_CO_SB_CARRY_CI_CO_SB_CARRY_CI_CO_SB_CARRY_CI_CO_SB_CARRY_CI_CO_SB_CARRY_CI_CO_SB_CARRY_CI_CO_SB_CARRY_CI_CO_SB_CARRY_CI_CO_SB_CARRY_CI_CO_SB_CARRY_CI_CO_SB_CARRY_CI_CO_SB_CARRY_CI_CO_SB_CARRY_CI_CO_SB_CARRY_CI_CO_SB_CARRY_CI_CO_SB_CARRY_CI_CO_SB_CARRY_CI_CO_SB_CARRY_CI_CO_SB_CARRY_CI_CO_SB_CARRY_CI_CO_SB_CARRY_CI_CO_SB_LUT4_I3_O_SB_LUT4_O_1_I3_SB_CARRY_CO_CI_SB_CARRY_CO_CI_SB_CARRY_CO_CI_SB_CARRY_CO_CI_SB_CARRY_CO_CI_SB_CARRY_CO_CI_SB_CARRY_CO_CI_SB_CARRY_CO_CI_SB_CARRY_CO_CI_SB_CARRY_CO_CI_SB_CARRY_CO_CI_SB_CARRY_CO_CI_SB_CARRY_CO_CI_SB_CARRY_CO_CI_SB_CARRY_CO_CI_SB_CARRY_CO_CI_SB_CARRY_CO_CI_SB_CARRY_CO_CI (8,14) -> (8,14)
Info:                          Sink system.core.imag_part.0.0_WDATA_SB_LUT4_O_I1_SB_CARRY_I0_CO_SB_CARRY_CI_CO_SB_CARRY_CI_CO_SB_CARRY_CI_CO_SB_CARRY_CI_CO_SB_CARRY_CI_CO_SB_CARRY_CI_CO_SB_CARRY_CI_CO_SB_CARRY_CI_CO_SB_CARRY_CI_CO_SB_CARRY_CI_CO_SB_CARRY_CI_CO_SB_CARRY_CI_CO_SB_CARRY_CI_CO_SB_CARRY_CI_CO_SB_CARRY_CI_CO_SB_CARRY_CI_CO_SB_CARRY_CI_CO_SB_CARRY_CI_CO_SB_CARRY_CI_CO_SB_CARRY_CI_CO_SB_CARRY_CI_CO_SB_CARRY_CI_CO_SB_CARRY_CI_CO_SB_CARRY_CI_CO_SB_LUT4_I3_O_SB_LUT4_O_1_I3_SB_CARRY_CO_CI_SB_CARRY_CO_CI_SB_CARRY_CO_CI_SB_CARRY_CO_CI_SB_CARRY_CO_CI_SB_CARRY_CO_CI_SB_CARRY_CO_CI_SB_CARRY_CO_CI_SB_CARRY_CO_CI_SB_CARRY_CO_CI_SB_CARRY_CO_CI_SB_CARRY_CO_CI_SB_CARRY_CO_CI_SB_CARRY_CO_CI_SB_CARRY_CO_CI_SB_CARRY_CO_CI_SB_CARRY_CO_CI_SB_CARRY_CO$CARRY.CIN
Info:                          Defined in:
Info:                               rtl/core/acoustic_core.sv:184.22-184.36
Info:                               /home/researcher/Desktop/￿FFE6￿FF95￿FF99￿FFE6￿FF9D￿FF90/Fall 2026/digital ic/.tools/oss-cad-suite/libexec/../share/yosys/ice40/arith_map.v:62.5-70.4
Info:                               /home/researcher/Desktop/￿FFE6￿FF95￿FF99￿FFE6￿FF9D￿FF90/Fall 2026/digital ic/.tools/oss-cad-suite/libexec/../share/yosys/ice40/abc9_model.v:4.9-4.11
Info:      logic  0.28  31.42 Source system.core.imag_part.0.0_WDATA_SB_LUT4_O_I1_SB_CARRY_I0_CO_SB_CARRY_CI_CO_SB_CARRY_CI_CO_SB_CARRY_CI_CO_SB_CARRY_CI_CO_SB_CARRY_CI_CO_SB_CARRY_CI_CO_SB_CARRY_CI_CO_SB_CARRY_CI_CO_SB_CARRY_CI_CO_SB_CARRY_CI_CO_SB_CARRY_CI_CO_SB_CARRY_CI_CO_SB_CARRY_CI_CO_SB_CARRY_CI_CO_SB_CARRY_CI_CO_SB_CARRY_CI_CO_SB_CARRY_CI_CO_SB_CARRY_CI_CO_SB_CARRY_CI_CO_SB_CARRY_CI_CO_SB_CARRY_CI_CO_SB_CARRY_CI_CO_SB_CARRY_CI_CO_SB_CARRY_CI_CO_SB_LUT4_I3_O_SB_LUT4_O_1_I3_SB_CARRY_CO_CI_SB_CARRY_CO_CI_SB_CARRY_CO_CI_SB_CARRY_CO_CI_SB_CARRY_CO_CI_SB_CARRY_CO_CI_SB_CARRY_CO_CI_SB_CARRY_CO_CI_SB_CARRY_CO_CI_SB_CARRY_CO_CI_SB_CARRY_CO_CI_SB_CARRY_CO_CI_SB_CARRY_CO_CI_SB_CARRY_CO_CI_SB_CARRY_CO_CI_SB_CARRY_CO_CI_SB_CARRY_CO_CI_SB_CARRY_CO$CARRY.COUT
Info:    routing  0.00  31.42 Net system.core.imag_part.0.0_WDATA_SB_LUT4_O_I1_SB_CARRY_I0_CO_SB_CARRY_CI_CO_SB_CARRY_CI_CO_SB_CARRY_CI_CO_SB_CARRY_CI_CO_SB_CARRY_CI_CO_SB_CARRY_CI_CO_SB_CARRY_CI_CO_SB_CARRY_CI_CO_SB_CARRY_CI_CO_SB_CARRY_CI_CO_SB_CARRY_CI_CO_SB_CARRY_CI_CO_SB_CARRY_CI_CO_SB_CARRY_CI_CO_SB_CARRY_CI_CO_SB_CARRY_CI_CO_SB_CARRY_CI_CO_SB_CARRY_CI_CO_SB_CARRY_CI_CO_SB_CARRY_CI_CO_SB_CARRY_CI_CO_SB_CARRY_CI_CO_SB_CARRY_CI_CO_SB_CARRY_CI_CO_SB_LUT4_I3_O_SB_LUT4_O_1_I3_SB_CARRY_CO_CI_SB_CARRY_CO_CI_SB_CARRY_CO_CI_SB_CARRY_CO_CI_SB_CARRY_CO_CI_SB_CARRY_CO_CI_SB_CARRY_CO_CI_SB_CARRY_CO_CI_SB_CARRY_CO_CI_SB_CARRY_CO_CI_SB_CARRY_CO_CI_SB_CARRY_CO_CI_SB_CARRY_CO_CI_SB_CARRY_CO_CI_SB_CARRY_CO_CI_SB_CARRY_CO_CI_SB_CARRY_CO_CI (8,14) -> (8,14)
Info:                          Sink system.core.imag_part.0.0_WDATA_SB_LUT4_O_I1_SB_CARRY_I0_CO_SB_CARRY_CI_CO_SB_CARRY_CI_CO_SB_CARRY_CI_CO_SB_CARRY_CI_CO_SB_CARRY_CI_CO_SB_CARRY_CI_CO_SB_CARRY_CI_CO_SB_CARRY_CI_CO_SB_CARRY_CI_CO_SB_CARRY_CI_CO_SB_CARRY_CI_CO_SB_CARRY_CI_CO_SB_CARRY_CI_CO_SB_CARRY_CI_CO_SB_CARRY_CI_CO_SB_CARRY_CI_CO_SB_CARRY_CI_CO_SB_CARRY_CI_CO_SB_CARRY_CI_CO_SB_CARRY_CI_CO_SB_CARRY_CI_CO_SB_CARRY_CI_CO_SB_CARRY_CI_CO_SB_CARRY_CI_CO_SB_LUT4_I3_O_SB_LUT4_O_1_I3_SB_CARRY_CO_CI_SB_CARRY_CO_CI_SB_CARRY_CO_CI_SB_CARRY_CO_CI_SB_CARRY_CO_CI_SB_CARRY_CO_CI_SB_CARRY_CO_CI_SB_CARRY_CO_CI_SB_CARRY_CO_CI_SB_CARRY_CO_CI_SB_CARRY_CO_CI_SB_CARRY_CO_CI_SB_CARRY_CO_CI_SB_CARRY_CO_CI_SB_CARRY_CO_CI_SB_CARRY_CO_CI_SB_CARRY_CO$CARRY.CIN
Info:                          Defined in:
Info:                               rtl/core/acoustic_core.sv:184.22-184.36
Info:                               /home/researcher/Desktop/￿FFE6￿FF95￿FF99￿FFE6￿FF9D￿FF90/Fall 2026/digital ic/.tools/oss-cad-suite/libexec/../share/yosys/ice40/arith_map.v:62.5-70.4
Info:                               /home/researcher/Desktop/￿FFE6￿FF95￿FF99￿FFE6￿FF9D￿FF90/Fall 2026/digital ic/.tools/oss-cad-suite/libexec/../share/yosys/ice40/abc9_model.v:4.9-4.11
Info:      logic  0.28  31.69 Source system.core.imag_part.0.0_WDATA_SB_LUT4_O_I1_SB_CARRY_I0_CO_SB_CARRY_CI_CO_SB_CARRY_CI_CO_SB_CARRY_CI_CO_SB_CARRY_CI_CO_SB_CARRY_CI_CO_SB_CARRY_CI_CO_SB_CARRY_CI_CO_SB_CARRY_CI_CO_SB_CARRY_CI_CO_SB_CARRY_CI_CO_SB_CARRY_CI_CO_SB_CARRY_CI_CO_SB_CARRY_CI_CO_SB_CARRY_CI_CO_SB_CARRY_CI_CO_SB_CARRY_CI_CO_SB_CARRY_CI_CO_SB_CARRY_CI_CO_SB_CARRY_CI_CO_SB_CARRY_CI_CO_SB_CARRY_CI_CO_SB_CARRY_CI_CO_SB_CARRY_CI_CO_SB_CARRY_CI_CO_SB_LUT4_I3_O_SB_LUT4_O_1_I3_SB_CARRY_CO_CI_SB_CARRY_CO_CI_SB_CARRY_CO_CI_SB_CARRY_CO_CI_SB_CARRY_CO_CI_SB_CARRY_CO_CI_SB_CARRY_CO_CI_SB_CARRY_CO_CI_SB_CARRY_CO_CI_SB_CARRY_CO_CI_SB_CARRY_CO_CI_SB_CARRY_CO_CI_SB_CARRY_CO_CI_SB_CARRY_CO_CI_SB_CARRY_CO_CI_SB_CARRY_CO_CI_SB_CARRY_CO$CARRY.COUT
Info:    routing  0.56  32.25 Net system.core.imag_part.0.0_WDATA_SB_LUT4_O_I1_SB_CARRY_I0_CO_SB_CARRY_CI_CO_SB_CARRY_CI_CO_SB_CARRY_CI_CO_SB_CARRY_CI_CO_SB_CARRY_CI_CO_SB_CARRY_CI_CO_SB_CARRY_CI_CO_SB_CARRY_CI_CO_SB_CARRY_CI_CO_SB_CARRY_CI_CO_SB_CARRY_CI_CO_SB_CARRY_CI_CO_SB_CARRY_CI_CO_SB_CARRY_CI_CO_SB_CARRY_CI_CO_SB_CARRY_CI_CO_SB_CARRY_CI_CO_SB_CARRY_CI_CO_SB_CARRY_CI_CO_SB_CARRY_CI_CO_SB_CARRY_CI_CO_SB_CARRY_CI_CO_SB_CARRY_CI_CO_SB_CARRY_CI_CO_SB_LUT4_I3_O_SB_LUT4_O_1_I3_SB_CARRY_CO_CI_SB_CARRY_CO_CI_SB_CARRY_CO_CI_SB_CARRY_CO_CI_SB_CARRY_CO_CI_SB_CARRY_CO_CI_SB_CARRY_CO_CI_SB_CARRY_CO_CI_SB_CARRY_CO_CI_SB_CARRY_CO_CI_SB_CARRY_CO_CI_SB_CARRY_CO_CI_SB_CARRY_CO_CI_SB_CARRY_CO_CI_SB_CARRY_CO_CI_SB_CARRY_CO_CI (8,14) -> (8,15)
Info:                          Sink system.core.imag_part.0.0_WDATA_SB_LUT4_O_I1_SB_CARRY_I0_CO_SB_CARRY_CI_CO_SB_CARRY_CI_CO_SB_CARRY_CI_CO_SB_CARRY_CI_CO_SB_CARRY_CI_CO_SB_CARRY_CI_CO_SB_CARRY_CI_CO_SB_CARRY_CI_CO_SB_CARRY_CI_CO_SB_CARRY_CI_CO_SB_CARRY_CI_CO_SB_CARRY_CI_CO_SB_CARRY_CI_CO_SB_CARRY_CI_CO_SB_CARRY_CI_CO_SB_CARRY_CI_CO_SB_CARRY_CI_CO_SB_CARRY_CI_CO_SB_CARRY_CI_CO_SB_CARRY_CI_CO_SB_CARRY_CI_CO_SB_CARRY_CI_CO_SB_CARRY_CI_CO_SB_CARRY_CI_CO_SB_LUT4_I3_O_SB_LUT4_O_1_I3_SB_CARRY_CO_CI_SB_CARRY_CO_CI_SB_CARRY_CO_CI_SB_CARRY_CO_CI_SB_CARRY_CO_CI_SB_CARRY_CO_CI_SB_CARRY_CO_CI_SB_CARRY_CO_CI_SB_CARRY_CO_CI_SB_CARRY_CO_CI_SB_CARRY_CO_CI_SB_CARRY_CO_CI_SB_CARRY_CO_CI_SB_CARRY_CO_CI_SB_CARRY_CO_CI_SB_CARRY_CO$CARRY.CIN
Info:                          Defined in:
Info:                               rtl/core/acoustic_core.sv:184.22-184.36
Info:                               /home/researcher/Desktop/￿FFE6￿FF95￿FF99￿FFE6￿FF9D￿FF90/Fall 2026/digital ic/.tools/oss-cad-suite/libexec/../share/yosys/ice40/arith_map.v:62.5-70.4
Info:                               /home/researcher/Desktop/￿FFE6￿FF95￿FF99￿FFE6￿FF9D￿FF90/Fall 2026/digital ic/.tools/oss-cad-suite/libexec/../share/yosys/ice40/abc9_model.v:4.9-4.11
Info:      logic  0.28  32.53 Source system.core.imag_part.0.0_WDATA_SB_LUT4_O_I1_SB_CARRY_I0_CO_SB_CARRY_CI_CO_SB_CARRY_CI_CO_SB_CARRY_CI_CO_SB_CARRY_CI_CO_SB_CARRY_CI_CO_SB_CARRY_CI_CO_SB_CARRY_CI_CO_SB_CARRY_CI_CO_SB_CARRY_CI_CO_SB_CARRY_CI_CO_SB_CARRY_CI_CO_SB_CARRY_CI_CO_SB_CARRY_CI_CO_SB_CARRY_CI_CO_SB_CARRY_CI_CO_SB_CARRY_CI_CO_SB_CARRY_CI_CO_SB_CARRY_CI_CO_SB_CARRY_CI_CO_SB_CARRY_CI_CO_SB_CARRY_CI_CO_SB_CARRY_CI_CO_SB_CARRY_CI_CO_SB_CARRY_CI_CO_SB_LUT4_I3_O_SB_LUT4_O_1_I3_SB_CARRY_CO_CI_SB_CARRY_CO_CI_SB_CARRY_CO_CI_SB_CARRY_CO_CI_SB_CARRY_CO_CI_SB_CARRY_CO_CI_SB_CARRY_CO_CI_SB_CARRY_CO_CI_SB_CARRY_CO_CI_SB_CARRY_CO_CI_SB_CARRY_CO_CI_SB_CARRY_CO_CI_SB_CARRY_CO_CI_SB_CARRY_CO_CI_SB_CARRY_CO_CI_SB_CARRY_CO$CARRY.COUT
Info:    routing  0.00  32.53 Net system.core.imag_part.0.0_WDATA_SB_LUT4_O_I1_SB_CARRY_I0_CO_SB_CARRY_CI_CO_SB_CARRY_CI_CO_SB_CARRY_CI_CO_SB_CARRY_CI_CO_SB_CARRY_CI_CO_SB_CARRY_CI_CO_SB_CARRY_CI_CO_SB_CARRY_CI_CO_SB_CARRY_CI_CO_SB_CARRY_CI_CO_SB_CARRY_CI_CO_SB_CARRY_CI_CO_SB_CARRY_CI_CO_SB_CARRY_CI_CO_SB_CARRY_CI_CO_SB_CARRY_CI_CO_SB_CARRY_CI_CO_SB_CARRY_CI_CO_SB_CARRY_CI_CO_SB_CARRY_CI_CO_SB_CARRY_CI_CO_SB_CARRY_CI_CO_SB_CARRY_CI_CO_SB_CARRY_CI_CO_SB_LUT4_I3_O_SB_LUT4_O_1_I3_SB_CARRY_CO_CI_SB_CARRY_CO_CI_SB_CARRY_CO_CI_SB_CARRY_CO_CI_SB_CARRY_CO_CI_SB_CARRY_CO_CI_SB_CARRY_CO_CI_SB_CARRY_CO_CI_SB_CARRY_CO_CI_SB_CARRY_CO_CI_SB_CARRY_CO_CI_SB_CARRY_CO_CI_SB_CARRY_CO_CI_SB_CARRY_CO_CI_SB_CARRY_CO_CI (8,15) -> (8,15)
Info:                          Sink system.core.imag_part.0.0_WDATA_SB_LUT4_O_I1_SB_CARRY_I0_CO_SB_CARRY_CI_CO_SB_CARRY_CI_CO_SB_CARRY_CI_CO_SB_CARRY_CI_CO_SB_CARRY_CI_CO_SB_CARRY_CI_CO_SB_CARRY_CI_CO_SB_CARRY_CI_CO_SB_CARRY_CI_CO_SB_CARRY_CI_CO_SB_CARRY_CI_CO_SB_CARRY_CI_CO_SB_CARRY_CI_CO_SB_CARRY_CI_CO_SB_CARRY_CI_CO_SB_CARRY_CI_CO_SB_CARRY_CI_CO_SB_CARRY_CI_CO_SB_CARRY_CI_CO_SB_CARRY_CI_CO_SB_CARRY_CI_CO_SB_CARRY_CI_CO_SB_CARRY_CI_CO_SB_CARRY_CI_CO_SB_LUT4_I3_O_SB_LUT4_O_1_I3_SB_CARRY_CO_CI_SB_CARRY_CO_CI_SB_CARRY_CO_CI_SB_CARRY_CO_CI_SB_CARRY_CO_CI_SB_CARRY_CO_CI_SB_CARRY_CO_CI_SB_CARRY_CO_CI_SB_CARRY_CO_CI_SB_CARRY_CO_CI_SB_CARRY_CO_CI_SB_CARRY_CO_CI_SB_CARRY_CO_CI_SB_CARRY_CO_CI_SB_CARRY_CO$CARRY.CIN
Info:                          Defined in:
Info:                               rtl/core/acoustic_core.sv:184.22-184.36
Info:                               /home/researcher/Desktop/￿FFE6￿FF95￿FF99￿FFE6￿FF9D￿FF90/Fall 2026/digital ic/.tools/oss-cad-suite/libexec/../share/yosys/ice40/arith_map.v:62.5-70.4
Info:                               /home/researcher/Desktop/￿FFE6￿FF95￿FF99￿FFE6￿FF9D￿FF90/Fall 2026/digital ic/.tools/oss-cad-suite/libexec/../share/yosys/ice40/abc9_model.v:4.9-4.11
Info:      logic  0.28  32.81 Source system.core.imag_part.0.0_WDATA_SB_LUT4_O_I1_SB_CARRY_I0_CO_SB_CARRY_CI_CO_SB_CARRY_CI_CO_SB_CARRY_CI_CO_SB_CARRY_CI_CO_SB_CARRY_CI_CO_SB_CARRY_CI_CO_SB_CARRY_CI_CO_SB_CARRY_CI_CO_SB_CARRY_CI_CO_SB_CARRY_CI_CO_SB_CARRY_CI_CO_SB_CARRY_CI_CO_SB_CARRY_CI_CO_SB_CARRY_CI_CO_SB_CARRY_CI_CO_SB_CARRY_CI_CO_SB_CARRY_CI_CO_SB_CARRY_CI_CO_SB_CARRY_CI_CO_SB_CARRY_CI_CO_SB_CARRY_CI_CO_SB_CARRY_CI_CO_SB_CARRY_CI_CO_SB_CARRY_CI_CO_SB_LUT4_I3_O_SB_LUT4_O_1_I3_SB_CARRY_CO_CI_SB_CARRY_CO_CI_SB_CARRY_CO_CI_SB_CARRY_CO_CI_SB_CARRY_CO_CI_SB_CARRY_CO_CI_SB_CARRY_CO_CI_SB_CARRY_CO_CI_SB_CARRY_CO_CI_SB_CARRY_CO_CI_SB_CARRY_CO_CI_SB_CARRY_CO_CI_SB_CARRY_CO_CI_SB_CARRY_CO_CI_SB_CARRY_CO$CARRY.COUT
Info:    routing  0.00  32.81 Net system.core.imag_part.0.0_WDATA_SB_LUT4_O_I1_SB_CARRY_I0_CO_SB_CARRY_CI_CO_SB_CARRY_CI_CO_SB_CARRY_CI_CO_SB_CARRY_CI_CO_SB_CARRY_CI_CO_SB_CARRY_CI_CO_SB_CARRY_CI_CO_SB_CARRY_CI_CO_SB_CARRY_CI_CO_SB_CARRY_CI_CO_SB_CARRY_CI_CO_SB_CARRY_CI_CO_SB_CARRY_CI_CO_SB_CARRY_CI_CO_SB_CARRY_CI_CO_SB_CARRY_CI_CO_SB_CARRY_CI_CO_SB_CARRY_CI_CO_SB_CARRY_CI_CO_SB_CARRY_CI_CO_SB_CARRY_CI_CO_SB_CARRY_CI_CO_SB_CARRY_CI_CO_SB_CARRY_CI_CO_SB_LUT4_I3_O_SB_LUT4_O_1_I3_SB_CARRY_CO_CI_SB_CARRY_CO_CI_SB_CARRY_CO_CI_SB_CARRY_CO_CI_SB_CARRY_CO_CI_SB_CARRY_CO_CI_SB_CARRY_CO_CI_SB_CARRY_CO_CI_SB_CARRY_CO_CI_SB_CARRY_CO_CI_SB_CARRY_CO_CI_SB_CARRY_CO_CI_SB_CARRY_CO_CI_SB_CARRY_CO_CI (8,15) -> (8,15)
Info:                          Sink system.core.imag_part.0.0_WDATA_SB_LUT4_O_I1_SB_CARRY_I0_CO_SB_CARRY_CI_CO_SB_CARRY_CI_CO_SB_CARRY_CI_CO_SB_CARRY_CI_CO_SB_CARRY_CI_CO_SB_CARRY_CI_CO_SB_CARRY_CI_CO_SB_CARRY_CI_CO_SB_CARRY_CI_CO_SB_CARRY_CI_CO_SB_CARRY_CI_CO_SB_CARRY_CI_CO_SB_CARRY_CI_CO_SB_CARRY_CI_CO_SB_CARRY_CI_CO_SB_CARRY_CI_CO_SB_CARRY_CI_CO_SB_CARRY_CI_CO_SB_CARRY_CI_CO_SB_CARRY_CI_CO_SB_CARRY_CI_CO_SB_CARRY_CI_CO_SB_CARRY_CI_CO_SB_CARRY_CI_CO_SB_LUT4_I3_O_SB_LUT4_O_1_I3_SB_CARRY_CO_CI_SB_CARRY_CO_CI_SB_CARRY_CO_CI_SB_CARRY_CO_CI_SB_CARRY_CO_CI_SB_CARRY_CO_CI_SB_CARRY_CO_CI_SB_CARRY_CO_CI_SB_CARRY_CO_CI_SB_CARRY_CO_CI_SB_CARRY_CO_CI_SB_CARRY_CO_CI_SB_CARRY_CO_CI_SB_CARRY_CO$CARRY.CIN
Info:                          Defined in:
Info:                               rtl/core/acoustic_core.sv:184.22-184.36
Info:                               /home/researcher/Desktop/￿FFE6￿FF95￿FF99￿FFE6￿FF9D￿FF90/Fall 2026/digital ic/.tools/oss-cad-suite/libexec/../share/yosys/ice40/arith_map.v:62.5-70.4
Info:                               /home/researcher/Desktop/￿FFE6￿FF95￿FF99￿FFE6￿FF9D￿FF90/Fall 2026/digital ic/.tools/oss-cad-suite/libexec/../share/yosys/ice40/abc9_model.v:4.9-4.11
Info:      logic  0.28  33.08 Source system.core.imag_part.0.0_WDATA_SB_LUT4_O_I1_SB_CARRY_I0_CO_SB_CARRY_CI_CO_SB_CARRY_CI_CO_SB_CARRY_CI_CO_SB_CARRY_CI_CO_SB_CARRY_CI_CO_SB_CARRY_CI_CO_SB_CARRY_CI_CO_SB_CARRY_CI_CO_SB_CARRY_CI_CO_SB_CARRY_CI_CO_SB_CARRY_CI_CO_SB_CARRY_CI_CO_SB_CARRY_CI_CO_SB_CARRY_CI_CO_SB_CARRY_CI_CO_SB_CARRY_CI_CO_SB_CARRY_CI_CO_SB_CARRY_CI_CO_SB_CARRY_CI_CO_SB_CARRY_CI_CO_SB_CARRY_CI_CO_SB_CARRY_CI_CO_SB_CARRY_CI_CO_SB_CARRY_CI_CO_SB_LUT4_I3_O_SB_LUT4_O_1_I3_SB_CARRY_CO_CI_SB_CARRY_CO_CI_SB_CARRY_CO_CI_SB_CARRY_CO_CI_SB_CARRY_CO_CI_SB_CARRY_CO_CI_SB_CARRY_CO_CI_SB_CARRY_CO_CI_SB_CARRY_CO_CI_SB_CARRY_CO_CI_SB_CARRY_CO_CI_SB_CARRY_CO_CI_SB_CARRY_CO_CI_SB_CARRY_CO$CARRY.COUT
Info:    routing  0.00  33.08 Net system.core.imag_part.0.0_WDATA_SB_LUT4_O_I1_SB_CARRY_I0_CO_SB_CARRY_CI_CO_SB_CARRY_CI_CO_SB_CARRY_CI_CO_SB_CARRY_CI_CO_SB_CARRY_CI_CO_SB_CARRY_CI_CO_SB_CARRY_CI_CO_SB_CARRY_CI_CO_SB_CARRY_CI_CO_SB_CARRY_CI_CO_SB_CARRY_CI_CO_SB_CARRY_CI_CO_SB_CARRY_CI_CO_SB_CARRY_CI_CO_SB_CARRY_CI_CO_SB_CARRY_CI_CO_SB_CARRY_CI_CO_SB_CARRY_CI_CO_SB_CARRY_CI_CO_SB_CARRY_CI_CO_SB_CARRY_CI_CO_SB_CARRY_CI_CO_SB_CARRY_CI_CO_SB_CARRY_CI_CO_SB_LUT4_I3_O_SB_LUT4_O_1_I3_SB_CARRY_CO_CI_SB_CARRY_CO_CI_SB_CARRY_CO_CI_SB_CARRY_CO_CI_SB_CARRY_CO_CI_SB_CARRY_CO_CI_SB_CARRY_CO_CI_SB_CARRY_CO_CI_SB_CARRY_CO_CI_SB_CARRY_CO_CI_SB_CARRY_CO_CI_SB_CARRY_CO_CI_SB_CARRY_CO_CI (8,15) -> (8,15)
Info:                          Sink system.core.imag_part.0.0_WDATA_SB_LUT4_O_I1_SB_CARRY_I0_CO_SB_CARRY_CI_CO_SB_CARRY_CI_CO_SB_CARRY_CI_CO_SB_CARRY_CI_CO_SB_CARRY_CI_CO_SB_CARRY_CI_CO_SB_CARRY_CI_CO_SB_CARRY_CI_CO_SB_CARRY_CI_CO_SB_CARRY_CI_CO_SB_CARRY_CI_CO_SB_CARRY_CI_CO_SB_CARRY_CI_CO_SB_CARRY_CI_CO_SB_CARRY_CI_CO_SB_CARRY_CI_CO_SB_CARRY_CI_CO_SB_CARRY_CI_CO_SB_CARRY_CI_CO_SB_CARRY_CI_CO_SB_CARRY_CI_CO_SB_CARRY_CI_CO_SB_CARRY_CI_CO_SB_CARRY_CI_CO_SB_LUT4_I3_O_SB_LUT4_O_1_I3_SB_CARRY_CO_CI_SB_CARRY_CO_CI_SB_CARRY_CO_CI_SB_CARRY_CO_CI_SB_CARRY_CO_CI_SB_CARRY_CO_CI_SB_CARRY_CO_CI_SB_CARRY_CO_CI_SB_CARRY_CO_CI_SB_CARRY_CO_CI_SB_CARRY_CO_CI_SB_CARRY_CO_CI_SB_CARRY_CO$CARRY.CIN
Info:                          Defined in:
Info:                               rtl/core/acoustic_core.sv:184.22-184.36
Info:                               /home/researcher/Desktop/￿FFE6￿FF95￿FF99￿FFE6￿FF9D￿FF90/Fall 2026/digital ic/.tools/oss-cad-suite/libexec/../share/yosys/ice40/arith_map.v:62.5-70.4
Info:                               /home/researcher/Desktop/￿FFE6￿FF95￿FF99￿FFE6￿FF9D￿FF90/Fall 2026/digital ic/.tools/oss-cad-suite/libexec/../share/yosys/ice40/abc9_model.v:4.9-4.11
Info:      logic  0.28  33.36 Source system.core.imag_part.0.0_WDATA_SB_LUT4_O_I1_SB_CARRY_I0_CO_SB_CARRY_CI_CO_SB_CARRY_CI_CO_SB_CARRY_CI_CO_SB_CARRY_CI_CO_SB_CARRY_CI_CO_SB_CARRY_CI_CO_SB_CARRY_CI_CO_SB_CARRY_CI_CO_SB_CARRY_CI_CO_SB_CARRY_CI_CO_SB_CARRY_CI_CO_SB_CARRY_CI_CO_SB_CARRY_CI_CO_SB_CARRY_CI_CO_SB_CARRY_CI_CO_SB_CARRY_CI_CO_SB_CARRY_CI_CO_SB_CARRY_CI_CO_SB_CARRY_CI_CO_SB_CARRY_CI_CO_SB_CARRY_CI_CO_SB_CARRY_CI_CO_SB_CARRY_CI_CO_SB_CARRY_CI_CO_SB_LUT4_I3_O_SB_LUT4_O_1_I3_SB_CARRY_CO_CI_SB_CARRY_CO_CI_SB_CARRY_CO_CI_SB_CARRY_CO_CI_SB_CARRY_CO_CI_SB_CARRY_CO_CI_SB_CARRY_CO_CI_SB_CARRY_CO_CI_SB_CARRY_CO_CI_SB_CARRY_CO_CI_SB_CARRY_CO_CI_SB_CARRY_CO_CI_SB_CARRY_CO$CARRY.COUT
Info:    routing  0.00  33.36 Net system.core.imag_part.0.0_WDATA_SB_LUT4_O_I1_SB_CARRY_I0_CO_SB_CARRY_CI_CO_SB_CARRY_CI_CO_SB_CARRY_CI_CO_SB_CARRY_CI_CO_SB_CARRY_CI_CO_SB_CARRY_CI_CO_SB_CARRY_CI_CO_SB_CARRY_CI_CO_SB_CARRY_CI_CO_SB_CARRY_CI_CO_SB_CARRY_CI_CO_SB_CARRY_CI_CO_SB_CARRY_CI_CO_SB_CARRY_CI_CO_SB_CARRY_CI_CO_SB_CARRY_CI_CO_SB_CARRY_CI_CO_SB_CARRY_CI_CO_SB_CARRY_CI_CO_SB_CARRY_CI_CO_SB_CARRY_CI_CO_SB_CARRY_CI_CO_SB_CARRY_CI_CO_SB_CARRY_CI_CO_SB_LUT4_I3_O_SB_LUT4_O_1_I3_SB_CARRY_CO_CI_SB_CARRY_CO_CI_SB_CARRY_CO_CI_SB_CARRY_CO_CI_SB_CARRY_CO_CI_SB_CARRY_CO_CI_SB_CARRY_CO_CI_SB_CARRY_CO_CI_SB_CARRY_CO_CI_SB_CARRY_CO_CI_SB_CARRY_CO_CI_SB_CARRY_CO_CI (8,15) -> (8,15)
Info:                          Sink system.core.imag_part.0.0_WDATA_SB_LUT4_O_I1_SB_CARRY_I0_CO_SB_CARRY_CI_CO_SB_CARRY_CI_CO_SB_CARRY_CI_CO_SB_CARRY_CI_CO_SB_CARRY_CI_CO_SB_CARRY_CI_CO_SB_CARRY_CI_CO_SB_CARRY_CI_CO_SB_CARRY_CI_CO_SB_CARRY_CI_CO_SB_CARRY_CI_CO_SB_CARRY_CI_CO_SB_CARRY_CI_CO_SB_CARRY_CI_CO_SB_CARRY_CI_CO_SB_CARRY_CI_CO_SB_CARRY_CI_CO_SB_CARRY_CI_CO_SB_CARRY_CI_CO_SB_CARRY_CI_CO_SB_CARRY_CI_CO_SB_CARRY_CI_CO_SB_CARRY_CI_CO_SB_CARRY_CI_CO_SB_LUT4_I3_O_SB_LUT4_O_1_I3_SB_CARRY_CO_CI_SB_CARRY_CO_CI_SB_CARRY_CO_CI_SB_CARRY_CO_CI_SB_CARRY_CO_CI_SB_CARRY_CO_CI_SB_CARRY_CO_CI_SB_CARRY_CO_CI_SB_CARRY_CO_CI_SB_CARRY_CO_CI_SB_CARRY_CO_CI_SB_CARRY_CO$CARRY.CIN
Info:                          Defined in:
Info:                               rtl/core/acoustic_core.sv:184.22-184.36
Info:                               /home/researcher/Desktop/￿FFE6￿FF95￿FF99￿FFE6￿FF9D￿FF90/Fall 2026/digital ic/.tools/oss-cad-suite/libexec/../share/yosys/ice40/arith_map.v:62.5-70.4
Info:                               /home/researcher/Desktop/￿FFE6￿FF95￿FF99￿FFE6￿FF9D￿FF90/Fall 2026/digital ic/.tools/oss-cad-suite/libexec/../share/yosys/ice40/abc9_model.v:4.9-4.11
Info:      logic  0.28  33.64 Source system.core.imag_part.0.0_WDATA_SB_LUT4_O_I1_SB_CARRY_I0_CO_SB_CARRY_CI_CO_SB_CARRY_CI_CO_SB_CARRY_CI_CO_SB_CARRY_CI_CO_SB_CARRY_CI_CO_SB_CARRY_CI_CO_SB_CARRY_CI_CO_SB_CARRY_CI_CO_SB_CARRY_CI_CO_SB_CARRY_CI_CO_SB_CARRY_CI_CO_SB_CARRY_CI_CO_SB_CARRY_CI_CO_SB_CARRY_CI_CO_SB_CARRY_CI_CO_SB_CARRY_CI_CO_SB_CARRY_CI_CO_SB_CARRY_CI_CO_SB_CARRY_CI_CO_SB_CARRY_CI_CO_SB_CARRY_CI_CO_SB_CARRY_CI_CO_SB_CARRY_CI_CO_SB_CARRY_CI_CO_SB_LUT4_I3_O_SB_LUT4_O_1_I3_SB_CARRY_CO_CI_SB_CARRY_CO_CI_SB_CARRY_CO_CI_SB_CARRY_CO_CI_SB_CARRY_CO_CI_SB_CARRY_CO_CI_SB_CARRY_CO_CI_SB_CARRY_CO_CI_SB_CARRY_CO_CI_SB_CARRY_CO_CI_SB_CARRY_CO_CI_SB_CARRY_CO$CARRY.COUT
Info:    routing  0.00  33.64 Net system.core.imag_part.0.0_WDATA_SB_LUT4_O_I1_SB_CARRY_I0_CO_SB_CARRY_CI_CO_SB_CARRY_CI_CO_SB_CARRY_CI_CO_SB_CARRY_CI_CO_SB_CARRY_CI_CO_SB_CARRY_CI_CO_SB_CARRY_CI_CO_SB_CARRY_CI_CO_SB_CARRY_CI_CO_SB_CARRY_CI_CO_SB_CARRY_CI_CO_SB_CARRY_CI_CO_SB_CARRY_CI_CO_SB_CARRY_CI_CO_SB_CARRY_CI_CO_SB_CARRY_CI_CO_SB_CARRY_CI_CO_SB_CARRY_CI_CO_SB_CARRY_CI_CO_SB_CARRY_CI_CO_SB_CARRY_CI_CO_SB_CARRY_CI_CO_SB_CARRY_CI_CO_SB_CARRY_CI_CO_SB_LUT4_I3_O_SB_LUT4_O_1_I3_SB_CARRY_CO_CI_SB_CARRY_CO_CI_SB_CARRY_CO_CI_SB_CARRY_CO_CI_SB_CARRY_CO_CI_SB_CARRY_CO_CI_SB_CARRY_CO_CI_SB_CARRY_CO_CI_SB_CARRY_CO_CI_SB_CARRY_CO_CI_SB_CARRY_CO_CI (8,15) -> (8,15)
Info:                          Sink system.core.imag_part.0.0_WDATA_SB_LUT4_O_I1_SB_CARRY_I0_CO_SB_CARRY_CI_CO_SB_CARRY_CI_CO_SB_CARRY_CI_CO_SB_CARRY_CI_CO_SB_CARRY_CI_CO_SB_CARRY_CI_CO_SB_CARRY_CI_CO_SB_CARRY_CI_CO_SB_CARRY_CI_CO_SB_CARRY_CI_CO_SB_CARRY_CI_CO_SB_CARRY_CI_CO_SB_CARRY_CI_CO_SB_CARRY_CI_CO_SB_CARRY_CI_CO_SB_CARRY_CI_CO_SB_CARRY_CI_CO_SB_CARRY_CI_CO_SB_CARRY_CI_CO_SB_CARRY_CI_CO_SB_CARRY_CI_CO_SB_CARRY_CI_CO_SB_CARRY_CI_CO_SB_CARRY_CI_CO_SB_LUT4_I3_O_SB_LUT4_O_1_I3_SB_CARRY_CO_CI_SB_CARRY_CO_CI_SB_CARRY_CO_CI_SB_CARRY_CO_CI_SB_CARRY_CO_CI_SB_CARRY_CO_CI_SB_CARRY_CO_CI_SB_CARRY_CO_CI_SB_CARRY_CO_CI_SB_CARRY_CO_CI_SB_CARRY_CO$CARRY.CIN
Info:                          Defined in:
Info:                               rtl/core/acoustic_core.sv:184.22-184.36
Info:                               /home/researcher/Desktop/￿FFE6￿FF95￿FF99￿FFE6￿FF9D￿FF90/Fall 2026/digital ic/.tools/oss-cad-suite/libexec/../share/yosys/ice40/arith_map.v:62.5-70.4
Info:                               /home/researcher/Desktop/￿FFE6￿FF95￿FF99￿FFE6￿FF9D￿FF90/Fall 2026/digital ic/.tools/oss-cad-suite/libexec/../share/yosys/ice40/abc9_model.v:4.9-4.11
Info:      logic  0.28  33.92 Source system.core.imag_part.0.0_WDATA_SB_LUT4_O_I1_SB_CARRY_I0_CO_SB_CARRY_CI_CO_SB_CARRY_CI_CO_SB_CARRY_CI_CO_SB_CARRY_CI_CO_SB_CARRY_CI_CO_SB_CARRY_CI_CO_SB_CARRY_CI_CO_SB_CARRY_CI_CO_SB_CARRY_CI_CO_SB_CARRY_CI_CO_SB_CARRY_CI_CO_SB_CARRY_CI_CO_SB_CARRY_CI_CO_SB_CARRY_CI_CO_SB_CARRY_CI_CO_SB_CARRY_CI_CO_SB_CARRY_CI_CO_SB_CARRY_CI_CO_SB_CARRY_CI_CO_SB_CARRY_CI_CO_SB_CARRY_CI_CO_SB_CARRY_CI_CO_SB_CARRY_CI_CO_SB_CARRY_CI_CO_SB_LUT4_I3_O_SB_LUT4_O_1_I3_SB_CARRY_CO_CI_SB_CARRY_CO_CI_SB_CARRY_CO_CI_SB_CARRY_CO_CI_SB_CARRY_CO_CI_SB_CARRY_CO_CI_SB_CARRY_CO_CI_SB_CARRY_CO_CI_SB_CARRY_CO_CI_SB_CARRY_CO_CI_SB_CARRY_CO$CARRY.COUT
Info:    routing  0.00  33.92 Net system.core.imag_part.0.0_WDATA_SB_LUT4_O_I1_SB_CARRY_I0_CO_SB_CARRY_CI_CO_SB_CARRY_CI_CO_SB_CARRY_CI_CO_SB_CARRY_CI_CO_SB_CARRY_CI_CO_SB_CARRY_CI_CO_SB_CARRY_CI_CO_SB_CARRY_CI_CO_SB_CARRY_CI_CO_SB_CARRY_CI_CO_SB_CARRY_CI_CO_SB_CARRY_CI_CO_SB_CARRY_CI_CO_SB_CARRY_CI_CO_SB_CARRY_CI_CO_SB_CARRY_CI_CO_SB_CARRY_CI_CO_SB_CARRY_CI_CO_SB_CARRY_CI_CO_SB_CARRY_CI_CO_SB_CARRY_CI_CO_SB_CARRY_CI_CO_SB_CARRY_CI_CO_SB_CARRY_CI_CO_SB_LUT4_I3_O_SB_LUT4_O_1_I3_SB_CARRY_CO_CI_SB_CARRY_CO_CI_SB_CARRY_CO_CI_SB_CARRY_CO_CI_SB_CARRY_CO_CI_SB_CARRY_CO_CI_SB_CARRY_CO_CI_SB_CARRY_CO_CI_SB_CARRY_CO_CI_SB_CARRY_CO_CI (8,15) -> (8,15)
Info:                          Sink system.core.imag_part.0.0_WDATA_SB_LUT4_O_I1_SB_CARRY_I0_CO_SB_CARRY_CI_CO_SB_CARRY_CI_CO_SB_CARRY_CI_CO_SB_CARRY_CI_CO_SB_CARRY_CI_CO_SB_CARRY_CI_CO_SB_CARRY_CI_CO_SB_CARRY_CI_CO_SB_CARRY_CI_CO_SB_CARRY_CI_CO_SB_CARRY_CI_CO_SB_CARRY_CI_CO_SB_CARRY_CI_CO_SB_CARRY_CI_CO_SB_CARRY_CI_CO_SB_CARRY_CI_CO_SB_CARRY_CI_CO_SB_CARRY_CI_CO_SB_CARRY_CI_CO_SB_CARRY_CI_CO_SB_CARRY_CI_CO_SB_CARRY_CI_CO_SB_CARRY_CI_CO_SB_CARRY_CI_CO_SB_LUT4_I3_O_SB_LUT4_O_1_I3_SB_CARRY_CO_CI_SB_CARRY_CO_CI_SB_CARRY_CO_CI_SB_CARRY_CO_CI_SB_CARRY_CO_CI_SB_CARRY_CO_CI_SB_CARRY_CO_CI_SB_CARRY_CO_CI_SB_CARRY_CO_CI_SB_CARRY_CO$CARRY.CIN
Info:                          Defined in:
Info:                               rtl/core/acoustic_core.sv:184.22-184.36
Info:                               /home/researcher/Desktop/￿FFE6￿FF95￿FF99￿FFE6￿FF9D￿FF90/Fall 2026/digital ic/.tools/oss-cad-suite/libexec/../share/yosys/ice40/arith_map.v:62.5-70.4
Info:                               /home/researcher/Desktop/￿FFE6￿FF95￿FF99￿FFE6￿FF9D￿FF90/Fall 2026/digital ic/.tools/oss-cad-suite/libexec/../share/yosys/ice40/abc9_model.v:4.9-4.11
Info:      logic  0.28  34.19 Source system.core.imag_part.0.0_WDATA_SB_LUT4_O_I1_SB_CARRY_I0_CO_SB_CARRY_CI_CO_SB_CARRY_CI_CO_SB_CARRY_CI_CO_SB_CARRY_CI_CO_SB_CARRY_CI_CO_SB_CARRY_CI_CO_SB_CARRY_CI_CO_SB_CARRY_CI_CO_SB_CARRY_CI_CO_SB_CARRY_CI_CO_SB_CARRY_CI_CO_SB_CARRY_CI_CO_SB_CARRY_CI_CO_SB_CARRY_CI_CO_SB_CARRY_CI_CO_SB_CARRY_CI_CO_SB_CARRY_CI_CO_SB_CARRY_CI_CO_SB_CARRY_CI_CO_SB_CARRY_CI_CO_SB_CARRY_CI_CO_SB_CARRY_CI_CO_SB_CARRY_CI_CO_SB_CARRY_CI_CO_SB_LUT4_I3_O_SB_LUT4_O_1_I3_SB_CARRY_CO_CI_SB_CARRY_CO_CI_SB_CARRY_CO_CI_SB_CARRY_CO_CI_SB_CARRY_CO_CI_SB_CARRY_CO_CI_SB_CARRY_CO_CI_SB_CARRY_CO_CI_SB_CARRY_CO_CI_SB_CARRY_CO$CARRY.COUT
Info:    routing  0.00  34.19 Net system.core.imag_part.0.0_WDATA_SB_LUT4_O_I1_SB_CARRY_I0_CO_SB_CARRY_CI_CO_SB_CARRY_CI_CO_SB_CARRY_CI_CO_SB_CARRY_CI_CO_SB_CARRY_CI_CO_SB_CARRY_CI_CO_SB_CARRY_CI_CO_SB_CARRY_CI_CO_SB_CARRY_CI_CO_SB_CARRY_CI_CO_SB_CARRY_CI_CO_SB_CARRY_CI_CO_SB_CARRY_CI_CO_SB_CARRY_CI_CO_SB_CARRY_CI_CO_SB_CARRY_CI_CO_SB_CARRY_CI_CO_SB_CARRY_CI_CO_SB_CARRY_CI_CO_SB_CARRY_CI_CO_SB_CARRY_CI_CO_SB_CARRY_CI_CO_SB_CARRY_CI_CO_SB_CARRY_CI_CO_SB_LUT4_I3_O_SB_LUT4_O_1_I3_SB_CARRY_CO_CI_SB_CARRY_CO_CI_SB_CARRY_CO_CI_SB_CARRY_CO_CI_SB_CARRY_CO_CI_SB_CARRY_CO_CI_SB_CARRY_CO_CI_SB_CARRY_CO_CI_SB_CARRY_CO_CI (8,15) -> (8,15)
Info:                          Sink system.core.imag_part.0.0_WDATA_SB_LUT4_O_I1_SB_CARRY_I0_CO_SB_CARRY_CI_CO_SB_CARRY_CI_CO_SB_CARRY_CI_CO_SB_CARRY_CI_CO_SB_CARRY_CI_CO_SB_CARRY_CI_CO_SB_CARRY_CI_CO_SB_CARRY_CI_CO_SB_CARRY_CI_CO_SB_CARRY_CI_CO_SB_CARRY_CI_CO_SB_CARRY_CI_CO_SB_CARRY_CI_CO_SB_CARRY_CI_CO_SB_CARRY_CI_CO_SB_CARRY_CI_CO_SB_CARRY_CI_CO_SB_CARRY_CI_CO_SB_CARRY_CI_CO_SB_CARRY_CI_CO_SB_CARRY_CI_CO_SB_CARRY_CI_CO_SB_CARRY_CI_CO_SB_CARRY_CI_CO_SB_LUT4_I3_O_SB_LUT4_O_1_I3_SB_CARRY_CO_CI_SB_CARRY_CO_CI_SB_CARRY_CO_CI_SB_CARRY_CO_CI_SB_CARRY_CO_CI_SB_CARRY_CO_CI_SB_CARRY_CO_CI_SB_CARRY_CO_CI_SB_CARRY_CO$CARRY.CIN
Info:                          Defined in:
Info:                               rtl/core/acoustic_core.sv:184.22-184.36
Info:                               /home/researcher/Desktop/￿FFE6￿FF95￿FF99￿FFE6￿FF9D￿FF90/Fall 2026/digital ic/.tools/oss-cad-suite/libexec/../share/yosys/ice40/arith_map.v:62.5-70.4
Info:                               /home/researcher/Desktop/￿FFE6￿FF95￿FF99￿FFE6￿FF9D￿FF90/Fall 2026/digital ic/.tools/oss-cad-suite/libexec/../share/yosys/ice40/abc9_model.v:4.9-4.11
Info:      logic  0.28  34.47 Source system.core.imag_part.0.0_WDATA_SB_LUT4_O_I1_SB_CARRY_I0_CO_SB_CARRY_CI_CO_SB_CARRY_CI_CO_SB_CARRY_CI_CO_SB_CARRY_CI_CO_SB_CARRY_CI_CO_SB_CARRY_CI_CO_SB_CARRY_CI_CO_SB_CARRY_CI_CO_SB_CARRY_CI_CO_SB_CARRY_CI_CO_SB_CARRY_CI_CO_SB_CARRY_CI_CO_SB_CARRY_CI_CO_SB_CARRY_CI_CO_SB_CARRY_CI_CO_SB_CARRY_CI_CO_SB_CARRY_CI_CO_SB_CARRY_CI_CO_SB_CARRY_CI_CO_SB_CARRY_CI_CO_SB_CARRY_CI_CO_SB_CARRY_CI_CO_SB_CARRY_CI_CO_SB_CARRY_CI_CO_SB_LUT4_I3_O_SB_LUT4_O_1_I3_SB_CARRY_CO_CI_SB_CARRY_CO_CI_SB_CARRY_CO_CI_SB_CARRY_CO_CI_SB_CARRY_CO_CI_SB_CARRY_CO_CI_SB_CARRY_CO_CI_SB_CARRY_CO_CI_SB_CARRY_CO$CARRY.COUT
Info:    routing  0.56  35.03 Net system.core.imag_part.0.0_WDATA_SB_LUT4_O_I1_SB_CARRY_I0_CO_SB_CARRY_CI_CO_SB_CARRY_CI_CO_SB_CARRY_CI_CO_SB_CARRY_CI_CO_SB_CARRY_CI_CO_SB_CARRY_CI_CO_SB_CARRY_CI_CO_SB_CARRY_CI_CO_SB_CARRY_CI_CO_SB_CARRY_CI_CO_SB_CARRY_CI_CO_SB_CARRY_CI_CO_SB_CARRY_CI_CO_SB_CARRY_CI_CO_SB_CARRY_CI_CO_SB_CARRY_CI_CO_SB_CARRY_CI_CO_SB_CARRY_CI_CO_SB_CARRY_CI_CO_SB_CARRY_CI_CO_SB_CARRY_CI_CO_SB_CARRY_CI_CO_SB_CARRY_CI_CO_SB_CARRY_CI_CO_SB_LUT4_I3_O_SB_LUT4_O_1_I3_SB_CARRY_CO_CI_SB_CARRY_CO_CI_SB_CARRY_CO_CI_SB_CARRY_CO_CI_SB_CARRY_CO_CI_SB_CARRY_CO_CI_SB_CARRY_CO_CI_SB_CARRY_CO_CI (8,15) -> (8,16)
Info:                          Sink system.core.imag_part.0.0_WDATA_SB_LUT4_O_I1_SB_CARRY_I0_CO_SB_CARRY_CI_CO_SB_CARRY_CI_CO_SB_CARRY_CI_CO_SB_CARRY_CI_CO_SB_CARRY_CI_CO_SB_CARRY_CI_CO_SB_CARRY_CI_CO_SB_CARRY_CI_CO_SB_CARRY_CI_CO_SB_CARRY_CI_CO_SB_CARRY_CI_CO_SB_CARRY_CI_CO_SB_CARRY_CI_CO_SB_CARRY_CI_CO_SB_CARRY_CI_CO_SB_CARRY_CI_CO_SB_CARRY_CI_CO_SB_CARRY_CI_CO_SB_CARRY_CI_CO_SB_CARRY_CI_CO_SB_CARRY_CI_CO_SB_CARRY_CI_CO_SB_CARRY_CI_CO_SB_CARRY_CI_CO_SB_LUT4_I3_O_SB_LUT4_O_1_I3_SB_CARRY_CO_CI_SB_CARRY_CO_CI_SB_CARRY_CO_CI_SB_CARRY_CO_CI_SB_CARRY_CO_CI_SB_CARRY_CO_CI_SB_CARRY_CO_CI_SB_CARRY_CO$CARRY.CIN
Info:                          Defined in:
Info:                               rtl/core/acoustic_core.sv:184.22-184.36
Info:                               /home/researcher/Desktop/￿FFE6￿FF95￿FF99￿FFE6￿FF9D￿FF90/Fall 2026/digital ic/.tools/oss-cad-suite/libexec/../share/yosys/ice40/arith_map.v:62.5-70.4
Info:                               /home/researcher/Desktop/￿FFE6￿FF95￿FF99￿FFE6￿FF9D￿FF90/Fall 2026/digital ic/.tools/oss-cad-suite/libexec/../share/yosys/ice40/abc9_model.v:4.9-4.11
Info:      logic  0.28  35.31 Source system.core.imag_part.0.0_WDATA_SB_LUT4_O_I1_SB_CARRY_I0_CO_SB_CARRY_CI_CO_SB_CARRY_CI_CO_SB_CARRY_CI_CO_SB_CARRY_CI_CO_SB_CARRY_CI_CO_SB_CARRY_CI_CO_SB_CARRY_CI_CO_SB_CARRY_CI_CO_SB_CARRY_CI_CO_SB_CARRY_CI_CO_SB_CARRY_CI_CO_SB_CARRY_CI_CO_SB_CARRY_CI_CO_SB_CARRY_CI_CO_SB_CARRY_CI_CO_SB_CARRY_CI_CO_SB_CARRY_CI_CO_SB_CARRY_CI_CO_SB_CARRY_CI_CO_SB_CARRY_CI_CO_SB_CARRY_CI_CO_SB_CARRY_CI_CO_SB_CARRY_CI_CO_SB_CARRY_CI_CO_SB_LUT4_I3_O_SB_LUT4_O_1_I3_SB_CARRY_CO_CI_SB_CARRY_CO_CI_SB_CARRY_CO_CI_SB_CARRY_CO_CI_SB_CARRY_CO_CI_SB_CARRY_CO_CI_SB_CARRY_CO_CI_SB_CARRY_CO$CARRY.COUT
Info:    routing  0.00  35.31 Net system.core.imag_part.0.0_WDATA_SB_LUT4_O_I1_SB_CARRY_I0_CO_SB_CARRY_CI_CO_SB_CARRY_CI_CO_SB_CARRY_CI_CO_SB_CARRY_CI_CO_SB_CARRY_CI_CO_SB_CARRY_CI_CO_SB_CARRY_CI_CO_SB_CARRY_CI_CO_SB_CARRY_CI_CO_SB_CARRY_CI_CO_SB_CARRY_CI_CO_SB_CARRY_CI_CO_SB_CARRY_CI_CO_SB_CARRY_CI_CO_SB_CARRY_CI_CO_SB_CARRY_CI_CO_SB_CARRY_CI_CO_SB_CARRY_CI_CO_SB_CARRY_CI_CO_SB_CARRY_CI_CO_SB_CARRY_CI_CO_SB_CARRY_CI_CO_SB_CARRY_CI_CO_SB_CARRY_CI_CO_SB_LUT4_I3_O_SB_LUT4_O_1_I3_SB_CARRY_CO_CI_SB_CARRY_CO_CI_SB_CARRY_CO_CI_SB_CARRY_CO_CI_SB_CARRY_CO_CI_SB_CARRY_CO_CI_SB_CARRY_CO_CI (8,16) -> (8,16)
Info:                          Sink system.core.imag_part.0.0_WDATA_SB_LUT4_O_I1_SB_CARRY_I0_CO_SB_CARRY_CI_CO_SB_CARRY_CI_CO_SB_CARRY_CI_CO_SB_CARRY_CI_CO_SB_CARRY_CI_CO_SB_CARRY_CI_CO_SB_CARRY_CI_CO_SB_CARRY_CI_CO_SB_CARRY_CI_CO_SB_CARRY_CI_CO_SB_CARRY_CI_CO_SB_CARRY_CI_CO_SB_CARRY_CI_CO_SB_CARRY_CI_CO_SB_CARRY_CI_CO_SB_CARRY_CI_CO_SB_CARRY_CI_CO_SB_CARRY_CI_CO_SB_CARRY_CI_CO_SB_CARRY_CI_CO_SB_CARRY_CI_CO_SB_CARRY_CI_CO_SB_CARRY_CI_CO_SB_CARRY_CI_CO_SB_LUT4_I3_O_SB_LUT4_O_1_I3_SB_CARRY_CO_CI_SB_CARRY_CO_CI_SB_CARRY_CO_CI_SB_CARRY_CO_CI_SB_CARRY_CO_CI_SB_CARRY_CO_CI_SB_CARRY_CO$CARRY.CIN
Info:                          Defined in:
Info:                               rtl/core/acoustic_core.sv:184.22-184.36
Info:                               /home/researcher/Desktop/￿FFE6￿FF95￿FF99￿FFE6￿FF9D￿FF90/Fall 2026/digital ic/.tools/oss-cad-suite/libexec/../share/yosys/ice40/arith_map.v:62.5-70.4
Info:                               /home/researcher/Desktop/￿FFE6￿FF95￿FF99￿FFE6￿FF9D￿FF90/Fall 2026/digital ic/.tools/oss-cad-suite/libexec/../share/yosys/ice40/abc9_model.v:4.9-4.11
Info:      logic  0.28  35.58 Source system.core.imag_part.0.0_WDATA_SB_LUT4_O_I1_SB_CARRY_I0_CO_SB_CARRY_CI_CO_SB_CARRY_CI_CO_SB_CARRY_CI_CO_SB_CARRY_CI_CO_SB_CARRY_CI_CO_SB_CARRY_CI_CO_SB_CARRY_CI_CO_SB_CARRY_CI_CO_SB_CARRY_CI_CO_SB_CARRY_CI_CO_SB_CARRY_CI_CO_SB_CARRY_CI_CO_SB_CARRY_CI_CO_SB_CARRY_CI_CO_SB_CARRY_CI_CO_SB_CARRY_CI_CO_SB_CARRY_CI_CO_SB_CARRY_CI_CO_SB_CARRY_CI_CO_SB_CARRY_CI_CO_SB_CARRY_CI_CO_SB_CARRY_CI_CO_SB_CARRY_CI_CO_SB_CARRY_CI_CO_SB_LUT4_I3_O_SB_LUT4_O_1_I3_SB_CARRY_CO_CI_SB_CARRY_CO_CI_SB_CARRY_CO_CI_SB_CARRY_CO_CI_SB_CARRY_CO_CI_SB_CARRY_CO_CI_SB_CARRY_CO$CARRY.COUT
Info:    routing  0.00  35.58 Net system.core.imag_part.0.0_WDATA_SB_LUT4_O_I1_SB_CARRY_I0_CO_SB_CARRY_CI_CO_SB_CARRY_CI_CO_SB_CARRY_CI_CO_SB_CARRY_CI_CO_SB_CARRY_CI_CO_SB_CARRY_CI_CO_SB_CARRY_CI_CO_SB_CARRY_CI_CO_SB_CARRY_CI_CO_SB_CARRY_CI_CO_SB_CARRY_CI_CO_SB_CARRY_CI_CO_SB_CARRY_CI_CO_SB_CARRY_CI_CO_SB_CARRY_CI_CO_SB_CARRY_CI_CO_SB_CARRY_CI_CO_SB_CARRY_CI_CO_SB_CARRY_CI_CO_SB_CARRY_CI_CO_SB_CARRY_CI_CO_SB_CARRY_CI_CO_SB_CARRY_CI_CO_SB_CARRY_CI_CO_SB_LUT4_I3_O_SB_LUT4_O_1_I3_SB_CARRY_CO_CI_SB_CARRY_CO_CI_SB_CARRY_CO_CI_SB_CARRY_CO_CI_SB_CARRY_CO_CI_SB_CARRY_CO_CI (8,16) -> (8,16)
Info:                          Sink system.core.imag_part.0.0_WDATA_SB_LUT4_O_I1_SB_CARRY_I0_CO_SB_CARRY_CI_CO_SB_CARRY_CI_CO_SB_CARRY_CI_CO_SB_CARRY_CI_CO_SB_CARRY_CI_CO_SB_CARRY_CI_CO_SB_CARRY_CI_CO_SB_CARRY_CI_CO_SB_CARRY_CI_CO_SB_CARRY_CI_CO_SB_CARRY_CI_CO_SB_CARRY_CI_CO_SB_CARRY_CI_CO_SB_CARRY_CI_CO_SB_CARRY_CI_CO_SB_CARRY_CI_CO_SB_CARRY_CI_CO_SB_CARRY_CI_CO_SB_CARRY_CI_CO_SB_CARRY_CI_CO_SB_CARRY_CI_CO_SB_CARRY_CI_CO_SB_CARRY_CI_CO_SB_CARRY_CI_CO_SB_LUT4_I3_O_SB_LUT4_O_1_I3_SB_CARRY_CO_CI_SB_CARRY_CO_CI_SB_CARRY_CO_CI_SB_CARRY_CO_CI_SB_CARRY_CO_CI_SB_CARRY_CO$CARRY.CIN
Info:                          Defined in:
Info:                               rtl/core/acoustic_core.sv:184.22-184.36
Info:                               /home/researcher/Desktop/￿FFE6￿FF95￿FF99￿FFE6￿FF9D￿FF90/Fall 2026/digital ic/.tools/oss-cad-suite/libexec/../share/yosys/ice40/arith_map.v:62.5-70.4
Info:                               /home/researcher/Desktop/￿FFE6￿FF95￿FF99￿FFE6￿FF9D￿FF90/Fall 2026/digital ic/.tools/oss-cad-suite/libexec/../share/yosys/ice40/abc9_model.v:4.9-4.11
Info:      logic  0.28  35.86 Source system.core.imag_part.0.0_WDATA_SB_LUT4_O_I1_SB_CARRY_I0_CO_SB_CARRY_CI_CO_SB_CARRY_CI_CO_SB_CARRY_CI_CO_SB_CARRY_CI_CO_SB_CARRY_CI_CO_SB_CARRY_CI_CO_SB_CARRY_CI_CO_SB_CARRY_CI_CO_SB_CARRY_CI_CO_SB_CARRY_CI_CO_SB_CARRY_CI_CO_SB_CARRY_CI_CO_SB_CARRY_CI_CO_SB_CARRY_CI_CO_SB_CARRY_CI_CO_SB_CARRY_CI_CO_SB_CARRY_CI_CO_SB_CARRY_CI_CO_SB_CARRY_CI_CO_SB_CARRY_CI_CO_SB_CARRY_CI_CO_SB_CARRY_CI_CO_SB_CARRY_CI_CO_SB_CARRY_CI_CO_SB_LUT4_I3_O_SB_LUT4_O_1_I3_SB_CARRY_CO_CI_SB_CARRY_CO_CI_SB_CARRY_CO_CI_SB_CARRY_CO_CI_SB_CARRY_CO_CI_SB_CARRY_CO$CARRY.COUT
Info:    routing  0.00  35.86 Net system.core.imag_part.0.0_WDATA_SB_LUT4_O_I1_SB_CARRY_I0_CO_SB_CARRY_CI_CO_SB_CARRY_CI_CO_SB_CARRY_CI_CO_SB_CARRY_CI_CO_SB_CARRY_CI_CO_SB_CARRY_CI_CO_SB_CARRY_CI_CO_SB_CARRY_CI_CO_SB_CARRY_CI_CO_SB_CARRY_CI_CO_SB_CARRY_CI_CO_SB_CARRY_CI_CO_SB_CARRY_CI_CO_SB_CARRY_CI_CO_SB_CARRY_CI_CO_SB_CARRY_CI_CO_SB_CARRY_CI_CO_SB_CARRY_CI_CO_SB_CARRY_CI_CO_SB_CARRY_CI_CO_SB_CARRY_CI_CO_SB_CARRY_CI_CO_SB_CARRY_CI_CO_SB_CARRY_CI_CO_SB_LUT4_I3_O_SB_LUT4_O_1_I3_SB_CARRY_CO_CI_SB_CARRY_CO_CI_SB_CARRY_CO_CI_SB_CARRY_CO_CI_SB_CARRY_CO_CI (8,16) -> (8,16)
Info:                          Sink system.core.imag_part.0.0_WDATA_SB_LUT4_O_I1_SB_CARRY_I0_CO_SB_CARRY_CI_CO_SB_CARRY_CI_CO_SB_CARRY_CI_CO_SB_CARRY_CI_CO_SB_CARRY_CI_CO_SB_CARRY_CI_CO_SB_CARRY_CI_CO_SB_CARRY_CI_CO_SB_CARRY_CI_CO_SB_CARRY_CI_CO_SB_CARRY_CI_CO_SB_CARRY_CI_CO_SB_CARRY_CI_CO_SB_CARRY_CI_CO_SB_CARRY_CI_CO_SB_CARRY_CI_CO_SB_CARRY_CI_CO_SB_CARRY_CI_CO_SB_CARRY_CI_CO_SB_CARRY_CI_CO_SB_CARRY_CI_CO_SB_CARRY_CI_CO_SB_CARRY_CI_CO_SB_CARRY_CI_CO_SB_LUT4_I3_O_SB_LUT4_O_1_I3_SB_CARRY_CO_CI_SB_CARRY_CO_CI_SB_CARRY_CO_CI_SB_CARRY_CO_CI_SB_CARRY_CO$CARRY.CIN
Info:                          Defined in:
Info:                               rtl/core/acoustic_core.sv:184.22-184.36
Info:                               /home/researcher/Desktop/￿FFE6￿FF95￿FF99￿FFE6￿FF9D￿FF90/Fall 2026/digital ic/.tools/oss-cad-suite/libexec/../share/yosys/ice40/arith_map.v:62.5-70.4
Info:                               /home/researcher/Desktop/￿FFE6￿FF95￿FF99￿FFE6￿FF9D￿FF90/Fall 2026/digital ic/.tools/oss-cad-suite/libexec/../share/yosys/ice40/abc9_model.v:4.9-4.11
Info:      logic  0.28  36.14 Source system.core.imag_part.0.0_WDATA_SB_LUT4_O_I1_SB_CARRY_I0_CO_SB_CARRY_CI_CO_SB_CARRY_CI_CO_SB_CARRY_CI_CO_SB_CARRY_CI_CO_SB_CARRY_CI_CO_SB_CARRY_CI_CO_SB_CARRY_CI_CO_SB_CARRY_CI_CO_SB_CARRY_CI_CO_SB_CARRY_CI_CO_SB_CARRY_CI_CO_SB_CARRY_CI_CO_SB_CARRY_CI_CO_SB_CARRY_CI_CO_SB_CARRY_CI_CO_SB_CARRY_CI_CO_SB_CARRY_CI_CO_SB_CARRY_CI_CO_SB_CARRY_CI_CO_SB_CARRY_CI_CO_SB_CARRY_CI_CO_SB_CARRY_CI_CO_SB_CARRY_CI_CO_SB_CARRY_CI_CO_SB_LUT4_I3_O_SB_LUT4_O_1_I3_SB_CARRY_CO_CI_SB_CARRY_CO_CI_SB_CARRY_CO_CI_SB_CARRY_CO_CI_SB_CARRY_CO$CARRY.COUT
Info:    routing  0.00  36.14 Net system.core.imag_part.0.0_WDATA_SB_LUT4_O_I1_SB_CARRY_I0_CO_SB_CARRY_CI_CO_SB_CARRY_CI_CO_SB_CARRY_CI_CO_SB_CARRY_CI_CO_SB_CARRY_CI_CO_SB_CARRY_CI_CO_SB_CARRY_CI_CO_SB_CARRY_CI_CO_SB_CARRY_CI_CO_SB_CARRY_CI_CO_SB_CARRY_CI_CO_SB_CARRY_CI_CO_SB_CARRY_CI_CO_SB_CARRY_CI_CO_SB_CARRY_CI_CO_SB_CARRY_CI_CO_SB_CARRY_CI_CO_SB_CARRY_CI_CO_SB_CARRY_CI_CO_SB_CARRY_CI_CO_SB_CARRY_CI_CO_SB_CARRY_CI_CO_SB_CARRY_CI_CO_SB_CARRY_CI_CO_SB_LUT4_I3_O_SB_LUT4_O_1_I3_SB_CARRY_CO_CI_SB_CARRY_CO_CI_SB_CARRY_CO_CI_SB_CARRY_CO_CI (8,16) -> (8,16)
Info:                          Sink system.core.imag_part.0.0_WDATA_SB_LUT4_O_I1_SB_CARRY_I0_CO_SB_CARRY_CI_CO_SB_CARRY_CI_CO_SB_CARRY_CI_CO_SB_CARRY_CI_CO_SB_CARRY_CI_CO_SB_CARRY_CI_CO_SB_CARRY_CI_CO_SB_CARRY_CI_CO_SB_CARRY_CI_CO_SB_CARRY_CI_CO_SB_CARRY_CI_CO_SB_CARRY_CI_CO_SB_CARRY_CI_CO_SB_CARRY_CI_CO_SB_CARRY_CI_CO_SB_CARRY_CI_CO_SB_CARRY_CI_CO_SB_CARRY_CI_CO_SB_CARRY_CI_CO_SB_CARRY_CI_CO_SB_CARRY_CI_CO_SB_CARRY_CI_CO_SB_CARRY_CI_CO_SB_CARRY_CI_CO_SB_LUT4_I3_O_SB_LUT4_O_1_I3_SB_CARRY_CO_CI_SB_CARRY_CO_CI_SB_CARRY_CO_CI_SB_CARRY_CO$CARRY.CIN
Info:                          Defined in:
Info:                               rtl/core/acoustic_core.sv:184.22-184.36
Info:                               /home/researcher/Desktop/￿FFE6￿FF95￿FF99￿FFE6￿FF9D￿FF90/Fall 2026/digital ic/.tools/oss-cad-suite/libexec/../share/yosys/ice40/arith_map.v:62.5-70.4
Info:                               /home/researcher/Desktop/￿FFE6￿FF95￿FF99￿FFE6￿FF9D￿FF90/Fall 2026/digital ic/.tools/oss-cad-suite/libexec/../share/yosys/ice40/abc9_model.v:4.9-4.11
Info:      logic  0.28  36.42 Source system.core.imag_part.0.0_WDATA_SB_LUT4_O_I1_SB_CARRY_I0_CO_SB_CARRY_CI_CO_SB_CARRY_CI_CO_SB_CARRY_CI_CO_SB_CARRY_CI_CO_SB_CARRY_CI_CO_SB_CARRY_CI_CO_SB_CARRY_CI_CO_SB_CARRY_CI_CO_SB_CARRY_CI_CO_SB_CARRY_CI_CO_SB_CARRY_CI_CO_SB_CARRY_CI_CO_SB_CARRY_CI_CO_SB_CARRY_CI_CO_SB_CARRY_CI_CO_SB_CARRY_CI_CO_SB_CARRY_CI_CO_SB_CARRY_CI_CO_SB_CARRY_CI_CO_SB_CARRY_CI_CO_SB_CARRY_CI_CO_SB_CARRY_CI_CO_SB_CARRY_CI_CO_SB_CARRY_CI_CO_SB_LUT4_I3_O_SB_LUT4_O_1_I3_SB_CARRY_CO_CI_SB_CARRY_CO_CI_SB_CARRY_CO_CI_SB_CARRY_CO$CARRY.COUT
Info:    routing  0.00  36.42 Net system.core.imag_part.0.0_WDATA_SB_LUT4_O_I1_SB_CARRY_I0_CO_SB_CARRY_CI_CO_SB_CARRY_CI_CO_SB_CARRY_CI_CO_SB_CARRY_CI_CO_SB_CARRY_CI_CO_SB_CARRY_CI_CO_SB_CARRY_CI_CO_SB_CARRY_CI_CO_SB_CARRY_CI_CO_SB_CARRY_CI_CO_SB_CARRY_CI_CO_SB_CARRY_CI_CO_SB_CARRY_CI_CO_SB_CARRY_CI_CO_SB_CARRY_CI_CO_SB_CARRY_CI_CO_SB_CARRY_CI_CO_SB_CARRY_CI_CO_SB_CARRY_CI_CO_SB_CARRY_CI_CO_SB_CARRY_CI_CO_SB_CARRY_CI_CO_SB_CARRY_CI_CO_SB_CARRY_CI_CO_SB_LUT4_I3_O_SB_LUT4_O_1_I3_SB_CARRY_CO_CI_SB_CARRY_CO_CI_SB_CARRY_CO_CI (8,16) -> (8,16)
Info:                          Sink system.core.imag_part.0.0_WDATA_SB_LUT4_O_I1_SB_CARRY_I0_CO_SB_CARRY_CI_CO_SB_CARRY_CI_CO_SB_CARRY_CI_CO_SB_CARRY_CI_CO_SB_CARRY_CI_CO_SB_CARRY_CI_CO_SB_CARRY_CI_CO_SB_CARRY_CI_CO_SB_CARRY_CI_CO_SB_CARRY_CI_CO_SB_CARRY_CI_CO_SB_CARRY_CI_CO_SB_CARRY_CI_CO_SB_CARRY_CI_CO_SB_CARRY_CI_CO_SB_CARRY_CI_CO_SB_CARRY_CI_CO_SB_CARRY_CI_CO_SB_CARRY_CI_CO_SB_CARRY_CI_CO_SB_CARRY_CI_CO_SB_CARRY_CI_CO_SB_CARRY_CI_CO_SB_CARRY_CI_CO_SB_LUT4_I3_O_SB_LUT4_O_1_I3_SB_CARRY_CO_CI_SB_CARRY_CO_CI_SB_CARRY_CO$CARRY.CIN
Info:                          Defined in:
Info:                               rtl/core/acoustic_core.sv:184.22-184.36
Info:                               /home/researcher/Desktop/￿FFE6￿FF95￿FF99￿FFE6￿FF9D￿FF90/Fall 2026/digital ic/.tools/oss-cad-suite/libexec/../share/yosys/ice40/arith_map.v:62.5-70.4
Info:                               /home/researcher/Desktop/￿FFE6￿FF95￿FF99￿FFE6￿FF9D￿FF90/Fall 2026/digital ic/.tools/oss-cad-suite/libexec/../share/yosys/ice40/abc9_model.v:4.9-4.11
Info:      logic  0.28  36.70 Source system.core.imag_part.0.0_WDATA_SB_LUT4_O_I1_SB_CARRY_I0_CO_SB_CARRY_CI_CO_SB_CARRY_CI_CO_SB_CARRY_CI_CO_SB_CARRY_CI_CO_SB_CARRY_CI_CO_SB_CARRY_CI_CO_SB_CARRY_CI_CO_SB_CARRY_CI_CO_SB_CARRY_CI_CO_SB_CARRY_CI_CO_SB_CARRY_CI_CO_SB_CARRY_CI_CO_SB_CARRY_CI_CO_SB_CARRY_CI_CO_SB_CARRY_CI_CO_SB_CARRY_CI_CO_SB_CARRY_CI_CO_SB_CARRY_CI_CO_SB_CARRY_CI_CO_SB_CARRY_CI_CO_SB_CARRY_CI_CO_SB_CARRY_CI_CO_SB_CARRY_CI_CO_SB_CARRY_CI_CO_SB_LUT4_I3_O_SB_LUT4_O_1_I3_SB_CARRY_CO_CI_SB_CARRY_CO_CI_SB_CARRY_CO$CARRY.COUT
Info:    routing  0.00  36.70 Net system.core.imag_part.0.0_WDATA_SB_LUT4_O_I1_SB_CARRY_I0_CO_SB_CARRY_CI_CO_SB_CARRY_CI_CO_SB_CARRY_CI_CO_SB_CARRY_CI_CO_SB_CARRY_CI_CO_SB_CARRY_CI_CO_SB_CARRY_CI_CO_SB_CARRY_CI_CO_SB_CARRY_CI_CO_SB_CARRY_CI_CO_SB_CARRY_CI_CO_SB_CARRY_CI_CO_SB_CARRY_CI_CO_SB_CARRY_CI_CO_SB_CARRY_CI_CO_SB_CARRY_CI_CO_SB_CARRY_CI_CO_SB_CARRY_CI_CO_SB_CARRY_CI_CO_SB_CARRY_CI_CO_SB_CARRY_CI_CO_SB_CARRY_CI_CO_SB_CARRY_CI_CO_SB_CARRY_CI_CO_SB_LUT4_I3_O_SB_LUT4_O_1_I3_SB_CARRY_CO_CI_SB_CARRY_CO_CI (8,16) -> (8,16)
Info:                          Sink system.core.imag_part.0.0_WDATA_SB_LUT4_O_I1_SB_CARRY_I0_CO_SB_CARRY_CI_CO_SB_CARRY_CI_CO_SB_CARRY_CI_CO_SB_CARRY_CI_CO_SB_CARRY_CI_CO_SB_CARRY_CI_CO_SB_CARRY_CI_CO_SB_CARRY_CI_CO_SB_CARRY_CI_CO_SB_CARRY_CI_CO_SB_CARRY_CI_CO_SB_CARRY_CI_CO_SB_CARRY_CI_CO_SB_CARRY_CI_CO_SB_CARRY_CI_CO_SB_CARRY_CI_CO_SB_CARRY_CI_CO_SB_CARRY_CI_CO_SB_CARRY_CI_CO_SB_CARRY_CI_CO_SB_CARRY_CI_CO_SB_CARRY_CI_CO_SB_CARRY_CI_CO_SB_CARRY_CI_CO_SB_LUT4_I3_O_SB_LUT4_O_1_I3_SB_CARRY_CO_CI_SB_CARRY_CO$CARRY.CIN
Info:                          Defined in:
Info:                               rtl/core/acoustic_core.sv:184.22-184.36
Info:                               /home/researcher/Desktop/￿FFE6￿FF95￿FF99￿FFE6￿FF9D￿FF90/Fall 2026/digital ic/.tools/oss-cad-suite/libexec/../share/yosys/ice40/arith_map.v:62.5-70.4
Info:                               /home/researcher/Desktop/￿FFE6￿FF95￿FF99￿FFE6￿FF9D￿FF90/Fall 2026/digital ic/.tools/oss-cad-suite/libexec/../share/yosys/ice40/abc9_model.v:4.9-4.11
Info:      logic  0.28  36.97 Source system.core.imag_part.0.0_WDATA_SB_LUT4_O_I1_SB_CARRY_I0_CO_SB_CARRY_CI_CO_SB_CARRY_CI_CO_SB_CARRY_CI_CO_SB_CARRY_CI_CO_SB_CARRY_CI_CO_SB_CARRY_CI_CO_SB_CARRY_CI_CO_SB_CARRY_CI_CO_SB_CARRY_CI_CO_SB_CARRY_CI_CO_SB_CARRY_CI_CO_SB_CARRY_CI_CO_SB_CARRY_CI_CO_SB_CARRY_CI_CO_SB_CARRY_CI_CO_SB_CARRY_CI_CO_SB_CARRY_CI_CO_SB_CARRY_CI_CO_SB_CARRY_CI_CO_SB_CARRY_CI_CO_SB_CARRY_CI_CO_SB_CARRY_CI_CO_SB_CARRY_CI_CO_SB_CARRY_CI_CO_SB_LUT4_I3_O_SB_LUT4_O_1_I3_SB_CARRY_CO_CI_SB_CARRY_CO$CARRY.COUT
Info:    routing  0.00  36.97 Net system.core.imag_part.0.0_WDATA_SB_LUT4_O_I1_SB_CARRY_I0_CO_SB_CARRY_CI_CO_SB_CARRY_CI_CO_SB_CARRY_CI_CO_SB_CARRY_CI_CO_SB_CARRY_CI_CO_SB_CARRY_CI_CO_SB_CARRY_CI_CO_SB_CARRY_CI_CO_SB_CARRY_CI_CO_SB_CARRY_CI_CO_SB_CARRY_CI_CO_SB_CARRY_CI_CO_SB_CARRY_CI_CO_SB_CARRY_CI_CO_SB_CARRY_CI_CO_SB_CARRY_CI_CO_SB_CARRY_CI_CO_SB_CARRY_CI_CO_SB_CARRY_CI_CO_SB_CARRY_CI_CO_SB_CARRY_CI_CO_SB_CARRY_CI_CO_SB_CARRY_CI_CO_SB_CARRY_CI_CO_SB_LUT4_I3_O_SB_LUT4_O_1_I3_SB_CARRY_CO_CI (8,16) -> (8,16)
Info:                          Sink system.core.imag_part.0.0_WDATA_SB_LUT4_O_I1_SB_CARRY_I0_CO_SB_CARRY_CI_CO_SB_CARRY_CI_CO_SB_CARRY_CI_CO_SB_CARRY_CI_CO_SB_CARRY_CI_CO_SB_CARRY_CI_CO_SB_CARRY_CI_CO_SB_CARRY_CI_CO_SB_CARRY_CI_CO_SB_CARRY_CI_CO_SB_CARRY_CI_CO_SB_CARRY_CI_CO_SB_CARRY_CI_CO_SB_CARRY_CI_CO_SB_CARRY_CI_CO_SB_CARRY_CI_CO_SB_CARRY_CI_CO_SB_CARRY_CI_CO_SB_CARRY_CI_CO_SB_CARRY_CI_CO_SB_CARRY_CI_CO_SB_CARRY_CI_CO_SB_CARRY_CI_CO_SB_CARRY_CI_CO_SB_LUT4_I3_O_SB_LUT4_O_1_I3_SB_CARRY_CO$CARRY.CIN
Info:                          Defined in:
Info:                               rtl/core/acoustic_core.sv:184.22-184.36
Info:                               /home/researcher/Desktop/￿FFE6￿FF95￿FF99￿FFE6￿FF9D￿FF90/Fall 2026/digital ic/.tools/oss-cad-suite/libexec/../share/yosys/ice40/arith_map.v:62.5-70.4
Info:                               /home/researcher/Desktop/￿FFE6￿FF95￿FF99￿FFE6￿FF9D￿FF90/Fall 2026/digital ic/.tools/oss-cad-suite/libexec/../share/yosys/ice40/abc9_model.v:4.9-4.11
Info:      logic  0.28  37.25 Source system.core.imag_part.0.0_WDATA_SB_LUT4_O_I1_SB_CARRY_I0_CO_SB_CARRY_CI_CO_SB_CARRY_CI_CO_SB_CARRY_CI_CO_SB_CARRY_CI_CO_SB_CARRY_CI_CO_SB_CARRY_CI_CO_SB_CARRY_CI_CO_SB_CARRY_CI_CO_SB_CARRY_CI_CO_SB_CARRY_CI_CO_SB_CARRY_CI_CO_SB_CARRY_CI_CO_SB_CARRY_CI_CO_SB_CARRY_CI_CO_SB_CARRY_CI_CO_SB_CARRY_CI_CO_SB_CARRY_CI_CO_SB_CARRY_CI_CO_SB_CARRY_CI_CO_SB_CARRY_CI_CO_SB_CARRY_CI_CO_SB_CARRY_CI_CO_SB_CARRY_CI_CO_SB_CARRY_CI_CO_SB_LUT4_I3_O_SB_LUT4_O_1_I3_SB_CARRY_CO$CARRY.COUT
Info:    routing  1.22  38.47 Net system.core.imag_part.0.0_WDATA_SB_LUT4_O_I1_SB_CARRY_I0_CO_SB_CARRY_CI_CO_SB_CARRY_CI_CO_SB_CARRY_CI_CO_SB_CARRY_CI_CO_SB_CARRY_CI_CO_SB_CARRY_CI_CO_SB_CARRY_CI_CO_SB_CARRY_CI_CO_SB_CARRY_CI_CO_SB_CARRY_CI_CO_SB_CARRY_CI_CO_SB_CARRY_CI_CO_SB_CARRY_CI_CO_SB_CARRY_CI_CO_SB_CARRY_CI_CO_SB_CARRY_CI_CO_SB_CARRY_CI_CO_SB_CARRY_CI_CO_SB_CARRY_CI_CO_SB_CARRY_CI_CO_SB_CARRY_CI_CO_SB_CARRY_CI_CO_SB_CARRY_CI_CO_SB_CARRY_CI_CO_SB_LUT4_I3_O_SB_LUT4_O_1_I3 (8,16) -> (8,17)
Info:                          Sink system.core.imag_part.0.0_WDATA_SB_LUT4_O_I1_SB_CARRY_I0_CO_SB_CARRY_CI_CO_SB_CARRY_CI_CO_SB_CARRY_CI_CO_SB_CARRY_CI_CO_SB_CARRY_CI_CO_SB_CARRY_CI_CO_SB_CARRY_CI_CO_SB_CARRY_CI_CO_SB_CARRY_CI_CO_SB_CARRY_CI_CO_SB_CARRY_CI_CO_SB_CARRY_CI_CO_SB_CARRY_CI_CO_SB_CARRY_CI_CO_SB_CARRY_CI_CO_SB_CARRY_CI_CO_SB_CARRY_CI_CO_SB_CARRY_CI_CO_SB_CARRY_CI_CO_SB_CARRY_CI_CO_SB_CARRY_CI_CO_SB_CARRY_CI_CO_SB_CARRY_CI_CO_SB_CARRY_CI_CO_SB_LUT4_I3_O_SB_LUT4_O_1_LC.I3
Info:                          Defined in:
Info:                               rtl/core/acoustic_core.sv:184.22-184.36
Info:                               /home/researcher/Desktop/￿FFE6￿FF95￿FF99￿FFE6￿FF9D￿FF90/Fall 2026/digital ic/.tools/oss-cad-suite/libexec/../share/yosys/ice40/arith_map.v:62.5-70.4
Info:                               /home/researcher/Desktop/￿FFE6￿FF95￿FF99￿FFE6￿FF9D￿FF90/Fall 2026/digital ic/.tools/oss-cad-suite/libexec/../share/yosys/ice40/cells_map.v:6.21-6.22
Info:      logic  0.87  39.35 Source system.core.imag_part.0.0_WDATA_SB_LUT4_O_I1_SB_CARRY_I0_CO_SB_CARRY_CI_CO_SB_CARRY_CI_CO_SB_CARRY_CI_CO_SB_CARRY_CI_CO_SB_CARRY_CI_CO_SB_CARRY_CI_CO_SB_CARRY_CI_CO_SB_CARRY_CI_CO_SB_CARRY_CI_CO_SB_CARRY_CI_CO_SB_CARRY_CI_CO_SB_CARRY_CI_CO_SB_CARRY_CI_CO_SB_CARRY_CI_CO_SB_CARRY_CI_CO_SB_CARRY_CI_CO_SB_CARRY_CI_CO_SB_CARRY_CI_CO_SB_CARRY_CI_CO_SB_CARRY_CI_CO_SB_CARRY_CI_CO_SB_CARRY_CI_CO_SB_CARRY_CI_CO_SB_CARRY_CI_CO_SB_LUT4_I3_O_SB_LUT4_O_1_LC.O
Info:    routing  2.95  42.30 Net system.core.imag_part.0.0_WDATA_SB_LUT4_O_I1[1] (8,17) -> (5,18)
Info:                          Sink system.core.imag_part.0.0_WDATA_SB_LUT4_O_I1_SB_CARRY_I0_CI_SB_CARRY_CO_CI_SB_CARRY_CO_CI_SB_CARRY_CO_CI_SB_CARRY_CO_CI_SB_CARRY_CO_I0_SB_LUT4_I1_LC.I2
Info:                          Defined in:
Info:                               /home/researcher/Desktop/￿FFE6￿FF95￿FF99￿FFE6￿FF9D￿FF90/Fall 2026/digital ic/.tools/oss-cad-suite/libexec/../share/yosys/ice40/cells_map.v:6.21-6.22
Info:      logic  1.21  43.50 Source system.core.imag_part.0.0_WDATA_SB_LUT4_O_I1_SB_CARRY_I0_CI_SB_CARRY_CO_CI_SB_CARRY_CO_CI_SB_CARRY_CO_CI_SB_CARRY_CO_CI_SB_CARRY_CO_I0_SB_LUT4_I1_LC.O
Info:    routing  1.76  45.26 Net system.core.imag_part.0.0_WDATA_SB_LUT4_O_I1_SB_CARRY_I0_CI_SB_CARRY_CO_CI_SB_CARRY_CO_CI_SB_CARRY_CO_CI_SB_CARRY_CO_CI_SB_CARRY_CO_I0_SB_LUT4_I1_O (5,18) -> (5,17)
Info:                          Sink system.core.imag_part.0.0_RDATA_7_SB_DFF_Q_DFFLC.I0
Info:      setup  1.23  46.50 Source system.core.imag_part.0.0_RDATA_7_SB_DFF_Q_DFFLC.I0
Info: 21.70 ns logic, 24.80 ns routing

Info: Critical path report for cross-domain path '<async>' -> 'posedge system_clk':
Info:       type curr  total name
Info:     source  0.00  0.00 Source flash_miso$sb_io.D_IN_0
Info:    routing  5.61  5.61 Net flash_miso$SB_IO_IN (23,0) -> (20,23)
Info:                          Sink system.transport.spi.rx_shift_SB_DFFESR_Q_7_DFFLC.I0
Info:                          Defined in:
Info:                               rtl/io/spi_master.sv:18.16-18.20
Info:      setup  1.23  6.85 Source system.transport.spi.rx_shift_SB_DFFESR_Q_7_DFFLC.I0
Info: 1.23 ns logic, 5.61 ns routing

Info: Critical path report for cross-domain path 'posedge system_clk' -> '<async>':
Info:       type curr  total name
Info:   clk-to-q  1.39  1.39 Source system.error_flags_SB_DFFESR_Q_3_DFFLC.O
Info:    routing  2.95  4.34 Net system.error_flags[0] (18,23) -> (16,20)
Info:                          Sink status_error_SB_LUT4_O_I3_SB_LUT4_O_LC.I3
Info:                          Defined in:
Info:                               rtl/upduino_acoustic.sv:59.15-59.26
Info:      logic  0.87  5.22 Source status_error_SB_LUT4_O_I3_SB_LUT4_O_LC.O
Info:    routing  3.60  8.82 Net status_error_SB_LUT4_O_I3[3] (16,20) -> (18,15)
Info:                          Sink status_error_SB_LUT4_O_LC.I3
Info:                          Defined in:
Info:                               /home/researcher/Desktop/￿FFE6￿FF95￿FF99￿FFE6￿FF9D￿FF90/Fall 2026/digital ic/.tools/oss-cad-suite/libexec/../share/yosys/ice40/cells_map.v:6.21-6.22
Info:      logic  0.87  9.69 Source status_error_SB_LUT4_O_LC.O
Info:    routing  5.00  14.69 Net status_error$SB_IO_OUT (18,15) -> (18,0)
Info:                          Sink status_error$sb_io.D_OUT_0
Info:                          Defined in:
Info:                               rtl/upduino_acoustic.sv:50.28-50.40
Info: 3.14 ns logic, 11.55 ns routing

Info: Max frequency for clock 'system_clk': 21.51 MHz (PASS at 13.20 MHz)

Info: Clock '$PACKER_GND_NET_$glb_clk' has no interior paths

Info: Max delay <async>            -> posedge system_clk: 6.85 ns
Info: Max delay posedge system_clk -> <async>           : 14.69 ns

Info: Slack histogram:
Info:  legend: * represents 27 endpoint(s)
Info:          + represents [1,27) endpoint(s)
Info: [ 29260,  31423) |*+
Info: [ 31423,  33586) |*+
Info: [ 33586,  35749) |*+
Info: [ 35749,  37912) |*+
Info: [ 37912,  40075) |+
Info: [ 40075,  42238) |*** 
Info: [ 42238,  44401) |**+
Info: [ 44401,  46564) |*****+
Info: [ 46564,  48727) |*****+
Info: [ 48727,  50890) |****************+
Info: [ 50890,  53053) |*************+
Info: [ 53053,  55216) |************************************************************ 
Info: [ 55216,  57379) |************+
Info: [ 57379,  59542) |****+
Info: [ 59542,  61705) |*************+
Info: [ 61705,  63868) |*******+
Info: [ 63868,  66031) |*********+
Info: [ 66031,  68194) |***********+
Info: [ 68194,  70357) |************************+
Info: [ 70357,  72520) |*********************+
1 warning, 0 errors

Info: Program finished normally.
