#-----------------------------------------------------------
# xsim v2024.2 (64-bit)
# SW Build 5239630 on Fri Nov 08 22:34:34 MST 2024
# IP Build 5239520 on Sun Nov 10 16:12:51 MST 2024
# SharedData Build 5239561 on Fri Nov 08 14:39:27 MST 2024
# Start of session at: Tue Oct  6 05:23:44 2026
# Process ID         : 917094
# Current directory  : LAB_HOME/LAB_USER/digital_ic_vivado/portability-b-small-vivado-r4
# Command line       : xsim -mode tcl -source {xsim.dir/known_sim/xsim_script.tcl}
# Log file           : LAB_HOME/LAB_USER/digital_ic_vivado/portability-b-small-vivado-r4/xsim.log
# Journal file       : LAB_HOME/LAB_USER/digital_ic_vivado/portability-b-small-vivado-r4/xsim.jou
# Running On         : LAB_HOST.engr.wustl.edu
# Platform           : Rocky
# Operating System   : Rocky Linux release 8.10 (Green Obsidian)
# Processor Detail   : Intel(R) Xeon(R) CPU E5-2630 v3 @ 2.40GHz
# CPU Frequency      : 2593.819 MHz
# CPU Physical cores : 16
# CPU Logical cores  : 16
# Host memory        : 134527 MB
# Swap memory        : 7999 MB
# Total Virtual      : 142526 MB
# Available Virtual  : 117454 MB
#-----------------------------------------------------------
source xsim.dir/known_sim/xsim_script.tcl
# xsim {known_sim} -autoloadwcfg -tclbatch {sim.tcl}
Time resolution is 1 ps
source sim.tcl
## run all
VIVADO_PORTABILITY_COMPLETE
$finish called at time : 18606 ns : File "LAB_HOME/LAB_USER/digital_ic_vivado/portability-b-small-vivado-r4/known_vivado_tb.sv" Line 82
## quit
INFO: [Common 17-206] Exiting xsim at Tue Oct  6 05:23:48 2026...
