mkdir: /home/researcher/.config/yosyshq: Operation not permitted
mkdir: /home/researcher/.local/share/yosyshq: Operation not permitted
Info: constrained 'clk12' to bel 'X19/Y0/io1'
Info: constrained 'flash_cs_n' to bel 'X24/Y0/io1'
Info: constrained 'flash_sclk' to bel 'X24/Y0/io0'
Info: constrained 'flash_mosi' to bel 'X23/Y0/io1'
Info: constrained 'flash_miso' to bel 'X23/Y0/io0'
Info: constrained 'status_done' to bel 'X18/Y0/io1'
Info: constrained 'status_error' to bel 'X18/Y0/io0'
Info: constrained 'status_running' to bel 'X19/Y0/io0'

Info: Packing constants..
Info: Packing IOs..
Info: Packing LUT-FFs..
Info:     2012 LCs used as LUT4 only
Info:      696 LCs used as LUT4 and DFF
Info: Packing non-LUT FFs..
Info:      821 LCs used as DFF only
Info: Packing carries..
Info:      555 LCs used as CARRY only
Info: Packing indirect carry+LUT pairs...
Info:       92 LUTs merged into carry LCs
Info: Packing RAMs..
Info: Placing PLLs..
Info: Packing special functions..
Info: Packing PLLs..
Info: Promoting globals..
Info: promoting clk12$SB_IO_IN (fanout 1556)
Info: promoting rst [reset] (fanout 1036)
Info: promoting system.source.phase_SB_DFFESR_Q_7_D_SB_LUT4_O_I2_SB_LUT4_I2_O_SB_LUT4_I3_O_SB_LUT4_I3_O[2] [reset] (fanout 71)
Info: promoting system.core.product[0]_SB_MAC16_O_OHOLDBOT_SB_LUT4_O_I1_SB_LUT4_I0_I2_SB_LUT4_I2_O [cen] (fanout 175)
Info: promoting system.error_flags_SB_DFFESR_Q_6_E_SB_LUT4_O_I2_SB_LUT4_I2_O [cen] (fanout 74)
Info: promoting system.core.hann_rom.en_SB_LUT4_O_I3_SB_LUT4_O_I3_SB_LUT4_I1_O [cen] (fanout 43)
Info: promoting $PACKER_GND_NET (fanout 3)
Info: Constraining chains...
Info:       92 LCs used to legalise carry chains.
Info: Checksum: 0x86045dcc

Info: Device utilisation:
Info: 	         ICESTORM_LC:    4088/   5280    77%
Info: 	        ICESTORM_RAM:      19/     30    63%
Info: 	               SB_IO:       8/     39    20%
Info: 	               SB_GB:       7/      8    87%
Info: 	        ICESTORM_PLL:       0/      1     0%
Info: 	         SB_WARMBOOT:       0/      1     0%
Info: 	        ICESTORM_DSP:       1/      8    12%
Info: 	      ICESTORM_HFOSC:       0/      1     0%
Info: 	      ICESTORM_LFOSC:       0/      1     0%
Info: 	              SB_I2C:       0/      2     0%
Info: 	              SB_SPI:       0/      2     0%
Info: 	              IO_I3C:       0/      2     0%
Info: 	         SB_LEDDA_IP:       0/      1     0%
Info: 	         SB_RGBA_DRV:       0/      1     0%
Info: 	      ICESTORM_SPRAM:       3/      4    75%

Info: Placed 8 cells based on constraints.
Info: Creating initial analytic placement for 2874 cells, random placement wirelen = 91688.
Info:     at initial placer iter 0, wirelen = 1248
Info:     at initial placer iter 1, wirelen = 1210
Info:     at initial placer iter 2, wirelen = 1214
Info:     at initial placer iter 3, wirelen = 1215
Info: Running main analytical placer, max placement attempts per cell = 2127984.
Info:     at iteration #1, type ALL: wirelen solved = 1213, spread = 36372, legal = 38799; time = 0.04s
Info:     at iteration #2, type ALL: wirelen solved = 1924, spread = 30309, legal = 34210; time = 0.04s
Info:     at iteration #3, type ALL: wirelen solved = 3386, spread = 24152, legal = 30365; time = 0.20s
Info:     at iteration #4, type ALL: wirelen solved = 4254, spread = 22683, legal = 27023; time = 0.04s
Info:     at iteration #5, type ALL: wirelen solved = 5156, spread = 20983, legal = 26974; time = 0.21s
Info:     at iteration #6, type ALL: wirelen solved = 5641, spread = 19357, legal = 23231; time = 0.04s
Info:     at iteration #7, type ALL: wirelen solved = 6148, spread = 19279, legal = 22317; time = 0.03s
Info:     at iteration #8, type ALL: wirelen solved = 6711, spread = 18566, legal = 21896; time = 0.04s
Info:     at iteration #9, type ALL: wirelen solved = 6868, spread = 18398, legal = 21967; time = 0.04s
Info:     at iteration #10, type ALL: wirelen solved = 7316, spread = 18486, legal = 22494; time = 0.03s
Info:     at iteration #11, type ALL: wirelen solved = 7583, spread = 17739, legal = 22825; time = 0.03s
Info:     at iteration #12, type ALL: wirelen solved = 8079, spread = 17677, legal = 21564; time = 0.03s
Info:     at iteration #13, type ALL: wirelen solved = 8256, spread = 17654, legal = 21847; time = 0.03s
Info:     at iteration #14, type ALL: wirelen solved = 8424, spread = 17518, legal = 21361; time = 0.03s
Info:     at iteration #15, type ALL: wirelen solved = 8589, spread = 17462, legal = 21056; time = 0.04s
Info:     at iteration #16, type ALL: wirelen solved = 8564, spread = 17168, legal = 20908; time = 0.03s
Info:     at iteration #17, type ALL: wirelen solved = 8787, spread = 17067, legal = 20754; time = 0.03s
Info:     at iteration #18, type ALL: wirelen solved = 8971, spread = 17022, legal = 21532; time = 0.04s
Info:     at iteration #19, type ALL: wirelen solved = 9095, spread = 16998, legal = 20300; time = 0.03s
Info:     at iteration #20, type ALL: wirelen solved = 9069, spread = 16780, legal = 20472; time = 0.03s
Info:     at iteration #21, type ALL: wirelen solved = 9390, spread = 16982, legal = 19903; time = 0.03s
Info:     at iteration #22, type ALL: wirelen solved = 9482, spread = 16106, legal = 19323; time = 0.03s
Info:     at iteration #23, type ALL: wirelen solved = 9523, spread = 16829, legal = 19951; time = 0.03s
Info:     at iteration #24, type ALL: wirelen solved = 9541, spread = 16699, legal = 20203; time = 0.03s
Info:     at iteration #25, type ALL: wirelen solved = 9704, spread = 16683, legal = 22490; time = 0.17s
Info:     at iteration #26, type ALL: wirelen solved = 10170, spread = 17310, legal = 20085; time = 0.03s
Info:     at iteration #27, type ALL: wirelen solved = 10191, spread = 17114, legal = 20617; time = 0.03s
Info: HeAP Placer Time: 1.73s
Info:   of which solving equations: 0.70s
Info:   of which spreading cells: 0.09s
Info:   of which strict legalisation: 0.68s

Info: Running simulated annealing placer for refinement.
Info:   at iteration #1: temp = 0.000000, timing cost = 920, wirelen = 19323
Info:   at iteration #5: temp = 0.000000, timing cost = 921, wirelen = 16946
Info:   at iteration #10: temp = 0.000000, timing cost = 914, wirelen = 16204
Info:   at iteration #15: temp = 0.000000, timing cost = 895, wirelen = 15683
Info:   at iteration #20: temp = 0.000000, timing cost = 901, wirelen = 15475
Info:   at iteration #25: temp = 0.000000, timing cost = 899, wirelen = 15413
Info:   at iteration #28: temp = 0.000000, timing cost = 896, wirelen = 15399 
Info: SA placement time 1.72s

Info: Max frequency for clock 'clk12$SB_IO_IN_$glb_clk': 22.92 MHz (PASS at 12.00 MHz)

Info: Clock '$PACKER_GND_NET_$glb_clk' has no interior paths

Info: Max delay <async>                         -> posedge clk12$SB_IO_IN_$glb_clk: 6.89 ns
Info: Max delay posedge clk12$SB_IO_IN_$glb_clk -> <async>                        : 13.69 ns

Info: Slack histogram:
Info:  legend: * represents 16 endpoint(s)
Info:          + represents [1,16) endpoint(s)
Info: [ 39700,  41688) |+
Info: [ 41688,  43676) |**+
Info: [ 43676,  45664) |**+
Info: [ 45664,  47652) |*+
Info: [ 47652,  49640) |**+
Info: [ 49640,  51628) |**+
Info: [ 51628,  53616) |*********+
Info: [ 53616,  55604) |******+
Info: [ 55604,  57592) |*******************+
Info: [ 57592,  59580) |***************+
Info: [ 59580,  61568) |****************************+
Info: [ 61568,  63556) |**************************************************+
Info: [ 63556,  65544) |************************************************************ 
Info: [ 65544,  67532) |**********+
Info: [ 67532,  69520) |*****************+
Info: [ 69520,  71508) |**********+
Info: [ 71508,  73496) |*************+
Info: [ 73496,  75484) |*********************+
Info: [ 75484,  77472) |*********************************+
Info: [ 77472,  79460) |**********************************************************+
Info: Checksum: 0x5c48e6eb

Info: Routing..
Info: Setting up routing queue.
Info: Routing 12797 arcs.
Info:            |   (re-)routed arcs  |   delta    | remaining|       time spent     |
Info:    IterCnt |  w/ripup   wo/ripup |  w/r  wo/r |      arcs| batch(sec) total(sec)|
Info:       1000 |       61        938 |   61   938 |     11866|       0.35       0.35|
Info:       2000 |      147       1818 |   86   880 |     10996|       0.11       0.46|
Info:       3000 |      249       2593 |  102   775 |     10136|       0.09       0.54|
Info:       4000 |      440       3313 |  191   720 |      9388|       0.07       0.62|
Info:       5000 |      615       4067 |  175   754 |      8614|       0.06       0.68|
Info:       6000 |      816       4823 |  201   756 |      7887|       0.07       0.75|
Info:       7000 |     1072       5540 |  256   717 |      7225|       0.08       0.83|
Info:       8000 |     1291       6177 |  219   637 |      6530|       0.08       0.92|
Info:       9000 |     1513       6840 |  222   663 |      5820|       0.06       0.98|
Info:      10000 |     1725       7530 |  212   690 |      5104|       0.06       1.04|
Info:      11000 |     2050       8181 |  325   651 |      4510|       0.07       1.11|
Info:      12000 |     2339       8847 |  289   666 |      3885|       0.07       1.17|
Info:      13000 |     2663       9496 |  324   649 |      3351|       0.10       1.27|
Info:      14000 |     2951      10086 |  288   590 |      2743|       0.11       1.38|
Info:      15000 |     3223      10758 |  272   672 |      2125|       0.12       1.51|
Info:      16000 |     3501      11446 |  278   688 |      1489|       0.09       1.60|
Info:      17000 |     3697      12242 |  196   796 |       743|       0.12       1.72|
Info:      18000 |     3893      13031 |  196   789 |         8|       0.30       2.02|
Info:      18015 |     3901      13039 |    8     8 |         0|       0.02       2.03|
Info: Routing complete.
Info: Router1 time 2.03s
Info: Checksum: 0xa2661f3a

Info: Critical path report for clock 'clk12$SB_IO_IN_$glb_clk' (posedge -> posedge):
Info:       type curr  total name
Info:   clk-to-q  1.39  1.39 Source system.core.mean_SB_DFFESR_Q_15_D_SB_LUT4_O_LC.O
Info:    routing  1.76  3.15 Net system.core.mean[0] (1,8) -> (2,8)
Info:                          Sink system.core.operand_a[0]_SB_LUT4_O_I1_SB_LUT4_O_I1_SB_CARRY_I0_CO_SB_LUT4_I3_I2_SB_LUT4_O_I3_SB_CARRY_CO_CI_SB_LUT4_I3_O_SB_LUT4_O_1_I3_SB_CARRY_CO_CI_SB_LUT4_I3_O_SB_LUT4_O_I2_SB_LUT4_O_LC.I3
Info:                          Defined in:
Info:                               rtl/core/vibration_core.sv:96.23-96.27
Info:      logic  0.87  4.03 Source system.core.operand_a[0]_SB_LUT4_O_I1_SB_LUT4_O_I1_SB_CARRY_I0_CO_SB_LUT4_I3_I2_SB_LUT4_O_I3_SB_CARRY_CO_CI_SB_LUT4_I3_O_SB_LUT4_O_1_I3_SB_CARRY_CO_CI_SB_LUT4_I3_O_SB_LUT4_O_I2_SB_LUT4_O_LC.O
Info:    routing  1.76  5.79 Net system.core.operand_a[0]_SB_LUT4_O_I1_SB_LUT4_O_I1_SB_CARRY_I0_CO_SB_LUT4_I3_I2_SB_LUT4_O_I3_SB_CARRY_CO_CI_SB_LUT4_I3_O_SB_LUT4_O_1_I3_SB_CARRY_CO_CI_SB_LUT4_I3_O_SB_LUT4_O_I2[2] (2,8) -> (2,9)
Info:                          Sink system.core.operand_a[0]_SB_LUT4_O_I1_SB_LUT4_O_I1_SB_CARRY_I0_CO_SB_LUT4_I3_I2_SB_LUT4_O_I3_SB_CARRY_CO_CI_SB_LUT4_I3_O_SB_LUT4_O_1_I3_SB_CARRY_CO_CI_SB_LUT4_I3_O_SB_LUT4_O_LC.I2
Info:                          Defined in:
Info:                               rtl/core/vibration_core.sv:228.40-228.103
Info:                               ./.tools/oss-cad-suite/libexec/../share/yosys/ice40/arith_map.v:62.5-70.4
Info:                               ./.tools/oss-cad-suite/libexec/../share/yosys/ice40/cells_map.v:6.21-6.22
Info:      logic  0.61  6.39 Source system.core.operand_a[0]_SB_LUT4_O_I1_SB_LUT4_O_I1_SB_CARRY_I0_CO_SB_LUT4_I3_I2_SB_LUT4_O_I3_SB_CARRY_CO_CI_SB_LUT4_I3_O_SB_LUT4_O_1_I3_SB_CARRY_CO_CI_SB_LUT4_I3_O_SB_LUT4_O_LC.COUT
Info:    routing  0.66  7.06 Net system.core.operand_a[0]_SB_LUT4_O_I1_SB_LUT4_O_I1_SB_CARRY_I0_CO_SB_LUT4_I3_I2_SB_LUT4_O_I3_SB_CARRY_CO_CI_SB_LUT4_I3_O_SB_LUT4_O_1_I3_SB_CARRY_CO_CI_SB_CARRY_CO_CI (2,9) -> (2,9)
Info:                          Sink system.core.operand_a[0]_SB_LUT4_O_I1_SB_LUT4_O_I1_SB_CARRY_I0_CO_SB_LUT4_I3_I2_SB_LUT4_O_I3_SB_CARRY_CO_CI_SB_LUT4_I3_O_SB_LUT4_O_1_I3_SB_CARRY_CO_CI_SB_LUT4_I3_O_SB_LUT4_O_1_LC.I3
Info:                          Defined in:
Info:                               rtl/core/vibration_core.sv:228.40-228.103
Info:                               ./.tools/oss-cad-suite/libexec/../share/yosys/ice40/arith_map.v:62.5-70.4
Info:                               ./.tools/oss-cad-suite/libexec/../share/yosys/ice40/cells_map.v:6.21-6.22
Info:      logic  0.87  7.93 Source system.core.operand_a[0]_SB_LUT4_O_I1_SB_LUT4_O_I1_SB_CARRY_I0_CO_SB_LUT4_I3_I2_SB_LUT4_O_I3_SB_CARRY_CO_CI_SB_LUT4_I3_O_SB_LUT4_O_1_I3_SB_CARRY_CO_CI_SB_LUT4_I3_O_SB_LUT4_O_1_LC.O
Info:    routing  1.76  9.69 Net system.core.operand_a[0]_SB_LUT4_O_I1_SB_LUT4_O_I1_SB_CARRY_I0_CO_SB_LUT4_I3_I2_SB_LUT4_O_I3_SB_CARRY_CO_CI_SB_LUT4_I3_O_SB_LUT4_O_1_I3_SB_CARRY_CO_CI_SB_LUT4_I3_O[1] (2,9) -> (3,9)
Info:                          Sink system.core.operand_a[0]_SB_LUT4_O_I1_SB_LUT4_O_I1_SB_CARRY_I0_CO_SB_LUT4_I3_I2_SB_LUT4_O_I3_SB_CARRY_CO_CI_SB_LUT4_I3_O_SB_LUT4_O_LC.I2
Info:                          Defined in:
Info:                               ./.tools/oss-cad-suite/libexec/../share/yosys/ice40/cells_map.v:6.21-6.22
Info:      logic  1.21  10.90 Source system.core.operand_a[0]_SB_LUT4_O_I1_SB_LUT4_O_I1_SB_CARRY_I0_CO_SB_LUT4_I3_I2_SB_LUT4_O_I3_SB_CARRY_CO_CI_SB_LUT4_I3_O_SB_LUT4_O_LC.O
Info:    routing  1.76  12.66 Net system.core.operand_a[0]_SB_LUT4_O_I1_SB_LUT4_O_I1_SB_CARRY_I0_CO_SB_LUT4_I3_I2_SB_LUT4_O_I3_SB_CARRY_CO_CI_SB_LUT4_I3_O[3] (3,9) -> (3,10)
Info:                          Sink system.core.operand_a[0]_SB_LUT4_O_I1_SB_LUT4_O_I1_SB_LUT4_O_LC.I3
Info:                          Defined in:
Info:                               ./.tools/oss-cad-suite/libexec/../share/yosys/ice40/cells_map.v:6.21-6.22
Info:      logic  0.87  13.53 Source system.core.operand_a[0]_SB_LUT4_O_I1_SB_LUT4_O_I1_SB_LUT4_O_LC.O
Info:    routing  2.95  16.48 Net system.core.operand_a[0]_SB_LUT4_O_I1_SB_LUT4_O_I1[1] (3,10) -> (1,11)
Info:                          Sink system.core.operand_a[0]_SB_LUT4_O_I1_SB_LUT4_O_LC.I1
Info:                          Defined in:
Info:                               rtl/core/vibration_core.sv:149.23-149.120
Info:                               ./.tools/oss-cad-suite/libexec/../share/yosys/ice40/arith_map.v:62.5-70.4
Info:                               ./.tools/oss-cad-suite/libexec/../share/yosys/ice40/cells_map.v:6.21-6.22
Info:      logic  0.68  17.16 Source system.core.operand_a[0]_SB_LUT4_O_I1_SB_LUT4_O_LC.COUT
Info:    routing  0.00  17.16 Net system.core.operand_a[0]_SB_LUT4_O_I1_SB_LUT4_O_I1_SB_CARRY_I0_CO (1,11) -> (1,11)
Info:                          Sink system.core.operand_a[0]_SB_LUT4_O_I1_SB_LUT4_O_I1_SB_CARRY_I0_CO_SB_LUT4_I3_LC.CIN
Info:                          Defined in:
Info:                               rtl/core/vibration_core.sv:149.23-149.120
Info:                               ./.tools/oss-cad-suite/libexec/../share/yosys/ice40/arith_map.v:62.5-70.4
Info:                               ./.tools/oss-cad-suite/libexec/../share/yosys/ice40/cells_map.v:6.21-6.22
Info:      logic  0.28  17.44 Source system.core.operand_a[0]_SB_LUT4_O_I1_SB_LUT4_O_I1_SB_CARRY_I0_CO_SB_LUT4_I3_LC.COUT
Info:    routing  0.00  17.44 Net system.core.operand_a[0]_SB_LUT4_O_I1_SB_LUT4_O_I1_SB_CARRY_I0_CO_SB_CARRY_CI_CO (1,11) -> (1,11)
Info:                          Sink system.core.operand_a[0]_SB_LUT4_O_I1_SB_LUT4_O_I1_SB_CARRY_I0_CO_SB_CARRY_CI_CO_SB_LUT4_I3_LC.CIN
Info:                          Defined in:
Info:                               rtl/core/vibration_core.sv:149.23-149.120
Info:                               ./.tools/oss-cad-suite/libexec/../share/yosys/ice40/arith_map.v:62.5-70.4
Info:                               ./.tools/oss-cad-suite/libexec/../share/yosys/ice40/cells_map.v:6.21-6.22
Info:      logic  0.28  17.72 Source system.core.operand_a[0]_SB_LUT4_O_I1_SB_LUT4_O_I1_SB_CARRY_I0_CO_SB_CARRY_CI_CO_SB_LUT4_I3_LC.COUT
Info:    routing  0.00  17.72 Net system.core.operand_a[0]_SB_LUT4_O_I1_SB_LUT4_O_I1_SB_CARRY_I0_CO_SB_CARRY_CI_CO_SB_CARRY_CI_CO (1,11) -> (1,11)
Info:                          Sink system.core.operand_a[0]_SB_LUT4_O_I1_SB_LUT4_O_I1_SB_CARRY_I0_CO_SB_CARRY_CI_CO_SB_CARRY_CI_CO_SB_LUT4_I3_LC.CIN
Info:                          Defined in:
Info:                               rtl/core/vibration_core.sv:149.23-149.120
Info:                               ./.tools/oss-cad-suite/libexec/../share/yosys/ice40/arith_map.v:62.5-70.4
Info:                               ./.tools/oss-cad-suite/libexec/../share/yosys/ice40/cells_map.v:6.21-6.22
Info:      logic  0.28  17.99 Source system.core.operand_a[0]_SB_LUT4_O_I1_SB_LUT4_O_I1_SB_CARRY_I0_CO_SB_CARRY_CI_CO_SB_CARRY_CI_CO_SB_LUT4_I3_LC.COUT
Info:    routing  0.00  17.99 Net system.core.operand_a[0]_SB_LUT4_O_I1_SB_LUT4_O_I1_SB_CARRY_I0_CO_SB_CARRY_CI_CO_SB_CARRY_CI_CO_SB_CARRY_CI_CO (1,11) -> (1,11)
Info:                          Sink system.core.operand_a[0]_SB_LUT4_O_I1_SB_LUT4_O_I1_SB_CARRY_I0_CO_SB_CARRY_CI_CO_SB_CARRY_CI_CO_SB_CARRY_CI_CO_SB_LUT4_I3_LC.CIN
Info:                          Defined in:
Info:                               rtl/core/vibration_core.sv:149.23-149.120
Info:                               ./.tools/oss-cad-suite/libexec/../share/yosys/ice40/arith_map.v:62.5-70.4
Info:                               ./.tools/oss-cad-suite/libexec/../share/yosys/ice40/cells_map.v:6.21-6.22
Info:      logic  0.28  18.27 Source system.core.operand_a[0]_SB_LUT4_O_I1_SB_LUT4_O_I1_SB_CARRY_I0_CO_SB_CARRY_CI_CO_SB_CARRY_CI_CO_SB_CARRY_CI_CO_SB_LUT4_I3_LC.COUT
Info:    routing  0.00  18.27 Net system.core.operand_b[0]_SB_LUT4_O_4_I1_SB_LUT4_I3_O_SB_LUT4_O_I3_SB_CARRY_CO_CI_SB_CARRY_CO_CI_SB_CARRY_CO_CI (1,11) -> (1,11)
Info:                          Sink system.core.operand_b[0]_SB_LUT4_O_4_I1_SB_LUT4_I3_O_SB_LUT4_O_I3_SB_CARRY_CO_CI_SB_CARRY_CO_CI_SB_CARRY_CO_CI_SB_LUT4_I3_LC.CIN
Info:                          Defined in:
Info:                               rtl/core/vibration_core.sv:149.23-149.120
Info:                               ./.tools/oss-cad-suite/libexec/../share/yosys/ice40/arith_map.v:62.5-70.4
Info:                               ./.tools/oss-cad-suite/libexec/../share/yosys/ice40/cells_map.v:6.21-6.22
Info:      logic  0.28  18.55 Source system.core.operand_b[0]_SB_LUT4_O_4_I1_SB_LUT4_I3_O_SB_LUT4_O_I3_SB_CARRY_CO_CI_SB_CARRY_CO_CI_SB_CARRY_CO_CI_SB_LUT4_I3_LC.COUT
Info:    routing  0.00  18.55 Net system.core.operand_b[0]_SB_LUT4_O_4_I1_SB_LUT4_I3_O_SB_LUT4_O_I3_SB_CARRY_CO_CI_SB_CARRY_CO_CI (1,11) -> (1,11)
Info:                          Sink system.core.operand_b[0]_SB_LUT4_O_4_I1_SB_LUT4_I3_O_SB_LUT4_O_I3_SB_CARRY_CO_CI_SB_CARRY_CO_CI_SB_LUT4_I3_LC.CIN
Info:                          Defined in:
Info:                               rtl/core/vibration_core.sv:149.23-149.120
Info:                               ./.tools/oss-cad-suite/libexec/../share/yosys/ice40/arith_map.v:62.5-70.4
Info:                               ./.tools/oss-cad-suite/libexec/../share/yosys/ice40/cells_map.v:6.21-6.22
Info:      logic  0.28  18.83 Source system.core.operand_b[0]_SB_LUT4_O_4_I1_SB_LUT4_I3_O_SB_LUT4_O_I3_SB_CARRY_CO_CI_SB_CARRY_CO_CI_SB_LUT4_I3_LC.COUT
Info:    routing  0.00  18.83 Net system.core.operand_b[0]_SB_LUT4_O_4_I1_SB_LUT4_I3_O_SB_LUT4_O_I3_SB_CARRY_CO_CI (1,11) -> (1,11)
Info:                          Sink system.core.operand_a[0]_SB_LUT4_O_I1_SB_CARRY_CI_CO_SB_CARRY_CI_CO_SB_CARRY_CI_CO_SB_CARRY_CI_CO_SB_CARRY_CI_CO_SB_CARRY_CI_CO_SB_CARRY_CI_CO_SB_CARRY_CI_CO_SB_CARRY_CI_CO_SB_CARRY_CI_CO_SB_CARRY_CI_CO_SB_CARRY_CI_CO_SB_CARRY_CI_CO_SB_CARRY_CI_CO_SB_CARRY_CI_CO_SB_CARRY_CI_CO_SB_CARRY_CI_CO_SB_CARRY_CI_CO_SB_CARRY_CI_CO_SB_CARRY_CI_CO_SB_CARRY_CI_CO_SB_CARRY_CI_CO_SB_CARRY_CI_CO_SB_CARRY_CI_CO_SB_CARRY_CI_CO_SB_CARRY_CI_CO_SB_CARRY_CI_CO_SB_CARRY_CI_CO_SB_CARRY_CI_CO_SB_CARRY_CI_CO_SB_CARRY_CI_CO_SB_CARRY_CI_CO_SB_CARRY_CI_CO_SB_CARRY_CI_CO_SB_CARRY_CI_CO_SB_CARRY_CI_CO_SB_CARRY_CI_CO_SB_CARRY_CI_CO_SB_LUT4_I3_O_SB_LUT4_O_LC.CIN
Info:                          Defined in:
Info:                               rtl/core/vibration_core.sv:149.23-149.120
Info:                               ./.tools/oss-cad-suite/libexec/../share/yosys/ice40/arith_map.v:62.5-70.4
Info:                               ./.tools/oss-cad-suite/libexec/../share/yosys/ice40/cells_map.v:6.21-6.22
Info:      logic  0.28  19.10 Source system.core.operand_a[0]_SB_LUT4_O_I1_SB_CARRY_CI_CO_SB_CARRY_CI_CO_SB_CARRY_CI_CO_SB_CARRY_CI_CO_SB_CARRY_CI_CO_SB_CARRY_CI_CO_SB_CARRY_CI_CO_SB_CARRY_CI_CO_SB_CARRY_CI_CO_SB_CARRY_CI_CO_SB_CARRY_CI_CO_SB_CARRY_CI_CO_SB_CARRY_CI_CO_SB_CARRY_CI_CO_SB_CARRY_CI_CO_SB_CARRY_CI_CO_SB_CARRY_CI_CO_SB_CARRY_CI_CO_SB_CARRY_CI_CO_SB_CARRY_CI_CO_SB_CARRY_CI_CO_SB_CARRY_CI_CO_SB_CARRY_CI_CO_SB_CARRY_CI_CO_SB_CARRY_CI_CO_SB_CARRY_CI_CO_SB_CARRY_CI_CO_SB_CARRY_CI_CO_SB_CARRY_CI_CO_SB_CARRY_CI_CO_SB_CARRY_CI_CO_SB_CARRY_CI_CO_SB_CARRY_CI_CO_SB_CARRY_CI_CO_SB_CARRY_CI_CO_SB_CARRY_CI_CO_SB_CARRY_CI_CO_SB_CARRY_CI_CO_SB_LUT4_I3_O_SB_LUT4_O_LC.COUT
Info:    routing  0.56  19.66 Net system.core.operand_b[0]_SB_LUT4_O_4_I1_SB_LUT4_I3_O_SB_LUT4_O_I2[3] (1,11) -> (1,12)
Info:                          Sink system.core.operand_b[0]_SB_LUT4_O_4_I1_SB_LUT4_I3_O_SB_LUT4_O_LC.CIN
Info:                          Defined in:
Info:                               rtl/core/vibration_core.sv:149.23-149.120
Info:                               ./.tools/oss-cad-suite/libexec/../share/yosys/ice40/arith_map.v:62.5-70.4
Info:                               ./.tools/oss-cad-suite/libexec/../share/yosys/ice40/abc9_model.v:4.9-4.11
Info:      logic  0.28  19.94 Source system.core.operand_b[0]_SB_LUT4_O_4_I1_SB_LUT4_I3_O_SB_LUT4_O_LC.COUT
Info:    routing  0.00  19.94 Net system.core.operand_b[0]_SB_LUT4_O_7_I1_SB_LUT4_I3_O_SB_LUT4_O_I2[3] (1,12) -> (1,12)
Info:                          Sink system.core.operand_b[0]_SB_LUT4_O_7_I1_SB_LUT4_I3_O_SB_LUT4_O_LC.CIN
Info:                          Defined in:
Info:                               rtl/core/vibration_core.sv:149.23-149.120
Info:                               ./.tools/oss-cad-suite/libexec/../share/yosys/ice40/arith_map.v:62.5-70.4
Info:                               ./.tools/oss-cad-suite/libexec/../share/yosys/ice40/abc9_model.v:4.9-4.11
Info:      logic  0.28  20.22 Source system.core.operand_b[0]_SB_LUT4_O_7_I1_SB_LUT4_I3_O_SB_LUT4_O_LC.COUT
Info:    routing  0.00  20.22 Net system.core.operand_a[0]_SB_LUT4_O_2_I3_SB_LUT4_O_I2_SB_LUT4_O_I2[3] (1,12) -> (1,12)
Info:                          Sink system.core.operand_a[0]_SB_LUT4_O_2_I3_SB_LUT4_O_I2_SB_LUT4_O_LC.CIN
Info:                          Defined in:
Info:                               rtl/core/vibration_core.sv:149.23-149.120
Info:                               ./.tools/oss-cad-suite/libexec/../share/yosys/ice40/arith_map.v:62.5-70.4
Info:                               ./.tools/oss-cad-suite/libexec/../share/yosys/ice40/abc9_model.v:4.9-4.11
Info:      logic  0.28  20.50 Source system.core.operand_a[0]_SB_LUT4_O_2_I3_SB_LUT4_O_I2_SB_LUT4_O_LC.COUT
Info:    routing  0.00  20.50 Net system.core.operand_a[0]_SB_LUT4_O_2_I3_SB_LUT4_O_I2_SB_LUT4_O_I2_SB_LUT4_O_I3_SB_CARRY_CI_CO_SB_LUT4_I3_O[3] (1,12) -> (1,12)
Info:                          Sink system.core.operand_a[0]_SB_LUT4_O_I1_SB_CARRY_CI_CO_SB_CARRY_CI_CO_SB_CARRY_CI_CO_SB_CARRY_CI_CO_SB_CARRY_CI_CO_SB_CARRY_CI_CO_SB_CARRY_CI_CO_SB_CARRY_CI_CO_SB_CARRY_CI_CO_SB_CARRY_CI_CO_SB_CARRY_CI_I0_SB_LUT4_O_LC.CIN
Info:                          Defined in:
Info:                               rtl/core/vibration_core.sv:149.23-149.120
Info:                               ./.tools/oss-cad-suite/libexec/../share/yosys/ice40/arith_map.v:62.5-70.4
Info:                               ./.tools/oss-cad-suite/libexec/../share/yosys/ice40/abc9_model.v:4.9-4.11
Info:      logic  0.28  20.77 Source system.core.operand_a[0]_SB_LUT4_O_I1_SB_CARRY_CI_CO_SB_CARRY_CI_CO_SB_CARRY_CI_CO_SB_CARRY_CI_CO_SB_CARRY_CI_CO_SB_CARRY_CI_CO_SB_CARRY_CI_CO_SB_CARRY_CI_CO_SB_CARRY_CI_CO_SB_CARRY_CI_CO_SB_CARRY_CI_I0_SB_LUT4_O_LC.COUT
Info:    routing  0.66  21.43 Net $nextpnr_ICESTORM_LC_58$I3 (1,12) -> (1,12)
Info:                          Sink $nextpnr_ICESTORM_LC_58.I3
Info:      logic  0.87  22.31 Source $nextpnr_ICESTORM_LC_58.O
Info:    routing  3.06  25.37 Net system.core.operand_a[0]_SB_LUT4_O_2_I3_SB_LUT4_O_I2_SB_LUT4_O_I3_SB_CARRY_CI_CO_SB_CARRY_CI_CO (1,12) -> (2,16)
Info:                          Sink system.core.operand_a[0]_SB_LUT4_O_I1_SB_CARRY_CI_CO_SB_CARRY_CI_CO_SB_CARRY_CI_CO_SB_CARRY_CI_CO_SB_CARRY_CI_CO_SB_CARRY_CI_CO_SB_CARRY_CI_CO_SB_CARRY_CI_CO_SB_CARRY_CI_CO_SB_CARRY_CI_CO_SB_CARRY_CI_CO_SB_CARRY_CI_CO_SB_CARRY_CI_CO_SB_CARRY_CI_CO_SB_CARRY_CI_CO_SB_CARRY_CI_CO_SB_CARRY_CI_CO_SB_CARRY_CI_CO_SB_CARRY_CI_CO_SB_CARRY_CI_CO_SB_CARRY_CI_CO_SB_CARRY_CI_CO_SB_CARRY_CI_CO_SB_CARRY_CI_CO_SB_CARRY_CI_CO_SB_CARRY_CI_CO_SB_CARRY_CI_CO_SB_CARRY_CI_CO_SB_CARRY_CI_CO_SB_CARRY_CI_CO_SB_CARRY_CI_CO_SB_CARRY_CI_CO_SB_CARRY_CI_CO_SB_CARRY_CI_CO_SB_CARRY_CI_CO_SB_CARRY_CI_CO_SB_CARRY_CI_CO_SB_CARRY_CI$CARRY.I3
Info:                          Defined in:
Info:                               rtl/core/vibration_core.sv:149.23-149.120
Info:                               ./.tools/oss-cad-suite/libexec/../share/yosys/ice40/arith_map.v:62.5-70.4
Info:                               ./.tools/oss-cad-suite/libexec/../share/yosys/ice40/abc9_model.v:4.9-4.11
Info:      logic  0.87  26.24 Source system.core.operand_a[0]_SB_LUT4_O_I1_SB_CARRY_CI_CO_SB_CARRY_CI_CO_SB_CARRY_CI_CO_SB_CARRY_CI_CO_SB_CARRY_CI_CO_SB_CARRY_CI_CO_SB_CARRY_CI_CO_SB_CARRY_CI_CO_SB_CARRY_CI_CO_SB_CARRY_CI_CO_SB_CARRY_CI_CO_SB_CARRY_CI_CO_SB_CARRY_CI_CO_SB_CARRY_CI_CO_SB_CARRY_CI_CO_SB_CARRY_CI_CO_SB_CARRY_CI_CO_SB_CARRY_CI_CO_SB_CARRY_CI_CO_SB_CARRY_CI_CO_SB_CARRY_CI_CO_SB_CARRY_CI_CO_SB_CARRY_CI_CO_SB_CARRY_CI_CO_SB_CARRY_CI_CO_SB_CARRY_CI_CO_SB_CARRY_CI_CO_SB_CARRY_CI_CO_SB_CARRY_CI_CO_SB_CARRY_CI_CO_SB_CARRY_CI_CO_SB_CARRY_CI_CO_SB_CARRY_CI_CO_SB_CARRY_CI_CO_SB_CARRY_CI_CO_SB_CARRY_CI_CO_SB_CARRY_CI_CO_SB_CARRY_CI$CARRY.O
Info:    routing  2.95  29.19 Net system.core.operand_a[0]_SB_LUT4_O_2_I3_SB_LUT4_O_I2_SB_LUT4_O_I3_SB_CARRY_CI_CO_SB_CARRY_CI_CO_SB_LUT4_I3_O[1] (2,16) -> (2,13)
Info:                          Sink system.core.operand_a[0]_SB_LUT4_O_I1_SB_CARRY_CI_CO_SB_CARRY_CI_CO_SB_CARRY_CI_CO_SB_CARRY_CI_CO_SB_CARRY_CI_CO_SB_CARRY_CI_CO_SB_CARRY_CI_CO_SB_CARRY_CI_CO_SB_CARRY_CI_CO_SB_CARRY_CI_CO_SB_CARRY_CI_CO_SB_CARRY_CI$CARRY.I1
Info:                          Defined in:
Info:                               rtl/core/vibration_core.sv:156.17-156.29
Info:                               ./.tools/oss-cad-suite/libexec/../share/yosys/ice40/arith_map.v:62.5-70.4
Info:                               ./.tools/oss-cad-suite/libexec/../share/yosys/ice40/cells_map.v:6.21-6.22
Info:      logic  0.68  29.87 Source system.core.operand_a[0]_SB_LUT4_O_I1_SB_CARRY_CI_CO_SB_CARRY_CI_CO_SB_CARRY_CI_CO_SB_CARRY_CI_CO_SB_CARRY_CI_CO_SB_CARRY_CI_CO_SB_CARRY_CI_CO_SB_CARRY_CI_CO_SB_CARRY_CI_CO_SB_CARRY_CI_CO_SB_CARRY_CI_CO_SB_CARRY_CI$CARRY.COUT
Info:    routing  0.00  29.87 Net system.core.operand_a[0]_SB_LUT4_O_I1_SB_CARRY_CI_CO_SB_CARRY_CI_CO_SB_CARRY_CI_CO_SB_CARRY_CI_CO_SB_CARRY_CI_CO_SB_CARRY_CI_CO_SB_CARRY_CI_CO_SB_CARRY_CI_CO_SB_CARRY_CI_CO_SB_CARRY_CI_CO_SB_CARRY_CI_CO_SB_CARRY_CI_CO (2,13) -> (2,13)
Info:                          Sink system.core.operand_a[0]_SB_LUT4_O_I1_SB_CARRY_CI_CO_SB_CARRY_CI_CO_SB_CARRY_CI_CO_SB_CARRY_CI_CO_SB_CARRY_CI_CO_SB_CARRY_CI_CO_SB_CARRY_CI_CO_SB_CARRY_CI_CO_SB_CARRY_CI_CO_SB_CARRY_CI_CO_SB_CARRY_CI_CO_SB_CARRY_CI_CO_SB_CARRY_CI$CARRY.CIN
Info:                          Defined in:
Info:                               rtl/core/vibration_core.sv:156.17-156.29
Info:                               ./.tools/oss-cad-suite/libexec/../share/yosys/ice40/arith_map.v:62.5-70.4
Info:                               ./.tools/oss-cad-suite/libexec/../share/yosys/ice40/abc9_model.v:4.9-4.11
Info:      logic  0.28  30.15 Source system.core.operand_a[0]_SB_LUT4_O_I1_SB_CARRY_CI_CO_SB_CARRY_CI_CO_SB_CARRY_CI_CO_SB_CARRY_CI_CO_SB_CARRY_CI_CO_SB_CARRY_CI_CO_SB_CARRY_CI_CO_SB_CARRY_CI_CO_SB_CARRY_CI_CO_SB_CARRY_CI_CO_SB_CARRY_CI_CO_SB_CARRY_CI_CO_SB_CARRY_CI$CARRY.COUT
Info:    routing  0.00  30.15 Net system.core.operand_a[0]_SB_LUT4_O_I1_SB_CARRY_CI_CO_SB_CARRY_CI_CO_SB_CARRY_CI_CO_SB_CARRY_CI_CO_SB_CARRY_CI_CO_SB_CARRY_CI_CO_SB_CARRY_CI_CO_SB_CARRY_CI_CO_SB_CARRY_CI_CO_SB_CARRY_CI_CO_SB_CARRY_CI_CO_SB_CARRY_CI_CO_SB_CARRY_CI_CO (2,13) -> (2,13)
Info:                          Sink system.core.operand_a[0]_SB_LUT4_O_I1_SB_CARRY_CI_CO_SB_CARRY_CI_CO_SB_CARRY_CI_CO_SB_CARRY_CI_CO_SB_CARRY_CI_CO_SB_CARRY_CI_CO_SB_CARRY_CI_CO_SB_CARRY_CI_CO_SB_CARRY_CI_CO_SB_CARRY_CI_CO_SB_CARRY_CI_CO_SB_CARRY_CI_CO_SB_CARRY_CI_CO_SB_CARRY_CI$CARRY.CIN
Info:                          Defined in:
Info:                               rtl/core/vibration_core.sv:156.17-156.29
Info:                               ./.tools/oss-cad-suite/libexec/../share/yosys/ice40/arith_map.v:62.5-70.4
Info:                               ./.tools/oss-cad-suite/libexec/../share/yosys/ice40/abc9_model.v:4.9-4.11
Info:      logic  0.28  30.42 Source system.core.operand_a[0]_SB_LUT4_O_I1_SB_CARRY_CI_CO_SB_CARRY_CI_CO_SB_CARRY_CI_CO_SB_CARRY_CI_CO_SB_CARRY_CI_CO_SB_CARRY_CI_CO_SB_CARRY_CI_CO_SB_CARRY_CI_CO_SB_CARRY_CI_CO_SB_CARRY_CI_CO_SB_CARRY_CI_CO_SB_CARRY_CI_CO_SB_CARRY_CI_CO_SB_CARRY_CI$CARRY.COUT
Info:    routing  0.00  30.42 Net system.core.operand_a[0]_SB_LUT4_O_I1_SB_CARRY_CI_CO_SB_CARRY_CI_CO_SB_CARRY_CI_CO_SB_CARRY_CI_CO_SB_CARRY_CI_CO_SB_CARRY_CI_CO_SB_CARRY_CI_CO_SB_CARRY_CI_CO_SB_CARRY_CI_CO_SB_CARRY_CI_CO_SB_CARRY_CI_CO_SB_CARRY_CI_CO_SB_CARRY_CI_CO_SB_CARRY_CI_CO (2,13) -> (2,13)
Info:                          Sink system.core.operand_a[0]_SB_LUT4_O_I1_SB_CARRY_CI_CO_SB_CARRY_CI_CO_SB_CARRY_CI_CO_SB_CARRY_CI_CO_SB_CARRY_CI_CO_SB_CARRY_CI_CO_SB_CARRY_CI_CO_SB_CARRY_CI_CO_SB_CARRY_CI_CO_SB_CARRY_CI_CO_SB_CARRY_CI_CO_SB_CARRY_CI_CO_SB_CARRY_CI_CO_SB_CARRY_CI_CO_SB_CARRY_CI$CARRY.CIN
Info:                          Defined in:
Info:                               rtl/core/vibration_core.sv:156.17-156.29
Info:                               ./.tools/oss-cad-suite/libexec/../share/yosys/ice40/arith_map.v:62.5-70.4
Info:                               ./.tools/oss-cad-suite/libexec/../share/yosys/ice40/abc9_model.v:4.9-4.11
Info:      logic  0.28  30.70 Source system.core.operand_a[0]_SB_LUT4_O_I1_SB_CARRY_CI_CO_SB_CARRY_CI_CO_SB_CARRY_CI_CO_SB_CARRY_CI_CO_SB_CARRY_CI_CO_SB_CARRY_CI_CO_SB_CARRY_CI_CO_SB_CARRY_CI_CO_SB_CARRY_CI_CO_SB_CARRY_CI_CO_SB_CARRY_CI_CO_SB_CARRY_CI_CO_SB_CARRY_CI_CO_SB_CARRY_CI_CO_SB_CARRY_CI$CARRY.COUT
Info:    routing  0.56  31.26 Net system.core.operand_a[0]_SB_LUT4_O_I1_SB_CARRY_CI_CO_SB_CARRY_CI_CO_SB_CARRY_CI_CO_SB_CARRY_CI_CO_SB_CARRY_CI_CO_SB_CARRY_CI_CO_SB_CARRY_CI_CO_SB_CARRY_CI_CO_SB_CARRY_CI_CO_SB_CARRY_CI_CO_SB_CARRY_CI_CO_SB_CARRY_CI_CO_SB_CARRY_CI_CO_SB_CARRY_CI_CO_SB_CARRY_CI_CO (2,13) -> (2,14)
Info:                          Sink system.core.operand_a[0]_SB_LUT4_O_I1_SB_CARRY_CI_CO_SB_CARRY_CI_CO_SB_CARRY_CI_CO_SB_CARRY_CI_CO_SB_CARRY_CI_CO_SB_CARRY_CI_CO_SB_CARRY_CI_CO_SB_CARRY_CI_CO_SB_CARRY_CI_CO_SB_CARRY_CI_CO_SB_CARRY_CI_CO_SB_CARRY_CI_CO_SB_CARRY_CI_CO_SB_CARRY_CI_CO_SB_CARRY_CI_CO_SB_CARRY_CI$CARRY.CIN
Info:                          Defined in:
Info:                               rtl/core/vibration_core.sv:156.17-156.29
Info:                               ./.tools/oss-cad-suite/libexec/../share/yosys/ice40/arith_map.v:62.5-70.4
Info:                               ./.tools/oss-cad-suite/libexec/../share/yosys/ice40/abc9_model.v:4.9-4.11
Info:      logic  0.28  31.53 Source system.core.operand_a[0]_SB_LUT4_O_I1_SB_CARRY_CI_CO_SB_CARRY_CI_CO_SB_CARRY_CI_CO_SB_CARRY_CI_CO_SB_CARRY_CI_CO_SB_CARRY_CI_CO_SB_CARRY_CI_CO_SB_CARRY_CI_CO_SB_CARRY_CI_CO_SB_CARRY_CI_CO_SB_CARRY_CI_CO_SB_CARRY_CI_CO_SB_CARRY_CI_CO_SB_CARRY_CI_CO_SB_CARRY_CI_CO_SB_CARRY_CI$CARRY.COUT
Info:    routing  0.00  31.53 Net system.core.operand_a[0]_SB_LUT4_O_I1_SB_CARRY_CI_CO_SB_CARRY_CI_CO_SB_CARRY_CI_CO_SB_CARRY_CI_CO_SB_CARRY_CI_CO_SB_CARRY_CI_CO_SB_CARRY_CI_CO_SB_CARRY_CI_CO_SB_CARRY_CI_CO_SB_CARRY_CI_CO_SB_CARRY_CI_CO_SB_CARRY_CI_CO_SB_CARRY_CI_CO_SB_CARRY_CI_CO_SB_CARRY_CI_CO_SB_CARRY_CI_CO (2,14) -> (2,14)
Info:                          Sink system.core.operand_a[0]_SB_LUT4_O_I1_SB_CARRY_CI_CO_SB_CARRY_CI_CO_SB_CARRY_CI_CO_SB_CARRY_CI_CO_SB_CARRY_CI_CO_SB_CARRY_CI_CO_SB_CARRY_CI_CO_SB_CARRY_CI_CO_SB_CARRY_CI_CO_SB_CARRY_CI_CO_SB_CARRY_CI_CO_SB_CARRY_CI_CO_SB_CARRY_CI_CO_SB_CARRY_CI_CO_SB_CARRY_CI_CO_SB_CARRY_CI_CO_SB_CARRY_CI$CARRY.CIN
Info:                          Defined in:
Info:                               rtl/core/vibration_core.sv:156.17-156.29
Info:                               ./.tools/oss-cad-suite/libexec/../share/yosys/ice40/arith_map.v:62.5-70.4
Info:                               ./.tools/oss-cad-suite/libexec/../share/yosys/ice40/abc9_model.v:4.9-4.11
Info:      logic  0.28  31.81 Source system.core.operand_a[0]_SB_LUT4_O_I1_SB_CARRY_CI_CO_SB_CARRY_CI_CO_SB_CARRY_CI_CO_SB_CARRY_CI_CO_SB_CARRY_CI_CO_SB_CARRY_CI_CO_SB_CARRY_CI_CO_SB_CARRY_CI_CO_SB_CARRY_CI_CO_SB_CARRY_CI_CO_SB_CARRY_CI_CO_SB_CARRY_CI_CO_SB_CARRY_CI_CO_SB_CARRY_CI_CO_SB_CARRY_CI_CO_SB_CARRY_CI_CO_SB_CARRY_CI$CARRY.COUT
Info:    routing  0.00  31.81 Net system.core.operand_a[0]_SB_LUT4_O_I1_SB_CARRY_CI_CO_SB_CARRY_CI_CO_SB_CARRY_CI_CO_SB_CARRY_CI_CO_SB_CARRY_CI_CO_SB_CARRY_CI_CO_SB_CARRY_CI_CO_SB_CARRY_CI_CO_SB_CARRY_CI_CO_SB_CARRY_CI_CO_SB_CARRY_CI_CO_SB_CARRY_CI_CO_SB_CARRY_CI_CO_SB_CARRY_CI_CO_SB_CARRY_CI_CO_SB_CARRY_CI_CO_SB_CARRY_CI_CO (2,14) -> (2,14)
Info:                          Sink system.core.operand_a[0]_SB_LUT4_O_I1_SB_CARRY_CI_CO_SB_CARRY_CI_CO_SB_CARRY_CI_CO_SB_CARRY_CI_CO_SB_CARRY_CI_CO_SB_CARRY_CI_CO_SB_CARRY_CI_CO_SB_CARRY_CI_CO_SB_CARRY_CI_CO_SB_CARRY_CI_CO_SB_CARRY_CI_CO_SB_CARRY_CI_CO_SB_CARRY_CI_CO_SB_CARRY_CI_CO_SB_CARRY_CI_CO_SB_CARRY_CI_CO_SB_CARRY_CI_CO_SB_CARRY_CI$CARRY.CIN
Info:                          Defined in:
Info:                               rtl/core/vibration_core.sv:156.17-156.29
Info:                               ./.tools/oss-cad-suite/libexec/../share/yosys/ice40/arith_map.v:62.5-70.4
Info:                               ./.tools/oss-cad-suite/libexec/../share/yosys/ice40/abc9_model.v:4.9-4.11
Info:      logic  0.28  32.09 Source system.core.operand_a[0]_SB_LUT4_O_I1_SB_CARRY_CI_CO_SB_CARRY_CI_CO_SB_CARRY_CI_CO_SB_CARRY_CI_CO_SB_CARRY_CI_CO_SB_CARRY_CI_CO_SB_CARRY_CI_CO_SB_CARRY_CI_CO_SB_CARRY_CI_CO_SB_CARRY_CI_CO_SB_CARRY_CI_CO_SB_CARRY_CI_CO_SB_CARRY_CI_CO_SB_CARRY_CI_CO_SB_CARRY_CI_CO_SB_CARRY_CI_CO_SB_CARRY_CI_CO_SB_CARRY_CI$CARRY.COUT
Info:    routing  0.00  32.09 Net system.core.operand_a[0]_SB_LUT4_O_I1_SB_CARRY_CI_CO_SB_CARRY_CI_CO_SB_CARRY_CI_CO_SB_CARRY_CI_CO_SB_CARRY_CI_CO_SB_CARRY_CI_CO_SB_CARRY_CI_CO_SB_CARRY_CI_CO_SB_CARRY_CI_CO_SB_CARRY_CI_CO_SB_CARRY_CI_CO_SB_CARRY_CI_CO_SB_CARRY_CI_CO_SB_CARRY_CI_CO_SB_CARRY_CI_CO_SB_CARRY_CI_CO_SB_CARRY_CI_CO_SB_CARRY_CI_CO (2,14) -> (2,14)
Info:                          Sink system.core.operand_a[0]_SB_LUT4_O_I1_SB_CARRY_CI_CO_SB_CARRY_CI_CO_SB_CARRY_CI_CO_SB_CARRY_CI_CO_SB_CARRY_CI_CO_SB_CARRY_CI_CO_SB_CARRY_CI_CO_SB_CARRY_CI_CO_SB_CARRY_CI_CO_SB_CARRY_CI_CO_SB_CARRY_CI_CO_SB_CARRY_CI_CO_SB_CARRY_CI_CO_SB_CARRY_CI_CO_SB_CARRY_CI_CO_SB_CARRY_CI_CO_SB_CARRY_CI_CO_SB_CARRY_CI_CO_SB_CARRY_CI$CARRY.CIN
Info:                          Defined in:
Info:                               rtl/core/vibration_core.sv:156.17-156.29
Info:                               ./.tools/oss-cad-suite/libexec/../share/yosys/ice40/arith_map.v:62.5-70.4
Info:                               ./.tools/oss-cad-suite/libexec/../share/yosys/ice40/abc9_model.v:4.9-4.11
Info:      logic  0.28  32.37 Source system.core.operand_a[0]_SB_LUT4_O_I1_SB_CARRY_CI_CO_SB_CARRY_CI_CO_SB_CARRY_CI_CO_SB_CARRY_CI_CO_SB_CARRY_CI_CO_SB_CARRY_CI_CO_SB_CARRY_CI_CO_SB_CARRY_CI_CO_SB_CARRY_CI_CO_SB_CARRY_CI_CO_SB_CARRY_CI_CO_SB_CARRY_CI_CO_SB_CARRY_CI_CO_SB_CARRY_CI_CO_SB_CARRY_CI_CO_SB_CARRY_CI_CO_SB_CARRY_CI_CO_SB_CARRY_CI_CO_SB_CARRY_CI$CARRY.COUT
Info:    routing  0.00  32.37 Net system.core.operand_a[0]_SB_LUT4_O_I1_SB_CARRY_CI_CO_SB_CARRY_CI_CO_SB_CARRY_CI_CO_SB_CARRY_CI_CO_SB_CARRY_CI_CO_SB_CARRY_CI_CO_SB_CARRY_CI_CO_SB_CARRY_CI_CO_SB_CARRY_CI_CO_SB_CARRY_CI_CO_SB_CARRY_CI_CO_SB_CARRY_CI_CO_SB_CARRY_CI_CO_SB_CARRY_CI_CO_SB_CARRY_CI_CO_SB_CARRY_CI_CO_SB_CARRY_CI_CO_SB_CARRY_CI_CO_SB_CARRY_CI_CO (2,14) -> (2,14)
Info:                          Sink system.core.operand_a[0]_SB_LUT4_O_I1_SB_CARRY_CI_CO_SB_CARRY_CI_CO_SB_CARRY_CI_CO_SB_CARRY_CI_CO_SB_CARRY_CI_CO_SB_CARRY_CI_CO_SB_CARRY_CI_CO_SB_CARRY_CI_CO_SB_CARRY_CI_CO_SB_CARRY_CI_CO_SB_CARRY_CI_CO_SB_CARRY_CI_CO_SB_CARRY_CI_CO_SB_CARRY_CI_CO_SB_CARRY_CI_CO_SB_CARRY_CI_CO_SB_CARRY_CI_CO_SB_CARRY_CI_CO_SB_CARRY_CI_CO_SB_CARRY_CI$CARRY.CIN
Info:                          Defined in:
Info:                               rtl/core/vibration_core.sv:156.17-156.29
Info:                               ./.tools/oss-cad-suite/libexec/../share/yosys/ice40/arith_map.v:62.5-70.4
Info:                               ./.tools/oss-cad-suite/libexec/../share/yosys/ice40/abc9_model.v:4.9-4.11
Info:      logic  0.28  32.65 Source system.core.operand_a[0]_SB_LUT4_O_I1_SB_CARRY_CI_CO_SB_CARRY_CI_CO_SB_CARRY_CI_CO_SB_CARRY_CI_CO_SB_CARRY_CI_CO_SB_CARRY_CI_CO_SB_CARRY_CI_CO_SB_CARRY_CI_CO_SB_CARRY_CI_CO_SB_CARRY_CI_CO_SB_CARRY_CI_CO_SB_CARRY_CI_CO_SB_CARRY_CI_CO_SB_CARRY_CI_CO_SB_CARRY_CI_CO_SB_CARRY_CI_CO_SB_CARRY_CI_CO_SB_CARRY_CI_CO_SB_CARRY_CI_CO_SB_CARRY_CI$CARRY.COUT
Info:    routing  0.00  32.65 Net system.core.operand_a[0]_SB_LUT4_O_I1_SB_CARRY_CI_CO_SB_CARRY_CI_CO_SB_CARRY_CI_CO_SB_CARRY_CI_CO_SB_CARRY_CI_CO_SB_CARRY_CI_CO_SB_CARRY_CI_CO_SB_CARRY_CI_CO_SB_CARRY_CI_CO_SB_CARRY_CI_CO_SB_CARRY_CI_CO_SB_CARRY_CI_CO_SB_CARRY_CI_CO_SB_CARRY_CI_CO_SB_CARRY_CI_CO_SB_CARRY_CI_CO_SB_CARRY_CI_CO_SB_CARRY_CI_CO_SB_CARRY_CI_CO_SB_CARRY_CI_CO (2,14) -> (2,14)
Info:                          Sink system.core.operand_a[0]_SB_LUT4_O_I1_SB_CARRY_CI_CO_SB_CARRY_CI_CO_SB_CARRY_CI_CO_SB_CARRY_CI_CO_SB_CARRY_CI_CO_SB_CARRY_CI_CO_SB_CARRY_CI_CO_SB_CARRY_CI_CO_SB_CARRY_CI_CO_SB_CARRY_CI_CO_SB_CARRY_CI_CO_SB_CARRY_CI_CO_SB_CARRY_CI_CO_SB_CARRY_CI_CO_SB_CARRY_CI_CO_SB_CARRY_CI_CO_SB_CARRY_CI_CO_SB_CARRY_CI_CO_SB_CARRY_CI_CO_SB_CARRY_CI_CO_SB_CARRY_CI$CARRY.CIN
Info:                          Defined in:
Info:                               rtl/core/vibration_core.sv:156.17-156.29
Info:                               ./.tools/oss-cad-suite/libexec/../share/yosys/ice40/arith_map.v:62.5-70.4
Info:                               ./.tools/oss-cad-suite/libexec/../share/yosys/ice40/abc9_model.v:4.9-4.11
Info:      logic  0.28  32.92 Source system.core.operand_a[0]_SB_LUT4_O_I1_SB_CARRY_CI_CO_SB_CARRY_CI_CO_SB_CARRY_CI_CO_SB_CARRY_CI_CO_SB_CARRY_CI_CO_SB_CARRY_CI_CO_SB_CARRY_CI_CO_SB_CARRY_CI_CO_SB_CARRY_CI_CO_SB_CARRY_CI_CO_SB_CARRY_CI_CO_SB_CARRY_CI_CO_SB_CARRY_CI_CO_SB_CARRY_CI_CO_SB_CARRY_CI_CO_SB_CARRY_CI_CO_SB_CARRY_CI_CO_SB_CARRY_CI_CO_SB_CARRY_CI_CO_SB_CARRY_CI_CO_SB_CARRY_CI$CARRY.COUT
Info:    routing  0.00  32.92 Net system.core.operand_a[0]_SB_LUT4_O_I1_SB_CARRY_CI_CO_SB_CARRY_CI_CO_SB_CARRY_CI_CO_SB_CARRY_CI_CO_SB_CARRY_CI_CO_SB_CARRY_CI_CO_SB_CARRY_CI_CO_SB_CARRY_CI_CO_SB_CARRY_CI_CO_SB_CARRY_CI_CO_SB_CARRY_CI_CO_SB_CARRY_CI_CO_SB_CARRY_CI_CO_SB_CARRY_CI_CO_SB_CARRY_CI_CO_SB_CARRY_CI_CO_SB_CARRY_CI_CO_SB_CARRY_CI_CO_SB_CARRY_CI_CO_SB_CARRY_CI_CO_SB_CARRY_CI_CO (2,14) -> (2,14)
Info:                          Sink system.core.operand_a[0]_SB_LUT4_O_I1_SB_CARRY_CI_CO_SB_CARRY_CI_CO_SB_CARRY_CI_CO_SB_CARRY_CI_CO_SB_CARRY_CI_CO_SB_CARRY_CI_CO_SB_CARRY_CI_CO_SB_CARRY_CI_CO_SB_CARRY_CI_CO_SB_CARRY_CI_CO_SB_CARRY_CI_CO_SB_CARRY_CI_CO_SB_CARRY_CI_CO_SB_CARRY_CI_CO_SB_CARRY_CI_CO_SB_CARRY_CI_CO_SB_CARRY_CI_CO_SB_CARRY_CI_CO_SB_CARRY_CI_CO_SB_CARRY_CI_CO_SB_CARRY_CI_CO_SB_CARRY_CI$CARRY.CIN
Info:                          Defined in:
Info:                               rtl/core/vibration_core.sv:156.17-156.29
Info:                               ./.tools/oss-cad-suite/libexec/../share/yosys/ice40/arith_map.v:62.5-70.4
Info:                               ./.tools/oss-cad-suite/libexec/../share/yosys/ice40/abc9_model.v:4.9-4.11
Info:      logic  0.28  33.20 Source system.core.operand_a[0]_SB_LUT4_O_I1_SB_CARRY_CI_CO_SB_CARRY_CI_CO_SB_CARRY_CI_CO_SB_CARRY_CI_CO_SB_CARRY_CI_CO_SB_CARRY_CI_CO_SB_CARRY_CI_CO_SB_CARRY_CI_CO_SB_CARRY_CI_CO_SB_CARRY_CI_CO_SB_CARRY_CI_CO_SB_CARRY_CI_CO_SB_CARRY_CI_CO_SB_CARRY_CI_CO_SB_CARRY_CI_CO_SB_CARRY_CI_CO_SB_CARRY_CI_CO_SB_CARRY_CI_CO_SB_CARRY_CI_CO_SB_CARRY_CI_CO_SB_CARRY_CI_CO_SB_CARRY_CI$CARRY.COUT
Info:    routing  0.00  33.20 Net system.core.operand_a[0]_SB_LUT4_O_I1_SB_CARRY_CI_CO_SB_CARRY_CI_CO_SB_CARRY_CI_CO_SB_CARRY_CI_CO_SB_CARRY_CI_CO_SB_CARRY_CI_CO_SB_CARRY_CI_CO_SB_CARRY_CI_CO_SB_CARRY_CI_CO_SB_CARRY_CI_CO_SB_CARRY_CI_CO_SB_CARRY_CI_CO_SB_CARRY_CI_CO_SB_CARRY_CI_CO_SB_CARRY_CI_CO_SB_CARRY_CI_CO_SB_CARRY_CI_CO_SB_CARRY_CI_CO_SB_CARRY_CI_CO_SB_CARRY_CI_CO_SB_CARRY_CI_CO_SB_CARRY_CI_CO (2,14) -> (2,14)
Info:                          Sink system.core.operand_a[0]_SB_LUT4_O_I1_SB_CARRY_CI_CO_SB_CARRY_CI_CO_SB_CARRY_CI_CO_SB_CARRY_CI_CO_SB_CARRY_CI_CO_SB_CARRY_CI_CO_SB_CARRY_CI_CO_SB_CARRY_CI_CO_SB_CARRY_CI_CO_SB_CARRY_CI_CO_SB_CARRY_CI_CO_SB_CARRY_CI_CO_SB_CARRY_CI_CO_SB_CARRY_CI_CO_SB_CARRY_CI_CO_SB_CARRY_CI_CO_SB_CARRY_CI_CO_SB_CARRY_CI_CO_SB_CARRY_CI_CO_SB_CARRY_CI_CO_SB_CARRY_CI_CO_SB_CARRY_CI_CO_SB_CARRY_CI$CARRY.CIN
Info:                          Defined in:
Info:                               rtl/core/vibration_core.sv:156.17-156.29
Info:                               ./.tools/oss-cad-suite/libexec/../share/yosys/ice40/arith_map.v:62.5-70.4
Info:                               ./.tools/oss-cad-suite/libexec/../share/yosys/ice40/abc9_model.v:4.9-4.11
Info:      logic  0.28  33.48 Source system.core.operand_a[0]_SB_LUT4_O_I1_SB_CARRY_CI_CO_SB_CARRY_CI_CO_SB_CARRY_CI_CO_SB_CARRY_CI_CO_SB_CARRY_CI_CO_SB_CARRY_CI_CO_SB_CARRY_CI_CO_SB_CARRY_CI_CO_SB_CARRY_CI_CO_SB_CARRY_CI_CO_SB_CARRY_CI_CO_SB_CARRY_CI_CO_SB_CARRY_CI_CO_SB_CARRY_CI_CO_SB_CARRY_CI_CO_SB_CARRY_CI_CO_SB_CARRY_CI_CO_SB_CARRY_CI_CO_SB_CARRY_CI_CO_SB_CARRY_CI_CO_SB_CARRY_CI_CO_SB_CARRY_CI_CO_SB_CARRY_CI$CARRY.COUT
Info:    routing  0.56  34.04 Net system.core.operand_a[0]_SB_LUT4_O_I1_SB_CARRY_CI_CO_SB_CARRY_CI_CO_SB_CARRY_CI_CO_SB_CARRY_CI_CO_SB_CARRY_CI_CO_SB_CARRY_CI_CO_SB_CARRY_CI_CO_SB_CARRY_CI_CO_SB_CARRY_CI_CO_SB_CARRY_CI_CO_SB_CARRY_CI_CO_SB_CARRY_CI_CO_SB_CARRY_CI_CO_SB_CARRY_CI_CO_SB_CARRY_CI_CO_SB_CARRY_CI_CO_SB_CARRY_CI_CO_SB_CARRY_CI_CO_SB_CARRY_CI_CO_SB_CARRY_CI_CO_SB_CARRY_CI_CO_SB_CARRY_CI_CO_SB_CARRY_CI_CO (2,14) -> (2,15)
Info:                          Sink system.core.operand_a[0]_SB_LUT4_O_I1_SB_CARRY_CI_CO_SB_CARRY_CI_CO_SB_CARRY_CI_CO_SB_CARRY_CI_CO_SB_CARRY_CI_CO_SB_CARRY_CI_CO_SB_CARRY_CI_CO_SB_CARRY_CI_CO_SB_CARRY_CI_CO_SB_CARRY_CI_CO_SB_CARRY_CI_CO_SB_CARRY_CI_CO_SB_CARRY_CI_CO_SB_CARRY_CI_CO_SB_CARRY_CI_CO_SB_CARRY_CI_CO_SB_CARRY_CI_CO_SB_CARRY_CI_CO_SB_CARRY_CI_CO_SB_CARRY_CI_CO_SB_CARRY_CI_CO_SB_CARRY_CI_CO_SB_CARRY_CI_CO_SB_CARRY_CI$CARRY.CIN
Info:                          Defined in:
Info:                               rtl/core/vibration_core.sv:156.17-156.29
Info:                               ./.tools/oss-cad-suite/libexec/../share/yosys/ice40/arith_map.v:62.5-70.4
Info:                               ./.tools/oss-cad-suite/libexec/../share/yosys/ice40/abc9_model.v:4.9-4.11
Info:      logic  0.28  34.31 Source system.core.operand_a[0]_SB_LUT4_O_I1_SB_CARRY_CI_CO_SB_CARRY_CI_CO_SB_CARRY_CI_CO_SB_CARRY_CI_CO_SB_CARRY_CI_CO_SB_CARRY_CI_CO_SB_CARRY_CI_CO_SB_CARRY_CI_CO_SB_CARRY_CI_CO_SB_CARRY_CI_CO_SB_CARRY_CI_CO_SB_CARRY_CI_CO_SB_CARRY_CI_CO_SB_CARRY_CI_CO_SB_CARRY_CI_CO_SB_CARRY_CI_CO_SB_CARRY_CI_CO_SB_CARRY_CI_CO_SB_CARRY_CI_CO_SB_CARRY_CI_CO_SB_CARRY_CI_CO_SB_CARRY_CI_CO_SB_CARRY_CI_CO_SB_CARRY_CI$CARRY.COUT
Info:    routing  0.00  34.31 Net system.core.operand_a[0]_SB_LUT4_O_I1_SB_CARRY_CI_CO_SB_CARRY_CI_CO_SB_CARRY_CI_CO_SB_CARRY_CI_CO_SB_CARRY_CI_CO_SB_CARRY_CI_CO_SB_CARRY_CI_CO_SB_CARRY_CI_CO_SB_CARRY_CI_CO_SB_CARRY_CI_CO_SB_CARRY_CI_CO_SB_CARRY_CI_CO_SB_CARRY_CI_CO_SB_CARRY_CI_CO_SB_CARRY_CI_CO_SB_CARRY_CI_CO_SB_CARRY_CI_CO_SB_CARRY_CI_CO_SB_CARRY_CI_CO_SB_CARRY_CI_CO_SB_CARRY_CI_CO_SB_CARRY_CI_CO_SB_CARRY_CI_CO_SB_CARRY_CI_CO (2,15) -> (2,15)
Info:                          Sink system.core.operand_a[0]_SB_LUT4_O_I1_SB_CARRY_CI_CO_SB_CARRY_CI_CO_SB_CARRY_CI_CO_SB_CARRY_CI_CO_SB_CARRY_CI_CO_SB_CARRY_CI_CO_SB_CARRY_CI_CO_SB_CARRY_CI_CO_SB_CARRY_CI_CO_SB_CARRY_CI_CO_SB_CARRY_CI_CO_SB_CARRY_CI_CO_SB_CARRY_CI_CO_SB_CARRY_CI_CO_SB_CARRY_CI_CO_SB_CARRY_CI_CO_SB_CARRY_CI_CO_SB_CARRY_CI_CO_SB_CARRY_CI_CO_SB_CARRY_CI_CO_SB_CARRY_CI_CO_SB_CARRY_CI_CO_SB_CARRY_CI_CO_SB_CARRY_CI_CO_SB_CARRY_CI$CARRY.CIN
Info:                          Defined in:
Info:                               rtl/core/vibration_core.sv:156.17-156.29
Info:                               ./.tools/oss-cad-suite/libexec/../share/yosys/ice40/arith_map.v:62.5-70.4
Info:                               ./.tools/oss-cad-suite/libexec/../share/yosys/ice40/abc9_model.v:4.9-4.11
Info:      logic  0.28  34.59 Source system.core.operand_a[0]_SB_LUT4_O_I1_SB_CARRY_CI_CO_SB_CARRY_CI_CO_SB_CARRY_CI_CO_SB_CARRY_CI_CO_SB_CARRY_CI_CO_SB_CARRY_CI_CO_SB_CARRY_CI_CO_SB_CARRY_CI_CO_SB_CARRY_CI_CO_SB_CARRY_CI_CO_SB_CARRY_CI_CO_SB_CARRY_CI_CO_SB_CARRY_CI_CO_SB_CARRY_CI_CO_SB_CARRY_CI_CO_SB_CARRY_CI_CO_SB_CARRY_CI_CO_SB_CARRY_CI_CO_SB_CARRY_CI_CO_SB_CARRY_CI_CO_SB_CARRY_CI_CO_SB_CARRY_CI_CO_SB_CARRY_CI_CO_SB_CARRY_CI_CO_SB_CARRY_CI$CARRY.COUT
Info:    routing  0.00  34.59 Net system.core.operand_a[0]_SB_LUT4_O_I1_SB_CARRY_CI_CO_SB_CARRY_CI_CO_SB_CARRY_CI_CO_SB_CARRY_CI_CO_SB_CARRY_CI_CO_SB_CARRY_CI_CO_SB_CARRY_CI_CO_SB_CARRY_CI_CO_SB_CARRY_CI_CO_SB_CARRY_CI_CO_SB_CARRY_CI_CO_SB_CARRY_CI_CO_SB_CARRY_CI_CO_SB_CARRY_CI_CO_SB_CARRY_CI_CO_SB_CARRY_CI_CO_SB_CARRY_CI_CO_SB_CARRY_CI_CO_SB_CARRY_CI_CO_SB_CARRY_CI_CO_SB_CARRY_CI_CO_SB_CARRY_CI_CO_SB_CARRY_CI_CO_SB_CARRY_CI_CO_SB_CARRY_CI_CO (2,15) -> (2,15)
Info:                          Sink system.core.operand_a[0]_SB_LUT4_O_I1_SB_CARRY_CI_CO_SB_CARRY_CI_CO_SB_CARRY_CI_CO_SB_CARRY_CI_CO_SB_CARRY_CI_CO_SB_CARRY_CI_CO_SB_CARRY_CI_CO_SB_CARRY_CI_CO_SB_CARRY_CI_CO_SB_CARRY_CI_CO_SB_CARRY_CI_CO_SB_CARRY_CI_CO_SB_CARRY_CI_CO_SB_CARRY_CI_CO_SB_CARRY_CI_CO_SB_CARRY_CI_CO_SB_CARRY_CI_CO_SB_CARRY_CI_CO_SB_CARRY_CI_CO_SB_CARRY_CI_CO_SB_CARRY_CI_CO_SB_CARRY_CI_CO_SB_CARRY_CI_CO_SB_CARRY_CI_CO_SB_CARRY_CI_CO_SB_CARRY_CI$CARRY.CIN
Info:                          Defined in:
Info:                               rtl/core/vibration_core.sv:156.17-156.29
Info:                               ./.tools/oss-cad-suite/libexec/../share/yosys/ice40/arith_map.v:62.5-70.4
Info:                               ./.tools/oss-cad-suite/libexec/../share/yosys/ice40/abc9_model.v:4.9-4.11
Info:      logic  0.28  34.87 Source system.core.operand_a[0]_SB_LUT4_O_I1_SB_CARRY_CI_CO_SB_CARRY_CI_CO_SB_CARRY_CI_CO_SB_CARRY_CI_CO_SB_CARRY_CI_CO_SB_CARRY_CI_CO_SB_CARRY_CI_CO_SB_CARRY_CI_CO_SB_CARRY_CI_CO_SB_CARRY_CI_CO_SB_CARRY_CI_CO_SB_CARRY_CI_CO_SB_CARRY_CI_CO_SB_CARRY_CI_CO_SB_CARRY_CI_CO_SB_CARRY_CI_CO_SB_CARRY_CI_CO_SB_CARRY_CI_CO_SB_CARRY_CI_CO_SB_CARRY_CI_CO_SB_CARRY_CI_CO_SB_CARRY_CI_CO_SB_CARRY_CI_CO_SB_CARRY_CI_CO_SB_CARRY_CI_CO_SB_CARRY_CI$CARRY.COUT
Info:    routing  0.00  34.87 Net system.core.operand_a[0]_SB_LUT4_O_I1_SB_CARRY_CI_CO_SB_CARRY_CI_CO_SB_CARRY_CI_CO_SB_CARRY_CI_CO_SB_CARRY_CI_CO_SB_CARRY_CI_CO_SB_CARRY_CI_CO_SB_CARRY_CI_CO_SB_CARRY_CI_CO_SB_CARRY_CI_CO_SB_CARRY_CI_CO_SB_CARRY_CI_CO_SB_CARRY_CI_CO_SB_CARRY_CI_CO_SB_CARRY_CI_CO_SB_CARRY_CI_CO_SB_CARRY_CI_CO_SB_CARRY_CI_CO_SB_CARRY_CI_CO_SB_CARRY_CI_CO_SB_CARRY_CI_CO_SB_CARRY_CI_CO_SB_CARRY_CI_CO_SB_CARRY_CI_CO_SB_CARRY_CI_CO_SB_CARRY_CI_CO (2,15) -> (2,15)
Info:                          Sink system.core.operand_a[0]_SB_LUT4_O_I1_SB_CARRY_CI_CO_SB_CARRY_CI_CO_SB_CARRY_CI_CO_SB_CARRY_CI_CO_SB_CARRY_CI_CO_SB_CARRY_CI_CO_SB_CARRY_CI_CO_SB_CARRY_CI_CO_SB_CARRY_CI_CO_SB_CARRY_CI_CO_SB_CARRY_CI_CO_SB_CARRY_CI_CO_SB_CARRY_CI_CO_SB_CARRY_CI_CO_SB_CARRY_CI_CO_SB_CARRY_CI_CO_SB_CARRY_CI_CO_SB_CARRY_CI_CO_SB_CARRY_CI_CO_SB_CARRY_CI_CO_SB_CARRY_CI_CO_SB_CARRY_CI_CO_SB_CARRY_CI_CO_SB_CARRY_CI_CO_SB_CARRY_CI_CO_SB_CARRY_CI_CO_SB_CARRY_CI$CARRY.CIN
Info:                          Defined in:
Info:                               rtl/core/vibration_core.sv:156.17-156.29
Info:                               ./.tools/oss-cad-suite/libexec/../share/yosys/ice40/arith_map.v:62.5-70.4
Info:                               ./.tools/oss-cad-suite/libexec/../share/yosys/ice40/abc9_model.v:4.9-4.11
Info:      logic  0.28  35.15 Source system.core.operand_a[0]_SB_LUT4_O_I1_SB_CARRY_CI_CO_SB_CARRY_CI_CO_SB_CARRY_CI_CO_SB_CARRY_CI_CO_SB_CARRY_CI_CO_SB_CARRY_CI_CO_SB_CARRY_CI_CO_SB_CARRY_CI_CO_SB_CARRY_CI_CO_SB_CARRY_CI_CO_SB_CARRY_CI_CO_SB_CARRY_CI_CO_SB_CARRY_CI_CO_SB_CARRY_CI_CO_SB_CARRY_CI_CO_SB_CARRY_CI_CO_SB_CARRY_CI_CO_SB_CARRY_CI_CO_SB_CARRY_CI_CO_SB_CARRY_CI_CO_SB_CARRY_CI_CO_SB_CARRY_CI_CO_SB_CARRY_CI_CO_SB_CARRY_CI_CO_SB_CARRY_CI_CO_SB_CARRY_CI_CO_SB_CARRY_CI$CARRY.COUT
Info:    routing  0.00  35.15 Net system.core.operand_a[0]_SB_LUT4_O_I1_SB_CARRY_CI_CO_SB_CARRY_CI_CO_SB_CARRY_CI_CO_SB_CARRY_CI_CO_SB_CARRY_CI_CO_SB_CARRY_CI_CO_SB_CARRY_CI_CO_SB_CARRY_CI_CO_SB_CARRY_CI_CO_SB_CARRY_CI_CO_SB_CARRY_CI_CO_SB_CARRY_CI_CO_SB_CARRY_CI_CO_SB_CARRY_CI_CO_SB_CARRY_CI_CO_SB_CARRY_CI_CO_SB_CARRY_CI_CO_SB_CARRY_CI_CO_SB_CARRY_CI_CO_SB_CARRY_CI_CO_SB_CARRY_CI_CO_SB_CARRY_CI_CO_SB_CARRY_CI_CO_SB_CARRY_CI_CO_SB_CARRY_CI_CO_SB_CARRY_CI_CO_SB_CARRY_CI_CO (2,15) -> (2,15)
Info:                          Sink system.core.operand_a[0]_SB_LUT4_O_I1_SB_CARRY_CI_CO_SB_CARRY_CI_CO_SB_CARRY_CI_CO_SB_CARRY_CI_CO_SB_CARRY_CI_CO_SB_CARRY_CI_CO_SB_CARRY_CI_CO_SB_CARRY_CI_CO_SB_CARRY_CI_CO_SB_CARRY_CI_CO_SB_CARRY_CI_CO_SB_CARRY_CI_CO_SB_CARRY_CI_CO_SB_CARRY_CI_CO_SB_CARRY_CI_CO_SB_CARRY_CI_CO_SB_CARRY_CI_CO_SB_CARRY_CI_CO_SB_CARRY_CI_CO_SB_CARRY_CI_CO_SB_CARRY_CI_CO_SB_CARRY_CI_CO_SB_CARRY_CI_CO_SB_CARRY_CI_CO_SB_CARRY_CI_CO_SB_CARRY_CI_CO_SB_CARRY_CI_CO_SB_CARRY_CI$CARRY.CIN
Info:                          Defined in:
Info:                               rtl/core/vibration_core.sv:156.17-156.29
Info:                               ./.tools/oss-cad-suite/libexec/../share/yosys/ice40/arith_map.v:62.5-70.4
Info:                               ./.tools/oss-cad-suite/libexec/../share/yosys/ice40/abc9_model.v:4.9-4.11
Info:      logic  0.28  35.43 Source system.core.operand_a[0]_SB_LUT4_O_I1_SB_CARRY_CI_CO_SB_CARRY_CI_CO_SB_CARRY_CI_CO_SB_CARRY_CI_CO_SB_CARRY_CI_CO_SB_CARRY_CI_CO_SB_CARRY_CI_CO_SB_CARRY_CI_CO_SB_CARRY_CI_CO_SB_CARRY_CI_CO_SB_CARRY_CI_CO_SB_CARRY_CI_CO_SB_CARRY_CI_CO_SB_CARRY_CI_CO_SB_CARRY_CI_CO_SB_CARRY_CI_CO_SB_CARRY_CI_CO_SB_CARRY_CI_CO_SB_CARRY_CI_CO_SB_CARRY_CI_CO_SB_CARRY_CI_CO_SB_CARRY_CI_CO_SB_CARRY_CI_CO_SB_CARRY_CI_CO_SB_CARRY_CI_CO_SB_CARRY_CI_CO_SB_CARRY_CI_CO_SB_CARRY_CI$CARRY.COUT
Info:    routing  0.00  35.43 Net system.core.operand_a[0]_SB_LUT4_O_I1_SB_CARRY_CI_CO_SB_CARRY_CI_CO_SB_CARRY_CI_CO_SB_CARRY_CI_CO_SB_CARRY_CI_CO_SB_CARRY_CI_CO_SB_CARRY_CI_CO_SB_CARRY_CI_CO_SB_CARRY_CI_CO_SB_CARRY_CI_CO_SB_CARRY_CI_CO_SB_CARRY_CI_CO_SB_CARRY_CI_CO_SB_CARRY_CI_CO_SB_CARRY_CI_CO_SB_CARRY_CI_CO_SB_CARRY_CI_CO_SB_CARRY_CI_CO_SB_CARRY_CI_CO_SB_CARRY_CI_CO_SB_CARRY_CI_CO_SB_CARRY_CI_CO_SB_CARRY_CI_CO_SB_CARRY_CI_CO_SB_CARRY_CI_CO_SB_CARRY_CI_CO_SB_CARRY_CI_CO_SB_CARRY_CI_CO (2,15) -> (2,15)
Info:                          Sink system.core.operand_a[0]_SB_LUT4_O_I1_SB_CARRY_CI_CO_SB_CARRY_CI_CO_SB_CARRY_CI_CO_SB_CARRY_CI_CO_SB_CARRY_CI_CO_SB_CARRY_CI_CO_SB_CARRY_CI_CO_SB_CARRY_CI_CO_SB_CARRY_CI_CO_SB_CARRY_CI_CO_SB_CARRY_CI_CO_SB_CARRY_CI_CO_SB_CARRY_CI_CO_SB_CARRY_CI_CO_SB_CARRY_CI_CO_SB_CARRY_CI_CO_SB_CARRY_CI_CO_SB_CARRY_CI_CO_SB_CARRY_CI_CO_SB_CARRY_CI_CO_SB_CARRY_CI_CO_SB_CARRY_CI_CO_SB_CARRY_CI_CO_SB_CARRY_CI_CO_SB_CARRY_CI_CO_SB_CARRY_CI_CO_SB_CARRY_CI_CO_SB_CARRY_CI_CO_SB_CARRY_CI$CARRY.CIN
Info:                          Defined in:
Info:                               rtl/core/vibration_core.sv:156.17-156.29
Info:                               ./.tools/oss-cad-suite/libexec/../share/yosys/ice40/arith_map.v:62.5-70.4
Info:                               ./.tools/oss-cad-suite/libexec/../share/yosys/ice40/abc9_model.v:4.9-4.11
Info:      logic  0.28  35.71 Source system.core.operand_a[0]_SB_LUT4_O_I1_SB_CARRY_CI_CO_SB_CARRY_CI_CO_SB_CARRY_CI_CO_SB_CARRY_CI_CO_SB_CARRY_CI_CO_SB_CARRY_CI_CO_SB_CARRY_CI_CO_SB_CARRY_CI_CO_SB_CARRY_CI_CO_SB_CARRY_CI_CO_SB_CARRY_CI_CO_SB_CARRY_CI_CO_SB_CARRY_CI_CO_SB_CARRY_CI_CO_SB_CARRY_CI_CO_SB_CARRY_CI_CO_SB_CARRY_CI_CO_SB_CARRY_CI_CO_SB_CARRY_CI_CO_SB_CARRY_CI_CO_SB_CARRY_CI_CO_SB_CARRY_CI_CO_SB_CARRY_CI_CO_SB_CARRY_CI_CO_SB_CARRY_CI_CO_SB_CARRY_CI_CO_SB_CARRY_CI_CO_SB_CARRY_CI_CO_SB_CARRY_CI$CARRY.COUT
Info:    routing  0.00  35.71 Net system.core.operand_a[0]_SB_LUT4_O_I1_SB_CARRY_CI_CO_SB_CARRY_CI_CO_SB_CARRY_CI_CO_SB_CARRY_CI_CO_SB_CARRY_CI_CO_SB_CARRY_CI_CO_SB_CARRY_CI_CO_SB_CARRY_CI_CO_SB_CARRY_CI_CO_SB_CARRY_CI_CO_SB_CARRY_CI_CO_SB_CARRY_CI_CO_SB_CARRY_CI_CO_SB_CARRY_CI_CO_SB_CARRY_CI_CO_SB_CARRY_CI_CO_SB_CARRY_CI_CO_SB_CARRY_CI_CO_SB_CARRY_CI_CO_SB_CARRY_CI_CO_SB_CARRY_CI_CO_SB_CARRY_CI_CO_SB_CARRY_CI_CO_SB_CARRY_CI_CO_SB_CARRY_CI_CO_SB_CARRY_CI_CO_SB_CARRY_CI_CO_SB_CARRY_CI_CO_SB_CARRY_CI_CO (2,15) -> (2,15)
Info:                          Sink system.core.operand_a[0]_SB_LUT4_O_I1_SB_CARRY_CI_CO_SB_CARRY_CI_CO_SB_CARRY_CI_CO_SB_CARRY_CI_CO_SB_CARRY_CI_CO_SB_CARRY_CI_CO_SB_CARRY_CI_CO_SB_CARRY_CI_CO_SB_CARRY_CI_CO_SB_CARRY_CI_CO_SB_CARRY_CI_CO_SB_CARRY_CI_CO_SB_CARRY_CI_CO_SB_CARRY_CI_CO_SB_CARRY_CI_CO_SB_CARRY_CI_CO_SB_CARRY_CI_CO_SB_CARRY_CI_CO_SB_CARRY_CI_CO_SB_CARRY_CI_CO_SB_CARRY_CI_CO_SB_CARRY_CI_CO_SB_CARRY_CI_CO_SB_CARRY_CI_CO_SB_CARRY_CI_CO_SB_CARRY_CI_CO_SB_CARRY_CI_CO_SB_CARRY_CI_CO_SB_CARRY_CI_CO_SB_CARRY_CI$CARRY.CIN
Info:                          Defined in:
Info:                               rtl/core/vibration_core.sv:156.17-156.29
Info:                               ./.tools/oss-cad-suite/libexec/../share/yosys/ice40/arith_map.v:62.5-70.4
Info:                               ./.tools/oss-cad-suite/libexec/../share/yosys/ice40/abc9_model.v:4.9-4.11
Info:      logic  0.28  35.98 Source system.core.operand_a[0]_SB_LUT4_O_I1_SB_CARRY_CI_CO_SB_CARRY_CI_CO_SB_CARRY_CI_CO_SB_CARRY_CI_CO_SB_CARRY_CI_CO_SB_CARRY_CI_CO_SB_CARRY_CI_CO_SB_CARRY_CI_CO_SB_CARRY_CI_CO_SB_CARRY_CI_CO_SB_CARRY_CI_CO_SB_CARRY_CI_CO_SB_CARRY_CI_CO_SB_CARRY_CI_CO_SB_CARRY_CI_CO_SB_CARRY_CI_CO_SB_CARRY_CI_CO_SB_CARRY_CI_CO_SB_CARRY_CI_CO_SB_CARRY_CI_CO_SB_CARRY_CI_CO_SB_CARRY_CI_CO_SB_CARRY_CI_CO_SB_CARRY_CI_CO_SB_CARRY_CI_CO_SB_CARRY_CI_CO_SB_CARRY_CI_CO_SB_CARRY_CI_CO_SB_CARRY_CI_CO_SB_CARRY_CI$CARRY.COUT
Info:    routing  0.00  35.98 Net system.core.operand_a[0]_SB_LUT4_O_I1_SB_CARRY_CI_CO_SB_CARRY_CI_CO_SB_CARRY_CI_CO_SB_CARRY_CI_CO_SB_CARRY_CI_CO_SB_CARRY_CI_CO_SB_CARRY_CI_CO_SB_CARRY_CI_CO_SB_CARRY_CI_CO_SB_CARRY_CI_CO_SB_CARRY_CI_CO_SB_CARRY_CI_CO_SB_CARRY_CI_CO_SB_CARRY_CI_CO_SB_CARRY_CI_CO_SB_CARRY_CI_CO_SB_CARRY_CI_CO_SB_CARRY_CI_CO_SB_CARRY_CI_CO_SB_CARRY_CI_CO_SB_CARRY_CI_CO_SB_CARRY_CI_CO_SB_CARRY_CI_CO_SB_CARRY_CI_CO_SB_CARRY_CI_CO_SB_CARRY_CI_CO_SB_CARRY_CI_CO_SB_CARRY_CI_CO_SB_CARRY_CI_CO_SB_CARRY_CI_CO (2,15) -> (2,15)
Info:                          Sink system.core.operand_a[0]_SB_LUT4_O_I1_SB_CARRY_CI_CO_SB_CARRY_CI_CO_SB_CARRY_CI_CO_SB_CARRY_CI_CO_SB_CARRY_CI_CO_SB_CARRY_CI_CO_SB_CARRY_CI_CO_SB_CARRY_CI_CO_SB_CARRY_CI_CO_SB_CARRY_CI_CO_SB_CARRY_CI_CO_SB_CARRY_CI_CO_SB_CARRY_CI_CO_SB_CARRY_CI_CO_SB_CARRY_CI_CO_SB_CARRY_CI_CO_SB_CARRY_CI_CO_SB_CARRY_CI_CO_SB_CARRY_CI_CO_SB_CARRY_CI_CO_SB_CARRY_CI_CO_SB_CARRY_CI_CO_SB_CARRY_CI_CO_SB_CARRY_CI_CO_SB_CARRY_CI_CO_SB_CARRY_CI_CO_SB_CARRY_CI_CO_SB_CARRY_CI_CO_SB_CARRY_CI_CO_SB_CARRY_CI_CO_SB_CARRY_CI$CARRY.CIN
Info:                          Defined in:
Info:                               rtl/core/vibration_core.sv:156.17-156.29
Info:                               ./.tools/oss-cad-suite/libexec/../share/yosys/ice40/arith_map.v:62.5-70.4
Info:                               ./.tools/oss-cad-suite/libexec/../share/yosys/ice40/abc9_model.v:4.9-4.11
Info:      logic  0.28  36.26 Source system.core.operand_a[0]_SB_LUT4_O_I1_SB_CARRY_CI_CO_SB_CARRY_CI_CO_SB_CARRY_CI_CO_SB_CARRY_CI_CO_SB_CARRY_CI_CO_SB_CARRY_CI_CO_SB_CARRY_CI_CO_SB_CARRY_CI_CO_SB_CARRY_CI_CO_SB_CARRY_CI_CO_SB_CARRY_CI_CO_SB_CARRY_CI_CO_SB_CARRY_CI_CO_SB_CARRY_CI_CO_SB_CARRY_CI_CO_SB_CARRY_CI_CO_SB_CARRY_CI_CO_SB_CARRY_CI_CO_SB_CARRY_CI_CO_SB_CARRY_CI_CO_SB_CARRY_CI_CO_SB_CARRY_CI_CO_SB_CARRY_CI_CO_SB_CARRY_CI_CO_SB_CARRY_CI_CO_SB_CARRY_CI_CO_SB_CARRY_CI_CO_SB_CARRY_CI_CO_SB_CARRY_CI_CO_SB_CARRY_CI_CO_SB_CARRY_CI$CARRY.COUT
Info:    routing  0.56  36.82 Net system.core.operand_a[0]_SB_LUT4_O_I1_SB_CARRY_CI_CO_SB_CARRY_CI_CO_SB_CARRY_CI_CO_SB_CARRY_CI_CO_SB_CARRY_CI_CO_SB_CARRY_CI_CO_SB_CARRY_CI_CO_SB_CARRY_CI_CO_SB_CARRY_CI_CO_SB_CARRY_CI_CO_SB_CARRY_CI_CO_SB_CARRY_CI_CO_SB_CARRY_CI_CO_SB_CARRY_CI_CO_SB_CARRY_CI_CO_SB_CARRY_CI_CO_SB_CARRY_CI_CO_SB_CARRY_CI_CO_SB_CARRY_CI_CO_SB_CARRY_CI_CO_SB_CARRY_CI_CO_SB_CARRY_CI_CO_SB_CARRY_CI_CO_SB_CARRY_CI_CO_SB_CARRY_CI_CO_SB_CARRY_CI_CO_SB_CARRY_CI_CO_SB_CARRY_CI_CO_SB_CARRY_CI_CO_SB_CARRY_CI_CO_SB_CARRY_CI_CO (2,15) -> (2,16)
Info:                          Sink system.core.operand_a[0]_SB_LUT4_O_I1_SB_CARRY_CI_CO_SB_CARRY_CI_CO_SB_CARRY_CI_CO_SB_CARRY_CI_CO_SB_CARRY_CI_CO_SB_CARRY_CI_CO_SB_CARRY_CI_CO_SB_CARRY_CI_CO_SB_CARRY_CI_CO_SB_CARRY_CI_CO_SB_CARRY_CI_CO_SB_CARRY_CI_CO_SB_CARRY_CI_CO_SB_CARRY_CI_CO_SB_CARRY_CI_CO_SB_CARRY_CI_CO_SB_CARRY_CI_CO_SB_CARRY_CI_CO_SB_CARRY_CI_CO_SB_CARRY_CI_CO_SB_CARRY_CI_CO_SB_CARRY_CI_CO_SB_CARRY_CI_CO_SB_CARRY_CI_CO_SB_CARRY_CI_CO_SB_CARRY_CI_CO_SB_CARRY_CI_CO_SB_CARRY_CI_CO_SB_CARRY_CI_CO_SB_CARRY_CI_CO_SB_CARRY_CI_CO_SB_CARRY_CI$CARRY.CIN
Info:                          Defined in:
Info:                               rtl/core/vibration_core.sv:156.17-156.29
Info:                               ./.tools/oss-cad-suite/libexec/../share/yosys/ice40/arith_map.v:62.5-70.4
Info:                               ./.tools/oss-cad-suite/libexec/../share/yosys/ice40/abc9_model.v:4.9-4.11
Info:      logic  0.28  37.10 Source system.core.operand_a[0]_SB_LUT4_O_I1_SB_CARRY_CI_CO_SB_CARRY_CI_CO_SB_CARRY_CI_CO_SB_CARRY_CI_CO_SB_CARRY_CI_CO_SB_CARRY_CI_CO_SB_CARRY_CI_CO_SB_CARRY_CI_CO_SB_CARRY_CI_CO_SB_CARRY_CI_CO_SB_CARRY_CI_CO_SB_CARRY_CI_CO_SB_CARRY_CI_CO_SB_CARRY_CI_CO_SB_CARRY_CI_CO_SB_CARRY_CI_CO_SB_CARRY_CI_CO_SB_CARRY_CI_CO_SB_CARRY_CI_CO_SB_CARRY_CI_CO_SB_CARRY_CI_CO_SB_CARRY_CI_CO_SB_CARRY_CI_CO_SB_CARRY_CI_CO_SB_CARRY_CI_CO_SB_CARRY_CI_CO_SB_CARRY_CI_CO_SB_CARRY_CI_CO_SB_CARRY_CI_CO_SB_CARRY_CI_CO_SB_CARRY_CI_CO_SB_CARRY_CI$CARRY.COUT
Info:    routing  0.00  37.10 Net system.core.operand_a[0]_SB_LUT4_O_I1_SB_CARRY_CI_CO_SB_CARRY_CI_CO_SB_CARRY_CI_CO_SB_CARRY_CI_CO_SB_CARRY_CI_CO_SB_CARRY_CI_CO_SB_CARRY_CI_CO_SB_CARRY_CI_CO_SB_CARRY_CI_CO_SB_CARRY_CI_CO_SB_CARRY_CI_CO_SB_CARRY_CI_CO_SB_CARRY_CI_CO_SB_CARRY_CI_CO_SB_CARRY_CI_CO_SB_CARRY_CI_CO_SB_CARRY_CI_CO_SB_CARRY_CI_CO_SB_CARRY_CI_CO_SB_CARRY_CI_CO_SB_CARRY_CI_CO_SB_CARRY_CI_CO_SB_CARRY_CI_CO_SB_CARRY_CI_CO_SB_CARRY_CI_CO_SB_CARRY_CI_CO_SB_CARRY_CI_CO_SB_CARRY_CI_CO_SB_CARRY_CI_CO_SB_CARRY_CI_CO_SB_CARRY_CI_CO_SB_CARRY_CI_CO (2,16) -> (2,16)
Info:                          Sink system.core.operand_a[0]_SB_LUT4_O_I1_SB_CARRY_CI_CO_SB_CARRY_CI_CO_SB_CARRY_CI_CO_SB_CARRY_CI_CO_SB_CARRY_CI_CO_SB_CARRY_CI_CO_SB_CARRY_CI_CO_SB_CARRY_CI_CO_SB_CARRY_CI_CO_SB_CARRY_CI_CO_SB_CARRY_CI_CO_SB_CARRY_CI_CO_SB_CARRY_CI_CO_SB_CARRY_CI_CO_SB_CARRY_CI_CO_SB_CARRY_CI_CO_SB_CARRY_CI_CO_SB_CARRY_CI_CO_SB_CARRY_CI_CO_SB_CARRY_CI_CO_SB_CARRY_CI_CO_SB_CARRY_CI_CO_SB_CARRY_CI_CO_SB_CARRY_CI_CO_SB_CARRY_CI_CO_SB_CARRY_CI_CO_SB_CARRY_CI_CO_SB_CARRY_CI_CO_SB_CARRY_CI_CO_SB_CARRY_CI_CO_SB_CARRY_CI_CO_SB_CARRY_CI_CO_SB_CARRY_CI$CARRY.CIN
Info:                          Defined in:
Info:                               rtl/core/vibration_core.sv:156.17-156.29
Info:                               ./.tools/oss-cad-suite/libexec/../share/yosys/ice40/arith_map.v:62.5-70.4
Info:                               ./.tools/oss-cad-suite/libexec/../share/yosys/ice40/abc9_model.v:4.9-4.11
Info:      logic  0.28  37.37 Source system.core.operand_a[0]_SB_LUT4_O_I1_SB_CARRY_CI_CO_SB_CARRY_CI_CO_SB_CARRY_CI_CO_SB_CARRY_CI_CO_SB_CARRY_CI_CO_SB_CARRY_CI_CO_SB_CARRY_CI_CO_SB_CARRY_CI_CO_SB_CARRY_CI_CO_SB_CARRY_CI_CO_SB_CARRY_CI_CO_SB_CARRY_CI_CO_SB_CARRY_CI_CO_SB_CARRY_CI_CO_SB_CARRY_CI_CO_SB_CARRY_CI_CO_SB_CARRY_CI_CO_SB_CARRY_CI_CO_SB_CARRY_CI_CO_SB_CARRY_CI_CO_SB_CARRY_CI_CO_SB_CARRY_CI_CO_SB_CARRY_CI_CO_SB_CARRY_CI_CO_SB_CARRY_CI_CO_SB_CARRY_CI_CO_SB_CARRY_CI_CO_SB_CARRY_CI_CO_SB_CARRY_CI_CO_SB_CARRY_CI_CO_SB_CARRY_CI_CO_SB_CARRY_CI_CO_SB_CARRY_CI$CARRY.COUT
Info:    routing  0.00  37.37 Net system.core.operand_a[0]_SB_LUT4_O_I1_SB_CARRY_CI_CO_SB_CARRY_CI_CO_SB_CARRY_CI_CO_SB_CARRY_CI_CO_SB_CARRY_CI_CO_SB_CARRY_CI_CO_SB_CARRY_CI_CO_SB_CARRY_CI_CO_SB_CARRY_CI_CO_SB_CARRY_CI_CO_SB_CARRY_CI_CO_SB_CARRY_CI_CO_SB_CARRY_CI_CO_SB_CARRY_CI_CO_SB_CARRY_CI_CO_SB_CARRY_CI_CO_SB_CARRY_CI_CO_SB_CARRY_CI_CO_SB_CARRY_CI_CO_SB_CARRY_CI_CO_SB_CARRY_CI_CO_SB_CARRY_CI_CO_SB_CARRY_CI_CO_SB_CARRY_CI_CO_SB_CARRY_CI_CO_SB_CARRY_CI_CO_SB_CARRY_CI_CO_SB_CARRY_CI_CO_SB_CARRY_CI_CO_SB_CARRY_CI_CO_SB_CARRY_CI_CO_SB_CARRY_CI_CO_SB_CARRY_CI_CO (2,16) -> (2,16)
Info:                          Sink system.core.operand_a[0]_SB_LUT4_O_I1_SB_CARRY_CI_CO_SB_CARRY_CI_CO_SB_CARRY_CI_CO_SB_CARRY_CI_CO_SB_CARRY_CI_CO_SB_CARRY_CI_CO_SB_CARRY_CI_CO_SB_CARRY_CI_CO_SB_CARRY_CI_CO_SB_CARRY_CI_CO_SB_CARRY_CI_CO_SB_CARRY_CI_CO_SB_CARRY_CI_CO_SB_CARRY_CI_CO_SB_CARRY_CI_CO_SB_CARRY_CI_CO_SB_CARRY_CI_CO_SB_CARRY_CI_CO_SB_CARRY_CI_CO_SB_CARRY_CI_CO_SB_CARRY_CI_CO_SB_CARRY_CI_CO_SB_CARRY_CI_CO_SB_CARRY_CI_CO_SB_CARRY_CI_CO_SB_CARRY_CI_CO_SB_CARRY_CI_CO_SB_CARRY_CI_CO_SB_CARRY_CI_CO_SB_CARRY_CI_CO_SB_CARRY_CI_CO_SB_CARRY_CI_CO_SB_CARRY_CI_CO_SB_CARRY_CI$CARRY.CIN
Info:                          Defined in:
Info:                               rtl/core/vibration_core.sv:156.17-156.29
Info:                               ./.tools/oss-cad-suite/libexec/../share/yosys/ice40/arith_map.v:62.5-70.4
Info:                               ./.tools/oss-cad-suite/libexec/../share/yosys/ice40/abc9_model.v:4.9-4.11
Info:      logic  0.28  37.65 Source system.core.operand_a[0]_SB_LUT4_O_I1_SB_CARRY_CI_CO_SB_CARRY_CI_CO_SB_CARRY_CI_CO_SB_CARRY_CI_CO_SB_CARRY_CI_CO_SB_CARRY_CI_CO_SB_CARRY_CI_CO_SB_CARRY_CI_CO_SB_CARRY_CI_CO_SB_CARRY_CI_CO_SB_CARRY_CI_CO_SB_CARRY_CI_CO_SB_CARRY_CI_CO_SB_CARRY_CI_CO_SB_CARRY_CI_CO_SB_CARRY_CI_CO_SB_CARRY_CI_CO_SB_CARRY_CI_CO_SB_CARRY_CI_CO_SB_CARRY_CI_CO_SB_CARRY_CI_CO_SB_CARRY_CI_CO_SB_CARRY_CI_CO_SB_CARRY_CI_CO_SB_CARRY_CI_CO_SB_CARRY_CI_CO_SB_CARRY_CI_CO_SB_CARRY_CI_CO_SB_CARRY_CI_CO_SB_CARRY_CI_CO_SB_CARRY_CI_CO_SB_CARRY_CI_CO_SB_CARRY_CI_CO_SB_CARRY_CI$CARRY.COUT
Info:    routing  0.00  37.65 Net system.core.operand_a[0]_SB_LUT4_O_I1_SB_CARRY_CI_CO_SB_CARRY_CI_CO_SB_CARRY_CI_CO_SB_CARRY_CI_CO_SB_CARRY_CI_CO_SB_CARRY_CI_CO_SB_CARRY_CI_CO_SB_CARRY_CI_CO_SB_CARRY_CI_CO_SB_CARRY_CI_CO_SB_CARRY_CI_CO_SB_CARRY_CI_CO_SB_CARRY_CI_CO_SB_CARRY_CI_CO_SB_CARRY_CI_CO_SB_CARRY_CI_CO_SB_CARRY_CI_CO_SB_CARRY_CI_CO_SB_CARRY_CI_CO_SB_CARRY_CI_CO_SB_CARRY_CI_CO_SB_CARRY_CI_CO_SB_CARRY_CI_CO_SB_CARRY_CI_CO_SB_CARRY_CI_CO_SB_CARRY_CI_CO_SB_CARRY_CI_CO_SB_CARRY_CI_CO_SB_CARRY_CI_CO_SB_CARRY_CI_CO_SB_CARRY_CI_CO_SB_CARRY_CI_CO_SB_CARRY_CI_CO_SB_CARRY_CI_CO (2,16) -> (2,16)
Info:                          Sink system.core.operand_a[0]_SB_LUT4_O_I1_SB_CARRY_CI_CO_SB_CARRY_CI_CO_SB_CARRY_CI_CO_SB_CARRY_CI_CO_SB_CARRY_CI_CO_SB_CARRY_CI_CO_SB_CARRY_CI_CO_SB_CARRY_CI_CO_SB_CARRY_CI_CO_SB_CARRY_CI_CO_SB_CARRY_CI_CO_SB_CARRY_CI_CO_SB_CARRY_CI_CO_SB_CARRY_CI_CO_SB_CARRY_CI_CO_SB_CARRY_CI_CO_SB_CARRY_CI_CO_SB_CARRY_CI_CO_SB_CARRY_CI_CO_SB_CARRY_CI_CO_SB_CARRY_CI_CO_SB_CARRY_CI_CO_SB_CARRY_CI_CO_SB_CARRY_CI_CO_SB_CARRY_CI_CO_SB_CARRY_CI_CO_SB_CARRY_CI_CO_SB_CARRY_CI_CO_SB_CARRY_CI_CO_SB_CARRY_CI_CO_SB_CARRY_CI_CO_SB_CARRY_CI_CO_SB_CARRY_CI_CO_SB_CARRY_CI_CO_SB_CARRY_CI$CARRY.CIN
Info:                          Defined in:
Info:                               rtl/core/vibration_core.sv:156.17-156.29
Info:                               ./.tools/oss-cad-suite/libexec/../share/yosys/ice40/arith_map.v:62.5-70.4
Info:                               ./.tools/oss-cad-suite/libexec/../share/yosys/ice40/abc9_model.v:4.9-4.11
Info:      logic  0.28  37.93 Source system.core.operand_a[0]_SB_LUT4_O_I1_SB_CARRY_CI_CO_SB_CARRY_CI_CO_SB_CARRY_CI_CO_SB_CARRY_CI_CO_SB_CARRY_CI_CO_SB_CARRY_CI_CO_SB_CARRY_CI_CO_SB_CARRY_CI_CO_SB_CARRY_CI_CO_SB_CARRY_CI_CO_SB_CARRY_CI_CO_SB_CARRY_CI_CO_SB_CARRY_CI_CO_SB_CARRY_CI_CO_SB_CARRY_CI_CO_SB_CARRY_CI_CO_SB_CARRY_CI_CO_SB_CARRY_CI_CO_SB_CARRY_CI_CO_SB_CARRY_CI_CO_SB_CARRY_CI_CO_SB_CARRY_CI_CO_SB_CARRY_CI_CO_SB_CARRY_CI_CO_SB_CARRY_CI_CO_SB_CARRY_CI_CO_SB_CARRY_CI_CO_SB_CARRY_CI_CO_SB_CARRY_CI_CO_SB_CARRY_CI_CO_SB_CARRY_CI_CO_SB_CARRY_CI_CO_SB_CARRY_CI_CO_SB_CARRY_CI_CO_SB_CARRY_CI$CARRY.COUT
Info:    routing  0.00  37.93 Net system.core.operand_a[0]_SB_LUT4_O_I1_SB_CARRY_CI_CO_SB_CARRY_CI_CO_SB_CARRY_CI_CO_SB_CARRY_CI_CO_SB_CARRY_CI_CO_SB_CARRY_CI_CO_SB_CARRY_CI_CO_SB_CARRY_CI_CO_SB_CARRY_CI_CO_SB_CARRY_CI_CO_SB_CARRY_CI_CO_SB_CARRY_CI_CO_SB_CARRY_CI_CO_SB_CARRY_CI_CO_SB_CARRY_CI_CO_SB_CARRY_CI_CO_SB_CARRY_CI_CO_SB_CARRY_CI_CO_SB_CARRY_CI_CO_SB_CARRY_CI_CO_SB_CARRY_CI_CO_SB_CARRY_CI_CO_SB_CARRY_CI_CO_SB_CARRY_CI_CO_SB_CARRY_CI_CO_SB_CARRY_CI_CO_SB_CARRY_CI_CO_SB_CARRY_CI_CO_SB_CARRY_CI_CO_SB_CARRY_CI_CO_SB_CARRY_CI_CO_SB_CARRY_CI_CO_SB_CARRY_CI_CO_SB_CARRY_CI_CO_SB_CARRY_CI_CO (2,16) -> (2,16)
Info:                          Sink system.core.operand_a[0]_SB_LUT4_O_I1_SB_CARRY_CI_CO_SB_CARRY_CI_CO_SB_CARRY_CI_CO_SB_CARRY_CI_CO_SB_CARRY_CI_CO_SB_CARRY_CI_CO_SB_CARRY_CI_CO_SB_CARRY_CI_CO_SB_CARRY_CI_CO_SB_CARRY_CI_CO_SB_CARRY_CI_CO_SB_CARRY_CI_CO_SB_CARRY_CI_CO_SB_CARRY_CI_CO_SB_CARRY_CI_CO_SB_CARRY_CI_CO_SB_CARRY_CI_CO_SB_CARRY_CI_CO_SB_CARRY_CI_CO_SB_CARRY_CI_CO_SB_CARRY_CI_CO_SB_CARRY_CI_CO_SB_CARRY_CI_CO_SB_CARRY_CI_CO_SB_CARRY_CI_CO_SB_CARRY_CI_CO_SB_CARRY_CI_CO_SB_CARRY_CI_CO_SB_CARRY_CI_CO_SB_CARRY_CI_CO_SB_CARRY_CI_CO_SB_CARRY_CI_CO_SB_CARRY_CI_CO_SB_CARRY_CI_CO_SB_CARRY_CI_CO_SB_CARRY_CI$CARRY.CIN
Info:                          Defined in:
Info:                               rtl/core/vibration_core.sv:156.17-156.29
Info:                               ./.tools/oss-cad-suite/libexec/../share/yosys/ice40/arith_map.v:62.5-70.4
Info:                               ./.tools/oss-cad-suite/libexec/../share/yosys/ice40/abc9_model.v:4.9-4.11
Info:      logic  0.28  38.21 Source system.core.operand_a[0]_SB_LUT4_O_I1_SB_CARRY_CI_CO_SB_CARRY_CI_CO_SB_CARRY_CI_CO_SB_CARRY_CI_CO_SB_CARRY_CI_CO_SB_CARRY_CI_CO_SB_CARRY_CI_CO_SB_CARRY_CI_CO_SB_CARRY_CI_CO_SB_CARRY_CI_CO_SB_CARRY_CI_CO_SB_CARRY_CI_CO_SB_CARRY_CI_CO_SB_CARRY_CI_CO_SB_CARRY_CI_CO_SB_CARRY_CI_CO_SB_CARRY_CI_CO_SB_CARRY_CI_CO_SB_CARRY_CI_CO_SB_CARRY_CI_CO_SB_CARRY_CI_CO_SB_CARRY_CI_CO_SB_CARRY_CI_CO_SB_CARRY_CI_CO_SB_CARRY_CI_CO_SB_CARRY_CI_CO_SB_CARRY_CI_CO_SB_CARRY_CI_CO_SB_CARRY_CI_CO_SB_CARRY_CI_CO_SB_CARRY_CI_CO_SB_CARRY_CI_CO_SB_CARRY_CI_CO_SB_CARRY_CI_CO_SB_CARRY_CI_CO_SB_CARRY_CI$CARRY.COUT
Info:    routing  0.00  38.21 Net system.core.operand_a[0]_SB_LUT4_O_I1_SB_CARRY_CI_CO_SB_CARRY_CI_CO_SB_CARRY_CI_CO_SB_CARRY_CI_CO_SB_CARRY_CI_CO_SB_CARRY_CI_CO_SB_CARRY_CI_CO_SB_CARRY_CI_CO_SB_CARRY_CI_CO_SB_CARRY_CI_CO_SB_CARRY_CI_CO_SB_CARRY_CI_CO_SB_CARRY_CI_CO_SB_CARRY_CI_CO_SB_CARRY_CI_CO_SB_CARRY_CI_CO_SB_CARRY_CI_CO_SB_CARRY_CI_CO_SB_CARRY_CI_CO_SB_CARRY_CI_CO_SB_CARRY_CI_CO_SB_CARRY_CI_CO_SB_CARRY_CI_CO_SB_CARRY_CI_CO_SB_CARRY_CI_CO_SB_CARRY_CI_CO_SB_CARRY_CI_CO_SB_CARRY_CI_CO_SB_CARRY_CI_CO_SB_CARRY_CI_CO_SB_CARRY_CI_CO_SB_CARRY_CI_CO_SB_CARRY_CI_CO_SB_CARRY_CI_CO_SB_CARRY_CI_CO_SB_CARRY_CI_CO (2,16) -> (2,16)
Info:                          Sink system.core.operand_a[0]_SB_LUT4_O_I1_SB_CARRY_CI_CO_SB_CARRY_CI_CO_SB_CARRY_CI_CO_SB_CARRY_CI_CO_SB_CARRY_CI_CO_SB_CARRY_CI_CO_SB_CARRY_CI_CO_SB_CARRY_CI_CO_SB_CARRY_CI_CO_SB_CARRY_CI_CO_SB_CARRY_CI_CO_SB_CARRY_CI_CO_SB_CARRY_CI_CO_SB_CARRY_CI_CO_SB_CARRY_CI_CO_SB_CARRY_CI_CO_SB_CARRY_CI_CO_SB_CARRY_CI_CO_SB_CARRY_CI_CO_SB_CARRY_CI_CO_SB_CARRY_CI_CO_SB_CARRY_CI_CO_SB_CARRY_CI_CO_SB_CARRY_CI_CO_SB_CARRY_CI_CO_SB_CARRY_CI_CO_SB_CARRY_CI_CO_SB_CARRY_CI_CO_SB_CARRY_CI_CO_SB_CARRY_CI_CO_SB_CARRY_CI_CO_SB_CARRY_CI_CO_SB_CARRY_CI_CO_SB_CARRY_CI_CO_SB_CARRY_CI_CO_SB_CARRY_CI_CO_SB_CARRY_CI$CARRY.CIN
Info:                          Defined in:
Info:                               rtl/core/vibration_core.sv:156.17-156.29
Info:                               ./.tools/oss-cad-suite/libexec/../share/yosys/ice40/arith_map.v:62.5-70.4
Info:                               ./.tools/oss-cad-suite/libexec/../share/yosys/ice40/abc9_model.v:4.9-4.11
Info:      logic  0.28  38.49 Source system.core.operand_a[0]_SB_LUT4_O_I1_SB_CARRY_CI_CO_SB_CARRY_CI_CO_SB_CARRY_CI_CO_SB_CARRY_CI_CO_SB_CARRY_CI_CO_SB_CARRY_CI_CO_SB_CARRY_CI_CO_SB_CARRY_CI_CO_SB_CARRY_CI_CO_SB_CARRY_CI_CO_SB_CARRY_CI_CO_SB_CARRY_CI_CO_SB_CARRY_CI_CO_SB_CARRY_CI_CO_SB_CARRY_CI_CO_SB_CARRY_CI_CO_SB_CARRY_CI_CO_SB_CARRY_CI_CO_SB_CARRY_CI_CO_SB_CARRY_CI_CO_SB_CARRY_CI_CO_SB_CARRY_CI_CO_SB_CARRY_CI_CO_SB_CARRY_CI_CO_SB_CARRY_CI_CO_SB_CARRY_CI_CO_SB_CARRY_CI_CO_SB_CARRY_CI_CO_SB_CARRY_CI_CO_SB_CARRY_CI_CO_SB_CARRY_CI_CO_SB_CARRY_CI_CO_SB_CARRY_CI_CO_SB_CARRY_CI_CO_SB_CARRY_CI_CO_SB_CARRY_CI_CO_SB_CARRY_CI$CARRY.COUT
Info:    routing  0.00  38.49 Net system.core.operand_a[0]_SB_LUT4_O_I1_SB_CARRY_CI_CO_SB_CARRY_CI_CO_SB_CARRY_CI_CO_SB_CARRY_CI_CO_SB_CARRY_CI_CO_SB_CARRY_CI_CO_SB_CARRY_CI_CO_SB_CARRY_CI_CO_SB_CARRY_CI_CO_SB_CARRY_CI_CO_SB_CARRY_CI_CO_SB_CARRY_CI_CO_SB_CARRY_CI_CO_SB_CARRY_CI_CO_SB_CARRY_CI_CO_SB_CARRY_CI_CO_SB_CARRY_CI_CO_SB_CARRY_CI_CO_SB_CARRY_CI_CO_SB_CARRY_CI_CO_SB_CARRY_CI_CO_SB_CARRY_CI_CO_SB_CARRY_CI_CO_SB_CARRY_CI_CO_SB_CARRY_CI_CO_SB_CARRY_CI_CO_SB_CARRY_CI_CO_SB_CARRY_CI_CO_SB_CARRY_CI_CO_SB_CARRY_CI_CO_SB_CARRY_CI_CO_SB_CARRY_CI_CO_SB_CARRY_CI_CO_SB_CARRY_CI_CO_SB_CARRY_CI_CO_SB_CARRY_CI_CO_SB_CARRY_CI_CO (2,16) -> (2,16)
Info:                          Sink system.core.operand_a[0]_SB_LUT4_O_I1_SB_CARRY_CI_CO_SB_CARRY_CI_CO_SB_CARRY_CI_CO_SB_CARRY_CI_CO_SB_CARRY_CI_CO_SB_CARRY_CI_CO_SB_CARRY_CI_CO_SB_CARRY_CI_CO_SB_CARRY_CI_CO_SB_CARRY_CI_CO_SB_CARRY_CI_CO_SB_CARRY_CI_CO_SB_CARRY_CI_CO_SB_CARRY_CI_CO_SB_CARRY_CI_CO_SB_CARRY_CI_CO_SB_CARRY_CI_CO_SB_CARRY_CI_CO_SB_CARRY_CI_CO_SB_CARRY_CI_CO_SB_CARRY_CI_CO_SB_CARRY_CI_CO_SB_CARRY_CI_CO_SB_CARRY_CI_CO_SB_CARRY_CI_CO_SB_CARRY_CI_CO_SB_CARRY_CI_CO_SB_CARRY_CI_CO_SB_CARRY_CI_CO_SB_CARRY_CI_CO_SB_CARRY_CI_CO_SB_CARRY_CI_CO_SB_CARRY_CI_CO_SB_CARRY_CI_CO_SB_CARRY_CI_CO_SB_CARRY_CI_CO_SB_CARRY_CI_CO_SB_CARRY_CI$CARRY.CIN
Info:                          Defined in:
Info:                               rtl/core/vibration_core.sv:156.17-156.29
Info:                               ./.tools/oss-cad-suite/libexec/../share/yosys/ice40/arith_map.v:62.5-70.4
Info:                               ./.tools/oss-cad-suite/libexec/../share/yosys/ice40/abc9_model.v:4.9-4.11
Info:      logic  0.28  38.76 Source system.core.operand_a[0]_SB_LUT4_O_I1_SB_CARRY_CI_CO_SB_CARRY_CI_CO_SB_CARRY_CI_CO_SB_CARRY_CI_CO_SB_CARRY_CI_CO_SB_CARRY_CI_CO_SB_CARRY_CI_CO_SB_CARRY_CI_CO_SB_CARRY_CI_CO_SB_CARRY_CI_CO_SB_CARRY_CI_CO_SB_CARRY_CI_CO_SB_CARRY_CI_CO_SB_CARRY_CI_CO_SB_CARRY_CI_CO_SB_CARRY_CI_CO_SB_CARRY_CI_CO_SB_CARRY_CI_CO_SB_CARRY_CI_CO_SB_CARRY_CI_CO_SB_CARRY_CI_CO_SB_CARRY_CI_CO_SB_CARRY_CI_CO_SB_CARRY_CI_CO_SB_CARRY_CI_CO_SB_CARRY_CI_CO_SB_CARRY_CI_CO_SB_CARRY_CI_CO_SB_CARRY_CI_CO_SB_CARRY_CI_CO_SB_CARRY_CI_CO_SB_CARRY_CI_CO_SB_CARRY_CI_CO_SB_CARRY_CI_CO_SB_CARRY_CI_CO_SB_CARRY_CI_CO_SB_CARRY_CI_CO_SB_CARRY_CI$CARRY.COUT
Info:    routing  0.66  39.42 Net system.core.operand_a[0]_SB_LUT4_O_2_I3_SB_LUT4_O_I2_SB_LUT4_O_I3_SB_CARRY_CI_CO_SB_CARRY_CI_CO_SB_LUT4_I3_O[3] (2,16) -> (2,16)
Info:                          Sink system.core.operand_a[0]_SB_LUT4_O_I1_SB_CARRY_CI_CO_SB_CARRY_CI_CO_SB_CARRY_CI_CO_SB_CARRY_CI_CO_SB_CARRY_CI_CO_SB_CARRY_CI_CO_SB_CARRY_CI_CO_SB_CARRY_CI_CO_SB_CARRY_CI_CO_SB_CARRY_CI_CO_SB_CARRY_CI_CO_SB_CARRY_CI_CO_SB_CARRY_CI_CO_SB_CARRY_CI_CO_SB_CARRY_CI_CO_SB_CARRY_CI_CO_SB_CARRY_CI_CO_SB_CARRY_CI_CO_SB_CARRY_CI_CO_SB_CARRY_CI_CO_SB_CARRY_CI_CO_SB_CARRY_CI_CO_SB_CARRY_CI_CO_SB_CARRY_CI_CO_SB_CARRY_CI_CO_SB_CARRY_CI_CO_SB_CARRY_CI_CO_SB_CARRY_CI_CO_SB_CARRY_CI_CO_SB_CARRY_CI_CO_SB_CARRY_CI_CO_SB_CARRY_CI_CO_SB_CARRY_CI_CO_SB_CARRY_CI_CO_SB_CARRY_CI_CO_SB_CARRY_CI_CO_SB_CARRY_CI_CO_SB_CARRY_CI_CO_SB_LUT4_I3_LC.I3
Info:                          Defined in:
Info:                               rtl/core/vibration_core.sv:156.17-156.29
Info:                               ./.tools/oss-cad-suite/libexec/../share/yosys/ice40/arith_map.v:62.5-70.4
Info:                               ./.tools/oss-cad-suite/libexec/../share/yosys/ice40/abc9_model.v:4.9-4.11
Info:      logic  0.87  40.30 Source system.core.operand_a[0]_SB_LUT4_O_I1_SB_CARRY_CI_CO_SB_CARRY_CI_CO_SB_CARRY_CI_CO_SB_CARRY_CI_CO_SB_CARRY_CI_CO_SB_CARRY_CI_CO_SB_CARRY_CI_CO_SB_CARRY_CI_CO_SB_CARRY_CI_CO_SB_CARRY_CI_CO_SB_CARRY_CI_CO_SB_CARRY_CI_CO_SB_CARRY_CI_CO_SB_CARRY_CI_CO_SB_CARRY_CI_CO_SB_CARRY_CI_CO_SB_CARRY_CI_CO_SB_CARRY_CI_CO_SB_CARRY_CI_CO_SB_CARRY_CI_CO_SB_CARRY_CI_CO_SB_CARRY_CI_CO_SB_CARRY_CI_CO_SB_CARRY_CI_CO_SB_CARRY_CI_CO_SB_CARRY_CI_CO_SB_CARRY_CI_CO_SB_CARRY_CI_CO_SB_CARRY_CI_CO_SB_CARRY_CI_CO_SB_CARRY_CI_CO_SB_CARRY_CI_CO_SB_CARRY_CI_CO_SB_CARRY_CI_CO_SB_CARRY_CI_CO_SB_CARRY_CI_CO_SB_CARRY_CI_CO_SB_CARRY_CI_CO_SB_LUT4_I3_LC.O
Info:    routing  1.76  42.06 Net system.core.operand_a[0]_SB_LUT4_O_2_I3_SB_LUT4_O_I2[2] (2,16) -> (1,15)
Info:                          Sink system.core.operand_a[0]_SB_LUT4_O_I1_SB_LUT4_O_I1_SB_CARRY_I0_CO_SB_LUT4_I3_O_SB_LUT4_O_1_LC.I3
Info:                          Defined in:
Info:                               ./.tools/oss-cad-suite/libexec/../share/yosys/ice40/cells_map.v:6.21-6.22
Info:      logic  0.87  42.93 Source system.core.operand_a[0]_SB_LUT4_O_I1_SB_LUT4_O_I1_SB_CARRY_I0_CO_SB_LUT4_I3_O_SB_LUT4_O_1_LC.O
Info:    routing  1.76  44.69 Net system.core.operand_a[0]_SB_LUT4_O_12_I2[3] (1,15) -> (1,14)
Info:                          Sink system.core.operand_a[0]_SB_LUT4_O_13_LC.I3
Info:                          Defined in:
Info:                               ./.tools/oss-cad-suite/libexec/../share/yosys/ice40/cells_map.v:6.21-6.22
Info:      logic  0.87  45.57 Source system.core.operand_a[0]_SB_LUT4_O_13_LC.O
Info:    routing  2.95  48.52 Net system.core.operand_a[0][6] (1,14) -> (0,15)
Info:                          Sink system.core.product[0]_SB_MAC16_O_DSP.A_6
Info:                          Defined in:
Info:                               rtl/core/vibration_core.sv:128.23-128.32
Info:      setup  0.10  48.62 Source system.core.product[0]_SB_MAC16_O_DSP.A_6
Info: 21.93 ns logic, 26.69 ns routing

Info: Critical path report for cross-domain path '<async>' -> 'posedge clk12$SB_IO_IN_$glb_clk':
Info:       type curr  total name
Info:     source  0.00  0.00 Source flash_miso$sb_io.D_IN_0
Info:    routing  6.19  6.19 Net flash_miso$SB_IO_IN (23,0) -> (21,23)
Info:                          Sink system.transport.spi.rx_shift_SB_DFFESR_Q_7_DFFLC.I0
Info:                          Defined in:
Info:                               rtl/io/spi_master.sv:18.16-18.20
Info:      setup  1.23  7.43 Source system.transport.spi.rx_shift_SB_DFFESR_Q_7_DFFLC.I0
Info: 1.23 ns logic, 6.19 ns routing

Info: Critical path report for cross-domain path 'posedge clk12$SB_IO_IN_$glb_clk' -> '<async>':
Info:       type curr  total name
Info:   clk-to-q  1.39  1.39 Source system.error_flags_SB_DFFESR_Q_4_DFFLC.O
Info:    routing  4.14  5.53 Net system.error_flags[2] (18,20) -> (22,13)
Info:                          Sink status_error_SB_LUT4_O_I3_SB_LUT4_O_LC.I1
Info:                          Defined in:
Info:                               rtl/upduino_replay.sv:45.15-45.26
Info:      logic  1.23  6.76 Source status_error_SB_LUT4_O_I3_SB_LUT4_O_LC.O
Info:    routing  1.76  8.52 Net status_error_SB_LUT4_O_I3[3] (22,13) -> (22,13)
Info:                          Sink status_error_SB_LUT4_O_LC.I3
Info:                          Defined in:
Info:                               ./.tools/oss-cad-suite/libexec/../share/yosys/ice40/cells_map.v:6.21-6.22
Info:      logic  0.87  9.40 Source status_error_SB_LUT4_O_LC.O
Info:    routing  5.03  14.43 Net status_error$SB_IO_OUT (22,13) -> (18,0)
Info:                          Sink status_error$sb_io.D_OUT_0
Info:                          Defined in:
Info:                               rtl/upduino_replay.sv:36.28-36.40
Info: 3.49 ns logic, 10.93 ns routing

Info: Max frequency for clock 'clk12$SB_IO_IN_$glb_clk': 20.57 MHz (PASS at 12.00 MHz)

Info: Clock '$PACKER_GND_NET_$glb_clk' has no interior paths

Info: Max delay <async>                         -> posedge clk12$SB_IO_IN_$glb_clk: 7.43 ns
Info: Max delay posedge clk12$SB_IO_IN_$glb_clk -> <async>                        : 14.43 ns

Info: Slack histogram:
Info:  legend: * represents 23 endpoint(s)
Info:          + represents [1,23) endpoint(s)
Info: [ 34712,  36945) |+
Info: [ 36945,  39178) |+
Info: [ 39178,  41411) |*+
Info: [ 41411,  43644) |**+
Info: [ 43644,  45877) |+
Info: [ 45877,  48110) |*+
Info: [ 48110,  50343) |*+
Info: [ 50343,  52576) |****+
Info: [ 52576,  54809) |********+
Info: [ 54809,  57042) |********** 
Info: [ 57042,  59275) |************+
Info: [ 59275,  61508) |****************************+
Info: [ 61508,  63741) |******************** 
Info: [ 63741,  65974) |************************************************************ 
Info: [ 65974,  68207) |*******+
Info: [ 68207,  70440) |*****+
Info: [ 70440,  72673) |************+
Info: [ 72673,  74906) |**************+
Info: [ 74906,  77139) |****************+
Info: [ 77139,  79372) |***********************************************+

Info: Program finished normally.
