Copyright 1986-2022 Xilinx, Inc. All Rights Reserved. Copyright 2022-2024 Advanced Micro Devices, Inc. All Rights Reserved.
---------------------------------------------------------------------------------------------------------------------------------------------
| Tool Version : Vivado v.2024.2 (lin64) Build 5239630 Fri Nov 08 22:34:34 MST 2024
| Date         : Tue Oct  6 05:26:18 2026
| Host         : iht32-1502.engr.wustl.edu running 64-bit Rocky Linux release 8.10 (Green Obsidian)
| Command      : report_timing -delay_type min -max_paths 20 -file hold_paths.rpt
| Design       : known_spectral_core
| Device       : 7a35t-cpg236
| Speed File   : -1  PRODUCTION 1.23 2018-06-13
| Design State : Routed
---------------------------------------------------------------------------------------------------------------------------------------------

Timing Report

Slack (MET) :             0.136ns  (arrival time - required time)
  Source:                 log_work_reg[61]/C
                            (rising edge-triggered cell FDRE clocked by clk  {rise@0.000ns fall@10.000ns period=20.000ns})
  Destination:            log_work_reg[60]/D
                            (rising edge-triggered cell FDRE clocked by clk  {rise@0.000ns fall@10.000ns period=20.000ns})
  Path Group:             clk
  Path Type:              Hold (Min at Fast Process Corner)
  Requirement:            0.000ns  (clk rise@0.000ns - clk rise@0.000ns)
  Data Path Delay:        0.249ns  (logic 0.186ns (74.661%)  route 0.063ns (25.339%))
  Logic Levels:           1  (LUT5=1)
  Clock Path Skew:        0.022ns (DCD - SCD - CPR)
    Destination Clock Delay (DCD):    0.432ns
    Source Clock Delay      (SCD):    0.410ns
    Clock Pessimism Removal (CPR):    -0.000ns

    Location             Delay type                Incr(ns)  Path(ns)    Netlist Resource(s)
  -------------------------------------------------------------------    -------------------
                         (clock clk rise edge)        0.000     0.000 r
                                                      0.000     0.000 r  clk (IN)
                         net (fo=1330, unset)         0.410     0.410    clk
    SLICE_X32Y79         FDRE                                         r  log_work_reg[61]/C
  -------------------------------------------------------------------    -------------------
    SLICE_X32Y79         FDRE (Prop_fdre_C_Q)         0.141     0.551 r  log_work_reg[61]/Q
                         net (fo=6, routed)           0.063     0.614    log_work_reg_n_0_[61]
    SLICE_X33Y79         LUT5 (Prop_lut5_I0_O)        0.045     0.659 r  log_work[60]_i_1/O
                         net (fo=1, routed)           0.000     0.659    log_work[60]_i_1_n_0
    SLICE_X33Y79         FDRE                                         r  log_work_reg[60]/D
  -------------------------------------------------------------------    -------------------

                         (clock clk rise edge)        0.000     0.000 r
                                                      0.000     0.000 r  clk (IN)
                         net (fo=1330, unset)         0.432     0.432    clk
    SLICE_X33Y79         FDRE                                         r  log_work_reg[60]/C
                         clock pessimism              0.000     0.432
    SLICE_X33Y79         FDRE (Hold_fdre_C_D)         0.092     0.524    log_work_reg[60]
  -------------------------------------------------------------------
                         required time                         -0.524
                         arrival time                           0.659
  -------------------------------------------------------------------
                         slack                                  0.136

Slack (MET) :             0.147ns  (arrival time - required time)
  Source:                 log_work_reg[35]/C
                            (rising edge-triggered cell FDRE clocked by clk  {rise@0.000ns fall@10.000ns period=20.000ns})
  Destination:            log_work_reg[36]/D
                            (rising edge-triggered cell FDRE clocked by clk  {rise@0.000ns fall@10.000ns period=20.000ns})
  Path Group:             clk
  Path Type:              Hold (Min at Fast Process Corner)
  Requirement:            0.000ns  (clk rise@0.000ns - clk rise@0.000ns)
  Data Path Delay:        0.260ns  (logic 0.186ns (71.475%)  route 0.074ns (28.525%))
  Logic Levels:           1  (LUT5=1)
  Clock Path Skew:        0.022ns (DCD - SCD - CPR)
    Destination Clock Delay (DCD):    0.432ns
    Source Clock Delay      (SCD):    0.410ns
    Clock Pessimism Removal (CPR):    -0.000ns

    Location             Delay type                Incr(ns)  Path(ns)    Netlist Resource(s)
  -------------------------------------------------------------------    -------------------
                         (clock clk rise edge)        0.000     0.000 r
                                                      0.000     0.000 r  clk (IN)
                         net (fo=1330, unset)         0.410     0.410    clk
    SLICE_X32Y74         FDRE                                         r  log_work_reg[35]/C
  -------------------------------------------------------------------    -------------------
    SLICE_X32Y74         FDRE (Prop_fdre_C_Q)         0.141     0.551 r  log_work_reg[35]/Q
                         net (fo=6, routed)           0.074     0.625    log_work_reg_n_0_[35]
    SLICE_X33Y74         LUT5 (Prop_lut5_I2_O)        0.045     0.670 r  log_work[36]_i_1/O
                         net (fo=1, routed)           0.000     0.670    log_work[36]_i_1_n_0
    SLICE_X33Y74         FDRE                                         r  log_work_reg[36]/D
  -------------------------------------------------------------------    -------------------

                         (clock clk rise edge)        0.000     0.000 r
                                                      0.000     0.000 r  clk (IN)
                         net (fo=1330, unset)         0.432     0.432    clk
    SLICE_X33Y74         FDRE                                         r  log_work_reg[36]/C
                         clock pessimism              0.000     0.432
    SLICE_X33Y74         FDRE (Hold_fdre_C_D)         0.092     0.524    log_work_reg[36]
  -------------------------------------------------------------------
                         required time                         -0.524
                         arrival time                           0.670
  -------------------------------------------------------------------
                         slack                                  0.147

Slack (MET) :             0.149ns  (arrival time - required time)
  Source:                 log_work_reg[20]/C
                            (rising edge-triggered cell FDRE clocked by clk  {rise@0.000ns fall@10.000ns period=20.000ns})
  Destination:            log_work_reg[19]/D
                            (rising edge-triggered cell FDRE clocked by clk  {rise@0.000ns fall@10.000ns period=20.000ns})
  Path Group:             clk
  Path Type:              Hold (Min at Fast Process Corner)
  Requirement:            0.000ns  (clk rise@0.000ns - clk rise@0.000ns)
  Data Path Delay:        0.262ns  (logic 0.186ns (70.940%)  route 0.076ns (29.060%))
  Logic Levels:           1  (LUT5=1)
  Clock Path Skew:        0.022ns (DCD - SCD - CPR)
    Destination Clock Delay (DCD):    0.432ns
    Source Clock Delay      (SCD):    0.410ns
    Clock Pessimism Removal (CPR):    -0.000ns

    Location             Delay type                Incr(ns)  Path(ns)    Netlist Resource(s)
  -------------------------------------------------------------------    -------------------
                         (clock clk rise edge)        0.000     0.000 r
                                                      0.000     0.000 r  clk (IN)
                         net (fo=1330, unset)         0.410     0.410    clk
    SLICE_X32Y71         FDRE                                         r  log_work_reg[20]/C
  -------------------------------------------------------------------    -------------------
    SLICE_X32Y71         FDRE (Prop_fdre_C_Q)         0.141     0.551 r  log_work_reg[20]/Q
                         net (fo=6, routed)           0.076     0.627    log_work_reg_n_0_[20]
    SLICE_X33Y71         LUT5 (Prop_lut5_I0_O)        0.045     0.672 r  log_work[19]_i_1/O
                         net (fo=1, routed)           0.000     0.672    log_work[19]_i_1_n_0
    SLICE_X33Y71         FDRE                                         r  log_work_reg[19]/D
  -------------------------------------------------------------------    -------------------

                         (clock clk rise edge)        0.000     0.000 r
                                                      0.000     0.000 r  clk (IN)
                         net (fo=1330, unset)         0.432     0.432    clk
    SLICE_X33Y71         FDRE                                         r  log_work_reg[19]/C
                         clock pessimism              0.000     0.432
    SLICE_X33Y71         FDRE (Hold_fdre_C_D)         0.092     0.524    log_work_reg[19]
  -------------------------------------------------------------------
                         required time                         -0.524
                         arrival time                           0.672
  -------------------------------------------------------------------
                         slack                                  0.149

Slack (MET) :             0.150ns  (arrival time - required time)
  Source:                 capture/sums_reg[0][24]/C
                            (rising edge-triggered cell FDRE clocked by clk  {rise@0.000ns fall@10.000ns period=20.000ns})
  Destination:            mean_reg[14]/D
                            (rising edge-triggered cell FDRE clocked by clk  {rise@0.000ns fall@10.000ns period=20.000ns})
  Path Group:             clk
  Path Type:              Hold (Min at Fast Process Corner)
  Requirement:            0.000ns  (clk rise@0.000ns - clk rise@0.000ns)
  Data Path Delay:        0.305ns  (logic 0.251ns (82.267%)  route 0.054ns (17.733%))
  Logic Levels:           2  (CARRY4=1 LUT3=1)
  Clock Path Skew:        0.022ns (DCD - SCD - CPR)
    Destination Clock Delay (DCD):    0.432ns
    Source Clock Delay      (SCD):    0.410ns
    Clock Pessimism Removal (CPR):    -0.000ns

    Location             Delay type                Incr(ns)  Path(ns)    Netlist Resource(s)
  -------------------------------------------------------------------    -------------------
                         (clock clk rise edge)        0.000     0.000 r
                                                      0.000     0.000 r  clk (IN)
                         net (fo=1330, unset)         0.410     0.410    capture/clk
    SLICE_X43Y56         FDRE                                         r  capture/sums_reg[0][24]/C
  -------------------------------------------------------------------    -------------------
    SLICE_X43Y56         FDRE (Prop_fdre_C_Q)         0.141     0.551 r  capture/sums_reg[0][24]/Q
                         net (fo=1, routed)           0.054     0.605    capture/sums_reg[0]_3[24]
    SLICE_X42Y56         LUT3 (Prop_lut3_I2_O)        0.045     0.650 r  capture/mean[15]_i_3/O
                         net (fo=1, routed)           0.000     0.650    capture/window_sum[24]
    SLICE_X42Y56         CARRY4 (Prop_carry4_S[2]_O[2])
                                                      0.065     0.715 r  capture/mean_reg[15]_i_1/O[2]
                         net (fo=1, routed)           0.000     0.715    rne1_return[14]
    SLICE_X42Y56         FDRE                                         r  mean_reg[14]/D
  -------------------------------------------------------------------    -------------------

                         (clock clk rise edge)        0.000     0.000 r
                                                      0.000     0.000 r  clk (IN)
                         net (fo=1330, unset)         0.432     0.432    clk
    SLICE_X42Y56         FDRE                                         r  mean_reg[14]/C
                         clock pessimism              0.000     0.432
    SLICE_X42Y56         FDRE (Hold_fdre_C_D)         0.134     0.566    mean_reg[14]
  -------------------------------------------------------------------
                         required time                         -0.566
                         arrival time                           0.715
  -------------------------------------------------------------------
                         slack                                  0.150

Slack (MET) :             0.150ns  (arrival time - required time)
  Source:                 capture/sums_reg[1][12]/C
                            (rising edge-triggered cell FDRE clocked by clk  {rise@0.000ns fall@10.000ns period=20.000ns})
  Destination:            mean_reg[2]/D
                            (rising edge-triggered cell FDRE clocked by clk  {rise@0.000ns fall@10.000ns period=20.000ns})
  Path Group:             clk
  Path Type:              Hold (Min at Fast Process Corner)
  Requirement:            0.000ns  (clk rise@0.000ns - clk rise@0.000ns)
  Data Path Delay:        0.305ns  (logic 0.251ns (82.267%)  route 0.054ns (17.733%))
  Logic Levels:           2  (CARRY4=1 LUT3=1)
  Clock Path Skew:        0.022ns (DCD - SCD - CPR)
    Destination Clock Delay (DCD):    0.432ns
    Source Clock Delay      (SCD):    0.410ns
    Clock Pessimism Removal (CPR):    -0.000ns

    Location             Delay type                Incr(ns)  Path(ns)    Netlist Resource(s)
  -------------------------------------------------------------------    -------------------
                         (clock clk rise edge)        0.000     0.000 r
                                                      0.000     0.000 r  clk (IN)
                         net (fo=1330, unset)         0.410     0.410    capture/clk
    SLICE_X43Y53         FDRE                                         r  capture/sums_reg[1][12]/C
  -------------------------------------------------------------------    -------------------
    SLICE_X43Y53         FDRE (Prop_fdre_C_Q)         0.141     0.551 r  capture/sums_reg[1][12]/Q
                         net (fo=1, routed)           0.054     0.605    capture/sums_reg[1]_2[12]
    SLICE_X42Y53         LUT3 (Prop_lut3_I0_O)        0.045     0.650 r  capture/mean[3]_i_4/O
                         net (fo=1, routed)           0.000     0.650    capture/window_sum[12]
    SLICE_X42Y53         CARRY4 (Prop_carry4_S[2]_O[2])
                                                      0.065     0.715 r  capture/mean_reg[3]_i_1/O[2]
                         net (fo=1, routed)           0.000     0.715    rne1_return[2]
    SLICE_X42Y53         FDRE                                         r  mean_reg[2]/D
  -------------------------------------------------------------------    -------------------

                         (clock clk rise edge)        0.000     0.000 r
                                                      0.000     0.000 r  clk (IN)
                         net (fo=1330, unset)         0.432     0.432    clk
    SLICE_X42Y53         FDRE                                         r  mean_reg[2]/C
                         clock pessimism              0.000     0.432
    SLICE_X42Y53         FDRE (Hold_fdre_C_D)         0.134     0.566    mean_reg[2]
  -------------------------------------------------------------------
                         required time                         -0.566
                         arrival time                           0.715
  -------------------------------------------------------------------
                         slack                                  0.150

Slack (MET) :             0.150ns  (arrival time - required time)
  Source:                 capture/sums_reg[0][16]/C
                            (rising edge-triggered cell FDRE clocked by clk  {rise@0.000ns fall@10.000ns period=20.000ns})
  Destination:            mean_reg[6]/D
                            (rising edge-triggered cell FDRE clocked by clk  {rise@0.000ns fall@10.000ns period=20.000ns})
  Path Group:             clk
  Path Type:              Hold (Min at Fast Process Corner)
  Requirement:            0.000ns  (clk rise@0.000ns - clk rise@0.000ns)
  Data Path Delay:        0.305ns  (logic 0.251ns (82.267%)  route 0.054ns (17.733%))
  Logic Levels:           2  (CARRY4=1 LUT3=1)
  Clock Path Skew:        0.022ns (DCD - SCD - CPR)
    Destination Clock Delay (DCD):    0.432ns
    Source Clock Delay      (SCD):    0.410ns
    Clock Pessimism Removal (CPR):    -0.000ns

    Location             Delay type                Incr(ns)  Path(ns)    Netlist Resource(s)
  -------------------------------------------------------------------    -------------------
                         (clock clk rise edge)        0.000     0.000 r
                                                      0.000     0.000 r  clk (IN)
                         net (fo=1330, unset)         0.410     0.410    capture/clk
    SLICE_X43Y54         FDRE                                         r  capture/sums_reg[0][16]/C
  -------------------------------------------------------------------    -------------------
    SLICE_X43Y54         FDRE (Prop_fdre_C_Q)         0.141     0.551 r  capture/sums_reg[0][16]/Q
                         net (fo=1, routed)           0.054     0.605    capture/sums_reg[0]_3[16]
    SLICE_X42Y54         LUT3 (Prop_lut3_I2_O)        0.045     0.650 r  capture/mean[7]_i_3/O
                         net (fo=1, routed)           0.000     0.650    capture/window_sum[16]
    SLICE_X42Y54         CARRY4 (Prop_carry4_S[2]_O[2])
                                                      0.065     0.715 r  capture/mean_reg[7]_i_1/O[2]
                         net (fo=1, routed)           0.000     0.715    rne1_return[6]
    SLICE_X42Y54         FDRE                                         r  mean_reg[6]/D
  -------------------------------------------------------------------    -------------------

                         (clock clk rise edge)        0.000     0.000 r
                                                      0.000     0.000 r  clk (IN)
                         net (fo=1330, unset)         0.432     0.432    clk
    SLICE_X42Y54         FDRE                                         r  mean_reg[6]/C
                         clock pessimism              0.000     0.432
    SLICE_X42Y54         FDRE (Hold_fdre_C_D)         0.134     0.566    mean_reg[6]
  -------------------------------------------------------------------
                         required time                         -0.566
                         arrival time                           0.715
  -------------------------------------------------------------------
                         slack                                  0.150

Slack (MET) :             0.150ns  (arrival time - required time)
  Source:                 active_id_reg[16]/C
                            (rising edge-triggered cell FDRE clocked by clk  {rise@0.000ns fall@10.000ns period=20.000ns})
  Destination:            previous_id_reg[16]/D
                            (rising edge-triggered cell FDRE clocked by clk  {rise@0.000ns fall@10.000ns period=20.000ns})
  Path Group:             clk
  Path Type:              Hold (Min at Fast Process Corner)
  Requirement:            0.000ns  (clk rise@0.000ns - clk rise@0.000ns)
  Data Path Delay:        0.187ns  (logic 0.128ns (68.397%)  route 0.059ns (31.603%))
  Logic Levels:           0
  Clock Path Skew:        0.022ns (DCD - SCD - CPR)
    Destination Clock Delay (DCD):    0.432ns
    Source Clock Delay      (SCD):    0.410ns
    Clock Pessimism Removal (CPR):    -0.000ns

    Location             Delay type                Incr(ns)  Path(ns)    Netlist Resource(s)
  -------------------------------------------------------------------    -------------------
                         (clock clk rise edge)        0.000     0.000 r
                                                      0.000     0.000 r  clk (IN)
                         net (fo=1330, unset)         0.410     0.410    clk
    SLICE_X32Y90         FDRE                                         r  active_id_reg[16]/C
  -------------------------------------------------------------------    -------------------
    SLICE_X32Y90         FDRE (Prop_fdre_C_Q)         0.128     0.538 r  active_id_reg[16]/Q
                         net (fo=1, routed)           0.059     0.597    dbg_frame[16]
    SLICE_X33Y90         FDRE                                         r  previous_id_reg[16]/D
  -------------------------------------------------------------------    -------------------

                         (clock clk rise edge)        0.000     0.000 r
                                                      0.000     0.000 r  clk (IN)
                         net (fo=1330, unset)         0.432     0.432    clk
    SLICE_X33Y90         FDRE                                         r  previous_id_reg[16]/C
                         clock pessimism              0.000     0.432
    SLICE_X33Y90         FDRE (Hold_fdre_C_D)         0.016     0.448    previous_id_reg[16]
  -------------------------------------------------------------------
                         required time                         -0.448
                         arrival time                           0.597
  -------------------------------------------------------------------
                         slack                                  0.150

Slack (MET) :             0.151ns  (arrival time - required time)
  Source:                 accumulator_reg[0][11]/C
                            (rising edge-triggered cell FDRE clocked by clk  {rise@0.000ns fall@10.000ns period=20.000ns})
  Destination:            imag_part_reg[3]/D
                            (rising edge-triggered cell FDRE clocked by clk  {rise@0.000ns fall@10.000ns period=20.000ns})
  Path Group:             clk
  Path Type:              Hold (Min at Fast Process Corner)
  Requirement:            0.000ns  (clk rise@0.000ns - clk rise@0.000ns)
  Data Path Delay:        0.302ns  (logic 0.250ns (82.753%)  route 0.052ns (17.247%))
  Logic Levels:           2  (CARRY4=1 LUT6=1)
  Clock Path Skew:        0.022ns (DCD - SCD - CPR)
    Destination Clock Delay (DCD):    0.432ns
    Source Clock Delay      (SCD):    0.410ns
    Clock Pessimism Removal (CPR):    -0.000ns

    Location             Delay type                Incr(ns)  Path(ns)    Netlist Resource(s)
  -------------------------------------------------------------------    -------------------
                         (clock clk rise edge)        0.000     0.000 r
                                                      0.000     0.000 r  clk (IN)
                         net (fo=1330, unset)         0.410     0.410    clk
    SLICE_X53Y68         FDRE                                         r  accumulator_reg[0][11]/C
  -------------------------------------------------------------------    -------------------
    SLICE_X53Y68         FDRE (Prop_fdre_C_Q)         0.141     0.551 r  accumulator_reg[0][11]/Q
                         net (fo=1, routed)           0.052     0.603    capture/accumulator_reg[0][11]
    SLICE_X52Y68         LUT6 (Prop_lut6_I2_O)        0.045     0.648 r  capture/real_part[3]_i_3/O
                         net (fo=1, routed)           0.000     0.648    capture/real_part[3]_i_3_n_0
    SLICE_X52Y68         CARRY4 (Prop_carry4_S[3]_O[3])
                                                      0.064     0.712 r  capture/real_part_reg[3]_i_1/O[3]
                         net (fo=3, routed)           0.000     0.712    capture_n_234
    SLICE_X52Y68         FDRE                                         r  imag_part_reg[3]/D
  -------------------------------------------------------------------    -------------------

                         (clock clk rise edge)        0.000     0.000 r
                                                      0.000     0.000 r  clk (IN)
                         net (fo=1330, unset)         0.432     0.432    clk
    SLICE_X52Y68         FDRE                                         r  imag_part_reg[3]/C
                         clock pessimism              0.000     0.432
    SLICE_X52Y68         FDRE (Hold_fdre_C_D)         0.130     0.562    imag_part_reg[3]
  -------------------------------------------------------------------
                         required time                         -0.562
                         arrival time                           0.712
  -------------------------------------------------------------------
                         slack                                  0.151

Slack (MET) :             0.152ns  (arrival time - required time)
  Source:                 active_id_reg[2]/C
                            (rising edge-triggered cell FDRE clocked by clk  {rise@0.000ns fall@10.000ns period=20.000ns})
  Destination:            previous_id_reg[2]/D
                            (rising edge-triggered cell FDRE clocked by clk  {rise@0.000ns fall@10.000ns period=20.000ns})
  Path Group:             clk
  Path Type:              Hold (Min at Fast Process Corner)
  Requirement:            0.000ns  (clk rise@0.000ns - clk rise@0.000ns)
  Data Path Delay:        0.244ns  (logic 0.141ns (57.827%)  route 0.103ns (42.173%))
  Logic Levels:           0
  Clock Path Skew:        0.022ns (DCD - SCD - CPR)
    Destination Clock Delay (DCD):    0.432ns
    Source Clock Delay      (SCD):    0.410ns
    Clock Pessimism Removal (CPR):    -0.000ns

    Location             Delay type                Incr(ns)  Path(ns)    Netlist Resource(s)
  -------------------------------------------------------------------    -------------------
                         (clock clk rise edge)        0.000     0.000 r
                                                      0.000     0.000 r  clk (IN)
                         net (fo=1330, unset)         0.410     0.410    clk
    SLICE_X32Y87         FDRE                                         r  active_id_reg[2]/C
  -------------------------------------------------------------------    -------------------
    SLICE_X32Y87         FDRE (Prop_fdre_C_Q)         0.141     0.551 r  active_id_reg[2]/Q
                         net (fo=1, routed)           0.103     0.654    dbg_frame[2]
    SLICE_X31Y87         FDRE                                         r  previous_id_reg[2]/D
  -------------------------------------------------------------------    -------------------

                         (clock clk rise edge)        0.000     0.000 r
                                                      0.000     0.000 r  clk (IN)
                         net (fo=1330, unset)         0.432     0.432    clk
    SLICE_X31Y87         FDRE                                         r  previous_id_reg[2]/C
                         clock pessimism              0.000     0.432
    SLICE_X31Y87         FDRE (Hold_fdre_C_D)         0.070     0.502    previous_id_reg[2]
  -------------------------------------------------------------------
                         required time                         -0.502
                         arrival time                           0.654
  -------------------------------------------------------------------
                         slack                                  0.152

Slack (MET) :             0.153ns  (arrival time - required time)
  Source:                 log_work_reg[36]/C
                            (rising edge-triggered cell FDRE clocked by clk  {rise@0.000ns fall@10.000ns period=20.000ns})
  Destination:            log_work_reg[35]/D
                            (rising edge-triggered cell FDRE clocked by clk  {rise@0.000ns fall@10.000ns period=20.000ns})
  Path Group:             clk
  Path Type:              Hold (Min at Fast Process Corner)
  Requirement:            0.000ns  (clk rise@0.000ns - clk rise@0.000ns)
  Data Path Delay:        0.267ns  (logic 0.186ns (69.735%)  route 0.081ns (30.265%))
  Logic Levels:           1  (LUT5=1)
  Clock Path Skew:        0.022ns (DCD - SCD - CPR)
    Destination Clock Delay (DCD):    0.432ns
    Source Clock Delay      (SCD):    0.410ns
    Clock Pessimism Removal (CPR):    -0.000ns

    Location             Delay type                Incr(ns)  Path(ns)    Netlist Resource(s)
  -------------------------------------------------------------------    -------------------
                         (clock clk rise edge)        0.000     0.000 r
                                                      0.000     0.000 r  clk (IN)
                         net (fo=1330, unset)         0.410     0.410    clk
    SLICE_X33Y74         FDRE                                         r  log_work_reg[36]/C
  -------------------------------------------------------------------    -------------------
    SLICE_X33Y74         FDRE (Prop_fdre_C_Q)         0.141     0.551 r  log_work_reg[36]/Q
                         net (fo=6, routed)           0.081     0.632    log_work_reg_n_0_[36]
    SLICE_X32Y74         LUT5 (Prop_lut5_I0_O)        0.045     0.677 r  log_work[35]_i_1/O
                         net (fo=1, routed)           0.000     0.677    log_work[35]_i_1_n_0
    SLICE_X32Y74         FDRE                                         r  log_work_reg[35]/D
  -------------------------------------------------------------------    -------------------

                         (clock clk rise edge)        0.000     0.000 r
                                                      0.000     0.000 r  clk (IN)
                         net (fo=1330, unset)         0.432     0.432    clk
    SLICE_X32Y74         FDRE                                         r  log_work_reg[35]/C
                         clock pessimism              0.000     0.432
    SLICE_X32Y74         FDRE (Hold_fdre_C_D)         0.092     0.524    log_work_reg[35]
  -------------------------------------------------------------------
                         required time                         -0.524
                         arrival time                           0.677
  -------------------------------------------------------------------
                         slack                                  0.153

Slack (MET) :             0.154ns  (arrival time - required time)
  Source:                 log_work_reg[19]/C
                            (rising edge-triggered cell FDRE clocked by clk  {rise@0.000ns fall@10.000ns period=20.000ns})
  Destination:            log_work_reg[20]/D
                            (rising edge-triggered cell FDRE clocked by clk  {rise@0.000ns fall@10.000ns period=20.000ns})
  Path Group:             clk
  Path Type:              Hold (Min at Fast Process Corner)
  Requirement:            0.000ns  (clk rise@0.000ns - clk rise@0.000ns)
  Data Path Delay:        0.268ns  (logic 0.186ns (69.515%)  route 0.082ns (30.485%))
  Logic Levels:           1  (LUT5=1)
  Clock Path Skew:        0.022ns (DCD - SCD - CPR)
    Destination Clock Delay (DCD):    0.432ns
    Source Clock Delay      (SCD):    0.410ns
    Clock Pessimism Removal (CPR):    -0.000ns

    Location             Delay type                Incr(ns)  Path(ns)    Netlist Resource(s)
  -------------------------------------------------------------------    -------------------
                         (clock clk rise edge)        0.000     0.000 r
                                                      0.000     0.000 r  clk (IN)
                         net (fo=1330, unset)         0.410     0.410    clk
    SLICE_X33Y71         FDRE                                         r  log_work_reg[19]/C
  -------------------------------------------------------------------    -------------------
    SLICE_X33Y71         FDRE (Prop_fdre_C_Q)         0.141     0.551 r  log_work_reg[19]/Q
                         net (fo=6, routed)           0.082     0.633    log_work_reg_n_0_[19]
    SLICE_X32Y71         LUT5 (Prop_lut5_I2_O)        0.045     0.678 r  log_work[20]_i_1/O
                         net (fo=1, routed)           0.000     0.678    log_work[20]_i_1_n_0
    SLICE_X32Y71         FDRE                                         r  log_work_reg[20]/D
  -------------------------------------------------------------------    -------------------

                         (clock clk rise edge)        0.000     0.000 r
                                                      0.000     0.000 r  clk (IN)
                         net (fo=1330, unset)         0.432     0.432    clk
    SLICE_X32Y71         FDRE                                         r  log_work_reg[20]/C
                         clock pessimism              0.000     0.432
    SLICE_X32Y71         FDRE (Hold_fdre_C_D)         0.092     0.524    log_work_reg[20]
  -------------------------------------------------------------------
                         required time                         -0.524
                         arrival time                           0.678
  -------------------------------------------------------------------
                         slack                                  0.154

Slack (MET) :             0.157ns  (arrival time - required time)
  Source:                 difference_reg[29]/C
                            (rising edge-triggered cell FDRE clocked by clk  {rise@0.000ns fall@10.000ns period=20.000ns})
  Destination:            wide_a_reg[29]/D
                            (rising edge-triggered cell FDRE clocked by clk  {rise@0.000ns fall@10.000ns period=20.000ns})
  Path Group:             clk
  Path Type:              Hold (Min at Fast Process Corner)
  Requirement:            0.000ns  (clk rise@0.000ns - clk rise@0.000ns)
  Data Path Delay:        0.270ns  (logic 0.209ns (77.339%)  route 0.061ns (22.661%))
  Logic Levels:           1  (LUT5=1)
  Clock Path Skew:        0.022ns (DCD - SCD - CPR)
    Destination Clock Delay (DCD):    0.432ns
    Source Clock Delay      (SCD):    0.410ns
    Clock Pessimism Removal (CPR):    -0.000ns

    Location             Delay type                Incr(ns)  Path(ns)    Netlist Resource(s)
  -------------------------------------------------------------------    -------------------
                         (clock clk rise edge)        0.000     0.000 r
                                                      0.000     0.000 r  clk (IN)
                         net (fo=1330, unset)         0.410     0.410    clk
    SLICE_X42Y67         FDRE                                         r  difference_reg[29]/C
  -------------------------------------------------------------------    -------------------
    SLICE_X42Y67         FDRE (Prop_fdre_C_Q)         0.164     0.574 r  difference_reg[29]/Q
                         net (fo=2, routed)           0.061     0.635    difference_reg_n_0_[29]
    SLICE_X43Y67         LUT5 (Prop_lut5_I2_O)        0.045     0.680 r  wide_a[29]_i_1/O
                         net (fo=1, routed)           0.000     0.680    wide_a[29]
    SLICE_X43Y67         FDRE                                         r  wide_a_reg[29]/D
  -------------------------------------------------------------------    -------------------

                         (clock clk rise edge)        0.000     0.000 r
                                                      0.000     0.000 r  clk (IN)
                         net (fo=1330, unset)         0.432     0.432    clk
    SLICE_X43Y67         FDRE                                         r  wide_a_reg[29]/C
                         clock pessimism              0.000     0.432
    SLICE_X43Y67         FDRE (Hold_fdre_C_D)         0.092     0.524    wide_a_reg[29]
  -------------------------------------------------------------------
                         required time                         -0.524
                         arrival time                           0.680
  -------------------------------------------------------------------
                         slack                                  0.157

Slack (MET) :             0.158ns  (arrival time - required time)
  Source:                 capture/position_reg[4]/C
                            (rising edge-triggered cell FDRE clocked by clk  {rise@0.000ns fall@10.000ns period=20.000ns})
  Destination:            capture/position_reg[5]/D
                            (rising edge-triggered cell FDRE clocked by clk  {rise@0.000ns fall@10.000ns period=20.000ns})
  Path Group:             clk
  Path Type:              Hold (Min at Fast Process Corner)
  Requirement:            0.000ns  (clk rise@0.000ns - clk rise@0.000ns)
  Data Path Delay:        0.271ns  (logic 0.186ns (68.566%)  route 0.085ns (31.434%))
  Logic Levels:           1  (LUT6=1)
  Clock Path Skew:        0.022ns (DCD - SCD - CPR)
    Destination Clock Delay (DCD):    0.432ns
    Source Clock Delay      (SCD):    0.410ns
    Clock Pessimism Removal (CPR):    -0.000ns

    Location             Delay type                Incr(ns)  Path(ns)    Netlist Resource(s)
  -------------------------------------------------------------------    -------------------
                         (clock clk rise edge)        0.000     0.000 r
                                                      0.000     0.000 r  clk (IN)
                         net (fo=1330, unset)         0.410     0.410    capture/clk
    SLICE_X44Y52         FDRE                                         r  capture/position_reg[4]/C
  -------------------------------------------------------------------    -------------------
    SLICE_X44Y52         FDRE (Prop_fdre_C_Q)         0.141     0.551 r  capture/position_reg[4]/Q
                         net (fo=6, routed)           0.085     0.636    capture/position[4]
    SLICE_X45Y52         LUT6 (Prop_lut6_I5_O)        0.045     0.681 r  capture/position[5]_i_1/O
                         net (fo=1, routed)           0.000     0.681    capture/position__0[5]
    SLICE_X45Y52         FDRE                                         r  capture/position_reg[5]/D
  -------------------------------------------------------------------    -------------------

                         (clock clk rise edge)        0.000     0.000 r
                                                      0.000     0.000 r  clk (IN)
                         net (fo=1330, unset)         0.432     0.432    capture/clk
    SLICE_X45Y52         FDRE                                         r  capture/position_reg[5]/C
                         clock pessimism              0.000     0.432
    SLICE_X45Y52         FDRE (Hold_fdre_C_D)         0.092     0.524    capture/position_reg[5]
  -------------------------------------------------------------------
                         required time                         -0.524
                         arrival time                           0.681
  -------------------------------------------------------------------
                         slack                                  0.158

Slack (MET) :             0.160ns  (arrival time - required time)
  Source:                 log_work_reg[53]/C
                            (rising edge-triggered cell FDRE clocked by clk  {rise@0.000ns fall@10.000ns period=20.000ns})
  Destination:            log_work_reg[54]/D
                            (rising edge-triggered cell FDRE clocked by clk  {rise@0.000ns fall@10.000ns period=20.000ns})
  Path Group:             clk
  Path Type:              Hold (Min at Fast Process Corner)
  Requirement:            0.000ns  (clk rise@0.000ns - clk rise@0.000ns)
  Data Path Delay:        0.273ns  (logic 0.186ns (68.109%)  route 0.087ns (31.891%))
  Logic Levels:           1  (LUT5=1)
  Clock Path Skew:        0.022ns (DCD - SCD - CPR)
    Destination Clock Delay (DCD):    0.432ns
    Source Clock Delay      (SCD):    0.410ns
    Clock Pessimism Removal (CPR):    -0.000ns

    Location             Delay type                Incr(ns)  Path(ns)    Netlist Resource(s)
  -------------------------------------------------------------------    -------------------
                         (clock clk rise edge)        0.000     0.000 r
                                                      0.000     0.000 r  clk (IN)
                         net (fo=1330, unset)         0.410     0.410    clk
    SLICE_X32Y77         FDRE                                         r  log_work_reg[53]/C
  -------------------------------------------------------------------    -------------------
    SLICE_X32Y77         FDRE (Prop_fdre_C_Q)         0.141     0.551 r  log_work_reg[53]/Q
                         net (fo=6, routed)           0.087     0.638    log_work_reg_n_0_[53]
    SLICE_X33Y77         LUT5 (Prop_lut5_I2_O)        0.045     0.683 r  log_work[54]_i_1/O
                         net (fo=1, routed)           0.000     0.683    log_work[54]_i_1_n_0
    SLICE_X33Y77         FDRE                                         r  log_work_reg[54]/D
  -------------------------------------------------------------------    -------------------

                         (clock clk rise edge)        0.000     0.000 r
                                                      0.000     0.000 r  clk (IN)
                         net (fo=1330, unset)         0.432     0.432    clk
    SLICE_X33Y77         FDRE                                         r  log_work_reg[54]/C
                         clock pessimism              0.000     0.432
    SLICE_X33Y77         FDRE (Hold_fdre_C_D)         0.092     0.524    log_work_reg[54]
  -------------------------------------------------------------------
                         required time                         -0.524
                         arrival time                           0.683
  -------------------------------------------------------------------
                         slack                                  0.160

Slack (MET) :             0.160ns  (arrival time - required time)
  Source:                 difference_reg[25]/C
                            (rising edge-triggered cell FDRE clocked by clk  {rise@0.000ns fall@10.000ns period=20.000ns})
  Destination:            wide_a_reg[25]/D
                            (rising edge-triggered cell FDRE clocked by clk  {rise@0.000ns fall@10.000ns period=20.000ns})
  Path Group:             clk
  Path Type:              Hold (Min at Fast Process Corner)
  Requirement:            0.000ns  (clk rise@0.000ns - clk rise@0.000ns)
  Data Path Delay:        0.273ns  (logic 0.209ns (76.490%)  route 0.064ns (23.510%))
  Logic Levels:           1  (LUT5=1)
  Clock Path Skew:        0.022ns (DCD - SCD - CPR)
    Destination Clock Delay (DCD):    0.432ns
    Source Clock Delay      (SCD):    0.410ns
    Clock Pessimism Removal (CPR):    -0.000ns

    Location             Delay type                Incr(ns)  Path(ns)    Netlist Resource(s)
  -------------------------------------------------------------------    -------------------
                         (clock clk rise edge)        0.000     0.000 r
                                                      0.000     0.000 r  clk (IN)
                         net (fo=1330, unset)         0.410     0.410    clk
    SLICE_X42Y66         FDRE                                         r  difference_reg[25]/C
  -------------------------------------------------------------------    -------------------
    SLICE_X42Y66         FDRE (Prop_fdre_C_Q)         0.164     0.574 r  difference_reg[25]/Q
                         net (fo=2, routed)           0.064     0.638    difference_reg_n_0_[25]
    SLICE_X43Y66         LUT5 (Prop_lut5_I2_O)        0.045     0.683 r  wide_a[25]_i_1/O
                         net (fo=1, routed)           0.000     0.683    wide_a[25]
    SLICE_X43Y66         FDRE                                         r  wide_a_reg[25]/D
  -------------------------------------------------------------------    -------------------

                         (clock clk rise edge)        0.000     0.000 r
                                                      0.000     0.000 r  clk (IN)
                         net (fo=1330, unset)         0.432     0.432    clk
    SLICE_X43Y66         FDRE                                         r  wide_a_reg[25]/C
                         clock pessimism              0.000     0.432
    SLICE_X43Y66         FDRE (Hold_fdre_C_D)         0.092     0.524    wide_a_reg[25]
  -------------------------------------------------------------------
                         required time                         -0.524
                         arrival time                           0.683
  -------------------------------------------------------------------
                         slack                                  0.160

Slack (MET) :             0.160ns  (arrival time - required time)
  Source:                 difference_reg[2]/C
                            (rising edge-triggered cell FDRE clocked by clk  {rise@0.000ns fall@10.000ns period=20.000ns})
  Destination:            wide_a_reg[2]/D
                            (rising edge-triggered cell FDRE clocked by clk  {rise@0.000ns fall@10.000ns period=20.000ns})
  Path Group:             clk
  Path Type:              Hold (Min at Fast Process Corner)
  Requirement:            0.000ns  (clk rise@0.000ns - clk rise@0.000ns)
  Data Path Delay:        0.272ns  (logic 0.209ns (76.771%)  route 0.063ns (23.229%))
  Logic Levels:           1  (LUT5=1)
  Clock Path Skew:        0.022ns (DCD - SCD - CPR)
    Destination Clock Delay (DCD):    0.432ns
    Source Clock Delay      (SCD):    0.410ns
    Clock Pessimism Removal (CPR):    -0.000ns

    Location             Delay type                Incr(ns)  Path(ns)    Netlist Resource(s)
  -------------------------------------------------------------------    -------------------
                         (clock clk rise edge)        0.000     0.000 r
                                                      0.000     0.000 r  clk (IN)
                         net (fo=1330, unset)         0.410     0.410    clk
    SLICE_X42Y60         FDRE                                         r  difference_reg[2]/C
  -------------------------------------------------------------------    -------------------
    SLICE_X42Y60         FDRE (Prop_fdre_C_Q)         0.164     0.574 r  difference_reg[2]/Q
                         net (fo=2, routed)           0.063     0.637    difference_reg_n_0_[2]
    SLICE_X43Y60         LUT5 (Prop_lut5_I2_O)        0.045     0.682 r  wide_a[2]_i_1/O
                         net (fo=1, routed)           0.000     0.682    wide_a[2]
    SLICE_X43Y60         FDRE                                         r  wide_a_reg[2]/D
  -------------------------------------------------------------------    -------------------

                         (clock clk rise edge)        0.000     0.000 r
                                                      0.000     0.000 r  clk (IN)
                         net (fo=1330, unset)         0.432     0.432    clk
    SLICE_X43Y60         FDRE                                         r  wide_a_reg[2]/C
                         clock pessimism              0.000     0.432
    SLICE_X43Y60         FDRE (Hold_fdre_C_D)         0.091     0.523    wide_a_reg[2]
  -------------------------------------------------------------------
                         required time                         -0.523
                         arrival time                           0.682
  -------------------------------------------------------------------
                         slack                                  0.160

Slack (MET) :             0.165ns  (arrival time - required time)
  Source:                 log_work_reg[60]/C
                            (rising edge-triggered cell FDRE clocked by clk  {rise@0.000ns fall@10.000ns period=20.000ns})
  Destination:            log_work_reg[61]/D
                            (rising edge-triggered cell FDRE clocked by clk  {rise@0.000ns fall@10.000ns period=20.000ns})
  Path Group:             clk
  Path Type:              Hold (Min at Fast Process Corner)
  Requirement:            0.000ns  (clk rise@0.000ns - clk rise@0.000ns)
  Data Path Delay:        0.279ns  (logic 0.186ns (66.750%)  route 0.093ns (33.250%))
  Logic Levels:           1  (LUT5=1)
  Clock Path Skew:        0.022ns (DCD - SCD - CPR)
    Destination Clock Delay (DCD):    0.432ns
    Source Clock Delay      (SCD):    0.410ns
    Clock Pessimism Removal (CPR):    -0.000ns

    Location             Delay type                Incr(ns)  Path(ns)    Netlist Resource(s)
  -------------------------------------------------------------------    -------------------
                         (clock clk rise edge)        0.000     0.000 r
                                                      0.000     0.000 r  clk (IN)
                         net (fo=1330, unset)         0.410     0.410    clk
    SLICE_X33Y79         FDRE                                         r  log_work_reg[60]/C
  -------------------------------------------------------------------    -------------------
    SLICE_X33Y79         FDRE (Prop_fdre_C_Q)         0.141     0.551 r  log_work_reg[60]/Q
                         net (fo=6, routed)           0.093     0.644    log_work_reg_n_0_[60]
    SLICE_X32Y79         LUT5 (Prop_lut5_I2_O)        0.045     0.689 r  log_work[61]_i_1/O
                         net (fo=1, routed)           0.000     0.689    log_work[61]_i_1_n_0
    SLICE_X32Y79         FDRE                                         r  log_work_reg[61]/D
  -------------------------------------------------------------------    -------------------

                         (clock clk rise edge)        0.000     0.000 r
                                                      0.000     0.000 r  clk (IN)
                         net (fo=1330, unset)         0.432     0.432    clk
    SLICE_X32Y79         FDRE                                         r  log_work_reg[61]/C
                         clock pessimism              0.000     0.432
    SLICE_X32Y79         FDRE (Hold_fdre_C_D)         0.092     0.524    log_work_reg[61]
  -------------------------------------------------------------------
                         required time                         -0.524
                         arrival time                           0.689
  -------------------------------------------------------------------
                         slack                                  0.165

Slack (MET) :             0.168ns  (arrival time - required time)
  Source:                 clip_id_reg[18]/C
                            (rising edge-triggered cell FDRE clocked by clk  {rise@0.000ns fall@10.000ns period=20.000ns})
  Destination:            out_frame_id_reg[18]/D
                            (rising edge-triggered cell FDRE clocked by clk  {rise@0.000ns fall@10.000ns period=20.000ns})
  Path Group:             clk
  Path Type:              Hold (Min at Fast Process Corner)
  Requirement:            0.000ns  (clk rise@0.000ns - clk rise@0.000ns)
  Data Path Delay:        0.265ns  (logic 0.164ns (61.886%)  route 0.101ns (38.114%))
  Logic Levels:           0
  Clock Path Skew:        0.022ns (DCD - SCD - CPR)
    Destination Clock Delay (DCD):    0.432ns
    Source Clock Delay      (SCD):    0.410ns
    Clock Pessimism Removal (CPR):    -0.000ns

    Location             Delay type                Incr(ns)  Path(ns)    Netlist Resource(s)
  -------------------------------------------------------------------    -------------------
                         (clock clk rise edge)        0.000     0.000 r
                                                      0.000     0.000 r  clk (IN)
                         net (fo=1330, unset)         0.410     0.410    clk
    SLICE_X30Y89         FDRE                                         r  clip_id_reg[18]/C
  -------------------------------------------------------------------    -------------------
    SLICE_X30Y89         FDRE (Prop_fdre_C_Q)         0.164     0.574 r  clip_id_reg[18]/Q
                         net (fo=1, routed)           0.101     0.675    clip_id[18]
    SLICE_X33Y89         FDRE                                         r  out_frame_id_reg[18]/D
  -------------------------------------------------------------------    -------------------

                         (clock clk rise edge)        0.000     0.000 r
                                                      0.000     0.000 r  clk (IN)
                         net (fo=1330, unset)         0.432     0.432    clk
    SLICE_X33Y89         FDRE                                         r  out_frame_id_reg[18]/C
                         clock pessimism              0.000     0.432
    SLICE_X33Y89         FDRE (Hold_fdre_C_D)         0.075     0.507    out_frame_id_reg[18]
  -------------------------------------------------------------------
                         required time                         -0.507
                         arrival time                           0.675
  -------------------------------------------------------------------
                         slack                                  0.168

Slack (MET) :             0.168ns  (arrival time - required time)
  Source:                 active_id_reg[22]/C
                            (rising edge-triggered cell FDRE clocked by clk  {rise@0.000ns fall@10.000ns period=20.000ns})
  Destination:            previous_id_reg[22]/D
                            (rising edge-triggered cell FDRE clocked by clk  {rise@0.000ns fall@10.000ns period=20.000ns})
  Path Group:             clk
  Path Type:              Hold (Min at Fast Process Corner)
  Requirement:            0.000ns  (clk rise@0.000ns - clk rise@0.000ns)
  Data Path Delay:        0.237ns  (logic 0.141ns (59.488%)  route 0.096ns (40.512%))
  Logic Levels:           0
  Clock Path Skew:        0.022ns (DCD - SCD - CPR)
    Destination Clock Delay (DCD):    0.432ns
    Source Clock Delay      (SCD):    0.410ns
    Clock Pessimism Removal (CPR):    -0.000ns

    Location             Delay type                Incr(ns)  Path(ns)    Netlist Resource(s)
  -------------------------------------------------------------------    -------------------
                         (clock clk rise edge)        0.000     0.000 r
                                                      0.000     0.000 r  clk (IN)
                         net (fo=1330, unset)         0.410     0.410    clk
    SLICE_X32Y92         FDRE                                         r  active_id_reg[22]/C
  -------------------------------------------------------------------    -------------------
    SLICE_X32Y92         FDRE (Prop_fdre_C_Q)         0.141     0.551 r  active_id_reg[22]/Q
                         net (fo=1, routed)           0.096     0.647    dbg_frame[22]
    SLICE_X31Y92         FDRE                                         r  previous_id_reg[22]/D
  -------------------------------------------------------------------    -------------------

                         (clock clk rise edge)        0.000     0.000 r
                                                      0.000     0.000 r  clk (IN)
                         net (fo=1330, unset)         0.432     0.432    clk
    SLICE_X31Y92         FDRE                                         r  previous_id_reg[22]/C
                         clock pessimism              0.000     0.432
    SLICE_X31Y92         FDRE (Hold_fdre_C_D)         0.047     0.479    previous_id_reg[22]
  -------------------------------------------------------------------
                         required time                         -0.479
                         arrival time                           0.647
  -------------------------------------------------------------------
                         slack                                  0.168

Slack (MET) :             0.169ns  (arrival time - required time)
  Source:                 active_id_reg[21]/C
                            (rising edge-triggered cell FDRE clocked by clk  {rise@0.000ns fall@10.000ns period=20.000ns})
  Destination:            previous_id_reg[21]/D
                            (rising edge-triggered cell FDRE clocked by clk  {rise@0.000ns fall@10.000ns period=20.000ns})
  Path Group:             clk
  Path Type:              Hold (Min at Fast Process Corner)
  Requirement:            0.000ns  (clk rise@0.000ns - clk rise@0.000ns)
  Data Path Delay:        0.238ns  (logic 0.141ns (59.244%)  route 0.097ns (40.756%))
  Logic Levels:           0
  Clock Path Skew:        0.022ns (DCD - SCD - CPR)
    Destination Clock Delay (DCD):    0.432ns
    Source Clock Delay      (SCD):    0.410ns
    Clock Pessimism Removal (CPR):    -0.000ns

    Location             Delay type                Incr(ns)  Path(ns)    Netlist Resource(s)
  -------------------------------------------------------------------    -------------------
                         (clock clk rise edge)        0.000     0.000 r
                                                      0.000     0.000 r  clk (IN)
                         net (fo=1330, unset)         0.410     0.410    clk
    SLICE_X32Y92         FDRE                                         r  active_id_reg[21]/C
  -------------------------------------------------------------------    -------------------
    SLICE_X32Y92         FDRE (Prop_fdre_C_Q)         0.141     0.551 r  active_id_reg[21]/Q
                         net (fo=1, routed)           0.097     0.648    dbg_frame[21]
    SLICE_X31Y92         FDRE                                         r  previous_id_reg[21]/D
  -------------------------------------------------------------------    -------------------

                         (clock clk rise edge)        0.000     0.000 r
                                                      0.000     0.000 r  clk (IN)
                         net (fo=1330, unset)         0.432     0.432    clk
    SLICE_X31Y92         FDRE                                         r  previous_id_reg[21]/C
                         clock pessimism              0.000     0.432
    SLICE_X31Y92         FDRE (Hold_fdre_C_D)         0.047     0.479    previous_id_reg[21]
  -------------------------------------------------------------------
                         required time                         -0.479
                         arrival time                           0.648
  -------------------------------------------------------------------
                         slack                                  0.169
