mkdir: /home/researcher/.config/yosyshq: Operation not permitted
mkdir: /home/researcher/.local/share/yosyshq: Operation not permitted
Info: constrained 'clk12' to bel 'X19/Y0/io1'
Info: constrained 'flash_cs_n' to bel 'X24/Y0/io1'
Info: constrained 'flash_sclk' to bel 'X24/Y0/io0'
Info: constrained 'flash_mosi' to bel 'X23/Y0/io1'
Info: constrained 'flash_miso' to bel 'X23/Y0/io0'
Info: constrained 'sensor_cs_n' to bel 'X19/Y31/io0'
Info: constrained 'sensor_sclk' to bel 'X19/Y31/io1'
Info: constrained 'sensor_mosi' to bel 'X18/Y31/io0'
Info: constrained 'sensor_miso' to bel 'X18/Y31/io1'
Info: constrained 'sensor_drdy' to bel 'X16/Y31/io0'
Info: constrained 'status_done' to bel 'X18/Y0/io1'
Info: constrained 'status_error' to bel 'X18/Y0/io0'
Info: constrained 'status_running' to bel 'X19/Y0/io0'

Info: Packing constants..
Info: Packing IOs..
Info: Packing LUT-FFs..
Info:     3112 LCs used as LUT4 only
Info:     1170 LCs used as LUT4 and DFF
Info: Packing non-LUT FFs..
Info:      926 LCs used as DFF only
Info: Packing carries..
Info:      454 LCs used as CARRY only
Info: Packing indirect carry+LUT pairs...
Info:       99 LUTs merged into carry LCs
Info: Packing RAMs..
Info: Placing PLLs..
Info: Packing special functions..
Info: Packing PLLs..
Info: Promoting globals..
Info: promoting clk12$SB_IO_IN (fanout 2135)
Info: promoting rst [reset] (fanout 970)
Info: promoting system.classifier.core.dft_group_SB_DFFESR_Q_D_SB_LUT4_I2_O_SB_LUT4_O_2_I1[1] [reset] (fanout 716)
Info: promoting system.classifier.core.out_valid_SB_DFFESR_Q_E_SB_LUT4_O_I1_SB_LUT4_I2_O [cen] (fanout 186)
Info: promoting system.classifier.core.store_lane_SB_DFFESR_Q_D_SB_LUT4_O_I3_SB_LUT4_I1_O [cen] (fanout 160)
Info: promoting system.storing_SB_DFFSR_Q_D_SB_LUT4_O_I3_SB_LUT4_I3_O [cen] (fanout 128)
Info: promoting system.capture.sample_valid_SB_LUT4_I3_O_SB_LUT4_I2_O [cen] (fanout 65)
Info: promoting $PACKER_GND_NET (fanout 9)
Info: Constraining chains...
Info:       96 LCs used to legalise carry chains.
Info: Checksum: 0x4cf1a820

Info: Device utilisation:
Info: 	         ICESTORM_LC:    5664/   5280   107%
Info: 	        ICESTORM_RAM:      20/     30    66%
Info: 	               SB_IO:      13/     39    33%
Info: 	               SB_GB:       8/      8   100%
Info: 	        ICESTORM_PLL:       0/      1     0%
Info: 	         SB_WARMBOOT:       0/      1     0%
Info: 	        ICESTORM_DSP:       4/      8    50%
Info: 	      ICESTORM_HFOSC:       0/      1     0%
Info: 	      ICESTORM_LFOSC:       0/      1     0%
Info: 	              SB_I2C:       0/      2     0%
Info: 	              SB_SPI:       0/      2     0%
Info: 	              IO_I3C:       0/      2     0%
Info: 	         SB_LEDDA_IP:       0/      1     0%
Info: 	         SB_RGBA_DRV:       0/      1     0%
Info: 	      ICESTORM_SPRAM:       4/      4   100%

Info: Placed 13 cells based on constraints.
Info: Creating initial analytic placement for 4120 cells, random placement wirelen = 135256.
Info:     at initial placer iter 0, wirelen = 1902
Info:     at initial placer iter 1, wirelen = 1980
Info:     at initial placer iter 2, wirelen = 2452
Info:     at initial placer iter 3, wirelen = 2061
Info: Running main analytical placer, max placement attempts per cell = 4079796.
ERROR: Failed to expand region (0, 0) |_> (25, 31) of 5664 ICESTORM_LCs
0 warnings, 1 error
