Info: constrained 'flash_cs_n' to bel 'X24/Y0/io1'
Info: constrained 'flash_sclk' to bel 'X24/Y0/io0'
Info: constrained 'flash_mosi' to bel 'X23/Y0/io0'
Info: constrained 'flash_miso' to bel 'X23/Y0/io1'
Info: constrained 'status_done' to bel 'X18/Y0/io1'
Info: constrained 'status_error' to bel 'X18/Y0/io0'
Info: constrained 'status_running' to bel 'X19/Y0/io0'
Info: constraining clock net 'clk' to 13.20 MHz

Info: Packing constants..
Info: Packing IOs..
Info: Packing LUT-FFs..
Info:     3043 LCs used as LUT4 only
Info:     1133 LCs used as LUT4 and DFF
Info: Packing non-LUT FFs..
Info:      520 LCs used as DFF only
Info: Packing carries..
Info:      455 LCs used as CARRY only
Info: Packing indirect carry+LUT pairs...
Info:       26 LUTs merged into carry LCs
Info: Packing RAMs..
Info: Placing PLLs..
Info: Packing special functions..
Info:   constrained ICESTORM_HFOSC 'oscillator_OSC' to X0/Y31/hfosc_1
Warning:     Overriding derived constraint of 12.0 MHz on net clk with user-specified constraint of 13.2 MHz.
Info: Packing PLLs..
Info: Promoting globals..
Info: promoting startup_SB_CARRY_I0_CO_SB_CARRY_CI_CO_SB_CARRY_CI_CO_SB_CARRY_CI_CO_SB_CARRY_CI_CO_SB_CARRY_CI_CO_SB_CARRY_CI_CO_SB_CARRY_CI_CO_SB_LUT4_I3_O [reset] (fanout 884)
Info: promoting system.core.operand_b[0]_SB_LUT4_O_15_I2[0] [reset] (fanout 212)
Info: promoting system.core.ram_part_SB_DFFESR_Q_E_SB_LUT4_O_I3_SB_LUT4_O_I3[1] [reset] (fanout 64)
Info: promoting system.core.valid1_SB_LUT4_I0_O [cen] (fanout 192)
Info: promoting system.core.arithmetic_error_SB_DFFESR_Q_2_E_SB_LUT4_O_I3_SB_LUT4_O_1_I3_SB_LUT4_O_I2_SB_LUT4_I3_O_SB_LUT4_O_I3_SB_LUT4_I3_O_SB_LUT4_I3_O [cen] (fanout 64)
Info: promoting system.core.valid1_SB_LUT4_I0_2_O_SB_LUT4_O_I3_SB_LUT4_I3_O_SB_LUT4_I3_O_SB_LUT4_I3_O [cen] (fanout 64)
Info: promoting system.core.quant_value_SB_DFFESR_Q_E [cen] (fanout 64)
Info: Constraining chains...
Info:       91 LCs used to legalise carry chains.
Info: Checksum: 0x7c1d7224

Info: Device utilisation:
Info: 	         ICESTORM_LC:    5221/   5280    98%
Info: 	        ICESTORM_RAM:      28/     30    93%
Info: 	               SB_IO:       7/     39    17%
Info: 	               SB_GB:       8/      8   100%
Info: 	        ICESTORM_PLL:       0/      1     0%
Info: 	         SB_WARMBOOT:       0/      1     0%
Info: 	        ICESTORM_DSP:       4/      8    50%
Info: 	      ICESTORM_HFOSC:       1/      1   100%
Info: 	      ICESTORM_LFOSC:       0/      1     0%
Info: 	              SB_I2C:       0/      2     0%
Info: 	              SB_SPI:       0/      2     0%
Info: 	              IO_I3C:       0/      2     0%
Info: 	         SB_LEDDA_IP:       0/      1     0%
Info: 	         SB_RGBA_DRV:       0/      1     0%
Info: 	      ICESTORM_SPRAM:       1/      4    25%

Info: Placed 9 cells based on constraints.
Info: Creating initial analytic placement for 3490 cells, random placement wirelen = 120727.
Info:     at initial placer iter 0, wirelen = 3854
Info:     at initial placer iter 1, wirelen = 3717
Info:     at initial placer iter 2, wirelen = 3637
Info:     at initial placer iter 3, wirelen = 3618
Info: Running main analytical placer, max placement attempts per cell = 3471612.
Info:     at iteration #1, type ALL: wirelen solved = 3642, spread = 52929, legal = 61595; time = 0.15s
Info:     at iteration #2, type ALL: wirelen solved = 2998, spread = 47631, legal = 67004; time = 0.31s
Info:     at iteration #3, type ALL: wirelen solved = 4207, spread = 45570, legal = 57204; time = 0.14s
Info:     at iteration #4, type ALL: wirelen solved = 5020, spread = 40161, legal = 55791; time = 0.18s
Info:     at iteration #5, type ALL: wirelen solved = 6232, spread = 39606, legal = 56976; time = 0.31s
Info:     at iteration #6, type ALL: wirelen solved = 6725, spread = 37331, legal = 49240; time = 0.14s
Info:     at iteration #7, type ALL: wirelen solved = 7417, spread = 36304, legal = 50035; time = 0.14s
Info:     at iteration #8, type ALL: wirelen solved = 7989, spread = 34256, legal = 50290; time = 0.17s
Info:     at iteration #9, type ALL: wirelen solved = 8508, spread = 33106, legal = 50029; time = 0.15s
Info:     at iteration #10, type ALL: wirelen solved = 9001, spread = 31228, legal = 50900; time = 0.18s
Info:     at iteration #11, type ALL: wirelen solved = 8970, spread = 33162, legal = 48758; time = 0.18s
Info:     at iteration #12, type ALL: wirelen solved = 10053, spread = 29989, legal = 49204; time = 0.17s
Info:     at iteration #13, type ALL: wirelen solved = 10104, spread = 29673, legal = 46218; time = 0.13s
Info:     at iteration #14, type ALL: wirelen solved = 10697, spread = 28845, legal = 44670; time = 0.13s
Info:     at iteration #15, type ALL: wirelen solved = 11119, spread = 30442, legal = 44904; time = 0.14s
Info:     at iteration #16, type ALL: wirelen solved = 11934, spread = 28658, legal = 44947; time = 0.13s
Info:     at iteration #17, type ALL: wirelen solved = 12160, spread = 27293, legal = 41798; time = 0.14s
Info:     at iteration #18, type ALL: wirelen solved = 12121, spread = 28951, legal = 45072; time = 0.14s
Info:     at iteration #19, type ALL: wirelen solved = 12535, spread = 28424, legal = 42678; time = 0.15s
Info:     at iteration #20, type ALL: wirelen solved = 13489, spread = 27822, legal = 43323; time = 0.15s
Info:     at iteration #21, type ALL: wirelen solved = 13567, spread = 27884, legal = 42681; time = 0.12s
Info:     at iteration #22, type ALL: wirelen solved = 13652, spread = 28330, legal = 42362; time = 0.14s
Info: HeAP Placer Time: 3.95s
Info:   of which solving equations: 0.74s
Info:   of which spreading cells: 0.09s
Info:   of which strict legalisation: 2.90s

Info: Running simulated annealing placer for refinement.
Info:   at iteration #1: temp = 0.000000, timing cost = 2166, wirelen = 41798
Info:   at iteration #5: temp = 0.000000, timing cost = 1347, wirelen = 30936
Info:   at iteration #10: temp = 0.000000, timing cost = 1298, wirelen = 28833
Info:   at iteration #15: temp = 0.000000, timing cost = 1579, wirelen = 27506
Info:   at iteration #20: temp = 0.000000, timing cost = 1759, wirelen = 26838
Info:   at iteration #25: temp = 0.000000, timing cost = 1705, wirelen = 26587
Info:   at iteration #30: temp = 0.000000, timing cost = 1696, wirelen = 26524
Info:   at iteration #35: temp = 0.000000, timing cost = 1709, wirelen = 26492
Info:   at iteration #38: temp = 0.000000, timing cost = 1707, wirelen = 26486
Info: SA placement time 2.25s

Info: Max frequency for clock 'clk': 17.89 MHz (PASS at 13.20 MHz)

Info: Clock '$PACKER_GND_NET' has no interior paths

Info: Max delay <async>     -> posedge clk: 5.32 ns
Info: Max delay posedge clk -> <async>    : 14.83 ns

Info: Slack histogram:
Info:  legend: * represents 17 endpoint(s)
Info:          + represents [1,17) endpoint(s)
Info: [ 19867,  22514) |**+
Info: [ 22514,  25161) |**+
Info: [ 25161,  27808) |***+
Info: [ 27808,  30455) |**+
Info: [ 30455,  33102) |*+
Info: [ 33102,  35749) |**+
Info: [ 35749,  38396) |*********+
Info: [ 38396,  41043) |**********+
Info: [ 41043,  43690) |******+
Info: [ 43690,  46337) |************+
Info: [ 46337,  48984) |*******************+
Info: [ 48984,  51631) |************************************+
Info: [ 51631,  54278) |****************************************+
Info: [ 54278,  56925) |****************************************+
Info: [ 56925,  59572) |******************************************+
Info: [ 59572,  62219) |***************************+
Info: [ 62219,  64866) |**************************+
Info: [ 64866,  67513) |*********************+
Info: [ 67513,  70160) |***************************************+
Info: [ 70160,  72807) |************************************************************
Info: Checksum: 0x9f445a5a

Info: Routing..
Info: Setting up routing queue.
Info: Routing 17436 arcs.
Info:            |   (re-)routed arcs  |   delta    | remaining|       time spent     |
Info:    IterCnt |  w/ripup   wo/ripup |  w/r  wo/r |      arcs| batch(sec) total(sec)|
Info:       1000 |       30        969 |   30   969 |     16480|       0.36       0.36|
Info:       2000 |      124       1875 |   94   906 |     15626|       0.10       0.46|
Info:       3000 |      293       2706 |  169   831 |     14872|       0.15       0.61|
Info:       4000 |      458       3405 |  165   699 |     14130|       0.11       0.73|
Info:       5000 |      635       4061 |  177   656 |     13404|       0.08       0.81|
Info:       6000 |      817       4821 |  182   760 |     12627|       0.08       0.89|
Info:       7000 |     1116       5472 |  299   651 |     12069|       0.13       1.02|
Info:       8000 |     1414       6138 |  298   666 |     11521|       0.10       1.12|
Info:       9000 |     1768       6776 |  354   638 |     11012|       0.10       1.21|
Info:      10000 |     2159       7384 |  391   608 |     10578|       0.12       1.33|
Info:      11000 |     2583       7923 |  424   539 |     10137|       0.12       1.45|
Info:      12000 |     3002       8503 |  419   580 |      9770|       0.15       1.61|
Info:      13000 |     3308       9141 |  306   638 |      9282|       0.12       1.73|
Info:      14000 |     3667       9717 |  359   576 |      8809|       0.12       1.85|
Info:      15000 |     4009      10364 |  342   647 |      8319|       0.12       1.97|
Info:      16000 |     4402      10956 |  393   592 |      7904|       0.12       2.09|
Info:      17000 |     4816      11481 |  414   525 |      7536|       0.13       2.21|
Info:      18000 |     5108      12056 |  292   575 |      7005|       0.11       2.32|
Info:      19000 |     5519      12626 |  411   570 |      6676|       0.14       2.46|
Info:      20000 |     5829      13253 |  310   627 |      6211|       0.12       2.58|
Info:      21000 |     6249      13824 |  420   571 |      5926|       0.13       2.70|
Info:      22000 |     6654      14324 |  405   500 |      5552|       0.16       2.86|
Info:      23000 |     6909      14891 |  255   567 |      4993|       0.09       2.95|
Info:      24000 |     7341      15437 |  432   546 |      4711|       0.12       3.08|
Info:      25000 |     7729      16014 |  388   577 |      4399|       0.12       3.20|
Info:      26000 |     8313      16429 |  584   415 |      4326|       0.18       3.37|
Info:      27000 |     8850      16865 |  537   436 |      4108|       0.13       3.50|
Info:      28000 |     9482      17233 |  632   368 |      3996|       0.18       3.68|
Info:      29000 |    10014      17657 |  532   424 |      3758|       0.17       3.86|
Info:      30000 |    10588      18073 |  574   416 |      3585|       0.17       4.02|
Info:      31000 |    11041      18585 |  453   512 |      3201|       0.12       4.14|
Info:      32000 |    11540      19062 |  499   477 |      2964|       0.15       4.29|
Info:      33000 |    12035      19548 |  495   486 |      2788|       0.21       4.51|
Info:      34000 |    12597      19971 |  562   423 |      2618|       0.16       4.67|
Info:      35000 |    13117      20429 |  520   458 |      2418|       0.16       4.83|
Info:      36000 |    13677      20869 |  560   440 |      2283|       0.17       5.00|
Info:      37000 |    14161      21359 |  484   490 |      2040|       0.15       5.15|
Info:      38000 |    14659      21828 |  498   469 |      1770|       0.15       5.30|
Info:      39000 |    14970      22508 |  311   680 |      1171|       0.07       5.38|
Info:      40000 |    15555      22920 |  585   412 |       992|       0.18       5.56|
Info:      41000 |    16009      23460 |  454   540 |       720|       0.20       5.76|
Info:      42000 |    16342      24122 |  333   662 |       225|       0.26       6.02|
Info:      42447 |    16480      24428 |  138   306 |         0|       0.12       6.14|
Info: Routing complete.
Info: Router1 time 6.14s
Info: Checksum: 0x43b8eec8

Info: Critical path report for clock 'clk' (posedge -> posedge):
Info:       type curr  total name
Info:   clk-to-q  1.39  1.39 Source system.controller.loaded_SB_DFFESR_Q_1_DFFLC.O
Info:    routing  3.06  4.45 Net system.controller.loaded[1] (21,7) -> (21,1)
Info:                          Sink system.controller.loaded_SB_DFFESR_Q_1_D_SB_LUT4_O_I2_SB_LUT4_O_LC.I3
Info:                          Defined in:
Info:                               rtl/io/known_replay_controller.sv:33.16-33.22
Info:      logic  0.87  5.32 Source system.controller.loaded_SB_DFFESR_Q_1_D_SB_LUT4_O_I2_SB_LUT4_O_LC.O
Info:    routing  1.76  7.08 Net system.controller.loaded_SB_DFFESR_Q_1_D_SB_LUT4_O_I2[2] (21,1) -> (21,2)
Info:                          Sink system.controller.loaded_SB_DFFESR_Q_1_D_SB_LUT4_O_LC.I2
Info:                          Defined in:
Info:                               rtl/io/known_replay_controller.sv:92.61-92.73
Info:                               LOCAL_PRIVATE_PATH 2026/digital ic/.tools/oss-cad-suite/libexec/../share/yosys/ice40/arith_map.v:62.5-70.4
Info:                               LOCAL_PRIVATE_PATH 2026/digital ic/.tools/oss-cad-suite/libexec/../share/yosys/ice40/cells_map.v:6.21-6.22
Info:      logic  0.61  7.69 Source system.controller.loaded_SB_DFFESR_Q_1_D_SB_LUT4_O_LC.COUT
Info:    routing  0.00  7.69 Net system.controller.loaded_SB_DFFESR_Q_1_D_SB_LUT4_O_I2_SB_CARRY_I1_CO (21,2) -> (21,2)
Info:                          Sink system.controller.loaded_SB_DFFESR_Q_1_D_SB_LUT4_O_I2_SB_CARRY_I1_CO_SB_LUT4_I3_LC.CIN
Info:                          Defined in:
Info:                               rtl/io/known_replay_controller.sv:92.61-92.73
Info:                               LOCAL_PRIVATE_PATH 2026/digital ic/.tools/oss-cad-suite/libexec/../share/yosys/ice40/arith_map.v:62.5-70.4
Info:                               LOCAL_PRIVATE_PATH 2026/digital ic/.tools/oss-cad-suite/libexec/../share/yosys/ice40/cells_map.v:6.21-6.22
Info:      logic  0.28  7.97 Source system.controller.loaded_SB_DFFESR_Q_1_D_SB_LUT4_O_I2_SB_CARRY_I1_CO_SB_LUT4_I3_LC.COUT
Info:    routing  0.00  7.97 Net system.controller.loaded_SB_DFFESR_Q_1_D_SB_LUT4_O_I2_SB_CARRY_I1_CO_SB_CARRY_CI_CO (21,2) -> (21,2)
Info:                          Sink system.transport.remaining_SB_DFFESR_Q_15_D_SB_LUT4_O_I2_SB_LUT4_O_I3_SB_CARRY_CI_CO_SB_LUT4_I3_O_SB_LUT4_O_I2_SB_LUT4_O_LC.CIN
Info:                          Defined in:
Info:                               rtl/io/known_replay_controller.sv:92.61-92.73
Info:                               LOCAL_PRIVATE_PATH 2026/digital ic/.tools/oss-cad-suite/libexec/../share/yosys/ice40/arith_map.v:62.5-70.4
Info:                               LOCAL_PRIVATE_PATH 2026/digital ic/.tools/oss-cad-suite/libexec/../share/yosys/ice40/cells_map.v:6.21-6.22
Info:      logic  0.28  8.25 Source system.transport.remaining_SB_DFFESR_Q_15_D_SB_LUT4_O_I2_SB_LUT4_O_I3_SB_CARRY_CI_CO_SB_LUT4_I3_O_SB_LUT4_O_I2_SB_LUT4_O_LC.COUT
Info:    routing  0.00  8.25 Net system.controller.loaded_SB_DFFESR_Q_1_D_SB_LUT4_O_I2_SB_CARRY_I1_CO_SB_CARRY_CI_CO_SB_CARRY_CI_CO (21,2) -> (21,2)
Info:                          Sink system.controller.loaded_SB_DFFESR_Q_1_D_SB_LUT4_O_I2_SB_CARRY_I1_CO_SB_CARRY_CI_CO_SB_CARRY_CI_CO_SB_LUT4_I3_LC.CIN
Info:                          Defined in:
Info:                               rtl/io/known_replay_controller.sv:92.61-92.73
Info:                               LOCAL_PRIVATE_PATH 2026/digital ic/.tools/oss-cad-suite/libexec/../share/yosys/ice40/arith_map.v:62.5-70.4
Info:                               LOCAL_PRIVATE_PATH 2026/digital ic/.tools/oss-cad-suite/libexec/../share/yosys/ice40/cells_map.v:6.21-6.22
Info:      logic  0.28  8.52 Source system.controller.loaded_SB_DFFESR_Q_1_D_SB_LUT4_O_I2_SB_CARRY_I1_CO_SB_CARRY_CI_CO_SB_CARRY_CI_CO_SB_LUT4_I3_LC.COUT
Info:    routing  0.00  8.52 Net system.controller.loaded_SB_DFFESR_Q_1_D_SB_LUT4_O_I2_SB_CARRY_I1_CO_SB_CARRY_CI_CO_SB_CARRY_CI_CO_SB_CARRY_CI_CO (21,2) -> (21,2)
Info:                          Sink system.transport.remaining_SB_DFFESR_Q_4_D_SB_LUT4_O_I2_SB_LUT4_O_I3_SB_CARRY_CO_CI_SB_LUT4_I3_O_SB_LUT4_O_I2_SB_LUT4_O_LC.CIN
Info:                          Defined in:
Info:                               rtl/io/known_replay_controller.sv:92.61-92.73
Info:                               LOCAL_PRIVATE_PATH 2026/digital ic/.tools/oss-cad-suite/libexec/../share/yosys/ice40/arith_map.v:62.5-70.4
Info:                               LOCAL_PRIVATE_PATH 2026/digital ic/.tools/oss-cad-suite/libexec/../share/yosys/ice40/cells_map.v:6.21-6.22
Info:      logic  0.28  8.80 Source system.transport.remaining_SB_DFFESR_Q_4_D_SB_LUT4_O_I2_SB_LUT4_O_I3_SB_CARRY_CO_CI_SB_LUT4_I3_O_SB_LUT4_O_I2_SB_LUT4_O_LC.COUT
Info:    routing  0.00  8.80 Net system.controller.loaded_SB_DFFESR_Q_1_D_SB_LUT4_O_I2_SB_CARRY_I1_CO_SB_CARRY_CI_CO_SB_CARRY_CI_CO_SB_CARRY_CI_CO_SB_CARRY_CI_CO (21,2) -> (21,2)
Info:                          Sink system.controller.loaded_SB_DFFESR_Q_1_D_SB_LUT4_O_I2_SB_CARRY_I1_CO_SB_CARRY_CI_CO_SB_CARRY_CI_CO_SB_CARRY_CI_CO_SB_CARRY_CI_CO_SB_LUT4_I3_LC.CIN
Info:                          Defined in:
Info:                               rtl/io/known_replay_controller.sv:92.61-92.73
Info:                               LOCAL_PRIVATE_PATH 2026/digital ic/.tools/oss-cad-suite/libexec/../share/yosys/ice40/arith_map.v:62.5-70.4
Info:                               LOCAL_PRIVATE_PATH 2026/digital ic/.tools/oss-cad-suite/libexec/../share/yosys/ice40/cells_map.v:6.21-6.22
Info:      logic  0.28  9.08 Source system.controller.loaded_SB_DFFESR_Q_1_D_SB_LUT4_O_I2_SB_CARRY_I1_CO_SB_CARRY_CI_CO_SB_CARRY_CI_CO_SB_CARRY_CI_CO_SB_CARRY_CI_CO_SB_LUT4_I3_LC.COUT
Info:    routing  0.00  9.08 Net system.transport.remaining_SB_DFFESR_Q_4_D_SB_LUT4_O_I2_SB_LUT4_O_I3_SB_CARRY_CI_CO_SB_LUT4_I3_O_SB_LUT4_O_I2_SB_LUT4_O_I2[3] (21,2) -> (21,2)
Info:                          Sink system.transport.remaining_SB_DFFESR_Q_4_D_SB_LUT4_O_I2_SB_LUT4_O_I3_SB_CARRY_CI_CO_SB_LUT4_I3_O_SB_LUT4_O_I2_SB_LUT4_O_LC.CIN
Info:                          Defined in:
Info:                               rtl/io/known_replay_controller.sv:92.61-92.73
Info:                               LOCAL_PRIVATE_PATH 2026/digital ic/.tools/oss-cad-suite/libexec/../share/yosys/ice40/arith_map.v:62.5-70.4
Info:                               LOCAL_PRIVATE_PATH 2026/digital ic/.tools/oss-cad-suite/libexec/../share/yosys/ice40/abc9_model.v:4.9-4.11
Info:      logic  0.28  9.36 Source system.transport.remaining_SB_DFFESR_Q_4_D_SB_LUT4_O_I2_SB_LUT4_O_I3_SB_CARRY_CI_CO_SB_LUT4_I3_O_SB_LUT4_O_I2_SB_LUT4_O_LC.COUT
Info:    routing  0.56  9.91 Net system.transport.remaining_SB_DFFESR_Q_4_D_SB_LUT4_O_I2_SB_LUT4_O_I3_SB_CARRY_CI_CO_SB_LUT4_I3_O_SB_LUT4_O_I2_SB_LUT4_O_I3_SB_CARRY_CI_CO (21,2) -> (21,3)
Info:                          Sink system.transport.remaining_SB_DFFESR_Q_4_D_SB_LUT4_O_I2_SB_LUT4_O_I3_SB_CARRY_CI_CO_SB_LUT4_I3_O_SB_LUT4_O_I2_SB_LUT4_O_I3_SB_CARRY_CI_CO_SB_LUT4_I3_LC.CIN
Info:                          Defined in:
Info:                               rtl/io/known_replay_controller.sv:92.61-92.73
Info:                               LOCAL_PRIVATE_PATH 2026/digital ic/.tools/oss-cad-suite/libexec/../share/yosys/ice40/arith_map.v:62.5-70.4
Info:                               LOCAL_PRIVATE_PATH 2026/digital ic/.tools/oss-cad-suite/libexec/../share/yosys/ice40/cells_map.v:6.21-6.22
Info:      logic  0.28  10.19 Source system.transport.remaining_SB_DFFESR_Q_4_D_SB_LUT4_O_I2_SB_LUT4_O_I3_SB_CARRY_CI_CO_SB_LUT4_I3_O_SB_LUT4_O_I2_SB_LUT4_O_I3_SB_CARRY_CI_CO_SB_LUT4_I3_LC.COUT
Info:    routing  0.00  10.19 Net system.transport.remaining_SB_DFFESR_Q_4_D_SB_LUT4_O_I2_SB_LUT4_O_I3_SB_CARRY_CI_CO_SB_LUT4_I3_O_SB_LUT4_O_I2_SB_LUT4_O_I3_SB_CARRY_CI_CO_SB_CARRY_CI_CO (21,3) -> (21,3)
Info:                          Sink system.transport.remaining_SB_DFFESR_Q_4_D_SB_LUT4_O_I2_SB_LUT4_O_I3_SB_CARRY_CI_CO_SB_LUT4_I3_O_SB_LUT4_O_I2_SB_LUT4_O_I3_SB_CARRY_CI_CO_SB_CARRY_CI_CO_SB_LUT4_I3_LC.CIN
Info:                          Defined in:
Info:                               rtl/io/known_replay_controller.sv:92.61-92.73
Info:                               LOCAL_PRIVATE_PATH 2026/digital ic/.tools/oss-cad-suite/libexec/../share/yosys/ice40/arith_map.v:62.5-70.4
Info:                               LOCAL_PRIVATE_PATH 2026/digital ic/.tools/oss-cad-suite/libexec/../share/yosys/ice40/cells_map.v:6.21-6.22
Info:      logic  0.28  10.47 Source system.transport.remaining_SB_DFFESR_Q_4_D_SB_LUT4_O_I2_SB_LUT4_O_I3_SB_CARRY_CI_CO_SB_LUT4_I3_O_SB_LUT4_O_I2_SB_LUT4_O_I3_SB_CARRY_CI_CO_SB_CARRY_CI_CO_SB_LUT4_I3_LC.COUT
Info:    routing  0.00  10.47 Net system.transport.remaining_SB_DFFESR_Q_4_D_SB_LUT4_O_I2_SB_LUT4_O_I3_SB_CARRY_CI_CO_SB_LUT4_I3_O_SB_LUT4_O_I2_SB_LUT4_O_I3_SB_CARRY_CI_CO_SB_CARRY_CI_CO_SB_CARRY_CI_CO (21,3) -> (21,3)
Info:                          Sink system.transport.remaining_SB_DFFESR_Q_4_D_SB_LUT4_O_I2_SB_LUT4_O_I3_SB_CARRY_CI_CO_SB_LUT4_I3_O_SB_LUT4_O_I2_SB_LUT4_O_I3_SB_CARRY_CI_CO_SB_CARRY_CI_CO_SB_CARRY_CI_CO_SB_LUT4_I3_LC.CIN
Info:                          Defined in:
Info:                               rtl/io/known_replay_controller.sv:92.61-92.73
Info:                               LOCAL_PRIVATE_PATH 2026/digital ic/.tools/oss-cad-suite/libexec/../share/yosys/ice40/arith_map.v:62.5-70.4
Info:                               LOCAL_PRIVATE_PATH 2026/digital ic/.tools/oss-cad-suite/libexec/../share/yosys/ice40/cells_map.v:6.21-6.22
Info:      logic  0.28  10.75 Source system.transport.remaining_SB_DFFESR_Q_4_D_SB_LUT4_O_I2_SB_LUT4_O_I3_SB_CARRY_CI_CO_SB_LUT4_I3_O_SB_LUT4_O_I2_SB_LUT4_O_I3_SB_CARRY_CI_CO_SB_CARRY_CI_CO_SB_CARRY_CI_CO_SB_LUT4_I3_LC.COUT
Info:    routing  0.00  10.75 Net system.transport.remaining_SB_DFFESR_Q_4_D_SB_LUT4_O_I2_SB_LUT4_O_I3_SB_CARRY_CI_CO_SB_LUT4_I3_O_SB_LUT4_O_I2_SB_LUT4_O_I3_SB_CARRY_CI_CO_SB_CARRY_CI_CO_SB_CARRY_CI_CO_SB_CARRY_CI_CO (21,3) -> (21,3)
Info:                          Sink system.transport.remaining_SB_DFFESR_Q_4_D_SB_LUT4_O_I2_SB_LUT4_O_I3_SB_CARRY_CI_CO_SB_LUT4_I3_O_SB_LUT4_O_I2_SB_LUT4_O_I3_SB_CARRY_CI_CO_SB_CARRY_CI_CO_SB_CARRY_CI_CO_SB_LUT4_I3_O_SB_CARRY_CI_I0_SB_LUT4_O_LC.CIN
Info:                          Defined in:
Info:                               rtl/io/known_replay_controller.sv:92.61-92.73
Info:                               LOCAL_PRIVATE_PATH 2026/digital ic/.tools/oss-cad-suite/libexec/../share/yosys/ice40/arith_map.v:62.5-70.4
Info:                               LOCAL_PRIVATE_PATH 2026/digital ic/.tools/oss-cad-suite/libexec/../share/yosys/ice40/cells_map.v:6.21-6.22
Info:      logic  0.28  11.03 Source system.transport.remaining_SB_DFFESR_Q_4_D_SB_LUT4_O_I2_SB_LUT4_O_I3_SB_CARRY_CI_CO_SB_LUT4_I3_O_SB_LUT4_O_I2_SB_LUT4_O_I3_SB_CARRY_CI_CO_SB_CARRY_CI_CO_SB_CARRY_CI_CO_SB_LUT4_I3_O_SB_CARRY_CI_I0_SB_LUT4_O_LC.COUT
Info:    routing  0.00  11.03 Net system.transport.remaining_SB_DFFESR_Q_4_D_SB_LUT4_O_I2_SB_LUT4_O_I3_SB_CARRY_CI_CO_SB_LUT4_I3_O_SB_LUT4_O_I2_SB_LUT4_O_I3_SB_CARRY_CI_CO_SB_CARRY_CI_CO_SB_CARRY_CI_CO_SB_CARRY_CI_CO_SB_CARRY_CI_CO (21,3) -> (21,3)
Info:                          Sink system.transport.remaining_SB_DFFESR_Q_4_D_SB_LUT4_O_I2_SB_LUT4_O_I3_SB_CARRY_CI_CO_SB_LUT4_I3_O_SB_LUT4_O_I2_SB_LUT4_O_I3_SB_CARRY_CI_CO_SB_CARRY_CI_CO_SB_CARRY_CI_CO_SB_LUT4_I3_O_SB_CARRY_CI_CO_SB_CARRY_CI_I0_SB_LUT4_O_LC.CIN
Info:                          Defined in:
Info:                               rtl/io/known_replay_controller.sv:92.61-92.73
Info:                               LOCAL_PRIVATE_PATH 2026/digital ic/.tools/oss-cad-suite/libexec/../share/yosys/ice40/arith_map.v:62.5-70.4
Info:                               LOCAL_PRIVATE_PATH 2026/digital ic/.tools/oss-cad-suite/libexec/../share/yosys/ice40/cells_map.v:6.21-6.22
Info:      logic  0.28  11.31 Source system.transport.remaining_SB_DFFESR_Q_4_D_SB_LUT4_O_I2_SB_LUT4_O_I3_SB_CARRY_CI_CO_SB_LUT4_I3_O_SB_LUT4_O_I2_SB_LUT4_O_I3_SB_CARRY_CI_CO_SB_CARRY_CI_CO_SB_CARRY_CI_CO_SB_LUT4_I3_O_SB_CARRY_CI_CO_SB_CARRY_CI_I0_SB_LUT4_O_LC.COUT
Info:    routing  0.00  11.31 Net system.transport.remaining_SB_DFFESR_Q_4_D_SB_LUT4_O_I2_SB_LUT4_O_I3_SB_CARRY_CI_CO_SB_LUT4_I3_O_SB_LUT4_O_I2_SB_LUT4_O_I3_SB_CARRY_CI_CO_SB_CARRY_CI_CO_SB_CARRY_CI_CO_SB_CARRY_CI_CO_SB_CARRY_CI_CO_SB_CARRY_CI_CO (21,3) -> (21,3)
Info:                          Sink system.transport.remaining_SB_DFFESR_Q_4_D_SB_LUT4_O_I2_SB_LUT4_O_I3_SB_CARRY_CI_CO_SB_LUT4_I3_O_SB_LUT4_O_I2_SB_LUT4_O_I3_SB_CARRY_CI_CO_SB_CARRY_CI_CO_SB_CARRY_CI_CO_SB_LUT4_I3_O_SB_CARRY_CI_CO_SB_CARRY_CI_CO_SB_CARRY_CI_I0_SB_LUT4_O_LC.CIN
Info:                          Defined in:
Info:                               rtl/io/known_replay_controller.sv:92.61-92.73
Info:                               LOCAL_PRIVATE_PATH 2026/digital ic/.tools/oss-cad-suite/libexec/../share/yosys/ice40/arith_map.v:62.5-70.4
Info:                               LOCAL_PRIVATE_PATH 2026/digital ic/.tools/oss-cad-suite/libexec/../share/yosys/ice40/cells_map.v:6.21-6.22
Info:      logic  0.28  11.58 Source system.transport.remaining_SB_DFFESR_Q_4_D_SB_LUT4_O_I2_SB_LUT4_O_I3_SB_CARRY_CI_CO_SB_LUT4_I3_O_SB_LUT4_O_I2_SB_LUT4_O_I3_SB_CARRY_CI_CO_SB_CARRY_CI_CO_SB_CARRY_CI_CO_SB_LUT4_I3_O_SB_CARRY_CI_CO_SB_CARRY_CI_CO_SB_CARRY_CI_I0_SB_LUT4_O_LC.COUT
Info:    routing  0.00  11.58 Net system.transport.remaining_SB_DFFESR_Q_4_D_SB_LUT4_O_I2_SB_LUT4_O_I3_SB_CARRY_CI_CO_SB_LUT4_I3_O_SB_LUT4_O_I2_SB_LUT4_O_I3_SB_CARRY_CI_CO_SB_CARRY_CI_CO_SB_CARRY_CI_CO_SB_CARRY_CI_CO_SB_CARRY_CI_CO_SB_CARRY_CI_CO_SB_CARRY_CI_CO (21,3) -> (21,3)
Info:                          Sink system.transport.remaining_SB_DFFESR_Q_4_D_SB_LUT4_O_I2_SB_LUT4_O_I3_SB_CARRY_CI_CO_SB_LUT4_I3_O_SB_LUT4_O_I2_SB_LUT4_O_I3_SB_CARRY_CI_CO_SB_CARRY_CI_CO_SB_CARRY_CI_CO_SB_LUT4_I3_O_SB_CARRY_CI_CO_SB_CARRY_CI_CO_SB_CARRY_CI_CO_SB_CARRY_CI_I0_SB_LUT4_O_LC.CIN
Info:                          Defined in:
Info:                               rtl/io/known_replay_controller.sv:92.61-92.73
Info:                               LOCAL_PRIVATE_PATH 2026/digital ic/.tools/oss-cad-suite/libexec/../share/yosys/ice40/arith_map.v:62.5-70.4
Info:                               LOCAL_PRIVATE_PATH 2026/digital ic/.tools/oss-cad-suite/libexec/../share/yosys/ice40/cells_map.v:6.21-6.22
Info:      logic  0.28  11.86 Source system.transport.remaining_SB_DFFESR_Q_4_D_SB_LUT4_O_I2_SB_LUT4_O_I3_SB_CARRY_CI_CO_SB_LUT4_I3_O_SB_LUT4_O_I2_SB_LUT4_O_I3_SB_CARRY_CI_CO_SB_CARRY_CI_CO_SB_CARRY_CI_CO_SB_LUT4_I3_O_SB_CARRY_CI_CO_SB_CARRY_CI_CO_SB_CARRY_CI_CO_SB_CARRY_CI_I0_SB_LUT4_O_LC.COUT
Info:    routing  0.00  11.86 Net system.transport.remaining_SB_DFFESR_Q_4_D_SB_LUT4_O_I2_SB_LUT4_O_I3_SB_CARRY_CI_CO_SB_LUT4_I3_O_SB_LUT4_O_I2_SB_LUT4_O_I3_SB_CARRY_CI_CO_SB_CARRY_CI_CO_SB_CARRY_CI_CO_SB_CARRY_CI_CO_SB_CARRY_CI_CO_SB_CARRY_CI_CO_SB_CARRY_CI_CO_SB_CARRY_CI_CO (21,3) -> (21,3)
Info:                          Sink system.transport.remaining_SB_DFFESR_Q_4_D_SB_LUT4_O_I2_SB_LUT4_O_I3_SB_CARRY_CI_CO_SB_LUT4_I3_O_SB_LUT4_O_I2_SB_LUT4_O_I3_SB_CARRY_CI_CO_SB_CARRY_CI_CO_SB_CARRY_CI_CO_SB_LUT4_I3_O_SB_CARRY_CI_CO_SB_CARRY_CI_CO_SB_CARRY_CI_CO_SB_CARRY_CI_CO_SB_CARRY_CI_I0_SB_LUT4_O_LC.CIN
Info:                          Defined in:
Info:                               rtl/io/known_replay_controller.sv:92.61-92.73
Info:                               LOCAL_PRIVATE_PATH 2026/digital ic/.tools/oss-cad-suite/libexec/../share/yosys/ice40/arith_map.v:62.5-70.4
Info:                               LOCAL_PRIVATE_PATH 2026/digital ic/.tools/oss-cad-suite/libexec/../share/yosys/ice40/cells_map.v:6.21-6.22
Info:      logic  0.28  12.14 Source system.transport.remaining_SB_DFFESR_Q_4_D_SB_LUT4_O_I2_SB_LUT4_O_I3_SB_CARRY_CI_CO_SB_LUT4_I3_O_SB_LUT4_O_I2_SB_LUT4_O_I3_SB_CARRY_CI_CO_SB_CARRY_CI_CO_SB_CARRY_CI_CO_SB_LUT4_I3_O_SB_CARRY_CI_CO_SB_CARRY_CI_CO_SB_CARRY_CI_CO_SB_CARRY_CI_CO_SB_CARRY_CI_I0_SB_LUT4_O_LC.COUT
Info:    routing  0.56  12.69 Net system.transport.remaining_SB_DFFESR_Q_4_D_SB_LUT4_O_I2_SB_LUT4_O_I3_SB_CARRY_CI_CO_SB_LUT4_I3_O_SB_LUT4_O_I2_SB_LUT4_O_I3_SB_CARRY_CI_CO_SB_CARRY_CI_CO_SB_CARRY_CI_CO_SB_CARRY_CI_CO_SB_CARRY_CI_CO_SB_CARRY_CI_CO_SB_CARRY_CI_CO_SB_CARRY_CI_CO_SB_CARRY_CI_CO (21,3) -> (21,4)
Info:                          Sink system.transport.remaining_SB_DFFESR_Q_4_D_SB_LUT4_O_I2_SB_LUT4_O_I3_SB_CARRY_CI_CO_SB_LUT4_I3_O_SB_LUT4_O_I2_SB_LUT4_O_I3_SB_CARRY_CI_CO_SB_CARRY_CI_CO_SB_CARRY_CI_CO_SB_LUT4_I3_O_SB_CARRY_CI_CO_SB_CARRY_CI_CO_SB_CARRY_CI_CO_SB_CARRY_CI_CO_SB_CARRY_CI_CO_SB_CARRY_CI_I0_SB_LUT4_O_LC.CIN
Info:                          Defined in:
Info:                               rtl/io/known_replay_controller.sv:92.61-92.73
Info:                               LOCAL_PRIVATE_PATH 2026/digital ic/.tools/oss-cad-suite/libexec/../share/yosys/ice40/arith_map.v:62.5-70.4
Info:                               LOCAL_PRIVATE_PATH 2026/digital ic/.tools/oss-cad-suite/libexec/../share/yosys/ice40/cells_map.v:6.21-6.22
Info:      logic  0.28  12.97 Source system.transport.remaining_SB_DFFESR_Q_4_D_SB_LUT4_O_I2_SB_LUT4_O_I3_SB_CARRY_CI_CO_SB_LUT4_I3_O_SB_LUT4_O_I2_SB_LUT4_O_I3_SB_CARRY_CI_CO_SB_CARRY_CI_CO_SB_CARRY_CI_CO_SB_LUT4_I3_O_SB_CARRY_CI_CO_SB_CARRY_CI_CO_SB_CARRY_CI_CO_SB_CARRY_CI_CO_SB_CARRY_CI_CO_SB_CARRY_CI_I0_SB_LUT4_O_LC.COUT
Info:    routing  0.00  12.97 Net system.transport.remaining_SB_DFFESR_Q_4_D_SB_LUT4_O_I2_SB_LUT4_O_I3_SB_CARRY_CI_CO_SB_LUT4_I3_O_SB_LUT4_O_I2_SB_LUT4_O_I3_SB_CARRY_CI_CO_SB_CARRY_CI_CO_SB_CARRY_CI_CO_SB_CARRY_CI_CO_SB_CARRY_CI_CO_SB_CARRY_CI_CO_SB_CARRY_CI_CO_SB_CARRY_CI_CO_SB_CARRY_CI_CO_SB_CARRY_CI_CO (21,4) -> (21,4)
Info:                          Sink system.transport.remaining_SB_DFFESR_Q_4_D_SB_LUT4_O_I2_SB_LUT4_O_I3_SB_CARRY_CI_CO_SB_LUT4_I3_O_SB_LUT4_O_I2_SB_LUT4_O_I3_SB_CARRY_CI_CO_SB_CARRY_CI_CO_SB_CARRY_CI_CO_SB_LUT4_I3_O_SB_CARRY_CI_CO_SB_CARRY_CI_CO_SB_CARRY_CI_CO_SB_CARRY_CI_CO_SB_CARRY_CI_CO_SB_CARRY_CI_CO_SB_CARRY_CI_I0_SB_LUT4_O_LC.CIN
Info:                          Defined in:
Info:                               rtl/io/known_replay_controller.sv:92.61-92.73
Info:                               LOCAL_PRIVATE_PATH 2026/digital ic/.tools/oss-cad-suite/libexec/../share/yosys/ice40/arith_map.v:62.5-70.4
Info:                               LOCAL_PRIVATE_PATH 2026/digital ic/.tools/oss-cad-suite/libexec/../share/yosys/ice40/cells_map.v:6.21-6.22
Info:      logic  0.28  13.25 Source system.transport.remaining_SB_DFFESR_Q_4_D_SB_LUT4_O_I2_SB_LUT4_O_I3_SB_CARRY_CI_CO_SB_LUT4_I3_O_SB_LUT4_O_I2_SB_LUT4_O_I3_SB_CARRY_CI_CO_SB_CARRY_CI_CO_SB_CARRY_CI_CO_SB_LUT4_I3_O_SB_CARRY_CI_CO_SB_CARRY_CI_CO_SB_CARRY_CI_CO_SB_CARRY_CI_CO_SB_CARRY_CI_CO_SB_CARRY_CI_CO_SB_CARRY_CI_I0_SB_LUT4_O_LC.COUT
Info:    routing  0.00  13.25 Net system.transport.remaining_SB_DFFESR_Q_4_D_SB_LUT4_O_I2_SB_LUT4_O_I3_SB_CARRY_CI_CO_SB_LUT4_I3_O_SB_LUT4_O_I2_SB_LUT4_O_I3_SB_CARRY_CI_CO_SB_CARRY_CI_CO_SB_CARRY_CI_CO_SB_CARRY_CI_CO_SB_CARRY_CI_CO_SB_CARRY_CI_CO_SB_CARRY_CI_CO_SB_CARRY_CI_CO_SB_CARRY_CI_CO_SB_CARRY_CI_CO_SB_CARRY_CI_CO (21,4) -> (21,4)
Info:                          Sink system.transport.remaining_SB_DFFESR_Q_4_D_SB_LUT4_O_I2_SB_LUT4_O_I3_SB_CARRY_CI_CO_SB_LUT4_I3_O_SB_LUT4_O_I2_SB_LUT4_O_I3_SB_CARRY_CI_CO_SB_CARRY_CI_CO_SB_CARRY_CI_CO_SB_LUT4_I3_O_SB_CARRY_CI_CO_SB_CARRY_CI_CO_SB_CARRY_CI_CO_SB_CARRY_CI_CO_SB_CARRY_CI_CO_SB_CARRY_CI_CO_SB_CARRY_CI_CO_SB_CARRY_CI_I0_SB_LUT4_O_LC.CIN
Info:                          Defined in:
Info:                               rtl/io/known_replay_controller.sv:92.61-92.73
Info:                               LOCAL_PRIVATE_PATH 2026/digital ic/.tools/oss-cad-suite/libexec/../share/yosys/ice40/arith_map.v:62.5-70.4
Info:                               LOCAL_PRIVATE_PATH 2026/digital ic/.tools/oss-cad-suite/libexec/../share/yosys/ice40/cells_map.v:6.21-6.22
Info:      logic  0.28  13.53 Source system.transport.remaining_SB_DFFESR_Q_4_D_SB_LUT4_O_I2_SB_LUT4_O_I3_SB_CARRY_CI_CO_SB_LUT4_I3_O_SB_LUT4_O_I2_SB_LUT4_O_I3_SB_CARRY_CI_CO_SB_CARRY_CI_CO_SB_CARRY_CI_CO_SB_LUT4_I3_O_SB_CARRY_CI_CO_SB_CARRY_CI_CO_SB_CARRY_CI_CO_SB_CARRY_CI_CO_SB_CARRY_CI_CO_SB_CARRY_CI_CO_SB_CARRY_CI_CO_SB_CARRY_CI_I0_SB_LUT4_O_LC.COUT
Info:    routing  0.66  14.19 Net $nextpnr_ICESTORM_LC_87$I3 (21,4) -> (21,4)
Info:                          Sink $nextpnr_ICESTORM_LC_87.I3
Info:      logic  0.87  15.06 Source $nextpnr_ICESTORM_LC_87.O
Info:    routing  1.76  16.83 Net system.transport.remaining_SB_DFFESR_Q_4_D_SB_LUT4_O_I2_SB_LUT4_O_I3_SB_CARRY_CI_CO_SB_LUT4_I3_O_SB_LUT4_O_I2_SB_LUT4_O_I3_SB_CARRY_CI_CO_SB_CARRY_CI_CO_SB_CARRY_CI_CO_SB_CARRY_CI_CO_SB_CARRY_CI_CO_SB_CARRY_CI_CO_SB_CARRY_CI_CO_SB_CARRY_CI_CO_SB_CARRY_CI_CO_SB_CARRY_CI_CO_SB_CARRY_CI_CO_SB_CARRY_CI_CO (21,4) -> (22,5)
Info:                          Sink system.transport.remaining_SB_DFFESR_Q_4_D_SB_LUT4_O_I2_SB_LUT4_O_I3_SB_CARRY_CI_CO_SB_LUT4_I3_O_SB_LUT4_O_I2_SB_LUT4_O_I3_SB_CARRY_CI_CO_SB_CARRY_CI_CO_SB_CARRY_CI_CO_SB_LUT4_I3_O_SB_CARRY_CI_CO_SB_CARRY_CI_CO_SB_CARRY_CI_CO_SB_CARRY_CI_CO_SB_CARRY_CI_CO_SB_CARRY_CI_CO_SB_CARRY_CI_CO_SB_CARRY_CI_CO_SB_CARRY_CI_CO_SB_CARRY_CI_CO_SB_CARRY_CI_CO_SB_CARRY_CI_CO_SB_CARRY_CI_CO_SB_CARRY_CI_CO_SB_CARRY_CI_CO_SB_CARRY_CI_CO_SB_CARRY_CI_CO_SB_CARRY_CI_CO_SB_CARRY_CI_CO_SB_CARRY_CI_CO_SB_CARRY_CI$CARRY.I3
Info:                          Defined in:
Info:                               LOCAL_PRIVATE_PATH 2026/digital ic/.tools/oss-cad-suite/libexec/../share/yosys/ice40/cells_map.v:6.21-6.22
Info:      logic  0.87  17.70 Source system.transport.remaining_SB_DFFESR_Q_4_D_SB_LUT4_O_I2_SB_LUT4_O_I3_SB_CARRY_CI_CO_SB_LUT4_I3_O_SB_LUT4_O_I2_SB_LUT4_O_I3_SB_CARRY_CI_CO_SB_CARRY_CI_CO_SB_CARRY_CI_CO_SB_LUT4_I3_O_SB_CARRY_CI_CO_SB_CARRY_CI_CO_SB_CARRY_CI_CO_SB_CARRY_CI_CO_SB_CARRY_CI_CO_SB_CARRY_CI_CO_SB_CARRY_CI_CO_SB_CARRY_CI_CO_SB_CARRY_CI_CO_SB_CARRY_CI_CO_SB_CARRY_CI_CO_SB_CARRY_CI_CO_SB_CARRY_CI_CO_SB_CARRY_CI_CO_SB_CARRY_CI_CO_SB_CARRY_CI_CO_SB_CARRY_CI_CO_SB_CARRY_CI_CO_SB_CARRY_CI_CO_SB_CARRY_CI_CO_SB_CARRY_CI$CARRY.O
Info:    routing  1.76  19.46 Net system.transport.remaining_SB_DFFESR_Q_4_D_SB_LUT4_O_I2_SB_LUT4_O_I3_SB_CARRY_CI_CO_SB_LUT4_I3_O_SB_LUT4_O_I2_SB_LUT4_O_I3_SB_CARRY_CI_CO_SB_CARRY_CI_CO_SB_CARRY_CI_CO_SB_CARRY_CI_CO_SB_CARRY_CI_CO_SB_CARRY_CI_CO_SB_CARRY_CI_CO_SB_CARRY_CI_CO_SB_CARRY_CI_CO_SB_CARRY_CI_CO_SB_CARRY_CI_CO_SB_CARRY_CI_CO_SB_LUT4_I3_O (22,5) -> (22,4)
Info:                          Sink system.transport.remaining_SB_DFFESR_Q_4_D_SB_LUT4_O_I2_SB_LUT4_O_I3_SB_CARRY_CI_CO_SB_LUT4_I3_O_SB_LUT4_O_I2_SB_LUT4_O_I3_SB_CARRY_CI_CO_SB_CARRY_CI_CO_SB_CARRY_CI_CO_SB_LUT4_I3_O_SB_CARRY_CI_CO_SB_CARRY_CI_CO_SB_CARRY_CI_CO_SB_CARRY_CI_CO_SB_CARRY_CI_CO_SB_CARRY_CI_CO_SB_CARRY_CI_CO_SB_CARRY_CI_CO_SB_CARRY_CI$CARRY.I1
Info:      logic  0.68  20.14 Source system.transport.remaining_SB_DFFESR_Q_4_D_SB_LUT4_O_I2_SB_LUT4_O_I3_SB_CARRY_CI_CO_SB_LUT4_I3_O_SB_LUT4_O_I2_SB_LUT4_O_I3_SB_CARRY_CI_CO_SB_CARRY_CI_CO_SB_CARRY_CI_CO_SB_LUT4_I3_O_SB_CARRY_CI_CO_SB_CARRY_CI_CO_SB_CARRY_CI_CO_SB_CARRY_CI_CO_SB_CARRY_CI_CO_SB_CARRY_CI_CO_SB_CARRY_CI_CO_SB_CARRY_CI_CO_SB_CARRY_CI$CARRY.COUT
Info:    routing  0.00  20.14 Net system.transport.remaining_SB_DFFESR_Q_4_D_SB_LUT4_O_I2_SB_LUT4_O_I3_SB_CARRY_CI_CO_SB_LUT4_I3_O_SB_LUT4_O_I2_SB_LUT4_O_I3_SB_CARRY_CI_CO_SB_CARRY_CI_CO_SB_CARRY_CI_CO_SB_LUT4_I3_O_SB_CARRY_CI_CO_SB_CARRY_CI_CO_SB_CARRY_CI_CO_SB_CARRY_CI_CO_SB_CARRY_CI_CO_SB_CARRY_CI_CO_SB_CARRY_CI_CO_SB_CARRY_CI_CO_SB_CARRY_CI_CO (22,4) -> (22,4)
Info:                          Sink system.transport.remaining_SB_DFFESR_Q_4_D_SB_LUT4_O_I2_SB_LUT4_O_I3_SB_CARRY_CI_CO_SB_LUT4_I3_O_SB_LUT4_O_I2_SB_LUT4_O_I3_SB_CARRY_CI_CO_SB_CARRY_CI_CO_SB_CARRY_CI_CO_SB_LUT4_I3_O_SB_CARRY_CI_CO_SB_CARRY_CI_CO_SB_CARRY_CI_CO_SB_CARRY_CI_CO_SB_CARRY_CI_CO_SB_CARRY_CI_CO_SB_CARRY_CI_CO_SB_CARRY_CI_CO_SB_CARRY_CI_CO_SB_CARRY_CI$CARRY.CIN
Info:                          Defined in:
Info:                               rtl/io/known_replay_controller.sv:92.29-92.46
Info:                               LOCAL_PRIVATE_PATH 2026/digital ic/.tools/oss-cad-suite/libexec/../share/yosys/ice40/arith_map.v:62.5-70.4
Info:                               LOCAL_PRIVATE_PATH 2026/digital ic/.tools/oss-cad-suite/libexec/../share/yosys/ice40/abc9_model.v:4.9-4.11
Info:      logic  0.28  20.41 Source system.transport.remaining_SB_DFFESR_Q_4_D_SB_LUT4_O_I2_SB_LUT4_O_I3_SB_CARRY_CI_CO_SB_LUT4_I3_O_SB_LUT4_O_I2_SB_LUT4_O_I3_SB_CARRY_CI_CO_SB_CARRY_CI_CO_SB_CARRY_CI_CO_SB_LUT4_I3_O_SB_CARRY_CI_CO_SB_CARRY_CI_CO_SB_CARRY_CI_CO_SB_CARRY_CI_CO_SB_CARRY_CI_CO_SB_CARRY_CI_CO_SB_CARRY_CI_CO_SB_CARRY_CI_CO_SB_CARRY_CI_CO_SB_CARRY_CI$CARRY.COUT
Info:    routing  0.00  20.41 Net system.transport.remaining_SB_DFFESR_Q_4_D_SB_LUT4_O_I2_SB_LUT4_O_I3_SB_CARRY_CI_CO_SB_LUT4_I3_O_SB_LUT4_O_I2_SB_LUT4_O_I3_SB_CARRY_CI_CO_SB_CARRY_CI_CO_SB_CARRY_CI_CO_SB_LUT4_I3_O_SB_CARRY_CI_CO_SB_CARRY_CI_CO_SB_CARRY_CI_CO_SB_CARRY_CI_CO_SB_CARRY_CI_CO_SB_CARRY_CI_CO_SB_CARRY_CI_CO_SB_CARRY_CI_CO_SB_CARRY_CI_CO_SB_CARRY_CI_CO (22,4) -> (22,4)
Info:                          Sink system.transport.remaining_SB_DFFESR_Q_4_D_SB_LUT4_O_I2_SB_LUT4_O_I3_SB_CARRY_CI_CO_SB_LUT4_I3_O_SB_LUT4_O_I2_SB_LUT4_O_I3_SB_CARRY_CI_CO_SB_CARRY_CI_CO_SB_CARRY_CI_CO_SB_LUT4_I3_O_SB_CARRY_CI_CO_SB_CARRY_CI_CO_SB_CARRY_CI_CO_SB_CARRY_CI_CO_SB_CARRY_CI_CO_SB_CARRY_CI_CO_SB_CARRY_CI_CO_SB_CARRY_CI_CO_SB_CARRY_CI_CO_SB_CARRY_CI_CO_SB_CARRY_CI$CARRY.CIN
Info:                          Defined in:
Info:                               rtl/io/known_replay_controller.sv:92.29-92.46
Info:                               LOCAL_PRIVATE_PATH 2026/digital ic/.tools/oss-cad-suite/libexec/../share/yosys/ice40/arith_map.v:62.5-70.4
Info:                               LOCAL_PRIVATE_PATH 2026/digital ic/.tools/oss-cad-suite/libexec/../share/yosys/ice40/abc9_model.v:4.9-4.11
Info:      logic  0.28  20.69 Source system.transport.remaining_SB_DFFESR_Q_4_D_SB_LUT4_O_I2_SB_LUT4_O_I3_SB_CARRY_CI_CO_SB_LUT4_I3_O_SB_LUT4_O_I2_SB_LUT4_O_I3_SB_CARRY_CI_CO_SB_CARRY_CI_CO_SB_CARRY_CI_CO_SB_LUT4_I3_O_SB_CARRY_CI_CO_SB_CARRY_CI_CO_SB_CARRY_CI_CO_SB_CARRY_CI_CO_SB_CARRY_CI_CO_SB_CARRY_CI_CO_SB_CARRY_CI_CO_SB_CARRY_CI_CO_SB_CARRY_CI_CO_SB_CARRY_CI_CO_SB_CARRY_CI$CARRY.COUT
Info:    routing  0.00  20.69 Net system.transport.remaining_SB_DFFESR_Q_4_D_SB_LUT4_O_I2_SB_LUT4_O_I3_SB_CARRY_CI_CO_SB_LUT4_I3_O_SB_LUT4_O_I2_SB_LUT4_O_I3_SB_CARRY_CI_CO_SB_CARRY_CI_CO_SB_CARRY_CI_CO_SB_LUT4_I3_O_SB_CARRY_CI_CO_SB_CARRY_CI_CO_SB_CARRY_CI_CO_SB_CARRY_CI_CO_SB_CARRY_CI_CO_SB_CARRY_CI_CO_SB_CARRY_CI_CO_SB_CARRY_CI_CO_SB_CARRY_CI_CO_SB_CARRY_CI_CO_SB_CARRY_CI_CO (22,4) -> (22,4)
Info:                          Sink system.transport.remaining_SB_DFFESR_Q_4_D_SB_LUT4_O_I2_SB_LUT4_O_I3_SB_CARRY_CI_CO_SB_LUT4_I3_O_SB_LUT4_O_I2_SB_LUT4_O_I3_SB_CARRY_CI_CO_SB_CARRY_CI_CO_SB_CARRY_CI_CO_SB_LUT4_I3_O_SB_CARRY_CI_CO_SB_CARRY_CI_CO_SB_CARRY_CI_CO_SB_CARRY_CI_CO_SB_CARRY_CI_CO_SB_CARRY_CI_CO_SB_CARRY_CI_CO_SB_CARRY_CI_CO_SB_CARRY_CI_CO_SB_CARRY_CI_CO_SB_CARRY_CI_CO_SB_CARRY_CI$CARRY.CIN
Info:                          Defined in:
Info:                               rtl/io/known_replay_controller.sv:92.29-92.46
Info:                               LOCAL_PRIVATE_PATH 2026/digital ic/.tools/oss-cad-suite/libexec/../share/yosys/ice40/arith_map.v:62.5-70.4
Info:                               LOCAL_PRIVATE_PATH 2026/digital ic/.tools/oss-cad-suite/libexec/../share/yosys/ice40/abc9_model.v:4.9-4.11
Info:      logic  0.28  20.97 Source system.transport.remaining_SB_DFFESR_Q_4_D_SB_LUT4_O_I2_SB_LUT4_O_I3_SB_CARRY_CI_CO_SB_LUT4_I3_O_SB_LUT4_O_I2_SB_LUT4_O_I3_SB_CARRY_CI_CO_SB_CARRY_CI_CO_SB_CARRY_CI_CO_SB_LUT4_I3_O_SB_CARRY_CI_CO_SB_CARRY_CI_CO_SB_CARRY_CI_CO_SB_CARRY_CI_CO_SB_CARRY_CI_CO_SB_CARRY_CI_CO_SB_CARRY_CI_CO_SB_CARRY_CI_CO_SB_CARRY_CI_CO_SB_CARRY_CI_CO_SB_CARRY_CI_CO_SB_CARRY_CI$CARRY.COUT
Info:    routing  0.00  20.97 Net system.transport.remaining_SB_DFFESR_Q_4_D_SB_LUT4_O_I2_SB_LUT4_O_I3_SB_CARRY_CI_CO_SB_LUT4_I3_O_SB_LUT4_O_I2_SB_LUT4_O_I3_SB_CARRY_CI_CO_SB_CARRY_CI_CO_SB_CARRY_CI_CO_SB_LUT4_I3_O_SB_CARRY_CI_CO_SB_CARRY_CI_CO_SB_CARRY_CI_CO_SB_CARRY_CI_CO_SB_CARRY_CI_CO_SB_CARRY_CI_CO_SB_CARRY_CI_CO_SB_CARRY_CI_CO_SB_CARRY_CI_CO_SB_CARRY_CI_CO_SB_CARRY_CI_CO_SB_CARRY_CI_CO (22,4) -> (22,4)
Info:                          Sink system.transport.remaining_SB_DFFESR_Q_4_D_SB_LUT4_O_I2_SB_LUT4_O_I3_SB_CARRY_CI_CO_SB_LUT4_I3_O_SB_LUT4_O_I2_SB_LUT4_O_I3_SB_CARRY_CI_CO_SB_CARRY_CI_CO_SB_CARRY_CI_CO_SB_LUT4_I3_O_SB_CARRY_CI_CO_SB_CARRY_CI_CO_SB_CARRY_CI_CO_SB_CARRY_CI_CO_SB_CARRY_CI_CO_SB_CARRY_CI_CO_SB_CARRY_CI_CO_SB_CARRY_CI_CO_SB_CARRY_CI_CO_SB_CARRY_CI_CO_SB_CARRY_CI_CO_SB_CARRY_CI_CO_SB_CARRY_CI$CARRY.CIN
Info:                          Defined in:
Info:                               rtl/io/known_replay_controller.sv:92.29-92.46
Info:                               LOCAL_PRIVATE_PATH 2026/digital ic/.tools/oss-cad-suite/libexec/../share/yosys/ice40/arith_map.v:62.5-70.4
Info:                               LOCAL_PRIVATE_PATH 2026/digital ic/.tools/oss-cad-suite/libexec/../share/yosys/ice40/abc9_model.v:4.9-4.11
Info:      logic  0.28  21.25 Source system.transport.remaining_SB_DFFESR_Q_4_D_SB_LUT4_O_I2_SB_LUT4_O_I3_SB_CARRY_CI_CO_SB_LUT4_I3_O_SB_LUT4_O_I2_SB_LUT4_O_I3_SB_CARRY_CI_CO_SB_CARRY_CI_CO_SB_CARRY_CI_CO_SB_LUT4_I3_O_SB_CARRY_CI_CO_SB_CARRY_CI_CO_SB_CARRY_CI_CO_SB_CARRY_CI_CO_SB_CARRY_CI_CO_SB_CARRY_CI_CO_SB_CARRY_CI_CO_SB_CARRY_CI_CO_SB_CARRY_CI_CO_SB_CARRY_CI_CO_SB_CARRY_CI_CO_SB_CARRY_CI_CO_SB_CARRY_CI$CARRY.COUT
Info:    routing  0.00  21.25 Net system.transport.remaining_SB_DFFESR_Q_4_D_SB_LUT4_O_I2_SB_LUT4_O_I3_SB_CARRY_CI_CO_SB_LUT4_I3_O_SB_LUT4_O_I2_SB_LUT4_O_I3_SB_CARRY_CI_CO_SB_CARRY_CI_CO_SB_CARRY_CI_CO_SB_LUT4_I3_O_SB_CARRY_CI_CO_SB_CARRY_CI_CO_SB_CARRY_CI_CO_SB_CARRY_CI_CO_SB_CARRY_CI_CO_SB_CARRY_CI_CO_SB_CARRY_CI_CO_SB_CARRY_CI_CO_SB_CARRY_CI_CO_SB_CARRY_CI_CO_SB_CARRY_CI_CO_SB_CARRY_CI_CO_SB_CARRY_CI_CO (22,4) -> (22,4)
Info:                          Sink system.transport.remaining_SB_DFFESR_Q_4_D_SB_LUT4_O_I2_SB_LUT4_O_I3_SB_CARRY_CI_CO_SB_LUT4_I3_O_SB_LUT4_O_I2_SB_LUT4_O_I3_SB_CARRY_CI_CO_SB_CARRY_CI_CO_SB_CARRY_CI_CO_SB_LUT4_I3_O_SB_CARRY_CI_CO_SB_CARRY_CI_CO_SB_CARRY_CI_CO_SB_CARRY_CI_CO_SB_CARRY_CI_CO_SB_CARRY_CI_CO_SB_CARRY_CI_CO_SB_CARRY_CI_CO_SB_CARRY_CI_CO_SB_CARRY_CI_CO_SB_CARRY_CI_CO_SB_CARRY_CI_CO_SB_CARRY_CI_CO_SB_CARRY_CI$CARRY.CIN
Info:                          Defined in:
Info:                               rtl/io/known_replay_controller.sv:92.29-92.46
Info:                               LOCAL_PRIVATE_PATH 2026/digital ic/.tools/oss-cad-suite/libexec/../share/yosys/ice40/arith_map.v:62.5-70.4
Info:                               LOCAL_PRIVATE_PATH 2026/digital ic/.tools/oss-cad-suite/libexec/../share/yosys/ice40/abc9_model.v:4.9-4.11
Info:      logic  0.28  21.53 Source system.transport.remaining_SB_DFFESR_Q_4_D_SB_LUT4_O_I2_SB_LUT4_O_I3_SB_CARRY_CI_CO_SB_LUT4_I3_O_SB_LUT4_O_I2_SB_LUT4_O_I3_SB_CARRY_CI_CO_SB_CARRY_CI_CO_SB_CARRY_CI_CO_SB_LUT4_I3_O_SB_CARRY_CI_CO_SB_CARRY_CI_CO_SB_CARRY_CI_CO_SB_CARRY_CI_CO_SB_CARRY_CI_CO_SB_CARRY_CI_CO_SB_CARRY_CI_CO_SB_CARRY_CI_CO_SB_CARRY_CI_CO_SB_CARRY_CI_CO_SB_CARRY_CI_CO_SB_CARRY_CI_CO_SB_CARRY_CI_CO_SB_CARRY_CI$CARRY.COUT
Info:    routing  0.00  21.53 Net system.transport.remaining_SB_DFFESR_Q_4_D_SB_LUT4_O_I2_SB_LUT4_O_I3_SB_CARRY_CI_CO_SB_LUT4_I3_O_SB_LUT4_O_I2_SB_LUT4_O_I3_SB_CARRY_CI_CO_SB_CARRY_CI_CO_SB_CARRY_CI_CO_SB_LUT4_I3_O_SB_CARRY_CI_CO_SB_CARRY_CI_CO_SB_CARRY_CI_CO_SB_CARRY_CI_CO_SB_CARRY_CI_CO_SB_CARRY_CI_CO_SB_CARRY_CI_CO_SB_CARRY_CI_CO_SB_CARRY_CI_CO_SB_CARRY_CI_CO_SB_CARRY_CI_CO_SB_CARRY_CI_CO_SB_CARRY_CI_CO_SB_CARRY_CI_CO (22,4) -> (22,4)
Info:                          Sink system.transport.remaining_SB_DFFESR_Q_4_D_SB_LUT4_O_I2_SB_LUT4_O_I3_SB_CARRY_CI_CO_SB_LUT4_I3_O_SB_LUT4_O_I2_SB_LUT4_O_I3_SB_CARRY_CI_CO_SB_CARRY_CI_CO_SB_CARRY_CI_CO_SB_LUT4_I3_O_SB_CARRY_CI_CO_SB_CARRY_CI_CO_SB_CARRY_CI_CO_SB_CARRY_CI_CO_SB_CARRY_CI_CO_SB_CARRY_CI_CO_SB_CARRY_CI_CO_SB_CARRY_CI_CO_SB_CARRY_CI_CO_SB_CARRY_CI_CO_SB_CARRY_CI_CO_SB_CARRY_CI_CO_SB_CARRY_CI_CO_SB_CARRY_CI_CO_SB_CARRY_CI$CARRY.CIN
Info:                          Defined in:
Info:                               rtl/io/known_replay_controller.sv:92.29-92.46
Info:                               LOCAL_PRIVATE_PATH 2026/digital ic/.tools/oss-cad-suite/libexec/../share/yosys/ice40/arith_map.v:62.5-70.4
Info:                               LOCAL_PRIVATE_PATH 2026/digital ic/.tools/oss-cad-suite/libexec/../share/yosys/ice40/abc9_model.v:4.9-4.11
Info:      logic  0.28  21.80 Source system.transport.remaining_SB_DFFESR_Q_4_D_SB_LUT4_O_I2_SB_LUT4_O_I3_SB_CARRY_CI_CO_SB_LUT4_I3_O_SB_LUT4_O_I2_SB_LUT4_O_I3_SB_CARRY_CI_CO_SB_CARRY_CI_CO_SB_CARRY_CI_CO_SB_LUT4_I3_O_SB_CARRY_CI_CO_SB_CARRY_CI_CO_SB_CARRY_CI_CO_SB_CARRY_CI_CO_SB_CARRY_CI_CO_SB_CARRY_CI_CO_SB_CARRY_CI_CO_SB_CARRY_CI_CO_SB_CARRY_CI_CO_SB_CARRY_CI_CO_SB_CARRY_CI_CO_SB_CARRY_CI_CO_SB_CARRY_CI_CO_SB_CARRY_CI_CO_SB_CARRY_CI$CARRY.COUT
Info:    routing  0.56  22.36 Net system.transport.remaining_SB_DFFESR_Q_4_D_SB_LUT4_O_I2_SB_LUT4_O_I3_SB_CARRY_CI_CO_SB_LUT4_I3_O_SB_LUT4_O_I2_SB_LUT4_O_I3_SB_CARRY_CI_CO_SB_CARRY_CI_CO_SB_CARRY_CI_CO_SB_LUT4_I3_O_SB_CARRY_CI_CO_SB_CARRY_CI_CO_SB_CARRY_CI_CO_SB_CARRY_CI_CO_SB_CARRY_CI_CO_SB_CARRY_CI_CO_SB_CARRY_CI_CO_SB_CARRY_CI_CO_SB_CARRY_CI_CO_SB_CARRY_CI_CO_SB_CARRY_CI_CO_SB_CARRY_CI_CO_SB_CARRY_CI_CO_SB_CARRY_CI_CO_SB_CARRY_CI_CO (22,4) -> (22,5)
Info:                          Sink system.transport.remaining_SB_DFFESR_Q_4_D_SB_LUT4_O_I2_SB_LUT4_O_I3_SB_CARRY_CI_CO_SB_LUT4_I3_O_SB_LUT4_O_I2_SB_LUT4_O_I3_SB_CARRY_CI_CO_SB_CARRY_CI_CO_SB_CARRY_CI_CO_SB_LUT4_I3_O_SB_CARRY_CI_CO_SB_CARRY_CI_CO_SB_CARRY_CI_CO_SB_CARRY_CI_CO_SB_CARRY_CI_CO_SB_CARRY_CI_CO_SB_CARRY_CI_CO_SB_CARRY_CI_CO_SB_CARRY_CI_CO_SB_CARRY_CI_CO_SB_CARRY_CI_CO_SB_CARRY_CI_CO_SB_CARRY_CI_CO_SB_CARRY_CI_CO_SB_CARRY_CI_CO_SB_CARRY_CI$CARRY.CIN
Info:                          Defined in:
Info:                               rtl/io/known_replay_controller.sv:92.29-92.46
Info:                               LOCAL_PRIVATE_PATH 2026/digital ic/.tools/oss-cad-suite/libexec/../share/yosys/ice40/arith_map.v:62.5-70.4
Info:                               LOCAL_PRIVATE_PATH 2026/digital ic/.tools/oss-cad-suite/libexec/../share/yosys/ice40/abc9_model.v:4.9-4.11
Info:      logic  0.28  22.64 Source system.transport.remaining_SB_DFFESR_Q_4_D_SB_LUT4_O_I2_SB_LUT4_O_I3_SB_CARRY_CI_CO_SB_LUT4_I3_O_SB_LUT4_O_I2_SB_LUT4_O_I3_SB_CARRY_CI_CO_SB_CARRY_CI_CO_SB_CARRY_CI_CO_SB_LUT4_I3_O_SB_CARRY_CI_CO_SB_CARRY_CI_CO_SB_CARRY_CI_CO_SB_CARRY_CI_CO_SB_CARRY_CI_CO_SB_CARRY_CI_CO_SB_CARRY_CI_CO_SB_CARRY_CI_CO_SB_CARRY_CI_CO_SB_CARRY_CI_CO_SB_CARRY_CI_CO_SB_CARRY_CI_CO_SB_CARRY_CI_CO_SB_CARRY_CI_CO_SB_CARRY_CI_CO_SB_CARRY_CI$CARRY.COUT
Info:    routing  0.00  22.64 Net system.transport.remaining_SB_DFFESR_Q_4_D_SB_LUT4_O_I2_SB_LUT4_O_I3_SB_CARRY_CI_CO_SB_LUT4_I3_O_SB_LUT4_O_I2_SB_LUT4_O_I3_SB_CARRY_CI_CO_SB_CARRY_CI_CO_SB_CARRY_CI_CO_SB_LUT4_I3_O_SB_CARRY_CI_CO_SB_CARRY_CI_CO_SB_CARRY_CI_CO_SB_CARRY_CI_CO_SB_CARRY_CI_CO_SB_CARRY_CI_CO_SB_CARRY_CI_CO_SB_CARRY_CI_CO_SB_CARRY_CI_CO_SB_CARRY_CI_CO_SB_CARRY_CI_CO_SB_CARRY_CI_CO_SB_CARRY_CI_CO_SB_CARRY_CI_CO_SB_CARRY_CI_CO_SB_CARRY_CI_CO (22,5) -> (22,5)
Info:                          Sink system.transport.remaining_SB_DFFESR_Q_4_D_SB_LUT4_O_I2_SB_LUT4_O_I3_SB_CARRY_CI_CO_SB_LUT4_I3_O_SB_LUT4_O_I2_SB_LUT4_O_I3_SB_CARRY_CI_CO_SB_CARRY_CI_CO_SB_CARRY_CI_CO_SB_LUT4_I3_O_SB_CARRY_CI_CO_SB_CARRY_CI_CO_SB_CARRY_CI_CO_SB_CARRY_CI_CO_SB_CARRY_CI_CO_SB_CARRY_CI_CO_SB_CARRY_CI_CO_SB_CARRY_CI_CO_SB_CARRY_CI_CO_SB_CARRY_CI_CO_SB_CARRY_CI_CO_SB_CARRY_CI_CO_SB_CARRY_CI_CO_SB_CARRY_CI_CO_SB_CARRY_CI_CO_SB_CARRY_CI_CO_SB_CARRY_CI$CARRY.CIN
Info:                          Defined in:
Info:                               rtl/io/known_replay_controller.sv:92.29-92.46
Info:                               LOCAL_PRIVATE_PATH 2026/digital ic/.tools/oss-cad-suite/libexec/../share/yosys/ice40/arith_map.v:62.5-70.4
Info:                               LOCAL_PRIVATE_PATH 2026/digital ic/.tools/oss-cad-suite/libexec/../share/yosys/ice40/abc9_model.v:4.9-4.11
Info:      logic  0.28  22.92 Source system.transport.remaining_SB_DFFESR_Q_4_D_SB_LUT4_O_I2_SB_LUT4_O_I3_SB_CARRY_CI_CO_SB_LUT4_I3_O_SB_LUT4_O_I2_SB_LUT4_O_I3_SB_CARRY_CI_CO_SB_CARRY_CI_CO_SB_CARRY_CI_CO_SB_LUT4_I3_O_SB_CARRY_CI_CO_SB_CARRY_CI_CO_SB_CARRY_CI_CO_SB_CARRY_CI_CO_SB_CARRY_CI_CO_SB_CARRY_CI_CO_SB_CARRY_CI_CO_SB_CARRY_CI_CO_SB_CARRY_CI_CO_SB_CARRY_CI_CO_SB_CARRY_CI_CO_SB_CARRY_CI_CO_SB_CARRY_CI_CO_SB_CARRY_CI_CO_SB_CARRY_CI_CO_SB_CARRY_CI_CO_SB_CARRY_CI$CARRY.COUT
Info:    routing  0.00  22.92 Net system.transport.remaining_SB_DFFESR_Q_4_D_SB_LUT4_O_I2_SB_LUT4_O_I3_SB_CARRY_CI_CO_SB_LUT4_I3_O_SB_LUT4_O_I2_SB_LUT4_O_I3_SB_CARRY_CI_CO_SB_CARRY_CI_CO_SB_CARRY_CI_CO_SB_LUT4_I3_O_SB_CARRY_CI_CO_SB_CARRY_CI_CO_SB_CARRY_CI_CO_SB_CARRY_CI_CO_SB_CARRY_CI_CO_SB_CARRY_CI_CO_SB_CARRY_CI_CO_SB_CARRY_CI_CO_SB_CARRY_CI_CO_SB_CARRY_CI_CO_SB_CARRY_CI_CO_SB_CARRY_CI_CO_SB_CARRY_CI_CO_SB_CARRY_CI_CO_SB_CARRY_CI_CO_SB_CARRY_CI_CO_SB_CARRY_CI_CO (22,5) -> (22,5)
Info:                          Sink system.transport.remaining_SB_DFFESR_Q_4_D_SB_LUT4_O_I2_SB_LUT4_O_I3_SB_CARRY_CI_CO_SB_LUT4_I3_O_SB_LUT4_O_I2_SB_LUT4_O_I3_SB_CARRY_CI_CO_SB_CARRY_CI_CO_SB_CARRY_CI_CO_SB_LUT4_I3_O_SB_CARRY_CI_CO_SB_CARRY_CI_CO_SB_CARRY_CI_CO_SB_CARRY_CI_CO_SB_CARRY_CI_CO_SB_CARRY_CI_CO_SB_CARRY_CI_CO_SB_CARRY_CI_CO_SB_CARRY_CI_CO_SB_CARRY_CI_CO_SB_CARRY_CI_CO_SB_CARRY_CI_CO_SB_CARRY_CI_CO_SB_CARRY_CI_CO_SB_CARRY_CI_CO_SB_CARRY_CI_CO_SB_CARRY_CI_CO_SB_CARRY_CI$CARRY.CIN
Info:                          Defined in:
Info:                               rtl/io/known_replay_controller.sv:92.29-92.46
Info:                               LOCAL_PRIVATE_PATH 2026/digital ic/.tools/oss-cad-suite/libexec/../share/yosys/ice40/arith_map.v:62.5-70.4
Info:                               LOCAL_PRIVATE_PATH 2026/digital ic/.tools/oss-cad-suite/libexec/../share/yosys/ice40/abc9_model.v:4.9-4.11
Info:      logic  0.28  23.19 Source system.transport.remaining_SB_DFFESR_Q_4_D_SB_LUT4_O_I2_SB_LUT4_O_I3_SB_CARRY_CI_CO_SB_LUT4_I3_O_SB_LUT4_O_I2_SB_LUT4_O_I3_SB_CARRY_CI_CO_SB_CARRY_CI_CO_SB_CARRY_CI_CO_SB_LUT4_I3_O_SB_CARRY_CI_CO_SB_CARRY_CI_CO_SB_CARRY_CI_CO_SB_CARRY_CI_CO_SB_CARRY_CI_CO_SB_CARRY_CI_CO_SB_CARRY_CI_CO_SB_CARRY_CI_CO_SB_CARRY_CI_CO_SB_CARRY_CI_CO_SB_CARRY_CI_CO_SB_CARRY_CI_CO_SB_CARRY_CI_CO_SB_CARRY_CI_CO_SB_CARRY_CI_CO_SB_CARRY_CI_CO_SB_CARRY_CI_CO_SB_CARRY_CI$CARRY.COUT
Info:    routing  0.00  23.19 Net system.transport.remaining_SB_DFFESR_Q_4_D_SB_LUT4_O_I2_SB_LUT4_O_I3_SB_CARRY_CI_CO_SB_LUT4_I3_O_SB_LUT4_O_I2_SB_LUT4_O_I3_SB_CARRY_CI_CO_SB_CARRY_CI_CO_SB_CARRY_CI_CO_SB_LUT4_I3_O_SB_CARRY_CI_CO_SB_CARRY_CI_CO_SB_CARRY_CI_CO_SB_CARRY_CI_CO_SB_CARRY_CI_CO_SB_CARRY_CI_CO_SB_CARRY_CI_CO_SB_CARRY_CI_CO_SB_CARRY_CI_CO_SB_CARRY_CI_CO_SB_CARRY_CI_CO_SB_CARRY_CI_CO_SB_CARRY_CI_CO_SB_CARRY_CI_CO_SB_CARRY_CI_CO_SB_CARRY_CI_CO_SB_CARRY_CI_CO_SB_CARRY_CI_CO (22,5) -> (22,5)
Info:                          Sink system.transport.remaining_SB_DFFESR_Q_4_D_SB_LUT4_O_I2_SB_LUT4_O_I3_SB_CARRY_CI_CO_SB_LUT4_I3_O_SB_LUT4_O_I2_SB_LUT4_O_I3_SB_CARRY_CI_CO_SB_CARRY_CI_CO_SB_CARRY_CI_CO_SB_LUT4_I3_O_SB_CARRY_CI_CO_SB_CARRY_CI_CO_SB_CARRY_CI_CO_SB_CARRY_CI_CO_SB_CARRY_CI_CO_SB_CARRY_CI_CO_SB_CARRY_CI_CO_SB_CARRY_CI_CO_SB_CARRY_CI_CO_SB_CARRY_CI_CO_SB_CARRY_CI_CO_SB_CARRY_CI_CO_SB_CARRY_CI_CO_SB_CARRY_CI_CO_SB_CARRY_CI_CO_SB_CARRY_CI_CO_SB_CARRY_CI_CO_SB_CARRY_CI_CO_SB_CARRY_CI$CARRY.CIN
Info:                          Defined in:
Info:                               rtl/io/known_replay_controller.sv:92.29-92.46
Info:                               LOCAL_PRIVATE_PATH 2026/digital ic/.tools/oss-cad-suite/libexec/../share/yosys/ice40/arith_map.v:62.5-70.4
Info:                               LOCAL_PRIVATE_PATH 2026/digital ic/.tools/oss-cad-suite/libexec/../share/yosys/ice40/abc9_model.v:4.9-4.11
Info:      logic  0.28  23.47 Source system.transport.remaining_SB_DFFESR_Q_4_D_SB_LUT4_O_I2_SB_LUT4_O_I3_SB_CARRY_CI_CO_SB_LUT4_I3_O_SB_LUT4_O_I2_SB_LUT4_O_I3_SB_CARRY_CI_CO_SB_CARRY_CI_CO_SB_CARRY_CI_CO_SB_LUT4_I3_O_SB_CARRY_CI_CO_SB_CARRY_CI_CO_SB_CARRY_CI_CO_SB_CARRY_CI_CO_SB_CARRY_CI_CO_SB_CARRY_CI_CO_SB_CARRY_CI_CO_SB_CARRY_CI_CO_SB_CARRY_CI_CO_SB_CARRY_CI_CO_SB_CARRY_CI_CO_SB_CARRY_CI_CO_SB_CARRY_CI_CO_SB_CARRY_CI_CO_SB_CARRY_CI_CO_SB_CARRY_CI_CO_SB_CARRY_CI_CO_SB_CARRY_CI_CO_SB_CARRY_CI$CARRY.COUT
Info:    routing  0.00  23.47 Net system.transport.remaining_SB_DFFESR_Q_4_D_SB_LUT4_O_I2_SB_LUT4_O_I3_SB_CARRY_CI_CO_SB_LUT4_I3_O_SB_LUT4_O_I2_SB_LUT4_O_I3_SB_CARRY_CI_CO_SB_CARRY_CI_CO_SB_CARRY_CI_CO_SB_LUT4_I3_O_SB_CARRY_CI_CO_SB_CARRY_CI_CO_SB_CARRY_CI_CO_SB_CARRY_CI_CO_SB_CARRY_CI_CO_SB_CARRY_CI_CO_SB_CARRY_CI_CO_SB_CARRY_CI_CO_SB_CARRY_CI_CO_SB_CARRY_CI_CO_SB_CARRY_CI_CO_SB_CARRY_CI_CO_SB_CARRY_CI_CO_SB_CARRY_CI_CO_SB_CARRY_CI_CO_SB_CARRY_CI_CO_SB_CARRY_CI_CO_SB_CARRY_CI_CO_SB_CARRY_CI_CO (22,5) -> (22,5)
Info:                          Sink system.transport.remaining_SB_DFFESR_Q_4_D_SB_LUT4_O_I2_SB_LUT4_O_I3_SB_CARRY_CI_CO_SB_LUT4_I3_O_SB_LUT4_O_I2_SB_LUT4_O_I3_SB_CARRY_CI_CO_SB_CARRY_CI_CO_SB_CARRY_CI_CO_SB_LUT4_I3_O_SB_CARRY_CI_CO_SB_CARRY_CI_CO_SB_CARRY_CI_CO_SB_CARRY_CI_CO_SB_CARRY_CI_CO_SB_CARRY_CI_CO_SB_CARRY_CI_CO_SB_CARRY_CI_CO_SB_CARRY_CI_CO_SB_CARRY_CI_CO_SB_CARRY_CI_CO_SB_CARRY_CI_CO_SB_CARRY_CI_CO_SB_CARRY_CI_CO_SB_CARRY_CI_CO_SB_CARRY_CI_CO_SB_CARRY_CI_CO_SB_CARRY_CI_CO_SB_CARRY_CI_CO_SB_CARRY_CI$CARRY.CIN
Info:                          Defined in:
Info:                               rtl/io/known_replay_controller.sv:92.29-92.46
Info:                               LOCAL_PRIVATE_PATH 2026/digital ic/.tools/oss-cad-suite/libexec/../share/yosys/ice40/arith_map.v:62.5-70.4
Info:                               LOCAL_PRIVATE_PATH 2026/digital ic/.tools/oss-cad-suite/libexec/../share/yosys/ice40/abc9_model.v:4.9-4.11
Info:      logic  0.28  23.75 Source system.transport.remaining_SB_DFFESR_Q_4_D_SB_LUT4_O_I2_SB_LUT4_O_I3_SB_CARRY_CI_CO_SB_LUT4_I3_O_SB_LUT4_O_I2_SB_LUT4_O_I3_SB_CARRY_CI_CO_SB_CARRY_CI_CO_SB_CARRY_CI_CO_SB_LUT4_I3_O_SB_CARRY_CI_CO_SB_CARRY_CI_CO_SB_CARRY_CI_CO_SB_CARRY_CI_CO_SB_CARRY_CI_CO_SB_CARRY_CI_CO_SB_CARRY_CI_CO_SB_CARRY_CI_CO_SB_CARRY_CI_CO_SB_CARRY_CI_CO_SB_CARRY_CI_CO_SB_CARRY_CI_CO_SB_CARRY_CI_CO_SB_CARRY_CI_CO_SB_CARRY_CI_CO_SB_CARRY_CI_CO_SB_CARRY_CI_CO_SB_CARRY_CI_CO_SB_CARRY_CI_CO_SB_CARRY_CI$CARRY.COUT
Info:    routing  0.00  23.75 Net system.transport.remaining_SB_DFFESR_Q_4_D_SB_LUT4_O_I2_SB_LUT4_O_I3_SB_CARRY_CI_CO_SB_LUT4_I3_O_SB_LUT4_O_I2_SB_LUT4_O_I3_SB_CARRY_CI_CO_SB_CARRY_CI_CO_SB_CARRY_CI_CO_SB_LUT4_I3_O_SB_CARRY_CI_CO_SB_CARRY_CI_CO_SB_CARRY_CI_CO_SB_CARRY_CI_CO_SB_CARRY_CI_CO_SB_CARRY_CI_CO_SB_CARRY_CI_CO_SB_CARRY_CI_CO_SB_CARRY_CI_CO_SB_CARRY_CI_CO_SB_CARRY_CI_CO_SB_CARRY_CI_CO_SB_CARRY_CI_CO_SB_CARRY_CI_CO_SB_CARRY_CI_CO_SB_CARRY_CI_CO_SB_CARRY_CI_CO_SB_CARRY_CI_CO_SB_CARRY_CI_CO_SB_CARRY_CI_CO (22,5) -> (22,5)
Info:                          Sink system.transport.remaining_SB_DFFESR_Q_4_D_SB_LUT4_O_I2_SB_LUT4_O_I3_SB_CARRY_CI_CO_SB_LUT4_I3_O_SB_LUT4_O_I2_SB_LUT4_O_I3_SB_CARRY_CI_CO_SB_CARRY_CI_CO_SB_CARRY_CI_CO_SB_LUT4_I3_O_SB_CARRY_CI_CO_SB_CARRY_CI_CO_SB_CARRY_CI_CO_SB_CARRY_CI_CO_SB_CARRY_CI_CO_SB_CARRY_CI_CO_SB_CARRY_CI_CO_SB_CARRY_CI_CO_SB_CARRY_CI_CO_SB_CARRY_CI_CO_SB_CARRY_CI_CO_SB_CARRY_CI_CO_SB_CARRY_CI_CO_SB_CARRY_CI_CO_SB_CARRY_CI_CO_SB_CARRY_CI_CO_SB_CARRY_CI_CO_SB_CARRY_CI_CO_SB_CARRY_CI_CO_SB_CARRY_CI_CO_SB_CARRY_CI$CARRY.CIN
Info:                          Defined in:
Info:                               rtl/io/known_replay_controller.sv:92.29-92.46
Info:                               LOCAL_PRIVATE_PATH 2026/digital ic/.tools/oss-cad-suite/libexec/../share/yosys/ice40/arith_map.v:62.5-70.4
Info:                               LOCAL_PRIVATE_PATH 2026/digital ic/.tools/oss-cad-suite/libexec/../share/yosys/ice40/abc9_model.v:4.9-4.11
Info:      logic  0.28  24.03 Source system.transport.remaining_SB_DFFESR_Q_4_D_SB_LUT4_O_I2_SB_LUT4_O_I3_SB_CARRY_CI_CO_SB_LUT4_I3_O_SB_LUT4_O_I2_SB_LUT4_O_I3_SB_CARRY_CI_CO_SB_CARRY_CI_CO_SB_CARRY_CI_CO_SB_LUT4_I3_O_SB_CARRY_CI_CO_SB_CARRY_CI_CO_SB_CARRY_CI_CO_SB_CARRY_CI_CO_SB_CARRY_CI_CO_SB_CARRY_CI_CO_SB_CARRY_CI_CO_SB_CARRY_CI_CO_SB_CARRY_CI_CO_SB_CARRY_CI_CO_SB_CARRY_CI_CO_SB_CARRY_CI_CO_SB_CARRY_CI_CO_SB_CARRY_CI_CO_SB_CARRY_CI_CO_SB_CARRY_CI_CO_SB_CARRY_CI_CO_SB_CARRY_CI_CO_SB_CARRY_CI_CO_SB_CARRY_CI_CO_SB_CARRY_CI$CARRY.COUT
Info:    routing  0.00  24.03 Net $nextpnr_ICESTORM_LC_11$I3 (22,5) -> (22,5)
Info:                          Sink $nextpnr_ICESTORM_LC_11.CIN
Info:      logic  0.28  24.31 Source $nextpnr_ICESTORM_LC_11.COUT
Info:    routing  0.66  24.97 Net $nextpnr_ICESTORM_LC_11$COUT (22,5) -> (22,5)
Info:                          Sink system.transport.remaining_SB_DFFESR_Q_4_D_SB_LUT4_O_I2_SB_LUT4_O_I3_SB_CARRY_CI_CO_SB_LUT4_I3_O_SB_LUT4_O_I2_SB_LUT4_O_I3_SB_CARRY_CI_CO_SB_CARRY_CI_CO_SB_CARRY_CI_CO_SB_LUT4_I3_O_SB_CARRY_CI_CO_SB_CARRY_CI_CO_SB_CARRY_CI_CO_SB_CARRY_CI_CO_SB_CARRY_CI_CO_SB_CARRY_CI_CO_SB_CARRY_CI_CO_SB_CARRY_CI_CO_SB_CARRY_CI_CO_SB_CARRY_CI_CO_SB_CARRY_CI_CO_SB_CARRY_CI_CO_SB_CARRY_CI_CO_SB_CARRY_CI_CO_SB_CARRY_CI_CO_SB_CARRY_CI_CO_SB_CARRY_CI_CO_SB_CARRY_CI_CO_SB_CARRY_CI_CO_SB_CARRY_CI_CO_SB_CARRY_CI_CO_SB_LUT4_I3_LC.I3
Info:      logic  0.87  25.84 Source system.transport.remaining_SB_DFFESR_Q_4_D_SB_LUT4_O_I2_SB_LUT4_O_I3_SB_CARRY_CI_CO_SB_LUT4_I3_O_SB_LUT4_O_I2_SB_LUT4_O_I3_SB_CARRY_CI_CO_SB_CARRY_CI_CO_SB_CARRY_CI_CO_SB_LUT4_I3_O_SB_CARRY_CI_CO_SB_CARRY_CI_CO_SB_CARRY_CI_CO_SB_CARRY_CI_CO_SB_CARRY_CI_CO_SB_CARRY_CI_CO_SB_CARRY_CI_CO_SB_CARRY_CI_CO_SB_CARRY_CI_CO_SB_CARRY_CI_CO_SB_CARRY_CI_CO_SB_CARRY_CI_CO_SB_CARRY_CI_CO_SB_CARRY_CI_CO_SB_CARRY_CI_CO_SB_CARRY_CI_CO_SB_CARRY_CI_CO_SB_CARRY_CI_CO_SB_CARRY_CI_CO_SB_CARRY_CI_CO_SB_CARRY_CI_CO_SB_LUT4_I3_LC.O
Info:    routing  1.76  27.60 Net system.controller.loaded_SB_DFFESR_Q_1_D[1] (22,5) -> (21,4)
Info:                          Sink system.transport.remaining_SB_DFFESR_Q_15_D_SB_LUT4_O_I2_SB_LUT4_O_I3_SB_CARRY_CI_CO_SB_LUT4_I3_O_SB_LUT4_O_LC.I3
Info:                          Defined in:
Info:                               LOCAL_PRIVATE_PATH 2026/digital ic/.tools/oss-cad-suite/libexec/../share/yosys/ice40/cells_map.v:6.21-6.22
Info:      logic  0.87  28.48 Source system.transport.remaining_SB_DFFESR_Q_15_D_SB_LUT4_O_I2_SB_LUT4_O_I3_SB_CARRY_CI_CO_SB_LUT4_I3_O_SB_LUT4_O_LC.O
Info:    routing  2.95  31.43 Net system.transport.remaining_SB_DFFESR_Q_15_D_SB_LUT4_O_I2_SB_LUT4_O_I3_SB_CARRY_CI_CO_SB_LUT4_I3_O[2] (21,4) -> (23,3)
Info:                          Sink system.transport.address_SB_DFFESR_Q_5_D_SB_CARRY_I0_CI_SB_CARRY_CO_CI_SB_CARRY_CO$CARRY.I2
Info:                          Defined in:
Info:                               LOCAL_PRIVATE_PATH 2026/digital ic/.tools/oss-cad-suite/libexec/../share/yosys/ice40/cells_map.v:6.21-6.22
Info:      logic  0.61  32.04 Source system.transport.address_SB_DFFESR_Q_5_D_SB_CARRY_I0_CI_SB_CARRY_CO_CI_SB_CARRY_CO$CARRY.COUT
Info:    routing  0.00  32.04 Net system.transport.address_SB_DFFESR_Q_5_D_SB_CARRY_I0_CI_SB_CARRY_CO_CI (23,3) -> (23,3)
Info:                          Sink system.transport.address_SB_DFFESR_Q_5_D_SB_CARRY_I0_CI_SB_CARRY_CO$CARRY.CIN
Info:                          Defined in:
Info:                               rtl/io/flash_stream.sv:86.25-86.67
Info:                               LOCAL_PRIVATE_PATH 2026/digital ic/.tools/oss-cad-suite/libexec/../share/yosys/ice40/arith_map.v:62.5-70.4
Info:                               LOCAL_PRIVATE_PATH 2026/digital ic/.tools/oss-cad-suite/libexec/../share/yosys/ice40/abc9_model.v:4.9-4.11
Info:      logic  0.28  32.32 Source system.transport.address_SB_DFFESR_Q_5_D_SB_CARRY_I0_CI_SB_CARRY_CO$CARRY.COUT
Info:    routing  0.00  32.32 Net system.transport.address_SB_DFFESR_Q_5_D_SB_CARRY_I0_CI (23,3) -> (23,3)
Info:                          Sink system.transport.address_SB_DFFESR_Q_5_D_SB_CARRY_I0$CARRY.CIN
Info:                          Defined in:
Info:                               rtl/io/flash_stream.sv:86.25-86.67
Info:                               LOCAL_PRIVATE_PATH 2026/digital ic/.tools/oss-cad-suite/libexec/../share/yosys/ice40/arith_map.v:62.5-70.4
Info:                               LOCAL_PRIVATE_PATH 2026/digital ic/.tools/oss-cad-suite/libexec/../share/yosys/ice40/abc9_model.v:4.9-4.11
Info:      logic  0.28  32.59 Source system.transport.address_SB_DFFESR_Q_5_D_SB_CARRY_I0$CARRY.COUT
Info:    routing  0.00  32.59 Net system.transport.address_SB_DFFESR_Q_5_D_SB_CARRY_I0_CO (23,3) -> (23,3)
Info:                          Sink system.transport.address_SB_DFFESR_Q_5_D_SB_CARRY_I0_CO_SB_CARRY_CI$CARRY.CIN
Info:                          Defined in:
Info:                               rtl/io/flash_stream.sv:86.25-86.67
Info:                               LOCAL_PRIVATE_PATH 2026/digital ic/.tools/oss-cad-suite/libexec/../share/yosys/ice40/arith_map.v:62.5-70.4
Info:                               LOCAL_PRIVATE_PATH 2026/digital ic/.tools/oss-cad-suite/libexec/../share/yosys/ice40/abc9_model.v:4.9-4.11
Info:      logic  0.28  32.87 Source system.transport.address_SB_DFFESR_Q_5_D_SB_CARRY_I0_CO_SB_CARRY_CI$CARRY.COUT
Info:    routing  0.00  32.87 Net system.transport.address_SB_DFFESR_Q_5_D_SB_CARRY_I0_CO_SB_CARRY_CI_CO (23,3) -> (23,3)
Info:                          Sink system.transport.address_SB_DFFESR_Q_5_D_SB_CARRY_I0_CO_SB_CARRY_CI_CO_SB_CARRY_CI$CARRY.CIN
Info:                          Defined in:
Info:                               rtl/io/flash_stream.sv:86.25-86.67
Info:                               LOCAL_PRIVATE_PATH 2026/digital ic/.tools/oss-cad-suite/libexec/../share/yosys/ice40/arith_map.v:62.5-70.4
Info:                               LOCAL_PRIVATE_PATH 2026/digital ic/.tools/oss-cad-suite/libexec/../share/yosys/ice40/abc9_model.v:4.9-4.11
Info:      logic  0.28  33.15 Source system.transport.address_SB_DFFESR_Q_5_D_SB_CARRY_I0_CO_SB_CARRY_CI_CO_SB_CARRY_CI$CARRY.COUT
Info:    routing  0.56  33.71 Net system.transport.address_SB_DFFESR_Q_5_D_SB_CARRY_I0_CO_SB_CARRY_CI_CO_SB_CARRY_CI_CO (23,3) -> (23,4)
Info:                          Sink system.transport.state_SB_DFF_Q_8_D_SB_LUT4_O_I3_SB_LUT4_O_I2_SB_LUT4_O_I3_SB_CARRY_CO_CI_SB_CARRY_CO_CI_SB_CARRY_CO_CI_SB_CARRY_CO_CI_SB_LUT4_O_LC.CIN
Info:                          Defined in:
Info:                               rtl/io/flash_stream.sv:86.25-86.67
Info:                               LOCAL_PRIVATE_PATH 2026/digital ic/.tools/oss-cad-suite/libexec/../share/yosys/ice40/arith_map.v:62.5-70.4
Info:                               LOCAL_PRIVATE_PATH 2026/digital ic/.tools/oss-cad-suite/libexec/../share/yosys/ice40/abc9_model.v:4.9-4.11
Info:      logic  0.28  33.98 Source system.transport.state_SB_DFF_Q_8_D_SB_LUT4_O_I3_SB_LUT4_O_I2_SB_LUT4_O_I3_SB_CARRY_CO_CI_SB_CARRY_CO_CI_SB_CARRY_CO_CI_SB_CARRY_CO_CI_SB_LUT4_O_LC.COUT
Info:    routing  0.00  33.98 Net system.transport.address_SB_DFFESR_Q_5_D_SB_CARRY_I0_CO_SB_CARRY_CI_CO_SB_CARRY_CI_CO_SB_CARRY_CI_CO (23,4) -> (23,4)
Info:                          Sink system.transport.state_SB_DFF_Q_8_D_SB_LUT4_O_I3_SB_LUT4_O_I2_SB_LUT4_O_I3_SB_CARRY_CO_CI_SB_CARRY_CO_CI_SB_CARRY_CO_CI_SB_CARRY_CO_I0_SB_LUT4_O_LC.CIN
Info:                          Defined in:
Info:                               rtl/io/flash_stream.sv:86.25-86.67
Info:                               LOCAL_PRIVATE_PATH 2026/digital ic/.tools/oss-cad-suite/libexec/../share/yosys/ice40/arith_map.v:62.5-70.4
Info:                               LOCAL_PRIVATE_PATH 2026/digital ic/.tools/oss-cad-suite/libexec/../share/yosys/ice40/cells_map.v:6.21-6.22
Info:      logic  0.28  34.26 Source system.transport.state_SB_DFF_Q_8_D_SB_LUT4_O_I3_SB_LUT4_O_I2_SB_LUT4_O_I3_SB_CARRY_CO_CI_SB_CARRY_CO_CI_SB_CARRY_CO_CI_SB_CARRY_CO_I0_SB_LUT4_O_LC.COUT
Info:    routing  0.66  34.92 Net $nextpnr_ICESTORM_LC_57$I3 (23,4) -> (23,4)
Info:                          Sink $nextpnr_ICESTORM_LC_57.I3
Info:      logic  0.87  35.80 Source $nextpnr_ICESTORM_LC_57.O
Info:    routing  1.76  37.56 Net system.transport.remaining_SB_DFFESR_Q_4_D_SB_LUT4_O_I2_SB_LUT4_O_I3_SB_CARRY_CI_CO_SB_LUT4_I3_O_SB_LUT4_O_I2_SB_LUT4_O_I3_SB_CARRY_CI_CO_SB_CARRY_CI_CO_SB_CARRY_CI_CO_SB_LUT4_I3_O_SB_CARRY_CI_CO_SB_CARRY_CI_CO_SB_CARRY_CI_CO_SB_CARRY_CI_CO_SB_CARRY_CI_CO_SB_CARRY_CI_CO_SB_CARRY_CI_CO_SB_CARRY_CI_CO_SB_CARRY_CI_CO_SB_CARRY_CI_CO_SB_CARRY_CI_CO_SB_CARRY_CI_CO_SB_CARRY_CI_CO_SB_CARRY_CI_CO_SB_CARRY_CI_CO_SB_CARRY_CI_CO_SB_CARRY_CI_CO_SB_CARRY_CI_CO_SB_CARRY_CI_CO_SB_CARRY_CI_CO_SB_CARRY_CI_CO_SB_LUT4_I3_1_O[3] (23,4) -> (24,3)
Info:                          Sink system.transport.state_SB_DFF_Q_8_D_SB_LUT4_O_I3_SB_LUT4_O_I2_SB_LUT4_O_I3_SB_CARRY_CO_CI_SB_CARRY_CO_CI_SB_CARRY_CO$CARRY.I3
Info:                          Defined in:
Info:                               rtl/io/flash_stream.sv:86.25-86.67
Info:                               LOCAL_PRIVATE_PATH 2026/digital ic/.tools/oss-cad-suite/libexec/../share/yosys/ice40/arith_map.v:62.5-70.4
Info:                               LOCAL_PRIVATE_PATH 2026/digital ic/.tools/oss-cad-suite/libexec/../share/yosys/ice40/abc9_model.v:4.9-4.11
Info:      logic  0.87  38.43 Source system.transport.state_SB_DFF_Q_8_D_SB_LUT4_O_I3_SB_LUT4_O_I2_SB_LUT4_O_I3_SB_CARRY_CO_CI_SB_CARRY_CO_CI_SB_CARRY_CO$CARRY.O
Info:    routing  1.76  40.19 Net system.transport.state_SB_DFF_Q_8_D_SB_LUT4_O_I3_SB_LUT4_O_I2_SB_LUT4_O_I3_SB_CARRY_CO_CI_SB_CARRY_CO_CI_SB_CARRY_CO_I0 (24,3) -> (24,3)
Info:                          Sink system.transport.state_SB_DFF_Q_8_D_SB_LUT4_O_I3_SB_LUT4_O_I2_SB_LUT4_O_I3_SB_CARRY_CO_CI_SB_CARRY_CO_CI_SB_CARRY_CO$CARRY.I1
Info:      logic  0.68  40.87 Source system.transport.state_SB_DFF_Q_8_D_SB_LUT4_O_I3_SB_LUT4_O_I2_SB_LUT4_O_I3_SB_CARRY_CO_CI_SB_CARRY_CO_CI_SB_CARRY_CO$CARRY.COUT
Info:    routing  0.00  40.87 Net system.transport.state_SB_DFF_Q_8_D_SB_LUT4_O_I3_SB_LUT4_O_I2_SB_LUT4_O_I3_SB_CARRY_CO_CI_SB_CARRY_CO_CI (24,3) -> (24,3)
Info:                          Sink system.transport.state_SB_DFF_Q_8_D_SB_LUT4_O_I3_SB_LUT4_O_I2_SB_LUT4_O_I3_SB_CARRY_CO_CI_SB_CARRY_CO$CARRY.CIN
Info:                          Defined in:
Info:                               rtl/io/flash_stream.sv:86.25-86.71
Info:                               LOCAL_PRIVATE_PATH 2026/digital ic/.tools/oss-cad-suite/libexec/../share/yosys/ice40/arith_map.v:62.5-70.4
Info:                               LOCAL_PRIVATE_PATH 2026/digital ic/.tools/oss-cad-suite/libexec/../share/yosys/ice40/abc9_model.v:4.9-4.11
Info:      logic  0.28  41.15 Source system.transport.state_SB_DFF_Q_8_D_SB_LUT4_O_I3_SB_LUT4_O_I2_SB_LUT4_O_I3_SB_CARRY_CO_CI_SB_CARRY_CO$CARRY.COUT
Info:    routing  0.00  41.15 Net system.transport.state_SB_DFF_Q_8_D_SB_LUT4_O_I3_SB_LUT4_O_I2_SB_LUT4_O_I3_SB_CARRY_CO_CI (24,3) -> (24,3)
Info:                          Sink system.transport.state_SB_DFF_Q_8_D_SB_LUT4_O_I3_SB_LUT4_O_I2_SB_LUT4_O_I3_SB_CARRY_CO$CARRY.CIN
Info:                          Defined in:
Info:                               rtl/io/flash_stream.sv:86.25-86.71
Info:                               LOCAL_PRIVATE_PATH 2026/digital ic/.tools/oss-cad-suite/libexec/../share/yosys/ice40/arith_map.v:62.5-70.4
Info:                               LOCAL_PRIVATE_PATH 2026/digital ic/.tools/oss-cad-suite/libexec/../share/yosys/ice40/abc9_model.v:4.9-4.11
Info:      logic  0.28  41.42 Source system.transport.state_SB_DFF_Q_8_D_SB_LUT4_O_I3_SB_LUT4_O_I2_SB_LUT4_O_I3_SB_CARRY_CO$CARRY.COUT
Info:    routing  0.66  42.09 Net system.transport.state_SB_DFF_Q_8_D_SB_LUT4_O_I3_SB_LUT4_O_I2_SB_LUT4_O_I0[3] (24,3) -> (24,3)
Info:                          Sink system.transport.state_SB_DFF_Q_8_D_SB_LUT4_O_I3_SB_LUT4_O_I2_SB_LUT4_O_LC.I3
Info:                          Defined in:
Info:                               rtl/io/flash_stream.sv:86.25-86.71
Info:                               LOCAL_PRIVATE_PATH 2026/digital ic/.tools/oss-cad-suite/libexec/../share/yosys/ice40/arith_map.v:62.5-70.4
Info:                               LOCAL_PRIVATE_PATH 2026/digital ic/.tools/oss-cad-suite/libexec/../share/yosys/ice40/abc9_model.v:4.9-4.11
Info:      logic  0.87  42.96 Source system.transport.state_SB_DFF_Q_8_D_SB_LUT4_O_I3_SB_LUT4_O_I2_SB_LUT4_O_LC.O
Info:    routing  1.76  44.72 Net system.transport.state_SB_DFF_Q_8_D_SB_LUT4_O_I3_SB_LUT4_O_I2[1] (24,3) -> (23,2)
Info:                          Sink system.transport.state_SB_DFF_Q_8_D_SB_LUT4_O_I3_SB_LUT4_O_I2_SB_LUT4_I2_LC.I2
Info:                          Defined in:
Info:                               LOCAL_PRIVATE_PATH 2026/digital ic/.tools/oss-cad-suite/libexec/../share/yosys/ice40/cells_map.v:6.21-6.22
Info:      logic  1.21  45.93 Source system.transport.state_SB_DFF_Q_8_D_SB_LUT4_O_I3_SB_LUT4_O_I2_SB_LUT4_I2_LC.O
Info:    routing  1.76  47.69 Net system.transport.state_SB_DFF_Q_8_D_SB_LUT4_O_I3_SB_LUT4_O_I2_SB_LUT4_I2_O[1] (23,2) -> (23,2)
Info:                          Sink system.transport.header_index_SB_DFFESR_Q_E_SB_LUT4_O_I3_SB_LUT4_O_LC.I3
Info:                          Defined in:
Info:                               LOCAL_PRIVATE_PATH 2026/digital ic/.tools/oss-cad-suite/libexec/../share/yosys/ice40/cells_map.v:6.21-6.22
Info:      logic  0.87  48.56 Source system.transport.header_index_SB_DFFESR_Q_E_SB_LUT4_O_I3_SB_LUT4_O_LC.O
Info:    routing  5.72  54.28 Net system.transport.header_index_SB_DFFESR_Q_E_SB_LUT4_O_I1[2] (23,2) -> (12,18)
Info:                          Sink system.transport.header_index_SB_DFFESR_Q_E_SB_LUT4_O_LC.I3
Info:                          Defined in:
Info:                               LOCAL_PRIVATE_PATH 2026/digital ic/.tools/oss-cad-suite/libexec/../share/yosys/ice40/cells_map.v:6.21-6.22
Info:      logic  0.87  55.15 Source system.transport.header_index_SB_DFFESR_Q_E_SB_LUT4_O_LC.O
Info:    routing  3.10  58.25 Net system.transport.header_index_SB_DFFESR_Q_E (12,18) -> (11,19)
Info:                          Sink system.transport.header_index_SB_DFFESR_Q_1_D_SB_LUT4_O_LC.CEN
Info:                          Defined in:
Info:                               rtl/io/flash_stream.sv:69.5-122.8
Info:                               LOCAL_PRIVATE_PATH 2026/digital ic/.tools/oss-cad-suite/libexec/../share/yosys/ice40/ff_map.v:24.66-24.119
Info:                               LOCAL_PRIVATE_PATH 2026/digital ic/.tools/oss-cad-suite/libexec/../share/yosys/ice40/cells_sim.v:595.8-595.9
Info:      setup  0.10  58.35 Source system.transport.header_index_SB_DFFESR_Q_1_D_SB_LUT4_O_LC.CEN
Info: 24.57 ns logic, 33.78 ns routing

Info: Critical path report for cross-domain path '<async>' -> 'posedge clk':
Info:       type curr  total name
Info:     source  0.00  0.00 Source flash_miso$sb_io.D_IN_0
Info:    routing  4.22  4.22 Net flash_miso$SB_IO_IN (23,0) -> (23,13)
Info:                          Sink system.transport.spi.rx_shift_SB_DFFESR_Q_DFFLC.I0
Info:                          Defined in:
Info:                               rtl/io/spi_master.sv:18.16-18.20
Info:      setup  1.23  5.46 Source system.transport.spi.rx_shift_SB_DFFESR_Q_DFFLC.I0
Info: 1.23 ns logic, 4.22 ns routing

Info: Critical path report for cross-domain path 'posedge clk' -> '<async>':
Info:       type curr  total name
Info:   clk-to-q  1.39  1.39 Source system.controller.errors_SB_DFFESR_Q_1_DFFLC.O
Info:    routing  3.93  5.32 Net system.controller.errors[5] (10,16) -> (22,16)
Info:                          Sink status_error_SB_LUT4_O_I3_SB_LUT4_O_1_LC.I2
Info:                          Defined in:
Info:                               rtl/io/known_replay_controller.sv:27.15-27.21
Info:      logic  1.21  6.53 Source status_error_SB_LUT4_O_I3_SB_LUT4_O_1_LC.O
Info:    routing  3.49  10.02 Net status_error_SB_LUT4_O_I3[0] (22,16) -> (17,17)
Info:                          Sink status_error_SB_LUT4_O_LC.I2
Info:                          Defined in:
Info:                               LOCAL_PRIVATE_PATH 2026/digital ic/.tools/oss-cad-suite/libexec/../share/yosys/ice40/cells_map.v:6.21-6.22
Info:      logic  1.21  11.23 Source status_error_SB_LUT4_O_LC.O
Info:    routing  5.00  16.23 Net status_error$SB_IO_OUT (17,17) -> (18,0)
Info:                          Sink status_error$sb_io.D_OUT_0
Info:                          Defined in:
Info:                               LOCAL_PRIVATE_PATH 2026/digital ic/.tools/oss-cad-suite/libexec/../share/yosys/ice40/cells_map.v:6.21-6.22
Info: 3.80 ns logic, 12.43 ns routing

Info: Max frequency for clock 'clk': 17.14 MHz (PASS at 13.20 MHz)

Info: Clock '$PACKER_GND_NET' has no interior paths

Info: Max delay <async>     -> posedge clk: 5.46 ns
Info: Max delay posedge clk -> <async>    : 16.23 ns

Info: Slack histogram:
Info:  legend: * represents 26 endpoint(s)
Info:          + represents [1,26) endpoint(s)
Info: [ 17407,  20162) |*+
Info: [ 20162,  22917) |+
Info: [ 22917,  25672) |+
Info: [ 25672,  28427) |*+
Info: [ 28427,  31182) |***+
Info: [ 31182,  33937) |*+
Info: [ 33937,  36692) |*+
Info: [ 36692,  39447) |*****+
Info: [ 39447,  42202) |********+
Info: [ 42202,  44957) |******+
Info: [ 44957,  47712) |********+
Info: [ 47712,  50467) |*************+
Info: [ 50467,  53222) |****************+
Info: [ 53222,  55977) |************************+
Info: [ 55977,  58732) |***********************+
Info: [ 58732,  61487) |************************************************************
Info: [ 61487,  64242) |****************+
Info: [ 64242,  66997) |*************+
Info: [ 66997,  69752) |**************************+
Info: [ 69752,  72507) |****************************************+
1 warning, 0 errors

Info: Program finished normally.
