
 /----------------------------------------------------------------------------\
 |  yosys -- Yosys Open SYnthesis Suite                                       |
 |  Copyright (C) 2012 - 2026  Claire Xenia Wolf <claire@yosyshq.com>         |
 |  Distributed under an ISC-like license, type "license" to see terms        |
 \----------------------------------------------------------------------------/
 Yosys 0.68+195 (git sha1 435977e97-dirty, Release, Clang /usr/local/osxcross/target/bin/aarch64-apple-darwin25.5-clang++ 21.1.8)

-- Executing script file `design_prep.ys' --

1. Executing RTLIL frontend.
Input filename: design.il

2. Executing SCC pass (detecting logic loops).
Found 0 SCCs in module $paramod$1749c0d87be28a43a7f5b8a32197c1ea2423170e\sync_fifo.
Found 0 SCCs in module fifo_harness.
Found 0 SCCs.

3. Executing SIMPLEMAP pass (map simple cells to gate primitives).

4. Executing MEMORY_NORDFF pass (extracting $dff cells from memories).

5. Executing ASYNC2SYNC pass.

6. Executing OPT_CLEAN pass (remove unused cells and wires).
Finding unused cells or wires in module $paramod$1749c0d87be28a43a7f5b8a32197c1ea2423170e\sync_fifo..
Finding unused cells or wires in module \fifo_harness..
Removed 54 unused cells and 54 unused wires.
<suppressed ~55 debug messages>

7. Executing FORMALFF pass.
Setting unused undefined initial value of fifo_harness.$procdff$422 ($dff) from 1'x to 1'0

8. Executing OPT_CLEAN pass (remove unused cells and wires).
Finding unused cells or wires in module $paramod$1749c0d87be28a43a7f5b8a32197c1ea2423170e\sync_fifo..
Finding unused cells or wires in module \fifo_harness..
Removed 90 unused cells and 90 unused wires.
<suppressed ~97 debug messages>

9. Executing CHECK pass (checking for obvious problems).
Checking module $paramod$1749c0d87be28a43a7f5b8a32197c1ea2423170e\sync_fifo...
Checking module fifo_harness...
Found and reported 0 problems.

10. Executing SETUNDEF pass (replace undef values with defined constants).

11. Executing OPT pass (performing simple optimizations).

11.1. Executing OPT_EXPR pass (perform const folding).
Optimizing module $paramod$1749c0d87be28a43a7f5b8a32197c1ea2423170e\sync_fifo.
Optimizing module fifo_harness.

11.2. Executing OPT_MERGE pass (detect identical cells).
Finding identical cells in module `$paramod$1749c0d87be28a43a7f5b8a32197c1ea2423170e\sync_fifo'.
Computing hashes of 38 cells of `$paramod$1749c0d87be28a43a7f5b8a32197c1ea2423170e\sync_fifo'.
Finding duplicate cells in `$paramod$1749c0d87be28a43a7f5b8a32197c1ea2423170e\sync_fifo'.
Finding identical cells in module `\fifo_harness'.
Computing hashes of 54 cells of `\fifo_harness'.
Finding duplicate cells in `\fifo_harness'.
Computing hashes of 49 cells of `\fifo_harness'.
Finding duplicate cells in `\fifo_harness'.
<suppressed ~15 debug messages>
Removed a total of 5 cells.

11.3. Executing OPT_DFF pass (perform DFF optimizations).

11.4. Executing OPT_CLEAN pass (remove unused cells and wires).
Finding unused cells or wires in module $paramod$1749c0d87be28a43a7f5b8a32197c1ea2423170e\sync_fifo..
Finding unused cells or wires in module \fifo_harness..
Removed 0 unused cells and 5 unused wires.
<suppressed ~1 debug messages>

11.5. Finished fast OPT passes.

12. Executing OPT_CLEAN pass (remove unused cells and wires).
Finding unused cells or wires in module $paramod$1749c0d87be28a43a7f5b8a32197c1ea2423170e\sync_fifo..
Finding unused cells or wires in module \fifo_harness..
Removed 0 unused cells and 4 unused wires.
<suppressed ~1 debug messages>

13. Executing RTLIL backend.
Output filename: ../model/design_prep.il

End of script. Logfile hash: 325d37424c, time: 0.01s, user: 0.01s, system: 0.00s, MEM: 13.67 MB peak
Yosys 0.68+195 (git sha1 435977e97-dirty, Release, Clang /usr/local/osxcross/target/bin/aarch64-apple-darwin25.5-clang++ 21.1.8)
Time spent: 32% 4x opt_clean (0 sec), 10% 1x formalff (0 sec), ...
