
 /----------------------------------------------------------------------------\
 |  yosys -- Yosys Open SYnthesis Suite                                       |
 |  Copyright (C) 2012 - 2026  Claire Xenia Wolf <claire@yosyshq.com>         |
 |  Distributed under an ISC-like license, type "license" to see terms        |
 \----------------------------------------------------------------------------/
 Yosys 0.68+195 (git sha1 435977e97-dirty, Release, Clang /usr/local/osxcross/target/bin/aarch64-apple-darwin25.5-clang++ 21.1.8)

-- Executing script file `design_smt2.ys' --

1. Executing RTLIL frontend.
Input filename: design_prep.il

2. Executing HIERARCHY pass (managing design hierarchy).
Attribute `top' found on module `fifo_harness'. Setting top module to fifo_harness.

2.1. Analyzing design hierarchy..
Top module:  \fifo_harness
Used module:     $paramod$1749c0d87be28a43a7f5b8a32197c1ea2423170e\sync_fifo

2.2. Analyzing design hierarchy..
Top module:  \fifo_harness
Used module:     $paramod$1749c0d87be28a43a7f5b8a32197c1ea2423170e\sync_fifo
Removed 0 unused modules.
Module fifo_harness directly or indirectly contains formal properties -> setting "keep" attribute.

3. Executing FORMALFF pass.

4. Executing DFFUNMAP pass (unmap clock enable and synchronous reset from FFs).

5. Printing statistics.

=== $paramod$1749c0d87be28a43a7f5b8a32197c1ea2423170e\sync_fifo ===

        +----------Local Count, excluding submodules.
        | 
       44 wires
      188 wire bits
       17 public wires
       83 public wire bits
        9 ports
       41 port bits
       40 cells
        3   $add
        3   $anyinit
        4   $anyseq
        1   $assume
        4   $eq
        4   $logic_and
        1   $logic_not
        1   $logic_or
        1   $lt
        1   $mem_v2
       13   $mux
        1   $not
        1   $pmux
        1   $reduce_bool
        1   $sub

=== fifo_harness ===

        +----------Local Count, excluding submodules.
        | 
       48 wires
      115 wire bits
       16 public wires
       55 public wire bits
        1 ports
        1 port bits
       50 cells
        1   $add
        4   $anyseq
        2   $assume
        5   $cover
        1   $eq
       10   $ff
        1   $ge
       14   $logic_and
        2   $logic_not
        1   $lt
        7   $mux
        1   $not
        1   $reduce_bool
        1 submodules
        1   $paramod$1749c0d87be28a43a7f5b8a32197c1ea2423170e\sync_fifo

=== design hierarchy ===

        +----------Count including submodules.
        | 
       90 fifo_harness
       40 $paramod$1749c0d87be28a43a7f5b8a32197c1ea2423170e\sync_fifo

        +----------Count including submodules.
        | 
       92 wires
      303 wire bits
       33 public wires
      138 public wire bits
       10 ports
       42 port bits
        - memories
        - memory bits
        - processes
       90 cells
        4   $add
        3   $anyinit
        8   $anyseq
        3   $assume
        5   $cover
        5   $eq
       10   $ff
        1   $ge
       18   $logic_and
        3   $logic_not
        1   $logic_or
        2   $lt
        1   $mem_v2
       20   $mux
        2   $not
        1   $pmux
        2   $reduce_bool
        1   $sub
        1 submodules
        1   $paramod$1749c0d87be28a43a7f5b8a32197c1ea2423170e\sync_fifo

6. Executing SMT2 backend.

6.1. Executing BMUXMAP pass.

6.2. Executing DEMUXMAP pass.
Creating SMT-LIBv2 representation of module $paramod$1749c0d87be28a43a7f5b8a32197c1ea2423170e\sync_fifo.
Creating SMT-LIBv2 representation of module fifo_harness.

End of script. Logfile hash: d48b3a7acb, time: 0.00s, user: 0.00s, system: 0.00s, MEM: 12.48 MB peak
Yosys 0.68+195 (git sha1 435977e97-dirty, Release, Clang /usr/local/osxcross/target/bin/aarch64-apple-darwin25.5-clang++ 21.1.8)
Time spent: 68% 2x write_smt2 (0 sec), 14% 2x read_rtlil (0 sec), ...
