%Warning-TIMESCALEMOD: ./rtl/core/vib_coeff_rom.sv:3:8: Timescale missing on this module as other modules have it (IEEE 1800-2023 3.14.2.3)
    3 | module vib_coeff_rom #(
      |        ^~~~~~~~~~~~~
                       ./sim/flash_system_tb.sv:3:8: ... Location of module with timescale
    3 | module flash_system_tb #(
      |        ^~~~~~~~~~~~~~~
                       ... For warning description see https://verilator.org/warn/TIMESCALEMOD?v=5.051
                       ... Use "/* verilator lint_off TIMESCALEMOD */" and lint_on around source to disable this message.
%Warning-TIMESCALEMOD: ./rtl/core/vibration_core.sv:3:8: Timescale missing on this module as other modules have it (IEEE 1800-2023 3.14.2.3)
    3 | module vibration_core #(
      |        ^~~~~~~~~~~~~~
                       ./sim/flash_system_tb.sv:3:8: ... Location of module with timescale
    3 | module flash_system_tb #(
      |        ^~~~~~~~~~~~~~~
%Warning-TIMESCALEMOD: ./rtl/core/sync_fifo.sv:3:8: Timescale missing on this module as other modules have it (IEEE 1800-2023 3.14.2.3)
    3 | module sync_fifo #(
      |        ^~~~~~~~~
                       ./sim/flash_system_tb.sv:3:8: ... Location of module with timescale
    3 | module flash_system_tb #(
      |        ^~~~~~~~~~~~~~~
%Warning-TIMESCALEMOD: ./rtl/platform/spram16k.sv:3:8: Timescale missing on this module as other modules have it (IEEE 1800-2023 3.14.2.3)
    3 | module spram16k(input wire clk, input wire [13:0] address,
      |        ^~~~~~~~
                       ./sim/flash_system_tb.sv:3:8: ... Location of module with timescale
    3 | module flash_system_tb #(
      |        ^~~~~~~~~~~~~~~
%Warning-TIMESCALEMOD: ./rtl/io/spi_master.sv:4:8: Timescale missing on this module as other modules have it (IEEE 1800-2023 3.14.2.3)
    4 | module spi_master #(
      |        ^~~~~~~~~~
                       ./sim/flash_system_tb.sv:3:8: ... Location of module with timescale
    3 | module flash_system_tb #(
      |        ^~~~~~~~~~~~~~~
%Warning-TIMESCALEMOD: ./rtl/io/flash_stream.sv:4:8: Timescale missing on this module as other modules have it (IEEE 1800-2023 3.14.2.3)
    4 | module flash_stream #(
      |        ^~~~~~~~~~~~
                       ./sim/flash_system_tb.sv:3:8: ... Location of module with timescale
    3 | module flash_system_tb #(
      |        ^~~~~~~~~~~~~~~
%Warning-TIMESCALEMOD: ./rtl/io/replay_source.sv:2:8: Timescale missing on this module as other modules have it (IEEE 1800-2023 3.14.2.3)
    2 | module replay_source(
      |        ^~~~~~~~~~~~~
                       ./sim/flash_system_tb.sv:3:8: ... Location of module with timescale
    3 | module flash_system_tb #(
      |        ^~~~~~~~~~~~~~~
%Warning-TIMESCALEMOD: ./rtl/upduino_replay.sv:3:8: Timescale missing on this module as other modules have it (IEEE 1800-2023 3.14.2.3)
    3 | module upduino_replay #(
      |        ^~~~~~~~~~~~~~
                       ./sim/flash_system_tb.sv:3:8: ... Location of module with timescale
    3 | module flash_system_tb #(
      |        ^~~~~~~~~~~~~~~
%Warning-TIMESCALEMOD: ./rtl/upduino_replay.sv:24:8: Timescale missing on this module as other modules have it (IEEE 1800-2023 3.14.2.3)
   24 | module replay_system #(
      |        ^~~~~~~~~~~~~
                       ./sim/flash_system_tb.sv:3:8: ... Location of module with timescale
    3 | module flash_system_tb #(
      |        ^~~~~~~~~~~~~~~
%Warning-TIMESCALEMOD: ./rtl/upduino_replay.sv:327:8: Timescale missing on this module as other modules have it (IEEE 1800-2023 3.14.2.3)
  327 | module replay_fifo(input wire clk,rst,input wire in_valid,output wire in_ready,
      |        ^~~~~~~~~~~
                       ./sim/flash_system_tb.sv:3:8: ... Location of module with timescale
    3 | module flash_system_tb #(
      |        ^~~~~~~~~~~~~~~
- V e r i l a t i o n   R e p o r t: Verilator 5.051 devel rev v5.050-312-gb1c06fdb0 (mod)
- Verilator: Built from 0.497 MB sources in 12 modules, into 0.822 MB in 7 C++ files needing 0.001 MB
- Verilator: Walltime 0.069 s (elab=0.012, cvt=0.039, bld=0.000); cpu 0.053 s on 1 threads; allocated 23.031 MB
g++  -I.  -MMD -I./.tools/oss-cad-suite/share/verilator/include -I./.tools/oss-cad-suite/share/verilator/include/vltstd -DVERILATOR=1 -DVM_COVERAGE=0 -DVM_SC=0 -DVM_TIMING=1 -DVM_TRACE=0 -DVM_TRACE_FST=0 -DVM_TRACE_VCD=0 -DVM_TRACE_SAIF=0 -DVM_VPI=1 -faligned-new -fbracket-depth=4096 -fcf-protection=none -Xclang -fno-pch-timestamp -Qunused-arguments  -Wno-c++11-narrowing -Wno-constant-logical-operand -Wno-int-in-bool-context -Wno-non-pod-varargs -Wno-parentheses-equality -Wno-shadow -Wno-sign-compare  -Wno-tautological-compare -Wno-uninitialized -Wno-unnecessary-virtual-specifier -Wno-unused-but-set-parameter -Wno-unused-but-set-variable -Wno-unused-parameter -Wno-unused-variable -Wno-vla-cxx-extension    -std=c++20   -std=gnu++20 -Os  -c -o verilator.o ./.venv/lib/python3.12/site-packages/cocotb/share/lib/verilator/verilator.cpp
g++ -Os  -I.  -MMD -I./.tools/oss-cad-suite/share/verilator/include -I./.tools/oss-cad-suite/share/verilator/include/vltstd -DVERILATOR=1 -DVM_COVERAGE=0 -DVM_SC=0 -DVM_TIMING=1 -DVM_TRACE=0 -DVM_TRACE_FST=0 -DVM_TRACE_VCD=0 -DVM_TRACE_SAIF=0 -DVM_VPI=1 -faligned-new -fbracket-depth=4096 -fcf-protection=none -Xclang -fno-pch-timestamp -Qunused-arguments  -Wno-c++11-narrowing -Wno-constant-logical-operand -Wno-int-in-bool-context -Wno-non-pod-varargs -Wno-parentheses-equality -Wno-shadow -Wno-sign-compare  -Wno-tautological-compare -Wno-uninitialized -Wno-unnecessary-virtual-specifier -Wno-unused-but-set-parameter -Wno-unused-but-set-variable -Wno-unused-parameter -Wno-unused-variable -Wno-vla-cxx-extension    -std=c++20   -std=gnu++20 -c -o verilated.o ./.tools/oss-cad-suite/share/verilator/include/verilated.cpp
g++ -Os  -I.  -MMD -I./.tools/oss-cad-suite/share/verilator/include -I./.tools/oss-cad-suite/share/verilator/include/vltstd -DVERILATOR=1 -DVM_COVERAGE=0 -DVM_SC=0 -DVM_TIMING=1 -DVM_TRACE=0 -DVM_TRACE_FST=0 -DVM_TRACE_VCD=0 -DVM_TRACE_SAIF=0 -DVM_VPI=1 -faligned-new -fbracket-depth=4096 -fcf-protection=none -Xclang -fno-pch-timestamp -Qunused-arguments  -Wno-c++11-narrowing -Wno-constant-logical-operand -Wno-int-in-bool-context -Wno-non-pod-varargs -Wno-parentheses-equality -Wno-shadow -Wno-sign-compare  -Wno-tautological-compare -Wno-uninitialized -Wno-unnecessary-virtual-specifier -Wno-unused-but-set-parameter -Wno-unused-but-set-variable -Wno-unused-parameter -Wno-unused-variable -Wno-vla-cxx-extension    -std=c++20   -std=gnu++20 -c -o verilated_dpi.o ./.tools/oss-cad-suite/share/verilator/include/verilated_dpi.cpp
g++ -Os  -I.  -MMD -I./.tools/oss-cad-suite/share/verilator/include -I./.tools/oss-cad-suite/share/verilator/include/vltstd -DVERILATOR=1 -DVM_COVERAGE=0 -DVM_SC=0 -DVM_TIMING=1 -DVM_TRACE=0 -DVM_TRACE_FST=0 -DVM_TRACE_VCD=0 -DVM_TRACE_SAIF=0 -DVM_VPI=1 -faligned-new -fbracket-depth=4096 -fcf-protection=none -Xclang -fno-pch-timestamp -Qunused-arguments  -Wno-c++11-narrowing -Wno-constant-logical-operand -Wno-int-in-bool-context -Wno-non-pod-varargs -Wno-parentheses-equality -Wno-shadow -Wno-sign-compare  -Wno-tautological-compare -Wno-uninitialized -Wno-unnecessary-virtual-specifier -Wno-unused-but-set-parameter -Wno-unused-but-set-variable -Wno-unused-parameter -Wno-unused-variable -Wno-vla-cxx-extension    -std=c++20   -std=gnu++20 -c -o verilated_vpi.o ./.tools/oss-cad-suite/share/verilator/include/verilated_vpi.cpp
warning: unknown warning option '-Wno-unnecessary-virtual-specifier'; did you mean '-Wno-duplicate-decl-specifier'? [-Wunknown-warning-option]warning: unknown warning option '-Wno-unnecessary-virtual-specifier'; did you mean '-Wno-duplicate-decl-specifier'? [-Wunknown-warning-option]
warning: 
warning: unknown warning option '-Wno-unnecessary-virtual-specifier'; did you mean '-Wno-duplicate-decl-specifier'? [-Wunknown-warning-option]unknown warning option '-Wno-unnecessary-virtual-specifier'; did you mean '-Wno-duplicate-decl-specifier'? [-Wunknown-warning-option]

warning: unknown warning option '-Wno-vla-cxx-extension'; did you mean '-Wno-vla-extension'? [-Wunknown-warning-option]
warning: unknown warning option '-Wno-vla-cxx-extension'; did you mean '-Wno-vla-extension'? [-Wunknown-warning-option]
warning: unknown warning option '-Wno-vla-cxx-extension'; did you mean '-Wno-vla-extension'? [-Wunknown-warning-option]
warning: unknown warning option '-Wno-vla-cxx-extension'; did you mean '-Wno-vla-extension'? [-Wunknown-warning-option]
2 warnings generated.
g++ -Os  -I.  -MMD -I./.tools/oss-cad-suite/share/verilator/include -I./.tools/oss-cad-suite/share/verilator/include/vltstd -DVERILATOR=1 -DVM_COVERAGE=0 -DVM_SC=0 -DVM_TIMING=1 -DVM_TRACE=0 -DVM_TRACE_FST=0 -DVM_TRACE_VCD=0 -DVM_TRACE_SAIF=0 -DVM_VPI=1 -faligned-new -fbracket-depth=4096 -fcf-protection=none -Xclang -fno-pch-timestamp -Qunused-arguments  -Wno-c++11-narrowing -Wno-constant-logical-operand -Wno-int-in-bool-context -Wno-non-pod-varargs -Wno-parentheses-equality -Wno-shadow -Wno-sign-compare  -Wno-tautological-compare -Wno-uninitialized -Wno-unnecessary-virtual-specifier -Wno-unused-but-set-parameter -Wno-unused-but-set-variable -Wno-unused-parameter -Wno-unused-variable -Wno-vla-cxx-extension    -std=c++20   -std=gnu++20 -c -o verilated_timing.o ./.tools/oss-cad-suite/share/verilator/include/verilated_timing.cpp
warning: unknown warning option '-Wno-unnecessary-virtual-specifier'; did you mean '-Wno-duplicate-decl-specifier'? [-Wunknown-warning-option]
warning: unknown warning option '-Wno-vla-cxx-extension'; did you mean '-Wno-vla-extension'? [-Wunknown-warning-option]
2 warnings generated.
g++ -Os  -I.  -MMD -I./.tools/oss-cad-suite/share/verilator/include -I./.tools/oss-cad-suite/share/verilator/include/vltstd -DVERILATOR=1 -DVM_COVERAGE=0 -DVM_SC=0 -DVM_TIMING=1 -DVM_TRACE=0 -DVM_TRACE_FST=0 -DVM_TRACE_VCD=0 -DVM_TRACE_SAIF=0 -DVM_VPI=1 -faligned-new -fbracket-depth=4096 -fcf-protection=none -Xclang -fno-pch-timestamp -Qunused-arguments  -Wno-c++11-narrowing -Wno-constant-logical-operand -Wno-int-in-bool-context -Wno-non-pod-varargs -Wno-parentheses-equality -Wno-shadow -Wno-sign-compare  -Wno-tautological-compare -Wno-uninitialized -Wno-unnecessary-virtual-specifier -Wno-unused-but-set-parameter -Wno-unused-but-set-variable -Wno-unused-parameter -Wno-unused-variable -Wno-vla-cxx-extension    -std=c++20   -std=gnu++20 -c -o verilated_threads.o ./.tools/oss-cad-suite/share/verilator/include/verilated_threads.cpp
warning: unknown warning option '-Wno-unnecessary-virtual-specifier'; did you mean '-Wno-duplicate-decl-specifier'? [-Wunknown-warning-option]
warning: unknown warning option '-Wno-vla-cxx-extension'; did you mean '-Wno-vla-extension'? [-Wunknown-warning-option]
2 warnings generated.
python3 ./.tools/oss-cad-suite/share/verilator/bin/verilator_includer -DVL_INCLUDE_OPT=include Vtop.cpp Vtop___024root__0.cpp Vtop__Dpi.cpp Vtop__ConstPool__0__Slow.cpp Vtop___024root__Slow.cpp Vtop___024root__0__Slow.cpp Vtop__Syms__Slow.cpp > Vtop__ALL.cpp
g++ -Os  -I.  -MMD -I./.tools/oss-cad-suite/share/verilator/include -I./.tools/oss-cad-suite/share/verilator/include/vltstd -DVERILATOR=1 -DVM_COVERAGE=0 -DVM_SC=0 -DVM_TIMING=1 -DVM_TRACE=0 -DVM_TRACE_FST=0 -DVM_TRACE_VCD=0 -DVM_TRACE_SAIF=0 -DVM_VPI=1 -faligned-new -fbracket-depth=4096 -fcf-protection=none -Xclang -fno-pch-timestamp -Qunused-arguments  -Wno-c++11-narrowing -Wno-constant-logical-operand -Wno-int-in-bool-context -Wno-non-pod-varargs -Wno-parentheses-equality -Wno-shadow -Wno-sign-compare  -Wno-tautological-compare -Wno-uninitialized -Wno-unnecessary-virtual-specifier -Wno-unused-but-set-parameter -Wno-unused-but-set-variable -Wno-unused-parameter -Wno-unused-variable -Wno-vla-cxx-extension    -std=c++20   -std=gnu++20 -c -o Vtop__ALL.o Vtop__ALL.cpp
warning: unknown warning option '-Wno-unnecessary-virtual-specifier'; did you mean '-Wno-duplicate-decl-specifier'? [-Wunknown-warning-option]
warning: unknown warning option '-Wno-vla-cxx-extension'; did you mean '-Wno-vla-extension'? [-Wunknown-warning-option]
2 warnings generated.
2 warnings generated.
2 warnings generated.
2 warnings generated.
g++  -Wl,-U,__Z15vl_time_stamp64v,-U,__Z13sc_time_stampv,-U,_vlog_startup_routines   -rdynamic verilator.o verilated.o verilated_dpi.o verilated_vpi.o verilated_timing.o verilated_threads.o Vtop__ALL.a   -Wl,-rpath,./.venv/lib/python3.12/site-packages/cocotb/libs -L./.venv/lib/python3.12/site-packages/cocotb/libs -lcocotbvpi_verilator  -pthread -lpthread -ldl   -o flash_system_tb
