Copyright 1986-2022 Xilinx, Inc. All Rights Reserved. Copyright 2022-2024 Advanced Micro Devices, Inc. All Rights Reserved.
---------------------------------------------------------------------------------------------------------------------------------------------
| Tool Version : Vivado v.2024.2 (lin64) Build 5239630 Fri Nov 08 22:34:34 MST 2024
| Date         : Tue Oct  6 05:26:18 2026
| Host         : iht32-1502.engr.wustl.edu running 64-bit Rocky Linux release 8.10 (Green Obsidian)
| Command      : report_timing -delay_type min -max_paths 20 -file hold_paths.rpt
| Design       : known_spectral_core
| Device       : 7a35t-cpg236
| Speed File   : -1  PRODUCTION 1.23 2018-06-13
| Design State : Routed
---------------------------------------------------------------------------------------------------------------------------------------------

Timing Report

Slack (MET) :             0.143ns  (arrival time - required time)
  Source:                 log_work_reg[60]/C
                            (rising edge-triggered cell FDRE clocked by clk  {rise@0.000ns fall@10.000ns period=20.000ns})
  Destination:            log_work_reg[59]/D
                            (rising edge-triggered cell FDRE clocked by clk  {rise@0.000ns fall@10.000ns period=20.000ns})
  Path Group:             clk
  Path Type:              Hold (Min at Fast Process Corner)
  Requirement:            0.000ns  (clk rise@0.000ns - clk rise@0.000ns)
  Data Path Delay:        0.256ns  (logic 0.186ns (72.524%)  route 0.070ns (27.476%))
  Logic Levels:           1  (LUT5=1)
  Clock Path Skew:        0.022ns (DCD - SCD - CPR)
    Destination Clock Delay (DCD):    0.432ns
    Source Clock Delay      (SCD):    0.410ns
    Clock Pessimism Removal (CPR):    -0.000ns

    Location             Delay type                Incr(ns)  Path(ns)    Netlist Resource(s)
  -------------------------------------------------------------------    -------------------
                         (clock clk rise edge)        0.000     0.000 r
                                                      0.000     0.000 r  clk (IN)
                         net (fo=1324, unset)         0.410     0.410    clk
    SLICE_X37Y59         FDRE                                         r  log_work_reg[60]/C
  -------------------------------------------------------------------    -------------------
    SLICE_X37Y59         FDRE (Prop_fdre_C_Q)         0.141     0.551 r  log_work_reg[60]/Q
                         net (fo=6, routed)           0.070     0.622    log_work_reg_n_0_[60]
    SLICE_X36Y59         LUT5 (Prop_lut5_I0_O)        0.045     0.667 r  log_work[59]_i_1/O
                         net (fo=1, routed)           0.000     0.667    log_work[59]_i_1_n_0
    SLICE_X36Y59         FDRE                                         r  log_work_reg[59]/D
  -------------------------------------------------------------------    -------------------

                         (clock clk rise edge)        0.000     0.000 r
                                                      0.000     0.000 r  clk (IN)
                         net (fo=1324, unset)         0.432     0.432    clk
    SLICE_X36Y59         FDRE                                         r  log_work_reg[59]/C
                         clock pessimism              0.000     0.432
    SLICE_X36Y59         FDRE (Hold_fdre_C_D)         0.092     0.524    log_work_reg[59]
  -------------------------------------------------------------------
                         required time                         -0.524
                         arrival time                           0.667
  -------------------------------------------------------------------
                         slack                                  0.143

Slack (MET) :             0.150ns  (arrival time - required time)
  Source:                 capture/sums_reg[0][12]/C
                            (rising edge-triggered cell FDRE clocked by clk  {rise@0.000ns fall@10.000ns period=20.000ns})
  Destination:            mean_reg[2]/D
                            (rising edge-triggered cell FDRE clocked by clk  {rise@0.000ns fall@10.000ns period=20.000ns})
  Path Group:             clk
  Path Type:              Hold (Min at Fast Process Corner)
  Requirement:            0.000ns  (clk rise@0.000ns - clk rise@0.000ns)
  Data Path Delay:        0.305ns  (logic 0.251ns (82.267%)  route 0.054ns (17.733%))
  Logic Levels:           2  (CARRY4=1 LUT3=1)
  Clock Path Skew:        0.022ns (DCD - SCD - CPR)
    Destination Clock Delay (DCD):    0.432ns
    Source Clock Delay      (SCD):    0.410ns
    Clock Pessimism Removal (CPR):    -0.000ns

    Location             Delay type                Incr(ns)  Path(ns)    Netlist Resource(s)
  -------------------------------------------------------------------    -------------------
                         (clock clk rise edge)        0.000     0.000 r
                                                      0.000     0.000 r  clk (IN)
                         net (fo=1324, unset)         0.410     0.410    capture/clk
    SLICE_X9Y46          FDRE                                         r  capture/sums_reg[0][12]/C
  -------------------------------------------------------------------    -------------------
    SLICE_X9Y46          FDRE (Prop_fdre_C_Q)         0.141     0.551 r  capture/sums_reg[0][12]/Q
                         net (fo=1, routed)           0.054     0.605    capture/sums_reg[0]_3[12]
    SLICE_X8Y46          LUT3 (Prop_lut3_I2_O)        0.045     0.650 r  capture/mean[3]_i_4/O
                         net (fo=1, routed)           0.000     0.650    capture/window_sum[12]
    SLICE_X8Y46          CARRY4 (Prop_carry4_S[2]_O[2])
                                                      0.065     0.715 r  capture/mean_reg[3]_i_1/O[2]
                         net (fo=1, routed)           0.000     0.715    rne1_return[2]
    SLICE_X8Y46          FDRE                                         r  mean_reg[2]/D
  -------------------------------------------------------------------    -------------------

                         (clock clk rise edge)        0.000     0.000 r
                                                      0.000     0.000 r  clk (IN)
                         net (fo=1324, unset)         0.432     0.432    clk
    SLICE_X8Y46          FDRE                                         r  mean_reg[2]/C
                         clock pessimism              0.000     0.432
    SLICE_X8Y46          FDRE (Hold_fdre_C_D)         0.134     0.566    mean_reg[2]
  -------------------------------------------------------------------
                         required time                         -0.566
                         arrival time                           0.715
  -------------------------------------------------------------------
                         slack                                  0.150

Slack (MET) :             0.157ns  (arrival time - required time)
  Source:                 clip_id_reg[25]/C
                            (rising edge-triggered cell FDRE clocked by clk  {rise@0.000ns fall@10.000ns period=20.000ns})
  Destination:            out_frame_id_reg[25]/D
                            (rising edge-triggered cell FDRE clocked by clk  {rise@0.000ns fall@10.000ns period=20.000ns})
  Path Group:             clk
  Path Type:              Hold (Min at Fast Process Corner)
  Requirement:            0.000ns  (clk rise@0.000ns - clk rise@0.000ns)
  Data Path Delay:        0.251ns  (logic 0.141ns (56.174%)  route 0.110ns (43.826%))
  Logic Levels:           0
  Clock Path Skew:        0.022ns (DCD - SCD - CPR)
    Destination Clock Delay (DCD):    0.432ns
    Source Clock Delay      (SCD):    0.410ns
    Clock Pessimism Removal (CPR):    -0.000ns

    Location             Delay type                Incr(ns)  Path(ns)    Netlist Resource(s)
  -------------------------------------------------------------------    -------------------
                         (clock clk rise edge)        0.000     0.000 r
                                                      0.000     0.000 r  clk (IN)
                         net (fo=1324, unset)         0.410     0.410    clk
    SLICE_X9Y82          FDRE                                         r  clip_id_reg[25]/C
  -------------------------------------------------------------------    -------------------
    SLICE_X9Y82          FDRE (Prop_fdre_C_Q)         0.141     0.551 r  clip_id_reg[25]/Q
                         net (fo=1, routed)           0.110     0.661    clip_id[25]
    SLICE_X9Y81          FDRE                                         r  out_frame_id_reg[25]/D
  -------------------------------------------------------------------    -------------------

                         (clock clk rise edge)        0.000     0.000 r
                                                      0.000     0.000 r  clk (IN)
                         net (fo=1324, unset)         0.432     0.432    clk
    SLICE_X9Y81          FDRE                                         r  out_frame_id_reg[25]/C
                         clock pessimism              0.000     0.432
    SLICE_X9Y81          FDRE (Hold_fdre_C_D)         0.072     0.504    out_frame_id_reg[25]
  -------------------------------------------------------------------
                         required time                         -0.504
                         arrival time                           0.661
  -------------------------------------------------------------------
                         slack                                  0.157

Slack (MET) :             0.166ns  (arrival time - required time)
  Source:                 difference_reg[2]/C
                            (rising edge-triggered cell FDRE clocked by clk  {rise@0.000ns fall@10.000ns period=20.000ns})
  Destination:            wide_a_reg[2]/D
                            (rising edge-triggered cell FDRE clocked by clk  {rise@0.000ns fall@10.000ns period=20.000ns})
  Path Group:             clk
  Path Type:              Hold (Min at Fast Process Corner)
  Requirement:            0.000ns  (clk rise@0.000ns - clk rise@0.000ns)
  Data Path Delay:        0.308ns  (logic 0.186ns (60.317%)  route 0.122ns (39.683%))
  Logic Levels:           1  (LUT5=1)
  Clock Path Skew:        0.022ns (DCD - SCD - CPR)
    Destination Clock Delay (DCD):    0.432ns
    Source Clock Delay      (SCD):    0.410ns
    Clock Pessimism Removal (CPR):    -0.000ns

    Location             Delay type                Incr(ns)  Path(ns)    Netlist Resource(s)
  -------------------------------------------------------------------    -------------------
                         (clock clk rise edge)        0.000     0.000 r
                                                      0.000     0.000 r  clk (IN)
                         net (fo=1324, unset)         0.410     0.410    clk
    SLICE_X35Y42         FDRE                                         r  difference_reg[2]/C
  -------------------------------------------------------------------    -------------------
    SLICE_X35Y42         FDRE (Prop_fdre_C_Q)         0.141     0.551 r  difference_reg[2]/Q
                         net (fo=2, routed)           0.122     0.674    difference_reg_n_0_[2]
    SLICE_X34Y43         LUT5 (Prop_lut5_I2_O)        0.045     0.719 r  wide_a[2]_i_1/O
                         net (fo=1, routed)           0.000     0.719    wide_a[2]
    SLICE_X34Y43         FDRE                                         r  wide_a_reg[2]/D
  -------------------------------------------------------------------    -------------------

                         (clock clk rise edge)        0.000     0.000 r
                                                      0.000     0.000 r  clk (IN)
                         net (fo=1324, unset)         0.432     0.432    clk
    SLICE_X34Y43         FDRE                                         r  wide_a_reg[2]/C
                         clock pessimism              0.000     0.432
    SLICE_X34Y43         FDRE (Hold_fdre_C_D)         0.121     0.553    wide_a_reg[2]
  -------------------------------------------------------------------
                         required time                         -0.553
                         arrival time                           0.719
  -------------------------------------------------------------------
                         slack                                  0.166

Slack (MET) :             0.170ns  (arrival time - required time)
  Source:                 clip_id_reg[14]/C
                            (rising edge-triggered cell FDRE clocked by clk  {rise@0.000ns fall@10.000ns period=20.000ns})
  Destination:            out_frame_id_reg[14]/D
                            (rising edge-triggered cell FDRE clocked by clk  {rise@0.000ns fall@10.000ns period=20.000ns})
  Path Group:             clk
  Path Type:              Hold (Min at Fast Process Corner)
  Requirement:            0.000ns  (clk rise@0.000ns - clk rise@0.000ns)
  Data Path Delay:        0.251ns  (logic 0.141ns (56.174%)  route 0.110ns (43.826%))
  Logic Levels:           0
  Clock Path Skew:        0.022ns (DCD - SCD - CPR)
    Destination Clock Delay (DCD):    0.432ns
    Source Clock Delay      (SCD):    0.410ns
    Clock Pessimism Removal (CPR):    -0.000ns

    Location             Delay type                Incr(ns)  Path(ns)    Netlist Resource(s)
  -------------------------------------------------------------------    -------------------
                         (clock clk rise edge)        0.000     0.000 r
                                                      0.000     0.000 r  clk (IN)
                         net (fo=1324, unset)         0.410     0.410    clk
    SLICE_X9Y80          FDRE                                         r  clip_id_reg[14]/C
  -------------------------------------------------------------------    -------------------
    SLICE_X9Y80          FDRE (Prop_fdre_C_Q)         0.141     0.551 r  clip_id_reg[14]/Q
                         net (fo=1, routed)           0.110     0.661    clip_id[14]
    SLICE_X8Y79          FDRE                                         r  out_frame_id_reg[14]/D
  -------------------------------------------------------------------    -------------------

                         (clock clk rise edge)        0.000     0.000 r
                                                      0.000     0.000 r  clk (IN)
                         net (fo=1324, unset)         0.432     0.432    clk
    SLICE_X8Y79          FDRE                                         r  out_frame_id_reg[14]/C
                         clock pessimism              0.000     0.432
    SLICE_X8Y79          FDRE (Hold_fdre_C_D)         0.059     0.491    out_frame_id_reg[14]
  -------------------------------------------------------------------
                         required time                         -0.491
                         arrival time                           0.661
  -------------------------------------------------------------------
                         slack                                  0.170

Slack (MET) :             0.171ns  (arrival time - required time)
  Source:                 log_work_reg[18]/C
                            (rising edge-triggered cell FDRE clocked by clk  {rise@0.000ns fall@10.000ns period=20.000ns})
  Destination:            log_work_reg[19]/D
                            (rising edge-triggered cell FDRE clocked by clk  {rise@0.000ns fall@10.000ns period=20.000ns})
  Path Group:             clk
  Path Type:              Hold (Min at Fast Process Corner)
  Requirement:            0.000ns  (clk rise@0.000ns - clk rise@0.000ns)
  Data Path Delay:        0.283ns  (logic 0.209ns (73.816%)  route 0.074ns (26.184%))
  Logic Levels:           1  (LUT5=1)
  Clock Path Skew:        0.022ns (DCD - SCD - CPR)
    Destination Clock Delay (DCD):    0.432ns
    Source Clock Delay      (SCD):    0.410ns
    Clock Pessimism Removal (CPR):    -0.000ns

    Location             Delay type                Incr(ns)  Path(ns)    Netlist Resource(s)
  -------------------------------------------------------------------    -------------------
                         (clock clk rise edge)        0.000     0.000 r
                                                      0.000     0.000 r  clk (IN)
                         net (fo=1324, unset)         0.410     0.410    clk
    SLICE_X34Y52         FDRE                                         r  log_work_reg[18]/C
  -------------------------------------------------------------------    -------------------
    SLICE_X34Y52         FDRE (Prop_fdre_C_Q)         0.164     0.574 r  log_work_reg[18]/Q
                         net (fo=6, routed)           0.074     0.648    log_work_reg_n_0_[18]
    SLICE_X35Y52         LUT5 (Prop_lut5_I2_O)        0.045     0.693 r  log_work[19]_i_1/O
                         net (fo=1, routed)           0.000     0.693    log_work[19]_i_1_n_0
    SLICE_X35Y52         FDRE                                         r  log_work_reg[19]/D
  -------------------------------------------------------------------    -------------------

                         (clock clk rise edge)        0.000     0.000 r
                                                      0.000     0.000 r  clk (IN)
                         net (fo=1324, unset)         0.432     0.432    clk
    SLICE_X35Y52         FDRE                                         r  log_work_reg[19]/C
                         clock pessimism              0.000     0.432
    SLICE_X35Y52         FDRE (Hold_fdre_C_D)         0.091     0.523    log_work_reg[19]
  -------------------------------------------------------------------
                         required time                         -0.523
                         arrival time                           0.693
  -------------------------------------------------------------------
                         slack                                  0.171

Slack (MET) :             0.175ns  (arrival time - required time)
  Source:                 capture/sums_reg[1][17]/C
                            (rising edge-triggered cell FDRE clocked by clk  {rise@0.000ns fall@10.000ns period=20.000ns})
  Destination:            mean_reg[7]/D
                            (rising edge-triggered cell FDRE clocked by clk  {rise@0.000ns fall@10.000ns period=20.000ns})
  Path Group:             clk
  Path Type:              Hold (Min at Fast Process Corner)
  Requirement:            0.000ns  (clk rise@0.000ns - clk rise@0.000ns)
  Data Path Delay:        0.330ns  (logic 0.250ns (75.734%)  route 0.080ns (24.266%))
  Logic Levels:           2  (CARRY4=1 LUT3=1)
  Clock Path Skew:        0.022ns (DCD - SCD - CPR)
    Destination Clock Delay (DCD):    0.432ns
    Source Clock Delay      (SCD):    0.410ns
    Clock Pessimism Removal (CPR):    -0.000ns

    Location             Delay type                Incr(ns)  Path(ns)    Netlist Resource(s)
  -------------------------------------------------------------------    -------------------
                         (clock clk rise edge)        0.000     0.000 r
                                                      0.000     0.000 r  clk (IN)
                         net (fo=1324, unset)         0.410     0.410    capture/clk
    SLICE_X9Y47          FDRE                                         r  capture/sums_reg[1][17]/C
  -------------------------------------------------------------------    -------------------
    SLICE_X9Y47          FDRE (Prop_fdre_C_Q)         0.141     0.551 r  capture/sums_reg[1][17]/Q
                         net (fo=1, routed)           0.080     0.631    capture/sums_reg[1]_2[17]
    SLICE_X8Y47          LUT3 (Prop_lut3_I0_O)        0.045     0.676 r  capture/mean[7]_i_2/O
                         net (fo=1, routed)           0.000     0.676    capture/window_sum[17]
    SLICE_X8Y47          CARRY4 (Prop_carry4_S[3]_O[3])
                                                      0.064     0.740 r  capture/mean_reg[7]_i_1/O[3]
                         net (fo=1, routed)           0.000     0.740    rne1_return[7]
    SLICE_X8Y47          FDRE                                         r  mean_reg[7]/D
  -------------------------------------------------------------------    -------------------

                         (clock clk rise edge)        0.000     0.000 r
                                                      0.000     0.000 r  clk (IN)
                         net (fo=1324, unset)         0.432     0.432    clk
    SLICE_X8Y47          FDRE                                         r  mean_reg[7]/C
                         clock pessimism              0.000     0.432
    SLICE_X8Y47          FDRE (Hold_fdre_C_D)         0.134     0.566    mean_reg[7]
  -------------------------------------------------------------------
                         required time                         -0.566
                         arrival time                           0.740
  -------------------------------------------------------------------
                         slack                                  0.175

Slack (MET) :             0.178ns  (arrival time - required time)
  Source:                 difference_reg[6]/C
                            (rising edge-triggered cell FDRE clocked by clk  {rise@0.000ns fall@10.000ns period=20.000ns})
  Destination:            wide_a_reg[6]/D
                            (rising edge-triggered cell FDRE clocked by clk  {rise@0.000ns fall@10.000ns period=20.000ns})
  Path Group:             clk
  Path Type:              Hold (Min at Fast Process Corner)
  Requirement:            0.000ns  (clk rise@0.000ns - clk rise@0.000ns)
  Data Path Delay:        0.320ns  (logic 0.186ns (58.070%)  route 0.134ns (41.930%))
  Logic Levels:           1  (LUT5=1)
  Clock Path Skew:        0.022ns (DCD - SCD - CPR)
    Destination Clock Delay (DCD):    0.432ns
    Source Clock Delay      (SCD):    0.410ns
    Clock Pessimism Removal (CPR):    -0.000ns

    Location             Delay type                Incr(ns)  Path(ns)    Netlist Resource(s)
  -------------------------------------------------------------------    -------------------
                         (clock clk rise edge)        0.000     0.000 r
                                                      0.000     0.000 r  clk (IN)
                         net (fo=1324, unset)         0.410     0.410    clk
    SLICE_X35Y43         FDRE                                         r  difference_reg[6]/C
  -------------------------------------------------------------------    -------------------
    SLICE_X35Y43         FDRE (Prop_fdre_C_Q)         0.141     0.551 r  difference_reg[6]/Q
                         net (fo=2, routed)           0.134     0.685    difference_reg_n_0_[6]
    SLICE_X34Y43         LUT5 (Prop_lut5_I2_O)        0.045     0.730 r  wide_a[6]_i_1/O
                         net (fo=1, routed)           0.000     0.730    wide_a[6]
    SLICE_X34Y43         FDRE                                         r  wide_a_reg[6]/D
  -------------------------------------------------------------------    -------------------

                         (clock clk rise edge)        0.000     0.000 r
                                                      0.000     0.000 r  clk (IN)
                         net (fo=1324, unset)         0.432     0.432    clk
    SLICE_X34Y43         FDRE                                         r  wide_a_reg[6]/C
                         clock pessimism              0.000     0.432
    SLICE_X34Y43         FDRE (Hold_fdre_C_D)         0.121     0.553    wide_a_reg[6]
  -------------------------------------------------------------------
                         required time                         -0.553
                         arrival time                           0.730
  -------------------------------------------------------------------
                         slack                                  0.178

Slack (MET) :             0.180ns  (arrival time - required time)
  Source:                 clip_id_reg[18]/C
                            (rising edge-triggered cell FDRE clocked by clk  {rise@0.000ns fall@10.000ns period=20.000ns})
  Destination:            out_frame_id_reg[18]/D
                            (rising edge-triggered cell FDRE clocked by clk  {rise@0.000ns fall@10.000ns period=20.000ns})
  Path Group:             clk
  Path Type:              Hold (Min at Fast Process Corner)
  Requirement:            0.000ns  (clk rise@0.000ns - clk rise@0.000ns)
  Data Path Delay:        0.248ns  (logic 0.141ns (56.815%)  route 0.107ns (43.185%))
  Logic Levels:           0
  Clock Path Skew:        0.022ns (DCD - SCD - CPR)
    Destination Clock Delay (DCD):    0.432ns
    Source Clock Delay      (SCD):    0.410ns
    Clock Pessimism Removal (CPR):    -0.000ns

    Location             Delay type                Incr(ns)  Path(ns)    Netlist Resource(s)
  -------------------------------------------------------------------    -------------------
                         (clock clk rise edge)        0.000     0.000 r
                                                      0.000     0.000 r  clk (IN)
                         net (fo=1324, unset)         0.410     0.410    clk
    SLICE_X9Y82          FDRE                                         r  clip_id_reg[18]/C
  -------------------------------------------------------------------    -------------------
    SLICE_X9Y82          FDRE (Prop_fdre_C_Q)         0.141     0.551 r  clip_id_reg[18]/Q
                         net (fo=1, routed)           0.107     0.658    clip_id[18]
    SLICE_X9Y81          FDRE                                         r  out_frame_id_reg[18]/D
  -------------------------------------------------------------------    -------------------

                         (clock clk rise edge)        0.000     0.000 r
                                                      0.000     0.000 r  clk (IN)
                         net (fo=1324, unset)         0.432     0.432    clk
    SLICE_X9Y81          FDRE                                         r  out_frame_id_reg[18]/C
                         clock pessimism              0.000     0.432
    SLICE_X9Y81          FDRE (Hold_fdre_C_D)         0.047     0.479    out_frame_id_reg[18]
  -------------------------------------------------------------------
                         required time                         -0.479
                         arrival time                           0.658
  -------------------------------------------------------------------
                         slack                                  0.180

Slack (MET) :             0.183ns  (arrival time - required time)
  Source:                 arithmetic_error_reg[1]/C
                            (rising edge-triggered cell FDRE clocked by clk  {rise@0.000ns fall@10.000ns period=20.000ns})
  Destination:            out_error_reg[1]/D
                            (rising edge-triggered cell FDRE clocked by clk  {rise@0.000ns fall@10.000ns period=20.000ns})
  Path Group:             clk
  Path Type:              Hold (Min at Fast Process Corner)
  Requirement:            0.000ns  (clk rise@0.000ns - clk rise@0.000ns)
  Data Path Delay:        0.274ns  (logic 0.141ns (51.436%)  route 0.133ns (48.564%))
  Logic Levels:           0
  Clock Path Skew:        0.022ns (DCD - SCD - CPR)
    Destination Clock Delay (DCD):    0.432ns
    Source Clock Delay      (SCD):    0.410ns
    Clock Pessimism Removal (CPR):    -0.000ns

    Location             Delay type                Incr(ns)  Path(ns)    Netlist Resource(s)
  -------------------------------------------------------------------    -------------------
                         (clock clk rise edge)        0.000     0.000 r
                                                      0.000     0.000 r  clk (IN)
                         net (fo=1324, unset)         0.410     0.410    clk
    SLICE_X29Y56         FDRE                                         r  arithmetic_error_reg[1]/C
  -------------------------------------------------------------------    -------------------
    SLICE_X29Y56         FDRE (Prop_fdre_C_Q)         0.141     0.551 r  arithmetic_error_reg[1]/Q
                         net (fo=2, routed)           0.133     0.684    arithmetic_error_reg_n_0_[1]
    SLICE_X28Y56         FDRE                                         r  out_error_reg[1]/D
  -------------------------------------------------------------------    -------------------

                         (clock clk rise edge)        0.000     0.000 r
                                                      0.000     0.000 r  clk (IN)
                         net (fo=1324, unset)         0.432     0.432    clk
    SLICE_X28Y56         FDRE                                         r  out_error_reg[1]/C
                         clock pessimism              0.000     0.432
    SLICE_X28Y56         FDRE (Hold_fdre_C_D)         0.070     0.502    out_error_reg[1]
  -------------------------------------------------------------------
                         required time                         -0.502
                         arrival time                           0.684
  -------------------------------------------------------------------
                         slack                                  0.183

Slack (MET) :             0.184ns  (arrival time - required time)
  Source:                 issued_reg[0]/C
                            (rising edge-triggered cell FDRE clocked by clk  {rise@0.000ns fall@10.000ns period=20.000ns})
  Destination:            issued_reg[3]/D
                            (rising edge-triggered cell FDRE clocked by clk  {rise@0.000ns fall@10.000ns period=20.000ns})
  Path Group:             clk
  Path Type:              Hold (Min at Fast Process Corner)
  Requirement:            0.000ns  (clk rise@0.000ns - clk rise@0.000ns)
  Data Path Delay:        0.312ns  (logic 0.189ns (60.522%)  route 0.123ns (39.478%))
  Logic Levels:           1  (LUT5=1)
  Clock Path Skew:        0.022ns (DCD - SCD - CPR)
    Destination Clock Delay (DCD):    0.432ns
    Source Clock Delay      (SCD):    0.410ns
    Clock Pessimism Removal (CPR):    -0.000ns

    Location             Delay type                Incr(ns)  Path(ns)    Netlist Resource(s)
  -------------------------------------------------------------------    -------------------
                         (clock clk rise edge)        0.000     0.000 r
                                                      0.000     0.000 r  clk (IN)
                         net (fo=1324, unset)         0.410     0.410    clk
    SLICE_X48Y41         FDRE                                         r  issued_reg[0]/C
  -------------------------------------------------------------------    -------------------
    SLICE_X48Y41         FDRE (Prop_fdre_C_Q)         0.141     0.551 r  issued_reg[0]/Q
                         net (fo=8, routed)           0.123     0.674    issued_reg_rep[0]
    SLICE_X49Y41         LUT5 (Prop_lut5_I1_O)        0.048     0.722 r  issued[3]_i_1/O
                         net (fo=1, routed)           0.000     0.722    issued[3]_i_1_n_0
    SLICE_X49Y41         FDRE                                         r  issued_reg[3]/D
  -------------------------------------------------------------------    -------------------

                         (clock clk rise edge)        0.000     0.000 r
                                                      0.000     0.000 r  clk (IN)
                         net (fo=1324, unset)         0.432     0.432    clk
    SLICE_X49Y41         FDRE                                         r  issued_reg[3]/C
                         clock pessimism              0.000     0.432
    SLICE_X49Y41         FDRE (Hold_fdre_C_D)         0.107     0.539    issued_reg[3]
  -------------------------------------------------------------------
                         required time                         -0.539
                         arrival time                           0.722
  -------------------------------------------------------------------
                         slack                                  0.184

Slack (MET) :             0.186ns  (arrival time - required time)
  Source:                 capture/sums_reg[0][12]/C
                            (rising edge-triggered cell FDRE clocked by clk  {rise@0.000ns fall@10.000ns period=20.000ns})
  Destination:            mean_reg[3]/D
                            (rising edge-triggered cell FDRE clocked by clk  {rise@0.000ns fall@10.000ns period=20.000ns})
  Path Group:             clk
  Path Type:              Hold (Min at Fast Process Corner)
  Requirement:            0.000ns  (clk rise@0.000ns - clk rise@0.000ns)
  Data Path Delay:        0.341ns  (logic 0.287ns (84.139%)  route 0.054ns (15.861%))
  Logic Levels:           2  (CARRY4=1 LUT3=1)
  Clock Path Skew:        0.022ns (DCD - SCD - CPR)
    Destination Clock Delay (DCD):    0.432ns
    Source Clock Delay      (SCD):    0.410ns
    Clock Pessimism Removal (CPR):    -0.000ns

    Location             Delay type                Incr(ns)  Path(ns)    Netlist Resource(s)
  -------------------------------------------------------------------    -------------------
                         (clock clk rise edge)        0.000     0.000 r
                                                      0.000     0.000 r  clk (IN)
                         net (fo=1324, unset)         0.410     0.410    capture/clk
    SLICE_X9Y46          FDRE                                         r  capture/sums_reg[0][12]/C
  -------------------------------------------------------------------    -------------------
    SLICE_X9Y46          FDRE (Prop_fdre_C_Q)         0.141     0.551 r  capture/sums_reg[0][12]/Q
                         net (fo=1, routed)           0.054     0.605    capture/sums_reg[0]_3[12]
    SLICE_X8Y46          LUT3 (Prop_lut3_I2_O)        0.045     0.650 r  capture/mean[3]_i_4/O
                         net (fo=1, routed)           0.000     0.650    capture/window_sum[12]
    SLICE_X8Y46          CARRY4 (Prop_carry4_S[2]_O[3])
                                                      0.101     0.751 r  capture/mean_reg[3]_i_1/O[3]
                         net (fo=1, routed)           0.000     0.751    rne1_return[3]
    SLICE_X8Y46          FDRE                                         r  mean_reg[3]/D
  -------------------------------------------------------------------    -------------------

                         (clock clk rise edge)        0.000     0.000 r
                                                      0.000     0.000 r  clk (IN)
                         net (fo=1324, unset)         0.432     0.432    clk
    SLICE_X8Y46          FDRE                                         r  mean_reg[3]/C
                         clock pessimism              0.000     0.432
    SLICE_X8Y46          FDRE (Hold_fdre_C_D)         0.134     0.566    mean_reg[3]
  -------------------------------------------------------------------
                         required time                         -0.566
                         arrival time                           0.751
  -------------------------------------------------------------------
                         slack                                  0.186

Slack (MET) :             0.187ns  (arrival time - required time)
  Source:                 clip_id_reg[5]/C
                            (rising edge-triggered cell FDRE clocked by clk  {rise@0.000ns fall@10.000ns period=20.000ns})
  Destination:            out_frame_id_reg[5]/D
                            (rising edge-triggered cell FDRE clocked by clk  {rise@0.000ns fall@10.000ns period=20.000ns})
  Path Group:             clk
  Path Type:              Hold (Min at Fast Process Corner)
  Requirement:            0.000ns  (clk rise@0.000ns - clk rise@0.000ns)
  Data Path Delay:        0.281ns  (logic 0.164ns (58.465%)  route 0.117ns (41.535%))
  Logic Levels:           0
  Clock Path Skew:        0.022ns (DCD - SCD - CPR)
    Destination Clock Delay (DCD):    0.432ns
    Source Clock Delay      (SCD):    0.410ns
    Clock Pessimism Removal (CPR):    -0.000ns

    Location             Delay type                Incr(ns)  Path(ns)    Netlist Resource(s)
  -------------------------------------------------------------------    -------------------
                         (clock clk rise edge)        0.000     0.000 r
                                                      0.000     0.000 r  clk (IN)
                         net (fo=1324, unset)         0.410     0.410    clk
    SLICE_X10Y78         FDRE                                         r  clip_id_reg[5]/C
  -------------------------------------------------------------------    -------------------
    SLICE_X10Y78         FDRE (Prop_fdre_C_Q)         0.164     0.574 r  clip_id_reg[5]/Q
                         net (fo=1, routed)           0.117     0.691    clip_id[5]
    SLICE_X9Y78          FDRE                                         r  out_frame_id_reg[5]/D
  -------------------------------------------------------------------    -------------------

                         (clock clk rise edge)        0.000     0.000 r
                                                      0.000     0.000 r  clk (IN)
                         net (fo=1324, unset)         0.432     0.432    clk
    SLICE_X9Y78          FDRE                                         r  out_frame_id_reg[5]/C
                         clock pessimism              0.000     0.432
    SLICE_X9Y78          FDRE (Hold_fdre_C_D)         0.072     0.504    out_frame_id_reg[5]
  -------------------------------------------------------------------
                         required time                         -0.504
                         arrival time                           0.691
  -------------------------------------------------------------------
                         slack                                  0.187

Slack (MET) :             0.188ns  (arrival time - required time)
  Source:                 capture/sums_reg[0][11]/C
                            (rising edge-triggered cell FDRE clocked by clk  {rise@0.000ns fall@10.000ns period=20.000ns})
  Destination:            mean_reg[1]/D
                            (rising edge-triggered cell FDRE clocked by clk  {rise@0.000ns fall@10.000ns period=20.000ns})
  Path Group:             clk
  Path Type:              Hold (Min at Fast Process Corner)
  Requirement:            0.000ns  (clk rise@0.000ns - clk rise@0.000ns)
  Data Path Delay:        0.343ns  (logic 0.252ns (73.447%)  route 0.091ns (26.553%))
  Logic Levels:           2  (CARRY4=1 LUT3=1)
  Clock Path Skew:        0.022ns (DCD - SCD - CPR)
    Destination Clock Delay (DCD):    0.432ns
    Source Clock Delay      (SCD):    0.410ns
    Clock Pessimism Removal (CPR):    -0.000ns

    Location             Delay type                Incr(ns)  Path(ns)    Netlist Resource(s)
  -------------------------------------------------------------------    -------------------
                         (clock clk rise edge)        0.000     0.000 r
                                                      0.000     0.000 r  clk (IN)
                         net (fo=1324, unset)         0.410     0.410    capture/clk
    SLICE_X9Y46          FDRE                                         r  capture/sums_reg[0][11]/C
  -------------------------------------------------------------------    -------------------
    SLICE_X9Y46          FDRE (Prop_fdre_C_Q)         0.141     0.551 r  capture/sums_reg[0][11]/Q
                         net (fo=1, routed)           0.091     0.642    capture/sums_reg[0]_3[11]
    SLICE_X8Y46          LUT3 (Prop_lut3_I2_O)        0.045     0.687 r  capture/mean[3]_i_5/O
                         net (fo=1, routed)           0.000     0.687    capture/window_sum[11]
    SLICE_X8Y46          CARRY4 (Prop_carry4_S[1]_O[1])
                                                      0.066     0.753 r  capture/mean_reg[3]_i_1/O[1]
                         net (fo=1, routed)           0.000     0.753    rne1_return[1]
    SLICE_X8Y46          FDRE                                         r  mean_reg[1]/D
  -------------------------------------------------------------------    -------------------

                         (clock clk rise edge)        0.000     0.000 r
                                                      0.000     0.000 r  clk (IN)
                         net (fo=1324, unset)         0.432     0.432    clk
    SLICE_X8Y46          FDRE                                         r  mean_reg[1]/C
                         clock pessimism              0.000     0.432
    SLICE_X8Y46          FDRE (Hold_fdre_C_D)         0.134     0.566    mean_reg[1]
  -------------------------------------------------------------------
                         required time                         -0.566
                         arrival time                           0.753
  -------------------------------------------------------------------
                         slack                                  0.188

Slack (MET) :             0.188ns  (arrival time - required time)
  Source:                 clip_id_reg[24]/C
                            (rising edge-triggered cell FDRE clocked by clk  {rise@0.000ns fall@10.000ns period=20.000ns})
  Destination:            out_frame_id_reg[24]/D
                            (rising edge-triggered cell FDRE clocked by clk  {rise@0.000ns fall@10.000ns period=20.000ns})
  Path Group:             clk
  Path Type:              Hold (Min at Fast Process Corner)
  Requirement:            0.000ns  (clk rise@0.000ns - clk rise@0.000ns)
  Data Path Delay:        0.280ns  (logic 0.164ns (58.670%)  route 0.116ns (41.330%))
  Logic Levels:           0
  Clock Path Skew:        0.022ns (DCD - SCD - CPR)
    Destination Clock Delay (DCD):    0.432ns
    Source Clock Delay      (SCD):    0.410ns
    Clock Pessimism Removal (CPR):    -0.000ns

    Location             Delay type                Incr(ns)  Path(ns)    Netlist Resource(s)
  -------------------------------------------------------------------    -------------------
                         (clock clk rise edge)        0.000     0.000 r
                                                      0.000     0.000 r  clk (IN)
                         net (fo=1324, unset)         0.410     0.410    clk
    SLICE_X10Y81         FDRE                                         r  clip_id_reg[24]/C
  -------------------------------------------------------------------    -------------------
    SLICE_X10Y81         FDRE (Prop_fdre_C_Q)         0.164     0.574 r  clip_id_reg[24]/Q
                         net (fo=1, routed)           0.116     0.690    clip_id[24]
    SLICE_X9Y81          FDRE                                         r  out_frame_id_reg[24]/D
  -------------------------------------------------------------------    -------------------

                         (clock clk rise edge)        0.000     0.000 r
                                                      0.000     0.000 r  clk (IN)
                         net (fo=1324, unset)         0.432     0.432    clk
    SLICE_X9Y81          FDRE                                         r  out_frame_id_reg[24]/C
                         clock pessimism              0.000     0.432
    SLICE_X9Y81          FDRE (Hold_fdre_C_D)         0.070     0.502    out_frame_id_reg[24]
  -------------------------------------------------------------------
                         required time                         -0.502
                         arrival time                           0.690
  -------------------------------------------------------------------
                         slack                                  0.188

Slack (MET) :             0.192ns  (arrival time - required time)
  Source:                 component_base_reg[2]/C
                            (rising edge-triggered cell FDRE clocked by clk  {rise@0.000ns fall@10.000ns period=20.000ns})
  Destination:            component_base_reg[3]/D
                            (rising edge-triggered cell FDRE clocked by clk  {rise@0.000ns fall@10.000ns period=20.000ns})
  Path Group:             clk
  Path Type:              Hold (Min at Fast Process Corner)
  Requirement:            0.000ns  (clk rise@0.000ns - clk rise@0.000ns)
  Data Path Delay:        0.335ns  (logic 0.186ns (55.564%)  route 0.149ns (44.436%))
  Logic Levels:           1  (LUT3=1)
  Clock Path Skew:        0.022ns (DCD - SCD - CPR)
    Destination Clock Delay (DCD):    0.432ns
    Source Clock Delay      (SCD):    0.410ns
    Clock Pessimism Removal (CPR):    -0.000ns

    Location             Delay type                Incr(ns)  Path(ns)    Netlist Resource(s)
  -------------------------------------------------------------------    -------------------
                         (clock clk rise edge)        0.000     0.000 r
                                                      0.000     0.000 r  clk (IN)
                         net (fo=1324, unset)         0.410     0.410    clk
    SLICE_X43Y40         FDRE                                         r  component_base_reg[2]/C
  -------------------------------------------------------------------    -------------------
    SLICE_X43Y40         FDRE (Prop_fdre_C_Q)         0.141     0.551 r  component_base_reg[2]/Q
                         net (fo=12, routed)          0.149     0.700    component_base_reg_n_0_[2]
    SLICE_X42Y40         LUT3 (Prop_lut3_I1_O)        0.045     0.745 r  component_base[3]_i_1/O
                         net (fo=1, routed)           0.000     0.745    component_base[3]_i_1_n_0
    SLICE_X42Y40         FDRE                                         r  component_base_reg[3]/D
  -------------------------------------------------------------------    -------------------

                         (clock clk rise edge)        0.000     0.000 r
                                                      0.000     0.000 r  clk (IN)
                         net (fo=1324, unset)         0.432     0.432    clk
    SLICE_X42Y40         FDRE                                         r  component_base_reg[3]/C
                         clock pessimism              0.000     0.432
    SLICE_X42Y40         FDRE (Hold_fdre_C_D)         0.121     0.553    component_base_reg[3]
  -------------------------------------------------------------------
                         required time                         -0.553
                         arrival time                           0.745
  -------------------------------------------------------------------
                         slack                                  0.192

Slack (MET) :             0.193ns  (arrival time - required time)
  Source:                 clip_id_reg[3]/C
                            (rising edge-triggered cell FDRE clocked by clk  {rise@0.000ns fall@10.000ns period=20.000ns})
  Destination:            out_frame_id_reg[3]/D
                            (rising edge-triggered cell FDRE clocked by clk  {rise@0.000ns fall@10.000ns period=20.000ns})
  Path Group:             clk
  Path Type:              Hold (Min at Fast Process Corner)
  Requirement:            0.000ns  (clk rise@0.000ns - clk rise@0.000ns)
  Data Path Delay:        0.281ns  (logic 0.164ns (58.465%)  route 0.117ns (41.535%))
  Logic Levels:           0
  Clock Path Skew:        0.022ns (DCD - SCD - CPR)
    Destination Clock Delay (DCD):    0.432ns
    Source Clock Delay      (SCD):    0.410ns
    Clock Pessimism Removal (CPR):    -0.000ns

    Location             Delay type                Incr(ns)  Path(ns)    Netlist Resource(s)
  -------------------------------------------------------------------    -------------------
                         (clock clk rise edge)        0.000     0.000 r
                                                      0.000     0.000 r  clk (IN)
                         net (fo=1324, unset)         0.410     0.410    clk
    SLICE_X10Y78         FDRE                                         r  clip_id_reg[3]/C
  -------------------------------------------------------------------    -------------------
    SLICE_X10Y78         FDRE (Prop_fdre_C_Q)         0.164     0.574 r  clip_id_reg[3]/Q
                         net (fo=1, routed)           0.117     0.691    clip_id[3]
    SLICE_X9Y78          FDRE                                         r  out_frame_id_reg[3]/D
  -------------------------------------------------------------------    -------------------

                         (clock clk rise edge)        0.000     0.000 r
                                                      0.000     0.000 r  clk (IN)
                         net (fo=1324, unset)         0.432     0.432    clk
    SLICE_X9Y78          FDRE                                         r  out_frame_id_reg[3]/C
                         clock pessimism              0.000     0.432
    SLICE_X9Y78          FDRE (Hold_fdre_C_D)         0.066     0.498    out_frame_id_reg[3]
  -------------------------------------------------------------------
                         required time                         -0.498
                         arrival time                           0.691
  -------------------------------------------------------------------
                         slack                                  0.193

Slack (MET) :             0.195ns  (arrival time - required time)
  Source:                 log_work_reg[14]/C
                            (rising edge-triggered cell FDRE clocked by clk  {rise@0.000ns fall@10.000ns period=20.000ns})
  Destination:            log_work_reg[15]/D
                            (rising edge-triggered cell FDRE clocked by clk  {rise@0.000ns fall@10.000ns period=20.000ns})
  Path Group:             clk
  Path Type:              Hold (Min at Fast Process Corner)
  Requirement:            0.000ns  (clk rise@0.000ns - clk rise@0.000ns)
  Data Path Delay:        0.337ns  (logic 0.186ns (55.193%)  route 0.151ns (44.807%))
  Logic Levels:           1  (LUT5=1)
  Clock Path Skew:        0.022ns (DCD - SCD - CPR)
    Destination Clock Delay (DCD):    0.432ns
    Source Clock Delay      (SCD):    0.410ns
    Clock Pessimism Removal (CPR):    -0.000ns

    Location             Delay type                Incr(ns)  Path(ns)    Netlist Resource(s)
  -------------------------------------------------------------------    -------------------
                         (clock clk rise edge)        0.000     0.000 r
                                                      0.000     0.000 r  clk (IN)
                         net (fo=1324, unset)         0.410     0.410    clk
    SLICE_X33Y53         FDRE                                         r  log_work_reg[14]/C
  -------------------------------------------------------------------    -------------------
    SLICE_X33Y53         FDRE (Prop_fdre_C_Q)         0.141     0.551 r  log_work_reg[14]/Q
                         net (fo=6, routed)           0.151     0.702    log_work_reg_n_0_[14]
    SLICE_X34Y53         LUT5 (Prop_lut5_I2_O)        0.045     0.747 r  log_work[15]_i_1/O
                         net (fo=1, routed)           0.000     0.747    log_work[15]_i_1_n_0
    SLICE_X34Y53         FDRE                                         r  log_work_reg[15]/D
  -------------------------------------------------------------------    -------------------

                         (clock clk rise edge)        0.000     0.000 r
                                                      0.000     0.000 r  clk (IN)
                         net (fo=1324, unset)         0.432     0.432    clk
    SLICE_X34Y53         FDRE                                         r  log_work_reg[15]/C
                         clock pessimism              0.000     0.432
    SLICE_X34Y53         FDRE (Hold_fdre_C_D)         0.120     0.552    log_work_reg[15]
  -------------------------------------------------------------------
                         required time                         -0.552
                         arrival time                           0.747
  -------------------------------------------------------------------
                         slack                                  0.195

Slack (MET) :             0.197ns  (arrival time - required time)
  Source:                 issued_reg[0]/C
                            (rising edge-triggered cell FDRE clocked by clk  {rise@0.000ns fall@10.000ns period=20.000ns})
  Destination:            issued_reg[2]/D
                            (rising edge-triggered cell FDRE clocked by clk  {rise@0.000ns fall@10.000ns period=20.000ns})
  Path Group:             clk
  Path Type:              Hold (Min at Fast Process Corner)
  Requirement:            0.000ns  (clk rise@0.000ns - clk rise@0.000ns)
  Data Path Delay:        0.309ns  (logic 0.186ns (60.139%)  route 0.123ns (39.861%))
  Logic Levels:           1  (LUT4=1)
  Clock Path Skew:        0.022ns (DCD - SCD - CPR)
    Destination Clock Delay (DCD):    0.432ns
    Source Clock Delay      (SCD):    0.410ns
    Clock Pessimism Removal (CPR):    -0.000ns

    Location             Delay type                Incr(ns)  Path(ns)    Netlist Resource(s)
  -------------------------------------------------------------------    -------------------
                         (clock clk rise edge)        0.000     0.000 r
                                                      0.000     0.000 r  clk (IN)
                         net (fo=1324, unset)         0.410     0.410    clk
    SLICE_X48Y41         FDRE                                         r  issued_reg[0]/C
  -------------------------------------------------------------------    -------------------
    SLICE_X48Y41         FDRE (Prop_fdre_C_Q)         0.141     0.551 r  issued_reg[0]/Q
                         net (fo=8, routed)           0.123     0.674    issued_reg_rep[0]
    SLICE_X49Y41         LUT4 (Prop_lut4_I2_O)        0.045     0.719 r  issued[2]_i_1/O
                         net (fo=1, routed)           0.000     0.719    issued[2]_i_1_n_0
    SLICE_X49Y41         FDRE                                         r  issued_reg[2]/D
  -------------------------------------------------------------------    -------------------

                         (clock clk rise edge)        0.000     0.000 r
                                                      0.000     0.000 r  clk (IN)
                         net (fo=1324, unset)         0.432     0.432    clk
    SLICE_X49Y41         FDRE                                         r  issued_reg[2]/C
                         clock pessimism              0.000     0.432
    SLICE_X49Y41         FDRE (Hold_fdre_C_D)         0.091     0.523    issued_reg[2]
  -------------------------------------------------------------------
                         required time                         -0.523
                         arrival time                           0.719
  -------------------------------------------------------------------
                         slack                                  0.197

Slack (MET) :             0.197ns  (arrival time - required time)
  Source:                 capture/sum_reg[12]/C
                            (rising edge-triggered cell FDRE clocked by clk  {rise@0.000ns fall@10.000ns period=20.000ns})
  Destination:            capture/sum_reg[13]/D
                            (rising edge-triggered cell FDRE clocked by clk  {rise@0.000ns fall@10.000ns period=20.000ns})
  Path Group:             clk
  Path Type:              Hold (Min at Fast Process Corner)
  Requirement:            0.000ns  (clk rise@0.000ns - clk rise@0.000ns)
  Data Path Delay:        0.321ns  (logic 0.265ns (82.581%)  route 0.056ns (17.419%))
  Logic Levels:           1  (CARRY4=1)
  Clock Path Skew:        0.022ns (DCD - SCD - CPR)
    Destination Clock Delay (DCD):    0.432ns
    Source Clock Delay      (SCD):    0.410ns
    Clock Pessimism Removal (CPR):    -0.000ns

    Location             Delay type                Incr(ns)  Path(ns)    Netlist Resource(s)
  -------------------------------------------------------------------    -------------------
                         (clock clk rise edge)        0.000     0.000 r
                                                      0.000     0.000 r  clk (IN)
                         net (fo=1324, unset)         0.410     0.410    capture/clk
    SLICE_X7Y47          FDRE                                         r  capture/sum_reg[12]/C
  -------------------------------------------------------------------    -------------------
    SLICE_X7Y47          FDRE (Prop_fdre_C_Q)         0.141     0.551 r  capture/sum_reg[12]/Q
                         net (fo=2, routed)           0.056     0.607    capture/sum_reg_n_0_[12]
    SLICE_X7Y47          CARRY4 (Prop_carry4_DI[0]_O[1])
                                                      0.124     0.731 r  capture/sum_reg[15]_i_1/O[1]
                         net (fo=3, routed)           0.000     0.731    capture/sum_reg[15]_i_1_n_6
    SLICE_X7Y47          FDRE                                         r  capture/sum_reg[13]/D
  -------------------------------------------------------------------    -------------------

                         (clock clk rise edge)        0.000     0.000 r
                                                      0.000     0.000 r  clk (IN)
                         net (fo=1324, unset)         0.432     0.432    capture/clk
    SLICE_X7Y47          FDRE                                         r  capture/sum_reg[13]/C
                         clock pessimism              0.000     0.432
    SLICE_X7Y47          FDRE (Hold_fdre_C_D)         0.102     0.534    capture/sum_reg[13]
  -------------------------------------------------------------------
                         required time                         -0.534
                         arrival time                           0.731
  -------------------------------------------------------------------
                         slack                                  0.197
