Copyright 1986-2022 Xilinx, Inc. All Rights Reserved. Copyright 2022-2024 Advanced Micro Devices, Inc. All Rights Reserved.
---------------------------------------------------------------------------------------------------------------------------------------------
| Tool Version : Vivado v.2024.2 (lin64) Build 5239630 Fri Nov 08 22:34:34 MST 2024
| Date         : Tue Oct  6 05:26:18 2026
| Host         : iht32-1502.engr.wustl.edu running 64-bit Rocky Linux release 8.10 (Green Obsidian)
| Command      : report_timing_summary -delay_type min_max -report_unconstrained -file timing_summary.rpt
| Design       : known_spectral_core
| Device       : 7a35t-cpg236
| Speed File   : -1  PRODUCTION 1.23 2018-06-13
| Design State : Routed
---------------------------------------------------------------------------------------------------------------------------------------------

Timing Summary Report

------------------------------------------------------------------------------------------------
| Timer Settings
| --------------
------------------------------------------------------------------------------------------------

  Enable Multi Corner Analysis               :  Yes
  Enable Pessimism Removal                   :  Yes
  Pessimism Removal Resolution               :  Nearest Common Node
  Enable Input Delay Default Clock           :  No
  Enable Preset / Clear Arcs                 :  No
  Disable Flight Delays                      :  No
  Ignore I/O Paths                           :  No
  Timing Early Launch at Borrowing Latches   :  No
  Borrow Time for Max Delay Exceptions       :  Yes
  Merge Timing Exceptions                    :  Yes
  Inter-SLR Compensation                     :  Conservative

  Corner  Analyze    Analyze
  Name    Max Paths  Min Paths
  ------  ---------  ---------
  Slow    Yes        Yes
  Fast    Yes        Yes


------------------------------------------------------------------------------------------------
| Report Methodology
| ------------------
------------------------------------------------------------------------------------------------

No report available as report_methodology has not been run prior. Run report_methodology on the current design for the summary of methodology violations.



check_timing report

Table of Contents
-----------------
1. checking no_clock (0)
2. checking constant_clock (0)
3. checking pulse_width_clock (0)
4. checking unconstrained_internal_endpoints (0)
5. checking no_input_delay (0)
6. checking no_output_delay (0)
7. checking multiple_clock (0)
8. checking generated_clocks (0)
9. checking loops (0)
10. checking partial_input_delay (0)
11. checking partial_output_delay (0)
12. checking latch_loops (0)

1. checking no_clock (0)
------------------------
 There are 0 register/latch pins with no clock.


2. checking constant_clock (0)
------------------------------
 There are 0 register/latch pins with constant_clock.


3. checking pulse_width_clock (0)
---------------------------------
 There are 0 register/latch pins which need pulse_width check


4. checking unconstrained_internal_endpoints (0)
------------------------------------------------
 There are 0 pins that are not constrained for maximum delay.

 There are 0 pins that are not constrained for maximum delay due to constant clock.


5. checking no_input_delay (0)
------------------------------
 There are 0 input ports with no input delay specified.

 There are 0 input ports with no input delay but user has a false path constraint.


6. checking no_output_delay (0)
-------------------------------
 There are 0 ports with no output delay specified.

 There are 0 ports with no output delay but user has a false path constraint

 There are 0 ports with no output delay but with a timing clock defined on it or propagating through it


7. checking multiple_clock (0)
------------------------------
 There are 0 register/latch pins with multiple clocks.


8. checking generated_clocks (0)
--------------------------------
 There are 0 generated clocks that are not connected to a clock source.


9. checking loops (0)
---------------------
 There are 0 combinational loops in the design.


10. checking partial_input_delay (0)
------------------------------------
 There are 0 input ports with partial input delay specified.


11. checking partial_output_delay (0)
-------------------------------------
 There are 0 ports with partial output delay specified.


12. checking latch_loops (0)
----------------------------
 There are 0 combinational latch loops in the design through latch input



------------------------------------------------------------------------------------------------
| Design Timing Summary
| ---------------------
------------------------------------------------------------------------------------------------

    WNS(ns)      TNS(ns)  TNS Failing Endpoints  TNS Total Endpoints      WHS(ns)      THS(ns)  THS Failing Endpoints  THS Total Endpoints     WPWS(ns)     TPWS(ns)  TPWS Failing Endpoints  TPWS Total Endpoints
    -------      -------  ---------------------  -------------------      -------      -------  ---------------------  -------------------     --------     --------  ----------------------  --------------------
      5.628        0.000                      0                 4656        0.143        0.000                      0                 4656        9.500        0.000                       0                  1319


All user specified timing constraints are met.


------------------------------------------------------------------------------------------------
| Clock Summary
| -------------
------------------------------------------------------------------------------------------------

Clock  Waveform(ns)       Period(ns)      Frequency(MHz)
-----  ------------       ----------      --------------
clk    {0.000 10.000}     20.000          50.000


------------------------------------------------------------------------------------------------
| Intra Clock Table
| -----------------
------------------------------------------------------------------------------------------------

Clock             WNS(ns)      TNS(ns)  TNS Failing Endpoints  TNS Total Endpoints      WHS(ns)      THS(ns)  THS Failing Endpoints  THS Total Endpoints     WPWS(ns)     TPWS(ns)  TPWS Failing Endpoints  TPWS Total Endpoints
-----             -------      -------  ---------------------  -------------------      -------      -------  ---------------------  -------------------     --------     --------  ----------------------  --------------------
clk                 5.628        0.000                      0                 4656        0.143        0.000                      0                 4656        9.500        0.000                       0                  1319


------------------------------------------------------------------------------------------------
| Inter Clock Table
| -----------------
------------------------------------------------------------------------------------------------

From Clock    To Clock          WNS(ns)      TNS(ns)  TNS Failing Endpoints  TNS Total Endpoints      WHS(ns)      THS(ns)  THS Failing Endpoints  THS Total Endpoints
----------    --------          -------      -------  ---------------------  -------------------      -------      -------  ---------------------  -------------------


------------------------------------------------------------------------------------------------
| Other Path Groups Table
| -----------------------
------------------------------------------------------------------------------------------------

Path Group    From Clock    To Clock          WNS(ns)      TNS(ns)  TNS Failing Endpoints  TNS Total Endpoints      WHS(ns)      THS(ns)  THS Failing Endpoints  THS Total Endpoints
----------    ----------    --------          -------      -------  ---------------------  -------------------      -------      -------  ---------------------  -------------------


------------------------------------------------------------------------------------------------
| User Ignored Path Table
| -----------------------
------------------------------------------------------------------------------------------------

Path Group    From Clock    To Clock
----------    ----------    --------


------------------------------------------------------------------------------------------------
| Unconstrained Path Table
| ------------------------
------------------------------------------------------------------------------------------------

Path Group    From Clock    To Clock
----------    ----------    --------


------------------------------------------------------------------------------------------------
| Timing Details
| --------------
------------------------------------------------------------------------------------------------


---------------------------------------------------------------------------------------------------
From Clock:  clk
  To Clock:  clk

Setup :            0  Failing Endpoints,  Worst Slack        5.628ns,  Total Violation        0.000ns
Hold  :            0  Failing Endpoints,  Worst Slack        0.143ns,  Total Violation        0.000ns
PW    :            0  Failing Endpoints,  Worst Slack        9.500ns,  Total Violation        0.000ns
---------------------------------------------------------------------------------------------------


Max Delay Paths
--------------------------------------------------------------------------------------
Slack (MET) :             5.628ns  (required time - arrival time)
  Source:                 purpose_reg[0]/C
                            (rising edge-triggered cell FDRE clocked by clk  {rise@0.000ns fall@10.000ns period=20.000ns})
  Destination:            dbg_value_reg[56]/D
                            (rising edge-triggered cell FDRE clocked by clk  {rise@0.000ns fall@10.000ns period=20.000ns})
  Path Group:             clk
  Path Type:              Setup (Max at Slow Process Corner)
  Requirement:            20.000ns  (clk rise@20.000ns - clk rise@0.000ns)
  Data Path Delay:        14.317ns  (logic 7.214ns (50.387%)  route 7.103ns (49.613%))
  Logic Levels:           26  (CARRY4=17 DSP48E1=1 LUT2=1 LUT4=3 LUT5=1 LUT6=3)
  Clock Path Skew:        -0.049ns (DCD - SCD + CPR)
    Destination Clock Delay (DCD):    0.924ns = ( 20.924 - 20.000 )
    Source Clock Delay      (SCD):    0.973ns
    Clock Pessimism Removal (CPR):    0.000ns
  Clock Uncertainty:      0.035ns  ((TSJ^2 + TIJ^2)^1/2 + DJ) / 2 + PE
    Total System Jitter     (TSJ):    0.071ns
    Total Input Jitter      (TIJ):    0.000ns
    Discrete Jitter          (DJ):    0.000ns
    Phase Error              (PE):    0.000ns

    Location             Delay type                Incr(ns)  Path(ns)    Netlist Resource(s)
  -------------------------------------------------------------------    -------------------
                         (clock clk rise edge)        0.000     0.000 r
                                                      0.000     0.000 r  clk (IN)
                         net (fo=1324, unset)         0.973     0.973    clk
    SLICE_X35Y58         FDRE                                         r  purpose_reg[0]/C
  -------------------------------------------------------------------    -------------------
    SLICE_X35Y58         FDRE (Prop_fdre_C_Q)         0.456     1.429 f  purpose_reg[0]/Q
                         net (fo=9, routed)           0.857     2.286    lanes[0].rom/cycles_nn[17]_i_3_0
    SLICE_X35Y58         LUT2 (Prop_lut2_I1_O)        0.124     2.410 r  lanes[0].rom/cycles_power[23]_i_5/O
                         net (fo=18, routed)          1.244     3.654    lanes[0].rom/purpose_reg[1]
    SLICE_X36Y41         LUT6 (Prop_lut6_I4_O)        0.124     3.778 f  lanes[0].rom/p_6_out_i_112/O
                         net (fo=2, routed)           0.761     4.539    lanes[0].rom_n_18
    SLICE_X33Y42         LUT4 (Prop_lut4_I3_O)        0.150     4.689 r  unsigned_product_i_2/O
                         net (fo=1, routed)           1.044     5.733    unsigned_product_i_2_n_0
    DSP48_X0Y17          DSP48E1 (Prop_dsp48e1_B[16]_P[1])
                                                      2.259     7.992 r  unsigned_product/P[1]
                         net (fo=3, routed)           1.331     9.323    power_ram/P[1]
    SLICE_X39Y43         LUT4 (Prop_lut4_I3_O)        0.124     9.447 r  power_ram/wide_acc[3]_i_6/O
                         net (fo=1, routed)           0.000     9.447    power_ram/wide_acc[3]_i_6_n_0
    SLICE_X39Y43         CARRY4 (Prop_carry4_S[1]_CO[3])
                                                      0.550     9.997 r  power_ram/wide_acc_reg[3]_i_2/CO[3]
                         net (fo=1, routed)           0.000     9.997    power_ram/wide_acc_reg[3]_i_2_n_0
    SLICE_X39Y44         CARRY4 (Prop_carry4_CI_O[0])
                                                      0.222    10.219 r  power_ram/wide_acc_reg[7]_i_2/O[0]
                         net (fo=2, routed)           0.663    10.882    power_ram/wide_acc_reg[7][0]
    SLICE_X40Y44         LUT4 (Prop_lut4_I0_O)        0.299    11.181 r  power_ram/wide_acc[3]_i_9/O
                         net (fo=1, routed)           0.302    11.484    power_ram/wide_acc[3]_i_9_n_0
    SLICE_X40Y45         LUT6 (Prop_lut6_I4_O)        0.124    11.608 r  power_ram/wide_acc[3]_i_8/O
                         net (fo=1, routed)           0.000    11.608    power_ram/wide_acc[3]_i_8_n_0
    SLICE_X40Y45         CARRY4 (Prop_carry4_S[0]_CO[3])
                                                      0.532    12.140 r  power_ram/wide_acc_reg[3]_i_3/CO[3]
                         net (fo=1, routed)           0.000    12.140    power_ram/wide_acc_reg[3]_i_3_n_0
    SLICE_X40Y46         CARRY4 (Prop_carry4_CI_CO[3])
                                                      0.114    12.254 r  power_ram/wide_acc_reg[7]_i_3/CO[3]
                         net (fo=1, routed)           0.000    12.254    power_ram/wide_acc_reg[7]_i_3_n_0
    SLICE_X40Y47         CARRY4 (Prop_carry4_CI_CO[3])
                                                      0.114    12.368 r  power_ram/wide_acc_reg[11]_i_3/CO[3]
                         net (fo=1, routed)           0.000    12.368    power_ram/wide_acc_reg[11]_i_3_n_0
    SLICE_X40Y48         CARRY4 (Prop_carry4_CI_CO[3])
                                                      0.114    12.482 r  power_ram/wide_acc_reg[15]_i_3/CO[3]
                         net (fo=1, routed)           0.000    12.482    power_ram/wide_acc_reg[15]_i_3_n_0
    SLICE_X40Y49         CARRY4 (Prop_carry4_CI_CO[3])
                                                      0.114    12.596 r  power_ram/wide_acc_reg[19]_i_3/CO[3]
                         net (fo=1, routed)           0.001    12.596    power_ram/wide_acc_reg[19]_i_3_n_0
    SLICE_X40Y50         CARRY4 (Prop_carry4_CI_CO[3])
                                                      0.114    12.710 r  power_ram/wide_acc_reg[23]_i_3/CO[3]
                         net (fo=1, routed)           0.000    12.710    power_ram/wide_acc_reg[23]_i_3_n_0
    SLICE_X40Y51         CARRY4 (Prop_carry4_CI_CO[3])
                                                      0.114    12.824 r  power_ram/wide_acc_reg[27]_i_3/CO[3]
                         net (fo=1, routed)           0.000    12.824    power_ram/wide_acc_reg[27]_i_3_n_0
    SLICE_X40Y52         CARRY4 (Prop_carry4_CI_CO[3])
                                                      0.114    12.938 r  power_ram/wide_acc_reg[31]_i_3/CO[3]
                         net (fo=1, routed)           0.000    12.938    power_ram/wide_acc_reg[31]_i_3_n_0
    SLICE_X40Y53         CARRY4 (Prop_carry4_CI_CO[3])
                                                      0.114    13.052 r  power_ram/wide_acc_reg[35]_i_3/CO[3]
                         net (fo=1, routed)           0.000    13.052    power_ram/wide_acc_reg[35]_i_3_n_0
    SLICE_X40Y54         CARRY4 (Prop_carry4_CI_CO[3])
                                                      0.114    13.166 r  power_ram/wide_acc_reg[39]_i_3/CO[3]
                         net (fo=1, routed)           0.000    13.166    power_ram/wide_acc_reg[39]_i_3_n_0
    SLICE_X40Y55         CARRY4 (Prop_carry4_CI_CO[3])
                                                      0.114    13.280 r  power_ram/wide_acc_reg[43]_i_3/CO[3]
                         net (fo=1, routed)           0.000    13.280    power_ram/wide_acc_reg[43]_i_3_n_0
    SLICE_X40Y56         CARRY4 (Prop_carry4_CI_CO[3])
                                                      0.114    13.394 r  power_ram/wide_acc_reg[47]_i_3/CO[3]
                         net (fo=1, routed)           0.000    13.394    power_ram/wide_acc_reg[47]_i_3_n_0
    SLICE_X40Y57         CARRY4 (Prop_carry4_CI_CO[3])
                                                      0.114    13.508 r  power_ram/wide_acc_reg[51]_i_3/CO[3]
                         net (fo=1, routed)           0.000    13.508    power_ram/wide_acc_reg[51]_i_3_n_0
    SLICE_X40Y58         CARRY4 (Prop_carry4_CI_CO[3])
                                                      0.114    13.622 r  power_ram/wide_acc_reg[55]_i_3/CO[3]
                         net (fo=1, routed)           0.000    13.622    power_ram/wide_acc_reg[55]_i_3_n_0
    SLICE_X40Y59         CARRY4 (Prop_carry4_CI_CO[0])
                                                      0.271    13.893 r  power_ram/wide_acc_reg[56]_i_3/CO[0]
                         net (fo=3, routed)           0.464    14.357    power_ram_n_124
    SLICE_X41Y58         LUT6 (Prop_lut6_I5_O)        0.373    14.730 r  dbg_value[56]_i_2/O
                         net (fo=1, routed)           0.436    15.166    dbg_value[56]_i_2_n_0
    SLICE_X41Y60         LUT5 (Prop_lut5_I4_O)        0.124    15.290 r  dbg_value[56]_i_1/O
                         net (fo=1, routed)           0.000    15.290    dbg_value[56]_i_1_n_0
    SLICE_X41Y60         FDRE                                         r  dbg_value_reg[56]/D
  -------------------------------------------------------------------    -------------------

                         (clock clk rise edge)       20.000    20.000 r
                                                      0.000    20.000 r  clk (IN)
                         net (fo=1324, unset)         0.924    20.924    clk
    SLICE_X41Y60         FDRE                                         r  dbg_value_reg[56]/C
                         clock pessimism              0.000    20.924
                         clock uncertainty           -0.035    20.889
    SLICE_X41Y60         FDRE (Setup_fdre_C_D)        0.029    20.918    dbg_value_reg[56]
  -------------------------------------------------------------------
                         required time                         20.918
                         arrival time                         -15.290
  -------------------------------------------------------------------
                         slack                                  5.628





Min Delay Paths
--------------------------------------------------------------------------------------
Slack (MET) :             0.143ns  (arrival time - required time)
  Source:                 log_work_reg[60]/C
                            (rising edge-triggered cell FDRE clocked by clk  {rise@0.000ns fall@10.000ns period=20.000ns})
  Destination:            log_work_reg[59]/D
                            (rising edge-triggered cell FDRE clocked by clk  {rise@0.000ns fall@10.000ns period=20.000ns})
  Path Group:             clk
  Path Type:              Hold (Min at Fast Process Corner)
  Requirement:            0.000ns  (clk rise@0.000ns - clk rise@0.000ns)
  Data Path Delay:        0.256ns  (logic 0.186ns (72.524%)  route 0.070ns (27.476%))
  Logic Levels:           1  (LUT5=1)
  Clock Path Skew:        0.022ns (DCD - SCD - CPR)
    Destination Clock Delay (DCD):    0.432ns
    Source Clock Delay      (SCD):    0.410ns
    Clock Pessimism Removal (CPR):    -0.000ns

    Location             Delay type                Incr(ns)  Path(ns)    Netlist Resource(s)
  -------------------------------------------------------------------    -------------------
                         (clock clk rise edge)        0.000     0.000 r
                                                      0.000     0.000 r  clk (IN)
                         net (fo=1324, unset)         0.410     0.410    clk
    SLICE_X37Y59         FDRE                                         r  log_work_reg[60]/C
  -------------------------------------------------------------------    -------------------
    SLICE_X37Y59         FDRE (Prop_fdre_C_Q)         0.141     0.551 r  log_work_reg[60]/Q
                         net (fo=6, routed)           0.070     0.622    log_work_reg_n_0_[60]
    SLICE_X36Y59         LUT5 (Prop_lut5_I0_O)        0.045     0.667 r  log_work[59]_i_1/O
                         net (fo=1, routed)           0.000     0.667    log_work[59]_i_1_n_0
    SLICE_X36Y59         FDRE                                         r  log_work_reg[59]/D
  -------------------------------------------------------------------    -------------------

                         (clock clk rise edge)        0.000     0.000 r
                                                      0.000     0.000 r  clk (IN)
                         net (fo=1324, unset)         0.432     0.432    clk
    SLICE_X36Y59         FDRE                                         r  log_work_reg[59]/C
                         clock pessimism              0.000     0.432
    SLICE_X36Y59         FDRE (Hold_fdre_C_D)         0.092     0.524    log_work_reg[59]
  -------------------------------------------------------------------
                         required time                         -0.524
                         arrival time                           0.667
  -------------------------------------------------------------------
                         slack                                  0.143





Pulse Width Checks
--------------------------------------------------------------------------------------
Clock Name:         clk
Waveform(ns):       { 0.000 10.000 }
Period(ns):         20.000
Sources:            { clk }

Check Type        Corner  Lib Pin             Reference Pin  Required(ns)  Actual(ns)  Slack(ns)  Location      Pin
Min Period        n/a     RAMB18E1/CLKARDCLK  n/a            2.944         20.000      17.056     RAMB18_X1Y18  windowed_reg/CLKARDCLK
Low Pulse Width   Slow    FDRE/C              n/a            0.500         10.000      9.500      SLICE_X57Y50  accumulator_reg[0][0]/C
High Pulse Width  Slow    FDRE/C              n/a            0.500         10.000      9.500      SLICE_X57Y50  accumulator_reg[0][0]/C
