vivado v2024.2 (64-bit)
Tool Version Limit: 2024.11
SW Build 5239630 on Fri Nov 08 22:34:34 MST 2024
IP Build 5239520 on Sun Nov 10 16:12:51 MST 2024
SharedData Build 5239561 on Fri Nov 08 14:39:27 MST 2024
Copyright 1986-2022 Xilinx, Inc. All Rights Reserved.
Copyright 2022-2024 Advanced Micro Devices, Inc. All Rights Reserved.
INFO: [VRFC 10-2263] Analyzing SystemVerilog file "LAB_HOME/LAB_USER/digital_ic_vivado/portability-c-small-vivado-r4/rtl/core/vib_coeff_rom.sv" into library work
INFO: [VRFC 10-311] analyzing module vib_coeff_rom
INFO: [VRFC 10-2263] Analyzing SystemVerilog file "LAB_HOME/LAB_USER/digital_ic_vivado/portability-c-small-vivado-r4/rtl/platform/spram16k.sv" into library work
INFO: [VRFC 10-311] analyzing module spram16k
INFO: [VRFC 10-2263] Analyzing SystemVerilog file "LAB_HOME/LAB_USER/digital_ic_vivado/portability-c-small-vivado-r4/rtl/core/known_capture.sv" into library work
INFO: [VRFC 10-311] analyzing module known_capture
INFO: [VRFC 10-2263] Analyzing SystemVerilog file "LAB_HOME/LAB_USER/digital_ic_vivado/portability-c-small-vivado-r4/rtl/core/known_spectral_core.sv" into library work
INFO: [VRFC 10-311] analyzing module known_spectral_core
INFO: [VRFC 10-2263] Analyzing SystemVerilog file "LAB_HOME/LAB_USER/digital_ic_vivado/portability-c-small-vivado-r4/known_vivado_tb.sv" into library work
INFO: [VRFC 10-311] analyzing module known_vivado_tb
Vivado Simulator v2024.2.0
Copyright 1986-2022 Xilinx, Inc. All Rights Reserved.
Copyright 2022-2024 Advanced Micro Devices, Inc. All Rights Reserved.
Running: /project/engineering/xilinx/2024.2/Vivado/2024.2/bin/unwrapped/lnx64.o/xelab known_vivado_tb -timescale 1ns/1ps -mt 2 -s known_sim
Using 2 slave threads.
Starting static elaboration
Pass Through NonSizing Optimizer
Completed static elaboration
Starting simulation data flow analysis
Completed simulation data flow analysis
Time Resolution for simulation is 1ps
Compiling module work.known_capture(N=16)
Compiling module work.spram16k
Compiling module work.vib_coeff_rom(N=16,MODEL_DIR="mo...
Compiling module work.known_spectral_core(N=16,WINDOWS...
Compiling module work.known_vivado_tb
Built simulation snapshot known_sim

****** xsim v2024.2 (64-bit)
  **** SW Build 5239630 on Fri Nov 08 22:34:34 MST 2024
  **** IP Build 5239520 on Sun Nov 10 16:12:51 MST 2024
  **** SharedData Build 5239561 on Fri Nov 08 14:39:27 MST 2024
  **** Start of session at: Tue Oct  6 05:23:28 2026
    ** Copyright 1986-2022 Xilinx, Inc. All Rights Reserved.
    ** Copyright 2022-2024 Advanced Micro Devices, Inc. All Rights Reserved.

source xsim.dir/known_sim/xsim_script.tcl
# xsim {known_sim} -autoloadwcfg -tclbatch {sim.tcl}
Time resolution is 1 ps
source sim.tcl
## run all
VIVADO_PORTABILITY_COMPLETE
$finish called at time : 23496 ns : File "LAB_HOME/LAB_USER/digital_ic_vivado/portability-c-small-vivado-r4/known_vivado_tb.sv" Line 82
## quit
INFO: [Common 17-206] Exiting xsim at Tue Oct  6 05:23:32 2026...
