
 /----------------------------------------------------------------------------\
 |  yosys -- Yosys Open SYnthesis Suite                                       |
 |  Copyright (C) 2012 - 2026  Claire Xenia Wolf <claire@yosyshq.com>         |
 |  Distributed under an ISC-like license, type "license" to see terms        |
 \----------------------------------------------------------------------------/
 Yosys 0.68+195 (git sha1 435977e97-dirty, Release, Clang /usr/local/osxcross/target/bin/aarch64-apple-darwin25.5-clang++ 21.1.8)

-- Executing script file `design_smt2.ys' --

1. Executing RTLIL frontend.
Input filename: design_prep.il

2. Executing HIERARCHY pass (managing design hierarchy).
Attribute `top' found on module `quant_functions_harness'. Setting top module to quant_functions_harness.

2.1. Analyzing design hierarchy..
Top module:  \quant_functions_harness
Used module:     $paramod\quant_functions_kernel\HIDDEN_SHIFT=s32'00000000000000000000000000000000

2.2. Analyzing design hierarchy..
Top module:  \quant_functions_harness
Used module:     $paramod\quant_functions_kernel\HIDDEN_SHIFT=s32'00000000000000000000000000000000
Removed 0 unused modules.
Module quant_functions_harness directly or indirectly contains formal properties -> setting "keep" attribute.

3. Executing FORMALFF pass.

4. Executing DFFUNMAP pass (unmap clock enable and synchronous reset from FFs).

5. Printing statistics.

=== $paramod\quant_functions_kernel\HIDDEN_SHIFT=s32'00000000000000000000000000000000 ===

        +----------Local Count, excluding submodules.
        | 
       28 wires
      489 wire bits
        6 public wires
      126 public wire bits
        6 ports
      126 port bits
       26 cells
        1   $add
        1   $and
        1   $eq
        4   $gt
        1   $le
        1   $logic_and
        1   $logic_not
        1   $logic_or
        2   $lt
        8   $mux
        2   $shl
        1   $sshr
        2   $sub

=== quant_functions_harness ===

        +----------Local Count, excluding submodules.
        | 
       63 wires
      792 wire bits
        9 public wires
      211 public wire bits
        1 ports
        1 port bits
       71 cells
        2   $add
        2   $anyseq
       12   $assert
        1   $assume
       10   $eq
        2   $ge
        4   $gt
        4   $le
        2   $logic_and
        1   $logic_not
        1   $logic_or
        2   $lt
       20   $mux
        3   $neg
        2   $shl
        1   $shr
        2   $sub
        1 submodules
        1   $paramod\quant_functions_kernel\HIDDEN_SHIFT=s32'00000000000000000000000000000000

=== design hierarchy ===

        +----------Count including submodules.
        | 
       97 quant_functions_harness
       26 $paramod\quant_functions_kernel\HIDDEN_SHIFT=s32'00000000000000000000000000000000

        +----------Count including submodules.
        | 
       91 wires
     1281 wire bits
       15 public wires
      337 public wire bits
        7 ports
      127 port bits
        - memories
        - memory bits
        - processes
       97 cells
        3   $add
        1   $and
        2   $anyseq
       12   $assert
        1   $assume
       11   $eq
        2   $ge
        8   $gt
        5   $le
        3   $logic_and
        2   $logic_not
        2   $logic_or
        4   $lt
       28   $mux
        3   $neg
        4   $shl
        1   $shr
        1   $sshr
        4   $sub
        1 submodules
        1   $paramod\quant_functions_kernel\HIDDEN_SHIFT=s32'00000000000000000000000000000000

6. Executing SMT2 backend.

6.1. Executing BMUXMAP pass.

6.2. Executing DEMUXMAP pass.
Creating SMT-LIBv2 representation of module $paramod\quant_functions_kernel\HIDDEN_SHIFT=s32'00000000000000000000000000000000.
Creating SMT-LIBv2 representation of module quant_functions_harness.

End of script. Logfile hash: be2ddcba00, time: 0.00s, user: 0.01s, system: 0.01s, MEM: 12.48 MB peak
Yosys 0.68+195 (git sha1 435977e97-dirty, Release, Clang /usr/local/osxcross/target/bin/aarch64-apple-darwin25.5-clang++ 21.1.8)
Time spent: 68% 2x write_smt2 (0 sec), 14% 2x read_rtlil (0 sec), ...
