Info: constrained 'flash_cs_n' to bel 'X24/Y0/io1'
Info: constrained 'flash_sclk' to bel 'X24/Y0/io0'
Info: constrained 'flash_mosi' to bel 'X23/Y0/io0'
Info: constrained 'flash_miso' to bel 'X23/Y0/io1'
Info: constrained 'status_done' to bel 'X18/Y0/io1'
Info: constrained 'status_error' to bel 'X18/Y0/io0'
Info: constrained 'status_running' to bel 'X19/Y0/io0'
Info: constraining clock net 'clk' to 13.20 MHz

Info: Packing constants..
Info: Packing IOs..
Info: Packing LUT-FFs..
Info:     3061 LCs used as LUT4 only
Info:     1133 LCs used as LUT4 and DFF
Info: Packing non-LUT FFs..
Info:      520 LCs used as DFF only
Info: Packing carries..
Info:      395 LCs used as CARRY only
Info: Packing indirect carry+LUT pairs...
Info:       24 LUTs merged into carry LCs
Info: Packing RAMs..
Info: Placing PLLs..
Info: Packing special functions..
Info:   constrained ICESTORM_HFOSC 'oscillator_OSC' to X0/Y31/hfosc_1
Warning:     Overriding derived constraint of 12.0 MHz on net clk with user-specified constraint of 13.2 MHz.
Info: Packing PLLs..
Info: Promoting globals..
Info: promoting startup_SB_CARRY_I0_CO_SB_CARRY_CI_CO_SB_CARRY_CI_CO_SB_CARRY_CI_CO_SB_CARRY_CI_CO_SB_LUT4_I3_O [reset] (fanout 884)
Info: promoting system.core.operand_b[0]_SB_LUT4_O_10_I3_SB_LUT4_O_I3_SB_LUT4_O_I3[1] [reset] (fanout 212)
Info: promoting system.core.purpose_SB_DFF_Q_D_SB_LUT4_O_I1_SB_LUT4_I1_O[2] [reset] (fanout 64)
Info: promoting system.core.valid1_SB_LUT4_I0_1_O [cen] (fanout 192)
Info: promoting system.core.capture.wr_bank_SB_DFFESR_Q_E_SB_LUT4_O_I3_SB_LUT4_I3_O_SB_LUT4_O_I3_SB_LUT4_I3_O_SB_LUT4_O_I3_SB_LUT4_I3_O_SB_LUT4_I3_O [cen] (fanout 64)
Info: promoting system.core.valid1_SB_LUT4_I0_2_O_SB_LUT4_O_1_I3_SB_LUT4_I3_O_SB_LUT4_I3_O_SB_LUT4_I3_O [cen] (fanout 64)
Info: promoting system.core.purpose_SB_DFF_Q_D_SB_LUT4_O_I1_SB_LUT4_I1_O_SB_LUT4_I3_O [cen] (fanout 64)
Info: Constraining chains...
Info:       89 LCs used to legalise carry chains.
Info: Checksum: 0x453161ad

Info: Device utilisation:
Info: 	         ICESTORM_LC:    5179/   5280    98%
Info: 	        ICESTORM_RAM:      28/     30    93%
Info: 	               SB_IO:       7/     39    17%
Info: 	               SB_GB:       8/      8   100%
Info: 	        ICESTORM_PLL:       0/      1     0%
Info: 	         SB_WARMBOOT:       0/      1     0%
Info: 	        ICESTORM_DSP:       4/      8    50%
Info: 	      ICESTORM_HFOSC:       1/      1   100%
Info: 	      ICESTORM_LFOSC:       0/      1     0%
Info: 	              SB_I2C:       0/      2     0%
Info: 	              SB_SPI:       0/      2     0%
Info: 	              IO_I3C:       0/      2     0%
Info: 	         SB_LEDDA_IP:       0/      1     0%
Info: 	         SB_RGBA_DRV:       0/      1     0%
Info: 	      ICESTORM_SPRAM:       1/      4    25%

Info: Placed 9 cells based on constraints.
Info: Creating initial analytic placement for 3514 cells, random placement wirelen = 119358.
Info:     at initial placer iter 0, wirelen = 3858
Info:     at initial placer iter 1, wirelen = 3474
Info:     at initial placer iter 2, wirelen = 3465
Info:     at initial placer iter 3, wirelen = 3472
Info: Running main analytical placer, max placement attempts per cell = 3416498.
Info:     at iteration #1, type ALL: wirelen solved = 3466, spread = 51962, legal = 60851; time = 0.27s
Info:     at iteration #2, type ALL: wirelen solved = 3118, spread = 47090, legal = 58819; time = 0.15s
Info:     at iteration #3, type ALL: wirelen solved = 4516, spread = 42473, legal = 53589; time = 0.13s
Info:     at iteration #4, type ALL: wirelen solved = 6064, spread = 40156, legal = 51088; time = 0.13s
Info:     at iteration #5, type ALL: wirelen solved = 6741, spread = 39268, legal = 47910; time = 0.10s
Info:     at iteration #6, type ALL: wirelen solved = 7745, spread = 37404, legal = 51617; time = 0.14s
Info:     at iteration #7, type ALL: wirelen solved = 8767, spread = 33645, legal = 48178; time = 0.12s
Info:     at iteration #8, type ALL: wirelen solved = 8640, spread = 33560, legal = 46413; time = 0.12s
Info:     at iteration #9, type ALL: wirelen solved = 9168, spread = 32844, legal = 42257; time = 0.10s
Info:     at iteration #10, type ALL: wirelen solved = 9787, spread = 31279, legal = 42317; time = 0.10s
Info:     at iteration #11, type ALL: wirelen solved = 10108, spread = 29633, legal = 38922; time = 0.10s
Info:     at iteration #12, type ALL: wirelen solved = 10902, spread = 28846, legal = 38764; time = 0.10s
Info:     at iteration #13, type ALL: wirelen solved = 11289, spread = 27895, legal = 40087; time = 0.11s
Info:     at iteration #14, type ALL: wirelen solved = 12366, spread = 28827, legal = 39840; time = 0.10s
Info:     at iteration #15, type ALL: wirelen solved = 12400, spread = 28829, legal = 39159; time = 0.10s
Info:     at iteration #16, type ALL: wirelen solved = 12443, spread = 28752, legal = 39391; time = 0.09s
Info:     at iteration #17, type ALL: wirelen solved = 12890, spread = 28511, legal = 40540; time = 0.11s
Info: HeAP Placer Time: 2.36s
Info:   of which solving equations: 0.60s
Info:   of which spreading cells: 0.06s
Info:   of which strict legalisation: 1.51s

Info: Running simulated annealing placer for refinement.
Info:   at iteration #1: temp = 0.000000, timing cost = 1311, wirelen = 38764
Info:   at iteration #5: temp = 0.000000, timing cost = 1090, wirelen = 29622
Info:   at iteration #10: temp = 0.000000, timing cost = 1074, wirelen = 27687
Info:   at iteration #15: temp = 0.000000, timing cost = 1045, wirelen = 26861
Info:   at iteration #20: temp = 0.000000, timing cost = 1024, wirelen = 26299
Info:   at iteration #25: temp = 0.000000, timing cost = 1032, wirelen = 26123
Info:   at iteration #30: temp = 0.000000, timing cost = 1034, wirelen = 26075
Info:   at iteration #31: temp = 0.000000, timing cost = 1034, wirelen = 26073 
Info: SA placement time 2.06s

Info: Max frequency for clock 'clk': 14.66 MHz (PASS at 13.20 MHz)

Info: Clock '$PACKER_GND_NET' has no interior paths

Info: Max delay <async>     -> posedge clk: 2.99 ns
Info: Max delay posedge clk -> <async>    : 12.96 ns

Info: Slack histogram:
Info:  legend: * represents 22 endpoint(s)
Info:          + represents [1,22) endpoint(s)
Info: [  7526,  10790) |+
Info: [ 10790,  14054) |+
Info: [ 14054,  17318) |+
Info: [ 17318,  20582) |*+
Info: [ 20582,  23846) |*+
Info: [ 23846,  27110) |*+
Info: [ 27110,  30374) |*+
Info: [ 30374,  33638) |*+
Info: [ 33638,  36902) |******+
Info: [ 36902,  40166) |********+
Info: [ 40166,  43430) |*********+
Info: [ 43430,  46694) |*************+
Info: [ 46694,  49958) |************************+
Info: [ 49958,  53222) |****************************************************+
Info: [ 53222,  56486) |******************************************+
Info: [ 56486,  59750) |*****************************+
Info: [ 59750,  63014) |*********************+
Info: [ 63014,  66278) |*****************+
Info: [ 66278,  69542) |****************************+
Info: [ 69542,  72806) |************************************************************ 
Info: Checksum: 0x9bf6b249

Info: Routing..
Info: Setting up routing queue.
Info: Routing 17266 arcs.
Info:            |   (re-)routed arcs  |   delta    | remaining|       time spent     |
Info:    IterCnt |  w/ripup   wo/ripup |  w/r  wo/r |      arcs| batch(sec) total(sec)|
Info:       1000 |       39        960 |   39   960 |     16325|       0.18       0.18|
Info:       2000 |      123       1876 |   84   916 |     15453|       0.17       0.34|
Info:       3000 |      282       2634 |  159   758 |     14685|       0.12       0.46|
Info:       4000 |      475       3383 |  193   749 |     13992|       0.10       0.56|
Info:       5000 |      676       4083 |  201   700 |     13317|       0.11       0.68|
Info:       6000 |      877       4844 |  201   761 |     12689|       0.14       0.82|
Info:       7000 |     1113       5596 |  236   752 |     12170|       0.15       0.97|
Info:       8000 |     1389       6312 |  276   716 |     11597|       0.14       1.11|
Info:       9000 |     1732       6969 |  343   657 |     11108|       0.14       1.25|
Info:      10000 |     2114       7587 |  382   618 |     10749|       0.11       1.36|
Info:      11000 |     2488       8212 |  374   625 |     10292|       0.13       1.49|
Info:      12000 |     2851       8755 |  363   543 |      9965|       0.17       1.66|
Info:      13000 |     3191       9405 |  340   650 |      9499|       0.14       1.80|
Info:      14000 |     3551      10044 |  360   639 |      9071|       0.14       1.94|
Info:      15000 |     3929      10531 |  378   487 |      8600|       0.12       2.06|
Info:      16000 |     4351      11108 |  422   577 |      8297|       0.16       2.22|
Info:      17000 |     4842      11598 |  491   490 |      8055|       0.13       2.35|
Info:      18000 |     5304      12098 |  462   500 |      7752|       0.14       2.50|
Info:      19000 |     5644      12682 |  340   584 |      7331|       0.11       2.60|
Info:      20000 |     6080      13243 |  436   561 |      6978|       0.15       2.75|
Info:      21000 |     6445      13777 |  365   534 |      6598|       0.15       2.90|
Info:      22000 |     6950      14270 |  505   493 |      6425|       0.16       3.06|
Info:      23000 |     7451      14737 |  501   467 |      6146|       0.15       3.21|
Info:      24000 |     7993      15154 |  542   417 |      5968|       0.17       3.38|
Info:      25000 |     8454      15651 |  461   497 |      5723|       0.15       3.53|
Info:      26000 |     8869      16133 |  415   482 |      5376|       0.13       3.66|
Info:      27000 |     9360      16627 |  491   494 |      5167|       0.18       3.84|
Info:      28000 |     9841      17088 |  481   461 |      4921|       0.17       4.01|
Info:      29000 |    10227      17622 |  386   534 |      4617|       0.13       4.13|
Info:      30000 |    10586      18219 |  359   597 |      4344|       0.14       4.27|
Info:      31000 |    11003      18758 |  417   539 |      4046|       0.14       4.42|
Info:      32000 |    11506      19236 |  503   478 |      3837|       0.18       4.59|
Info:      33000 |    11999      19731 |  493   495 |      3577|       0.15       4.74|
Info:      34000 |    12373      20326 |  374   595 |      3220|       0.13       4.87|
Info:      35000 |    12957      20713 |  584   387 |      3066|       0.18       5.05|
Info:      36000 |    13481      21149 |  524   436 |      2807|       0.15       5.21|
Info:      37000 |    14095      21535 |  614   386 |      2722|       0.24       5.45|
Info:      38000 |    14619      21997 |  524   462 |      2539|       0.16       5.60|
Info:      39000 |    15184      22429 |  565   432 |      2435|       0.23       5.83|
Info:      40000 |    15731      22868 |  547   439 |      2251|       0.17       6.00|
Info:      41000 |    16243      23336 |  512   468 |      2024|       0.18       6.18|
Info:      42000 |    16690      23855 |  447   519 |      1710|       0.13       6.31|
Info:      43000 |    17024      24511 |  334   656 |      1187|       0.07       6.38|
Info:      44000 |    17457      25077 |  433   566 |       824|       0.14       6.52|
Info:      45000 |    17970      25561 |  513   484 |       630|       0.23       6.75|
Info:      46000 |    18419      26103 |  449   542 |       242|       0.21       6.96|
Info:      47000 |    19010      26511 |  591   408 |       241|       0.18       7.14|
Info:      48000 |    19486      27031 |  476   520 |        47|       0.19       7.33|
Info:      48128 |    19542      27104 |   56    73 |         0|       0.05       7.38|
Info: Routing complete.
Info: Router1 time 7.38s
Info: Checksum: 0x0cb17b80

Info: Critical path report for clock 'clk' (posedge -> posedge):
Info:       type curr  total name
Info:   clk-to-q  1.39  1.39 Source system.core.purpose_SB_DFF_Q_1_D_SB_LUT4_O_LC.O
Info:    routing  4.25  5.64 Net system.core.operand_a[0]_SB_LUT4_O_I3_SB_LUT4_O_I0_SB_LUT4_O_1_I3[0] (5,25) -> (3,15)
Info:                          Sink system.core.operand_b[0]_SB_LUT4_O_15_I2_SB_LUT4_O_I2_SB_LUT4_O_I2_SB_LUT4_O_1_LC.I1
Info:                          Defined in:
Info:                               /home/researcher/Desktop/￿FFE6￿FF95￿FF99￿FFE6￿FF9D￿FF90/Fall 2026/digital ic/.tools/oss-cad-suite/libexec/../share/yosys/ice40/cells_map.v:6.21-6.22
Info:      logic  1.23  6.87 Source system.core.operand_b[0]_SB_LUT4_O_15_I2_SB_LUT4_O_I2_SB_LUT4_O_I2_SB_LUT4_O_1_LC.O
Info:    routing  1.76  8.63 Net system.core.operand_b[0]_SB_LUT4_O_15_I2_SB_LUT4_O_I2_SB_LUT4_O_I2[2] (3,15) -> (3,14)
Info:                          Sink system.core.operand_b[0]_SB_LUT4_O_15_I2_SB_LUT4_O_I2_SB_LUT4_O_LC.I2
Info:                          Defined in:
Info:                               /home/researcher/Desktop/￿FFE6￿FF95￿FF99￿FFE6￿FF9D￿FF90/Fall 2026/digital ic/.tools/oss-cad-suite/libexec/../share/yosys/ice40/cells_map.v:6.21-6.22
Info:      logic  1.21  9.84 Source system.core.operand_b[0]_SB_LUT4_O_15_I2_SB_LUT4_O_I2_SB_LUT4_O_LC.O
Info:    routing  1.76  11.60 Net system.core.operand_b[0]_SB_LUT4_O_15_I2_SB_LUT4_O_I2[3] (3,14) -> (3,14)
Info:                          Sink system.core.operand_b[0]_SB_LUT4_O_10_I3_SB_LUT4_O_I3_SB_LUT4_O_I3_SB_LUT4_O_I3_SB_CARRY_CO_CI_SB_CARRY_CO_CI_SB_CARRY_CO_CI_SB_LUT4_I3_O_SB_LUT4_I3_O_SB_LUT4_O_I3_SB_LUT4_I3_O_SB_LUT4_O_LC.I3
Info:                          Defined in:
Info:                               /home/researcher/Desktop/￿FFE6￿FF95￿FF99￿FFE6￿FF9D￿FF90/Fall 2026/digital ic/.tools/oss-cad-suite/libexec/../share/yosys/ice40/cells_map.v:6.21-6.22
Info:      logic  0.87  12.47 Source system.core.operand_b[0]_SB_LUT4_O_10_I3_SB_LUT4_O_I3_SB_LUT4_O_I3_SB_LUT4_O_I3_SB_CARRY_CO_CI_SB_CARRY_CO_CI_SB_CARRY_CO_CI_SB_LUT4_I3_O_SB_LUT4_I3_O_SB_LUT4_O_I3_SB_LUT4_I3_O_SB_LUT4_O_LC.O
Info:    routing  1.76  14.23 Net system.core.operand_b[0]_SB_LUT4_O_10_I3_SB_LUT4_O_I3_SB_LUT4_O_I3_SB_LUT4_O_I3_SB_CARRY_CO_CI_SB_CARRY_CO_CI_SB_CARRY_CO_CI_SB_LUT4_I3_O_SB_LUT4_I3_O_SB_LUT4_O_I3_SB_LUT4_I3_O[1] (3,14) -> (3,14)
Info:                          Sink system.core.operand_b[0]_SB_LUT4_O_10_I3_SB_LUT4_O_I3_SB_LUT4_O_I3_SB_LUT4_O_I3_SB_CARRY_CO_CI_SB_CARRY_CO_CI_SB_CARRY_CO_CI_SB_LUT4_I3_O_SB_LUT4_I3_O_SB_LUT4_O_I3_SB_LUT4_I3_O_SB_LUT4_I3_LC.I2
Info:                          Defined in:
Info:                               /home/researcher/Desktop/￿FFE6￿FF95￿FF99￿FFE6￿FF9D￿FF90/Fall 2026/digital ic/.tools/oss-cad-suite/libexec/../share/yosys/ice40/cells_map.v:6.21-6.22
Info:      logic  1.21  15.44 Source system.core.operand_b[0]_SB_LUT4_O_10_I3_SB_LUT4_O_I3_SB_LUT4_O_I3_SB_LUT4_O_I3_SB_CARRY_CO_CI_SB_CARRY_CO_CI_SB_CARRY_CO_CI_SB_LUT4_I3_O_SB_LUT4_I3_O_SB_LUT4_O_I3_SB_LUT4_I3_O_SB_LUT4_I3_LC.O
Info:    routing  1.76  17.20 Net system.core.operand_b[0]_SB_LUT4_O_10_I3_SB_LUT4_O_I3_SB_LUT4_O_I3_SB_LUT4_O_I3_SB_CARRY_CO_CI_SB_CARRY_CO_CI_SB_CARRY_CO_CI_SB_LUT4_I3_O_SB_LUT4_I3_O_SB_LUT4_O_I3_SB_LUT4_I3_O_SB_LUT4_I3_O[1] (3,14) -> (4,13)
Info:                          Sink system.core.wide_acc_SB_DFFESR_Q_63_D_SB_LUT4_O_I3_SB_LUT4_O_I3_SB_CARRY_CO_CI_SB_CARRY_CO_CI_SB_CARRY_CO_CI_SB_CARRY_CO_CI_SB_CARRY_CO_CI_SB_CARRY_CO_CI_SB_CARRY_CO_CI_SB_CARRY_CO_CI_SB_CARRY_CO_CI_SB_CARRY_CO_CI_SB_CARRY_CO_CI_SB_CARRY_CO_CI_SB_CARRY_CO_CI_SB_CARRY_CO_I1_SB_LUT4_O_I3_SB_LUT4_O_LC.I1
Info:                          Defined in:
Info:                               /home/researcher/Desktop/￿FFE6￿FF95￿FF99￿FFE6￿FF9D￿FF90/Fall 2026/digital ic/.tools/oss-cad-suite/libexec/../share/yosys/ice40/arith_map.v:62.5-70.4
Info:                               /home/researcher/Desktop/￿FFE6￿FF95￿FF99￿FFE6￿FF9D￿FF90/Fall 2026/digital ic/.tools/oss-cad-suite/libexec/../share/yosys/ice40/cells_map.v:6.21-6.22
Info:      logic  0.68  17.87 Source system.core.wide_acc_SB_DFFESR_Q_63_D_SB_LUT4_O_I3_SB_LUT4_O_I3_SB_CARRY_CO_CI_SB_CARRY_CO_CI_SB_CARRY_CO_CI_SB_CARRY_CO_CI_SB_CARRY_CO_CI_SB_CARRY_CO_CI_SB_CARRY_CO_CI_SB_CARRY_CO_CI_SB_CARRY_CO_CI_SB_CARRY_CO_CI_SB_CARRY_CO_CI_SB_CARRY_CO_CI_SB_CARRY_CO_CI_SB_CARRY_CO_I1_SB_LUT4_O_I3_SB_LUT4_O_LC.COUT
Info:    routing  0.66  18.53 Net system.core.operand_b[0]_SB_LUT4_O_10_I3_SB_LUT4_O_I3_SB_LUT4_O_I3_SB_LUT4_O_I3_SB_CARRY_CO_CI_SB_CARRY_CO_CI_SB_LUT4_I3_O_SB_LUT4_I3_O_SB_LUT4_O_I3_SB_LUT4_I3_O_SB_LUT4_I3_O[3] (4,13) -> (4,13)
Info:                          Sink system.core.wide_acc_SB_DFFESR_Q_63_D_SB_LUT4_O_I3_SB_LUT4_O_I3_SB_CARRY_CO_I1_SB_LUT4_O_I3_SB_LUT4_O_I3_SB_CARRY_CO_CI_SB_CARRY_CO_CI_SB_CARRY_CO_CI_SB_CARRY_CO_CI_SB_CARRY_CO_CI_SB_CARRY_CO_CI_SB_CARRY_CO_CI_SB_CARRY_CO_CI_SB_CARRY_CO_CI_SB_CARRY_CO_CI_SB_CARRY_CO_CI_SB_CARRY_CO_CI_SB_LUT4_I3_LC.I3
Info:                          Defined in:
Info:                               /home/researcher/Desktop/￿FFE6￿FF95￿FF99￿FFE6￿FF9D￿FF90/Fall 2026/digital ic/.tools/oss-cad-suite/libexec/../share/yosys/ice40/arith_map.v:62.5-70.4
Info:                               /home/researcher/Desktop/￿FFE6￿FF95￿FF99￿FFE6￿FF9D￿FF90/Fall 2026/digital ic/.tools/oss-cad-suite/libexec/../share/yosys/ice40/abc9_model.v:4.9-4.11
Info:      logic  0.87  19.41 Source system.core.wide_acc_SB_DFFESR_Q_63_D_SB_LUT4_O_I3_SB_LUT4_O_I3_SB_CARRY_CO_I1_SB_LUT4_O_I3_SB_LUT4_O_I3_SB_CARRY_CO_CI_SB_CARRY_CO_CI_SB_CARRY_CO_CI_SB_CARRY_CO_CI_SB_CARRY_CO_CI_SB_CARRY_CO_CI_SB_CARRY_CO_CI_SB_CARRY_CO_CI_SB_CARRY_CO_CI_SB_CARRY_CO_CI_SB_CARRY_CO_CI_SB_CARRY_CO_CI_SB_LUT4_I3_LC.O
Info:    routing  3.60  23.01 Net system.core.wide_acc_SB_DFFESR_Q_63_D_SB_LUT4_O_I3_SB_LUT4_O_I3_SB_CARRY_CO_I1_SB_LUT4_O_I3_SB_LUT4_O_I3_SB_CARRY_CO_CI_SB_CARRY_CO_CI_SB_CARRY_CO_CI_SB_CARRY_CO_CI_SB_CARRY_CO_CI_SB_CARRY_CO_CI_SB_CARRY_CO_CI_SB_CARRY_CO_CI_SB_CARRY_CO_CI_SB_CARRY_CO_CI_SB_CARRY_CO_CI_SB_CARRY_CO_CI_SB_LUT4_I3_O[3] (4,13) -> (8,18)
Info:                          Sink system.core.wide_acc_SB_DFFESR_Q_63_D_SB_LUT4_O_I3_SB_LUT4_O_I3_SB_CARRY_CO_CI_SB_CARRY_CO_CI_SB_CARRY_CO_CI_SB_CARRY_CO_CI_SB_CARRY_CO_CI_SB_CARRY_CO_CI_SB_CARRY_CO_CI_SB_CARRY_CO_CI_SB_CARRY_CO_CI_SB_CARRY_CO_CI_SB_CARRY_CO_CI_SB_CARRY_CO_CI_SB_CARRY_CO_CI_SB_CARRY_CO_CI_SB_CARRY_CO_I1_SB_LUT4_O_I3_SB_LUT4_I3_O_SB_LUT4_I2_I3_SB_CARRY_CO_CI_SB_CARRY_CO_CI_SB_CARRY_CO_CI_SB_CARRY_CO_CI_SB_CARRY_CO_CI_SB_CARRY_CO_CI_SB_CARRY_CO_CI_SB_CARRY_CO_CI_SB_CARRY_CO_CI_SB_CARRY_CO_CI_SB_CARRY_CO_CI_SB_CARRY_CO_CI_SB_CARRY_CO_CI_SB_CARRY_CO_I1_SB_LUT4_O_LC.I3
Info:                          Defined in:
Info:                               /home/researcher/Desktop/￿FFE6￿FF95￿FF99￿FFE6￿FF9D￿FF90/Fall 2026/digital ic/.tools/oss-cad-suite/libexec/../share/yosys/ice40/cells_map.v:6.21-6.22
Info:      logic  0.87  23.88 Source system.core.wide_acc_SB_DFFESR_Q_63_D_SB_LUT4_O_I3_SB_LUT4_O_I3_SB_CARRY_CO_CI_SB_CARRY_CO_CI_SB_CARRY_CO_CI_SB_CARRY_CO_CI_SB_CARRY_CO_CI_SB_CARRY_CO_CI_SB_CARRY_CO_CI_SB_CARRY_CO_CI_SB_CARRY_CO_CI_SB_CARRY_CO_CI_SB_CARRY_CO_CI_SB_CARRY_CO_CI_SB_CARRY_CO_CI_SB_CARRY_CO_CI_SB_CARRY_CO_I1_SB_LUT4_O_I3_SB_LUT4_I3_O_SB_LUT4_I2_I3_SB_CARRY_CO_CI_SB_CARRY_CO_CI_SB_CARRY_CO_CI_SB_CARRY_CO_CI_SB_CARRY_CO_CI_SB_CARRY_CO_CI_SB_CARRY_CO_CI_SB_CARRY_CO_CI_SB_CARRY_CO_CI_SB_CARRY_CO_CI_SB_CARRY_CO_CI_SB_CARRY_CO_CI_SB_CARRY_CO_CI_SB_CARRY_CO_I1_SB_LUT4_O_LC.O
Info:    routing  1.76  25.64 Net system.core.wide_acc_SB_DFFESR_Q_63_D_SB_LUT4_O_I3_SB_LUT4_O_I3_SB_CARRY_CO_CI_SB_CARRY_CO_CI_SB_CARRY_CO_CI_SB_CARRY_CO_CI_SB_CARRY_CO_CI_SB_CARRY_CO_CI_SB_CARRY_CO_CI_SB_CARRY_CO_CI_SB_CARRY_CO_CI_SB_CARRY_CO_CI_SB_CARRY_CO_CI_SB_CARRY_CO_CI_SB_CARRY_CO_CI_SB_CARRY_CO_CI_SB_CARRY_CO_I1_SB_LUT4_O_I3_SB_LUT4_I3_O_SB_LUT4_I2_I3_SB_CARRY_CO_CI_SB_CARRY_CO_CI_SB_CARRY_CO_CI_SB_CARRY_CO_CI_SB_CARRY_CO_CI_SB_CARRY_CO_CI_SB_CARRY_CO_CI_SB_CARRY_CO_CI_SB_CARRY_CO_CI_SB_CARRY_CO_CI_SB_CARRY_CO_CI_SB_CARRY_CO_CI_SB_CARRY_CO_CI_SB_CARRY_CO_I1[2] (8,18) -> (9,19)
Info:                          Sink system.core.wide_acc_SB_DFFESR_Q_63_D_SB_LUT4_O_I3_SB_LUT4_O_I3_SB_CARRY_CO_CI_SB_CARRY_CO_CI_SB_CARRY_CO_CI_SB_CARRY_CO_CI_SB_CARRY_CO_CI_SB_CARRY_CO_CI_SB_CARRY_CO_CI_SB_CARRY_CO_CI_SB_CARRY_CO_CI_SB_CARRY_CO_CI_SB_CARRY_CO_CI_SB_CARRY_CO_CI_SB_CARRY_CO_CI_SB_CARRY_CO_CI_SB_CARRY_CO_I1_SB_LUT4_O_I3_SB_LUT4_I3_O_SB_LUT4_I2_I3_SB_CARRY_CO_CI_SB_CARRY_CO_CI_SB_CARRY_CO_CI_SB_CARRY_CO_CI_SB_CARRY_CO_CI_SB_CARRY_CO_CI_SB_CARRY_CO_CI_SB_CARRY_CO_CI_SB_CARRY_CO_CI_SB_CARRY_CO_CI_SB_CARRY_CO_CI_SB_CARRY_CO_CI_SB_CARRY_CO_CI_SB_CARRY_CO_CI_SB_LUT4_I3_LC.I2
Info:                          Defined in:
Info:                               rtl/core/known_spectral_core.sv:94.29-94.47
Info:                               /home/researcher/Desktop/￿FFE6￿FF95￿FF99￿FFE6￿FF9D￿FF90/Fall 2026/digital ic/.tools/oss-cad-suite/libexec/../share/yosys/ice40/arith_map.v:62.5-70.4
Info:                               /home/researcher/Desktop/￿FFE6￿FF95￿FF99￿FFE6￿FF9D￿FF90/Fall 2026/digital ic/.tools/oss-cad-suite/libexec/../share/yosys/ice40/cells_map.v:6.21-6.22
Info:      logic  1.21  26.85 Source system.core.wide_acc_SB_DFFESR_Q_63_D_SB_LUT4_O_I3_SB_LUT4_O_I3_SB_CARRY_CO_CI_SB_CARRY_CO_CI_SB_CARRY_CO_CI_SB_CARRY_CO_CI_SB_CARRY_CO_CI_SB_CARRY_CO_CI_SB_CARRY_CO_CI_SB_CARRY_CO_CI_SB_CARRY_CO_CI_SB_CARRY_CO_CI_SB_CARRY_CO_CI_SB_CARRY_CO_CI_SB_CARRY_CO_CI_SB_CARRY_CO_CI_SB_CARRY_CO_I1_SB_LUT4_O_I3_SB_LUT4_I3_O_SB_LUT4_I2_I3_SB_CARRY_CO_CI_SB_CARRY_CO_CI_SB_CARRY_CO_CI_SB_CARRY_CO_CI_SB_CARRY_CO_CI_SB_CARRY_CO_CI_SB_CARRY_CO_CI_SB_CARRY_CO_CI_SB_CARRY_CO_CI_SB_CARRY_CO_CI_SB_CARRY_CO_CI_SB_CARRY_CO_CI_SB_CARRY_CO_CI_SB_CARRY_CO_CI_SB_LUT4_I3_LC.O
Info:    routing  1.76  28.61 Net system.core.feature_SB_DFFE_Q_1_D_SB_LUT4_O_I3_SB_LUT4_O_I2_SB_LUT4_O_I3_SB_CARRY_CO_I0_SB_LUT4_O_I3_SB_LUT4_O_I3_SB_LUT4_O_I1[2] (9,19) -> (8,19)
Info:                          Sink system.core.feature_SB_DFFE_Q_1_D_SB_LUT4_O_I3_SB_LUT4_O_I2_SB_LUT4_O_I3_SB_CARRY_CO_I0_SB_LUT4_O_I3_SB_LUT4_O_I3_SB_LUT4_O_LC.I3
Info:                          Defined in:
Info:                               rtl/core/known_spectral_core.sv:98.31-98.118
Info:                               /home/researcher/Desktop/￿FFE6￿FF95￿FF99￿FFE6￿FF9D￿FF90/Fall 2026/digital ic/.tools/oss-cad-suite/libexec/../share/yosys/ice40/arith_map.v:62.5-70.4
Info:                               /home/researcher/Desktop/￿FFE6￿FF95￿FF99￿FFE6￿FF9D￿FF90/Fall 2026/digital ic/.tools/oss-cad-suite/libexec/../share/yosys/ice40/cells_map.v:6.21-6.22
Info:      logic  0.87  29.48 Source system.core.feature_SB_DFFE_Q_1_D_SB_LUT4_O_I3_SB_LUT4_O_I2_SB_LUT4_O_I3_SB_CARRY_CO_I0_SB_LUT4_O_I3_SB_LUT4_O_I3_SB_LUT4_O_LC.O
Info:    routing  1.76  31.24 Net system.core.feature_SB_DFFE_Q_1_D_SB_LUT4_O_I3_SB_LUT4_O_I2_SB_LUT4_O_I3_SB_CARRY_CO_I0_SB_LUT4_O_I3_SB_LUT4_O_I3[3] (8,19) -> (8,19)
Info:                          Sink system.core.feature_SB_DFFE_Q_1_D_SB_LUT4_O_I3_SB_LUT4_O_I2_SB_LUT4_O_I3_SB_CARRY_CO_I0_SB_LUT4_O_I3_SB_LUT4_O_LC.I3
Info:                          Defined in:
Info:                               /home/researcher/Desktop/￿FFE6￿FF95￿FF99￿FFE6￿FF9D￿FF90/Fall 2026/digital ic/.tools/oss-cad-suite/libexec/../share/yosys/ice40/cells_map.v:6.21-6.22
Info:      logic  0.87  32.12 Source system.core.feature_SB_DFFE_Q_1_D_SB_LUT4_O_I3_SB_LUT4_O_I2_SB_LUT4_O_I3_SB_CARRY_CO_I0_SB_LUT4_O_I3_SB_LUT4_O_LC.O
Info:    routing  1.76  33.88 Net system.core.feature_SB_DFFE_Q_1_D_SB_LUT4_O_I3_SB_LUT4_O_I2_SB_LUT4_O_I3_SB_CARRY_CO_I0_SB_LUT4_O_I3[3] (8,19) -> (8,20)
Info:                          Sink system.core.feature_SB_DFFE_Q_1_D_SB_LUT4_O_I3_SB_LUT4_O_I2_SB_LUT4_O_I3_SB_CARRY_CO_I0_SB_LUT4_O_LC.I3
Info:                          Defined in:
Info:                               /home/researcher/Desktop/￿FFE6￿FF95￿FF99￿FFE6￿FF9D￿FF90/Fall 2026/digital ic/.tools/oss-cad-suite/libexec/../share/yosys/ice40/cells_map.v:6.21-6.22
Info:      logic  0.87  34.75 Source system.core.feature_SB_DFFE_Q_1_D_SB_LUT4_O_I3_SB_LUT4_O_I2_SB_LUT4_O_I3_SB_CARRY_CO_I0_SB_LUT4_O_LC.O
Info:    routing  2.85  37.60 Net system.core.feature_SB_DFFE_Q_1_D_SB_LUT4_O_I3_SB_LUT4_O_I2_SB_LUT4_O_I3_SB_CARRY_CO_I0[1] (8,20) -> (5,20)
Info:                          Sink system.core.feature_SB_DFFE_Q_1_D_SB_LUT4_O_I3_SB_LUT4_O_I2_SB_LUT4_O_I3_SB_CARRY_CO_I0_SB_LUT4_I1_LC.I1
Info:                          Defined in:
Info:                               rtl/core/known_spectral_core.sv:102.35-103.60
Info:                               /home/researcher/Desktop/￿FFE6￿FF95￿FF99￿FFE6￿FF9D￿FF90/Fall 2026/digital ic/.tools/oss-cad-suite/libexec/../share/yosys/ice40/arith_map.v:62.5-70.4
Info:                               /home/researcher/Desktop/￿FFE6￿FF95￿FF99￿FFE6￿FF9D￿FF90/Fall 2026/digital ic/.tools/oss-cad-suite/libexec/../share/yosys/ice40/cells_map.v:6.21-6.22
Info:      logic  0.68  38.28 Source system.core.feature_SB_DFFE_Q_1_D_SB_LUT4_O_I3_SB_LUT4_O_I2_SB_LUT4_O_I3_SB_CARRY_CO_I0_SB_LUT4_I1_LC.COUT
Info:    routing  0.00  38.28 Net system.core.feature_SB_DFFE_Q_1_D_SB_LUT4_O_I3_SB_LUT4_O_I2_SB_LUT4_O_I3 (5,20) -> (5,20)
Info:                          Sink system.core.feature_SB_DFFE_Q_1_D_SB_LUT4_O_I3_SB_LUT4_O_I2_SB_LUT4_O_LC.CIN
Info:                          Defined in:
Info:                               rtl/core/known_spectral_core.sv:102.35-103.60
Info:                               /home/researcher/Desktop/￿FFE6￿FF95￿FF99￿FFE6￿FF9D￿FF90/Fall 2026/digital ic/.tools/oss-cad-suite/libexec/../share/yosys/ice40/arith_map.v:62.5-70.4
Info:                               /home/researcher/Desktop/￿FFE6￿FF95￿FF99￿FFE6￿FF9D￿FF90/Fall 2026/digital ic/.tools/oss-cad-suite/libexec/../share/yosys/ice40/abc9_model.v:4.9-4.11
Info:      logic  0.28  38.55 Source system.core.feature_SB_DFFE_Q_1_D_SB_LUT4_O_I3_SB_LUT4_O_I2_SB_LUT4_O_LC.COUT
Info:    routing  0.00  38.55 Net system.core.feature_SB_DFFE_Q_2_D_SB_LUT4_O_I2_SB_LUT4_O_I2_SB_LUT4_O_I3 (5,20) -> (5,20)
Info:                          Sink system.core.feature_SB_DFFE_Q_2_D_SB_LUT4_O_I2_SB_LUT4_O_I2_SB_LUT4_O_LC.CIN
Info:                          Defined in:
Info:                               rtl/core/known_spectral_core.sv:102.35-103.60
Info:                               /home/researcher/Desktop/￿FFE6￿FF95￿FF99￿FFE6￿FF9D￿FF90/Fall 2026/digital ic/.tools/oss-cad-suite/libexec/../share/yosys/ice40/arith_map.v:62.5-70.4
Info:                               /home/researcher/Desktop/￿FFE6￿FF95￿FF99￿FFE6￿FF9D￿FF90/Fall 2026/digital ic/.tools/oss-cad-suite/libexec/../share/yosys/ice40/abc9_model.v:4.9-4.11
Info:      logic  0.28  38.83 Source system.core.feature_SB_DFFE_Q_2_D_SB_LUT4_O_I2_SB_LUT4_O_I2_SB_LUT4_O_LC.COUT
Info:    routing  0.00  38.83 Net system.core.feature_SB_DFFE_Q_3_D_SB_LUT4_O_I2_SB_LUT4_O_I2_SB_LUT4_O_I3 (5,20) -> (5,20)
Info:                          Sink system.core.feature_SB_DFFE_Q_3_D_SB_LUT4_O_I2_SB_LUT4_O_I2_SB_LUT4_O_LC.CIN
Info:                          Defined in:
Info:                               rtl/core/known_spectral_core.sv:102.35-103.60
Info:                               /home/researcher/Desktop/￿FFE6￿FF95￿FF99￿FFE6￿FF9D￿FF90/Fall 2026/digital ic/.tools/oss-cad-suite/libexec/../share/yosys/ice40/arith_map.v:62.5-70.4
Info:                               /home/researcher/Desktop/￿FFE6￿FF95￿FF99￿FFE6￿FF9D￿FF90/Fall 2026/digital ic/.tools/oss-cad-suite/libexec/../share/yosys/ice40/cells_map.v:6.21-6.22
Info:      logic  0.28  39.11 Source system.core.feature_SB_DFFE_Q_3_D_SB_LUT4_O_I2_SB_LUT4_O_I2_SB_LUT4_O_LC.COUT
Info:    routing  0.00  39.11 Net system.core.feature_SB_DFFE_Q_4_D_SB_LUT4_O_I2_SB_LUT4_O_I2_SB_LUT4_O_I3 (5,20) -> (5,20)
Info:                          Sink system.core.feature_SB_DFFE_Q_4_D_SB_LUT4_O_I2_SB_LUT4_O_I2_SB_LUT4_O_LC.CIN
Info:                          Defined in:
Info:                               rtl/core/known_spectral_core.sv:102.35-103.60
Info:                               /home/researcher/Desktop/￿FFE6￿FF95￿FF99￿FFE6￿FF9D￿FF90/Fall 2026/digital ic/.tools/oss-cad-suite/libexec/../share/yosys/ice40/arith_map.v:62.5-70.4
Info:                               /home/researcher/Desktop/￿FFE6￿FF95￿FF99￿FFE6￿FF9D￿FF90/Fall 2026/digital ic/.tools/oss-cad-suite/libexec/../share/yosys/ice40/cells_map.v:6.21-6.22
Info:      logic  0.28  39.39 Source system.core.feature_SB_DFFE_Q_4_D_SB_LUT4_O_I2_SB_LUT4_O_I2_SB_LUT4_O_LC.COUT
Info:    routing  0.00  39.39 Net system.core.feature_SB_DFFE_Q_5_D_SB_LUT4_O_I2_SB_LUT4_O_I2_SB_LUT4_O_I3 (5,20) -> (5,20)
Info:                          Sink system.core.feature_SB_DFFE_Q_5_D_SB_LUT4_O_I2_SB_LUT4_O_I2_SB_LUT4_O_LC.CIN
Info:                          Defined in:
Info:                               rtl/core/known_spectral_core.sv:102.35-103.60
Info:                               /home/researcher/Desktop/￿FFE6￿FF95￿FF99￿FFE6￿FF9D￿FF90/Fall 2026/digital ic/.tools/oss-cad-suite/libexec/../share/yosys/ice40/arith_map.v:62.5-70.4
Info:                               /home/researcher/Desktop/￿FFE6￿FF95￿FF99￿FFE6￿FF9D￿FF90/Fall 2026/digital ic/.tools/oss-cad-suite/libexec/../share/yosys/ice40/cells_map.v:6.21-6.22
Info:      logic  0.28  39.67 Source system.core.feature_SB_DFFE_Q_5_D_SB_LUT4_O_I2_SB_LUT4_O_I2_SB_LUT4_O_LC.COUT
Info:    routing  0.00  39.67 Net system.core.feature_SB_DFFE_Q_6_D_SB_LUT4_O_I2_SB_LUT4_O_I2_SB_LUT4_O_I3 (5,20) -> (5,20)
Info:                          Sink system.core.feature_SB_DFFE_Q_6_D_SB_LUT4_O_I2_SB_LUT4_O_I2_SB_LUT4_O_LC.CIN
Info:                          Defined in:
Info:                               rtl/core/known_spectral_core.sv:102.35-103.60
Info:                               /home/researcher/Desktop/￿FFE6￿FF95￿FF99￿FFE6￿FF9D￿FF90/Fall 2026/digital ic/.tools/oss-cad-suite/libexec/../share/yosys/ice40/arith_map.v:62.5-70.4
Info:                               /home/researcher/Desktop/￿FFE6￿FF95￿FF99￿FFE6￿FF9D￿FF90/Fall 2026/digital ic/.tools/oss-cad-suite/libexec/../share/yosys/ice40/abc9_model.v:4.9-4.11
Info:      logic  0.28  39.94 Source system.core.feature_SB_DFFE_Q_6_D_SB_LUT4_O_I2_SB_LUT4_O_I2_SB_LUT4_O_LC.COUT
Info:    routing  0.00  39.94 Net system.core.feature_SB_DFFE_Q_6_D_SB_LUT4_O_I2_SB_LUT4_O_I2_SB_LUT4_O_I3_SB_CARRY_CI_CO (5,20) -> (5,20)
Info:                          Sink system.core.feature_SB_DFFE_Q_4_D_SB_LUT4_O_I2_SB_LUT4_O_I2_SB_CARRY_I0_CO_SB_CARRY_CI_CO_SB_CARRY_CI_CO_SB_CARRY_CI_I0_SB_LUT4_O_LC.CIN
Info:                          Defined in:
Info:                               rtl/core/known_spectral_core.sv:102.35-103.60
Info:                               /home/researcher/Desktop/￿FFE6￿FF95￿FF99￿FFE6￿FF9D￿FF90/Fall 2026/digital ic/.tools/oss-cad-suite/libexec/../share/yosys/ice40/arith_map.v:62.5-70.4
Info:                               /home/researcher/Desktop/￿FFE6￿FF95￿FF99￿FFE6￿FF9D￿FF90/Fall 2026/digital ic/.tools/oss-cad-suite/libexec/../share/yosys/ice40/abc9_model.v:4.9-4.11
Info:      logic  0.28  40.22 Source system.core.feature_SB_DFFE_Q_4_D_SB_LUT4_O_I2_SB_LUT4_O_I2_SB_CARRY_I0_CO_SB_CARRY_CI_CO_SB_CARRY_CI_CO_SB_CARRY_CI_I0_SB_LUT4_O_LC.COUT
Info:    routing  0.56  40.78 Net system.core.feature_SB_DFFE_Q_6_D_SB_LUT4_O_I2_SB_LUT4_O_I2_SB_LUT4_O_I3_SB_CARRY_CI_CO_SB_CARRY_CI_CO (5,20) -> (5,21)
Info:                          Sink system.core.feature_SB_DFFE_Q_4_D_SB_LUT4_O_I2_SB_LUT4_O_I2_SB_CARRY_I0_CO_SB_CARRY_CI_CO_SB_CARRY_CI_CO_SB_CARRY_CI_CO_SB_CARRY_CI_I0_SB_LUT4_O_LC.CIN
Info:                          Defined in:
Info:                               rtl/core/known_spectral_core.sv:102.35-103.60
Info:                               /home/researcher/Desktop/￿FFE6￿FF95￿FF99￿FFE6￿FF9D￿FF90/Fall 2026/digital ic/.tools/oss-cad-suite/libexec/../share/yosys/ice40/arith_map.v:62.5-70.4
Info:                               /home/researcher/Desktop/￿FFE6￿FF95￿FF99￿FFE6￿FF9D￿FF90/Fall 2026/digital ic/.tools/oss-cad-suite/libexec/../share/yosys/ice40/abc9_model.v:4.9-4.11
Info:      logic  0.28  41.06 Source system.core.feature_SB_DFFE_Q_4_D_SB_LUT4_O_I2_SB_LUT4_O_I2_SB_CARRY_I0_CO_SB_CARRY_CI_CO_SB_CARRY_CI_CO_SB_CARRY_CI_CO_SB_CARRY_CI_I0_SB_LUT4_O_LC.COUT
Info:    routing  0.00  41.06 Net system.core.feature_SB_DFFE_Q_6_D_SB_LUT4_O_I2_SB_LUT4_O_I2_SB_LUT4_O_I3_SB_CARRY_CI_CO_SB_CARRY_CI_CO_SB_CARRY_CI_CO (5,21) -> (5,21)
Info:                          Sink system.core.feature_SB_DFFE_Q_4_D_SB_LUT4_O_I2_SB_LUT4_O_I2_SB_CARRY_I0_CO_SB_CARRY_CI_CO_SB_CARRY_CI_CO_SB_CARRY_CI_CO_SB_CARRY_CI_CO_SB_CARRY_CI_I0_SB_LUT4_O_LC.CIN
Info:                          Defined in:
Info:                               rtl/core/known_spectral_core.sv:102.35-103.60
Info:                               /home/researcher/Desktop/￿FFE6￿FF95￿FF99￿FFE6￿FF9D￿FF90/Fall 2026/digital ic/.tools/oss-cad-suite/libexec/../share/yosys/ice40/arith_map.v:62.5-70.4
Info:                               /home/researcher/Desktop/￿FFE6￿FF95￿FF99￿FFE6￿FF9D￿FF90/Fall 2026/digital ic/.tools/oss-cad-suite/libexec/../share/yosys/ice40/abc9_model.v:4.9-4.11
Info:      logic  0.28  41.33 Source system.core.feature_SB_DFFE_Q_4_D_SB_LUT4_O_I2_SB_LUT4_O_I2_SB_CARRY_I0_CO_SB_CARRY_CI_CO_SB_CARRY_CI_CO_SB_CARRY_CI_CO_SB_CARRY_CI_CO_SB_CARRY_CI_I0_SB_LUT4_O_LC.COUT
Info:    routing  0.00  41.33 Net system.core.feature_SB_DFFE_Q_6_D_SB_LUT4_O_I2_SB_LUT4_O_I2_SB_LUT4_O_I3_SB_CARRY_CI_CO_SB_CARRY_CI_CO_SB_CARRY_CI_CO_SB_CARRY_CI_CO (5,21) -> (5,21)
Info:                          Sink system.core.feature_SB_DFFE_Q_4_D_SB_LUT4_O_I2_SB_LUT4_O_I2_SB_CARRY_I0_CO_SB_CARRY_CI_CO_SB_CARRY_CI_CO_SB_CARRY_CI_CO_SB_CARRY_CI_CO_SB_CARRY_CI_CO_SB_CARRY_CI_I0_SB_LUT4_O_LC.CIN
Info:                          Defined in:
Info:                               rtl/core/known_spectral_core.sv:102.35-103.60
Info:                               /home/researcher/Desktop/￿FFE6￿FF95￿FF99￿FFE6￿FF9D￿FF90/Fall 2026/digital ic/.tools/oss-cad-suite/libexec/../share/yosys/ice40/arith_map.v:62.5-70.4
Info:                               /home/researcher/Desktop/￿FFE6￿FF95￿FF99￿FFE6￿FF9D￿FF90/Fall 2026/digital ic/.tools/oss-cad-suite/libexec/../share/yosys/ice40/abc9_model.v:4.9-4.11
Info:      logic  0.28  41.61 Source system.core.feature_SB_DFFE_Q_4_D_SB_LUT4_O_I2_SB_LUT4_O_I2_SB_CARRY_I0_CO_SB_CARRY_CI_CO_SB_CARRY_CI_CO_SB_CARRY_CI_CO_SB_CARRY_CI_CO_SB_CARRY_CI_CO_SB_CARRY_CI_I0_SB_LUT4_O_LC.COUT
Info:    routing  0.00  41.61 Net system.core.feature_SB_DFFE_Q_6_D_SB_LUT4_O_I2_SB_LUT4_O_I2_SB_LUT4_O_I3_SB_CARRY_CI_CO_SB_CARRY_CI_CO_SB_CARRY_CI_CO_SB_CARRY_CI_CO_SB_CARRY_CI_CO (5,21) -> (5,21)
Info:                          Sink system.core.feature_SB_DFFE_Q_4_D_SB_LUT4_O_I2_SB_LUT4_O_I2_SB_CARRY_I0_CO_SB_CARRY_CI_CO_SB_CARRY_CI_CO_SB_CARRY_CI_CO_SB_CARRY_CI_CO_SB_CARRY_CI_CO_SB_CARRY_CI_CO_SB_CARRY_CI_I0_SB_LUT4_O_LC.CIN
Info:                          Defined in:
Info:                               rtl/core/known_spectral_core.sv:102.35-103.60
Info:                               /home/researcher/Desktop/￿FFE6￿FF95￿FF99￿FFE6￿FF9D￿FF90/Fall 2026/digital ic/.tools/oss-cad-suite/libexec/../share/yosys/ice40/arith_map.v:62.5-70.4
Info:                               /home/researcher/Desktop/￿FFE6￿FF95￿FF99￿FFE6￿FF9D￿FF90/Fall 2026/digital ic/.tools/oss-cad-suite/libexec/../share/yosys/ice40/abc9_model.v:4.9-4.11
Info:      logic  0.28  41.89 Source system.core.feature_SB_DFFE_Q_4_D_SB_LUT4_O_I2_SB_LUT4_O_I2_SB_CARRY_I0_CO_SB_CARRY_CI_CO_SB_CARRY_CI_CO_SB_CARRY_CI_CO_SB_CARRY_CI_CO_SB_CARRY_CI_CO_SB_CARRY_CI_CO_SB_CARRY_CI_I0_SB_LUT4_O_LC.COUT
Info:    routing  0.00  41.89 Net system.core.feature_SB_DFFE_Q_6_D_SB_LUT4_O_I2_SB_LUT4_O_I2_SB_LUT4_O_I3_SB_CARRY_CI_CO_SB_CARRY_CI_CO_SB_CARRY_CI_CO_SB_CARRY_CI_CO_SB_CARRY_CI_CO_SB_CARRY_CI_CO (5,21) -> (5,21)
Info:                          Sink system.core.feature_SB_DFFE_Q_4_D_SB_LUT4_O_I2_SB_LUT4_O_I2_SB_CARRY_I0_CO_SB_CARRY_CI_CO_SB_CARRY_CI_CO_SB_CARRY_CI_CO_SB_CARRY_CI_CO_SB_CARRY_CI_CO_SB_CARRY_CI_CO_SB_CARRY_CI_CO_SB_CARRY_CI_I0_SB_LUT4_O_LC.CIN
Info:                          Defined in:
Info:                               rtl/core/known_spectral_core.sv:102.35-103.60
Info:                               /home/researcher/Desktop/￿FFE6￿FF95￿FF99￿FFE6￿FF9D￿FF90/Fall 2026/digital ic/.tools/oss-cad-suite/libexec/../share/yosys/ice40/arith_map.v:62.5-70.4
Info:                               /home/researcher/Desktop/￿FFE6￿FF95￿FF99￿FFE6￿FF9D￿FF90/Fall 2026/digital ic/.tools/oss-cad-suite/libexec/../share/yosys/ice40/abc9_model.v:4.9-4.11
Info:      logic  0.28  42.17 Source system.core.feature_SB_DFFE_Q_4_D_SB_LUT4_O_I2_SB_LUT4_O_I2_SB_CARRY_I0_CO_SB_CARRY_CI_CO_SB_CARRY_CI_CO_SB_CARRY_CI_CO_SB_CARRY_CI_CO_SB_CARRY_CI_CO_SB_CARRY_CI_CO_SB_CARRY_CI_CO_SB_CARRY_CI_I0_SB_LUT4_O_LC.COUT
Info:    routing  0.00  42.17 Net system.core.feature_SB_DFFE_Q_6_D_SB_LUT4_O_I2_SB_LUT4_O_I2_SB_LUT4_O_I3_SB_CARRY_CI_CO_SB_CARRY_CI_CO_SB_CARRY_CI_CO_SB_CARRY_CI_CO_SB_CARRY_CI_CO_SB_CARRY_CI_CO_SB_CARRY_CI_CO (5,21) -> (5,21)
Info:                          Sink system.core.feature_SB_DFFE_Q_4_D_SB_LUT4_O_I2_SB_LUT4_O_I2_SB_CARRY_I0_CO_SB_CARRY_CI_CO_SB_CARRY_CI_CO_SB_CARRY_CI_CO_SB_CARRY_CI_CO_SB_CARRY_CI_CO_SB_CARRY_CI_CO_SB_CARRY_CI_CO_SB_CARRY_CI_CO_SB_CARRY_CI_I0_SB_LUT4_O_LC.CIN
Info:                          Defined in:
Info:                               rtl/core/known_spectral_core.sv:102.35-103.60
Info:                               /home/researcher/Desktop/￿FFE6￿FF95￿FF99￿FFE6￿FF9D￿FF90/Fall 2026/digital ic/.tools/oss-cad-suite/libexec/../share/yosys/ice40/arith_map.v:62.5-70.4
Info:                               /home/researcher/Desktop/￿FFE6￿FF95￿FF99￿FFE6￿FF9D￿FF90/Fall 2026/digital ic/.tools/oss-cad-suite/libexec/../share/yosys/ice40/abc9_model.v:4.9-4.11
Info:      logic  0.28  42.44 Source system.core.feature_SB_DFFE_Q_4_D_SB_LUT4_O_I2_SB_LUT4_O_I2_SB_CARRY_I0_CO_SB_CARRY_CI_CO_SB_CARRY_CI_CO_SB_CARRY_CI_CO_SB_CARRY_CI_CO_SB_CARRY_CI_CO_SB_CARRY_CI_CO_SB_CARRY_CI_CO_SB_CARRY_CI_CO_SB_CARRY_CI_I0_SB_LUT4_O_LC.COUT
Info:    routing  0.00  42.44 Net system.core.feature_SB_DFFE_Q_6_D_SB_LUT4_O_I2_SB_LUT4_O_I2_SB_LUT4_O_I3_SB_CARRY_CI_CO_SB_CARRY_CI_CO_SB_CARRY_CI_CO_SB_CARRY_CI_CO_SB_CARRY_CI_CO_SB_CARRY_CI_CO_SB_CARRY_CI_CO_SB_CARRY_CI_CO (5,21) -> (5,21)
Info:                          Sink system.core.feature_SB_DFFE_Q_4_D_SB_LUT4_O_I2_SB_LUT4_O_I2_SB_CARRY_I0_CO_SB_CARRY_CI_CO_SB_CARRY_CI_CO_SB_CARRY_CI_CO_SB_CARRY_CI_CO_SB_CARRY_CI_CO_SB_CARRY_CI_CO_SB_CARRY_CI_CO_SB_CARRY_CI_CO_SB_CARRY_CI_CO_SB_CARRY_CI_I0_SB_LUT4_O_LC.CIN
Info:                          Defined in:
Info:                               rtl/core/known_spectral_core.sv:102.35-103.60
Info:                               /home/researcher/Desktop/￿FFE6￿FF95￿FF99￿FFE6￿FF9D￿FF90/Fall 2026/digital ic/.tools/oss-cad-suite/libexec/../share/yosys/ice40/arith_map.v:62.5-70.4
Info:                               /home/researcher/Desktop/￿FFE6￿FF95￿FF99￿FFE6￿FF9D￿FF90/Fall 2026/digital ic/.tools/oss-cad-suite/libexec/../share/yosys/ice40/abc9_model.v:4.9-4.11
Info:      logic  0.28  42.72 Source system.core.feature_SB_DFFE_Q_4_D_SB_LUT4_O_I2_SB_LUT4_O_I2_SB_CARRY_I0_CO_SB_CARRY_CI_CO_SB_CARRY_CI_CO_SB_CARRY_CI_CO_SB_CARRY_CI_CO_SB_CARRY_CI_CO_SB_CARRY_CI_CO_SB_CARRY_CI_CO_SB_CARRY_CI_CO_SB_CARRY_CI_CO_SB_CARRY_CI_I0_SB_LUT4_O_LC.COUT
Info:    routing  0.00  42.72 Net system.core.feature_SB_DFFE_Q_6_D_SB_LUT4_O_I2_SB_LUT4_O_I2_SB_LUT4_O_I3_SB_CARRY_CI_CO_SB_CARRY_CI_CO_SB_CARRY_CI_CO_SB_CARRY_CI_CO_SB_CARRY_CI_CO_SB_CARRY_CI_CO_SB_CARRY_CI_CO_SB_CARRY_CI_CO_SB_CARRY_CI_CO (5,21) -> (5,21)
Info:                          Sink system.core.feature_SB_DFFE_Q_4_D_SB_LUT4_O_I2_SB_LUT4_O_I2_SB_CARRY_I0_CO_SB_CARRY_CI_CO_SB_CARRY_CI_CO_SB_CARRY_CI_CO_SB_CARRY_CI_CO_SB_CARRY_CI_CO_SB_CARRY_CI_CO_SB_CARRY_CI_CO_SB_CARRY_CI_CO_SB_CARRY_CI_CO_SB_CARRY_CI_CO_SB_CARRY_CI_I0_SB_LUT4_O_LC.CIN
Info:                          Defined in:
Info:                               rtl/core/known_spectral_core.sv:102.35-103.60
Info:                               /home/researcher/Desktop/￿FFE6￿FF95￿FF99￿FFE6￿FF9D￿FF90/Fall 2026/digital ic/.tools/oss-cad-suite/libexec/../share/yosys/ice40/arith_map.v:62.5-70.4
Info:                               /home/researcher/Desktop/￿FFE6￿FF95￿FF99￿FFE6￿FF9D￿FF90/Fall 2026/digital ic/.tools/oss-cad-suite/libexec/../share/yosys/ice40/abc9_model.v:4.9-4.11
Info:      logic  0.28  43.00 Source system.core.feature_SB_DFFE_Q_4_D_SB_LUT4_O_I2_SB_LUT4_O_I2_SB_CARRY_I0_CO_SB_CARRY_CI_CO_SB_CARRY_CI_CO_SB_CARRY_CI_CO_SB_CARRY_CI_CO_SB_CARRY_CI_CO_SB_CARRY_CI_CO_SB_CARRY_CI_CO_SB_CARRY_CI_CO_SB_CARRY_CI_CO_SB_CARRY_CI_CO_SB_CARRY_CI_I0_SB_LUT4_O_LC.COUT
Info:    routing  0.56  43.56 Net system.core.feature_SB_DFFE_Q_6_D_SB_LUT4_O_I2_SB_LUT4_O_I2_SB_LUT4_O_I3_SB_CARRY_CI_CO_SB_CARRY_CI_CO_SB_CARRY_CI_CO_SB_CARRY_CI_CO_SB_CARRY_CI_CO_SB_CARRY_CI_CO_SB_CARRY_CI_CO_SB_CARRY_CI_CO_SB_CARRY_CI_CO_SB_CARRY_CI_CO (5,21) -> (5,22)
Info:                          Sink system.core.feature_SB_DFFE_Q_4_D_SB_LUT4_O_I2_SB_LUT4_O_I2_SB_CARRY_I0_CO_SB_CARRY_CI_CO_SB_CARRY_CI_CO_SB_CARRY_CI_CO_SB_CARRY_CI_CO_SB_CARRY_CI_CO_SB_CARRY_CI_CO_SB_CARRY_CI_CO_SB_CARRY_CI_CO_SB_CARRY_CI_CO_SB_CARRY_CI_CO_SB_CARRY_CI_CO_SB_CARRY_CI_I0_SB_LUT4_O_LC.CIN
Info:                          Defined in:
Info:                               rtl/core/known_spectral_core.sv:102.35-103.60
Info:                               /home/researcher/Desktop/￿FFE6￿FF95￿FF99￿FFE6￿FF9D￿FF90/Fall 2026/digital ic/.tools/oss-cad-suite/libexec/../share/yosys/ice40/arith_map.v:62.5-70.4
Info:                               /home/researcher/Desktop/￿FFE6￿FF95￿FF99￿FFE6￿FF9D￿FF90/Fall 2026/digital ic/.tools/oss-cad-suite/libexec/../share/yosys/ice40/abc9_model.v:4.9-4.11
Info:      logic  0.28  43.83 Source system.core.feature_SB_DFFE_Q_4_D_SB_LUT4_O_I2_SB_LUT4_O_I2_SB_CARRY_I0_CO_SB_CARRY_CI_CO_SB_CARRY_CI_CO_SB_CARRY_CI_CO_SB_CARRY_CI_CO_SB_CARRY_CI_CO_SB_CARRY_CI_CO_SB_CARRY_CI_CO_SB_CARRY_CI_CO_SB_CARRY_CI_CO_SB_CARRY_CI_CO_SB_CARRY_CI_CO_SB_CARRY_CI_I0_SB_LUT4_O_LC.COUT
Info:    routing  0.00  43.83 Net system.core.feature_SB_DFFE_Q_6_D_SB_LUT4_O_I2_SB_LUT4_O_I2_SB_LUT4_O_I3_SB_CARRY_CI_CO_SB_CARRY_CI_CO_SB_CARRY_CI_CO_SB_CARRY_CI_CO_SB_CARRY_CI_CO_SB_CARRY_CI_CO_SB_CARRY_CI_CO_SB_CARRY_CI_CO_SB_CARRY_CI_CO_SB_CARRY_CI_CO_SB_CARRY_CI_CO (5,22) -> (5,22)
Info:                          Sink system.core.feature_SB_DFFE_Q_4_D_SB_LUT4_O_I2_SB_LUT4_O_I2_SB_CARRY_I0_CO_SB_CARRY_CI_CO_SB_CARRY_CI_CO_SB_CARRY_CI_CO_SB_CARRY_CI_CO_SB_CARRY_CI_CO_SB_CARRY_CI_CO_SB_CARRY_CI_CO_SB_CARRY_CI_CO_SB_CARRY_CI_CO_SB_CARRY_CI_CO_SB_CARRY_CI_CO_SB_CARRY_CI_CO_SB_CARRY_CI_I0_SB_LUT4_O_LC.CIN
Info:                          Defined in:
Info:                               rtl/core/known_spectral_core.sv:102.35-103.60
Info:                               /home/researcher/Desktop/￿FFE6￿FF95￿FF99￿FFE6￿FF9D￿FF90/Fall 2026/digital ic/.tools/oss-cad-suite/libexec/../share/yosys/ice40/arith_map.v:62.5-70.4
Info:                               /home/researcher/Desktop/￿FFE6￿FF95￿FF99￿FFE6￿FF9D￿FF90/Fall 2026/digital ic/.tools/oss-cad-suite/libexec/../share/yosys/ice40/abc9_model.v:4.9-4.11
Info:      logic  0.28  44.11 Source system.core.feature_SB_DFFE_Q_4_D_SB_LUT4_O_I2_SB_LUT4_O_I2_SB_CARRY_I0_CO_SB_CARRY_CI_CO_SB_CARRY_CI_CO_SB_CARRY_CI_CO_SB_CARRY_CI_CO_SB_CARRY_CI_CO_SB_CARRY_CI_CO_SB_CARRY_CI_CO_SB_CARRY_CI_CO_SB_CARRY_CI_CO_SB_CARRY_CI_CO_SB_CARRY_CI_CO_SB_CARRY_CI_CO_SB_CARRY_CI_I0_SB_LUT4_O_LC.COUT
Info:    routing  0.00  44.11 Net system.core.feature_SB_DFFE_Q_6_D_SB_LUT4_O_I2_SB_LUT4_O_I2_SB_LUT4_O_I3_SB_CARRY_CI_CO_SB_CARRY_CI_CO_SB_CARRY_CI_CO_SB_CARRY_CI_CO_SB_CARRY_CI_CO_SB_CARRY_CI_CO_SB_CARRY_CI_CO_SB_CARRY_CI_CO_SB_CARRY_CI_CO_SB_CARRY_CI_CO_SB_CARRY_CI_CO_SB_CARRY_CI_CO (5,22) -> (5,22)
Info:                          Sink system.core.feature_SB_DFFE_Q_4_D_SB_LUT4_O_I2_SB_LUT4_O_I2_SB_CARRY_I0_CO_SB_CARRY_CI_CO_SB_CARRY_CI_CO_SB_CARRY_CI_CO_SB_CARRY_CI_CO_SB_CARRY_CI_CO_SB_CARRY_CI_CO_SB_CARRY_CI_CO_SB_CARRY_CI_CO_SB_CARRY_CI_CO_SB_CARRY_CI_CO_SB_CARRY_CI_CO_SB_CARRY_CI_CO_SB_CARRY_CI_CO_SB_CARRY_CI_I0_SB_LUT4_O_LC.CIN
Info:                          Defined in:
Info:                               rtl/core/known_spectral_core.sv:102.35-103.60
Info:                               /home/researcher/Desktop/￿FFE6￿FF95￿FF99￿FFE6￿FF9D￿FF90/Fall 2026/digital ic/.tools/oss-cad-suite/libexec/../share/yosys/ice40/arith_map.v:62.5-70.4
Info:                               /home/researcher/Desktop/￿FFE6￿FF95￿FF99￿FFE6￿FF9D￿FF90/Fall 2026/digital ic/.tools/oss-cad-suite/libexec/../share/yosys/ice40/abc9_model.v:4.9-4.11
Info:      logic  0.28  44.39 Source system.core.feature_SB_DFFE_Q_4_D_SB_LUT4_O_I2_SB_LUT4_O_I2_SB_CARRY_I0_CO_SB_CARRY_CI_CO_SB_CARRY_CI_CO_SB_CARRY_CI_CO_SB_CARRY_CI_CO_SB_CARRY_CI_CO_SB_CARRY_CI_CO_SB_CARRY_CI_CO_SB_CARRY_CI_CO_SB_CARRY_CI_CO_SB_CARRY_CI_CO_SB_CARRY_CI_CO_SB_CARRY_CI_CO_SB_CARRY_CI_CO_SB_CARRY_CI_I0_SB_LUT4_O_LC.COUT
Info:    routing  0.00  44.39 Net system.core.feature_SB_DFFE_Q_6_D_SB_LUT4_O_I2_SB_LUT4_O_I2_SB_LUT4_O_I3_SB_CARRY_CI_CO_SB_CARRY_CI_CO_SB_CARRY_CI_CO_SB_CARRY_CI_CO_SB_CARRY_CI_CO_SB_CARRY_CI_CO_SB_CARRY_CI_CO_SB_CARRY_CI_CO_SB_CARRY_CI_CO_SB_CARRY_CI_CO_SB_CARRY_CI_CO_SB_CARRY_CI_CO_SB_CARRY_CI_CO (5,22) -> (5,22)
Info:                          Sink system.core.feature_SB_DFFE_Q_4_D_SB_LUT4_O_I2_SB_LUT4_O_I2_SB_CARRY_I0_CO_SB_CARRY_CI_CO_SB_CARRY_CI_CO_SB_CARRY_CI_CO_SB_CARRY_CI_CO_SB_CARRY_CI_CO_SB_CARRY_CI_CO_SB_CARRY_CI_CO_SB_CARRY_CI_CO_SB_CARRY_CI_CO_SB_CARRY_CI_CO_SB_CARRY_CI_CO_SB_CARRY_CI_CO_SB_CARRY_CI_CO_SB_CARRY_CI_CO_SB_CARRY_CI_I0_SB_LUT4_O_LC.CIN
Info:                          Defined in:
Info:                               rtl/core/known_spectral_core.sv:102.35-103.60
Info:                               /home/researcher/Desktop/￿FFE6￿FF95￿FF99￿FFE6￿FF9D￿FF90/Fall 2026/digital ic/.tools/oss-cad-suite/libexec/../share/yosys/ice40/arith_map.v:62.5-70.4
Info:                               /home/researcher/Desktop/￿FFE6￿FF95￿FF99￿FFE6￿FF9D￿FF90/Fall 2026/digital ic/.tools/oss-cad-suite/libexec/../share/yosys/ice40/abc9_model.v:4.9-4.11
Info:      logic  0.28  44.67 Source system.core.feature_SB_DFFE_Q_4_D_SB_LUT4_O_I2_SB_LUT4_O_I2_SB_CARRY_I0_CO_SB_CARRY_CI_CO_SB_CARRY_CI_CO_SB_CARRY_CI_CO_SB_CARRY_CI_CO_SB_CARRY_CI_CO_SB_CARRY_CI_CO_SB_CARRY_CI_CO_SB_CARRY_CI_CO_SB_CARRY_CI_CO_SB_CARRY_CI_CO_SB_CARRY_CI_CO_SB_CARRY_CI_CO_SB_CARRY_CI_CO_SB_CARRY_CI_CO_SB_CARRY_CI_I0_SB_LUT4_O_LC.COUT
Info:    routing  0.00  44.67 Net system.core.feature_SB_DFFE_Q_6_D_SB_LUT4_O_I2_SB_LUT4_O_I2_SB_LUT4_O_I3_SB_CARRY_CI_CO_SB_CARRY_CI_CO_SB_CARRY_CI_CO_SB_CARRY_CI_CO_SB_CARRY_CI_CO_SB_CARRY_CI_CO_SB_CARRY_CI_CO_SB_CARRY_CI_CO_SB_CARRY_CI_CO_SB_CARRY_CI_CO_SB_CARRY_CI_CO_SB_CARRY_CI_CO_SB_CARRY_CI_CO_SB_CARRY_CI_CO (5,22) -> (5,22)
Info:                          Sink system.core.feature_SB_DFFE_Q_4_D_SB_LUT4_O_I2_SB_LUT4_O_I2_SB_CARRY_I0_CO_SB_CARRY_CI_CO_SB_CARRY_CI_CO_SB_CARRY_CI_CO_SB_CARRY_CI_CO_SB_CARRY_CI_CO_SB_CARRY_CI_CO_SB_CARRY_CI_CO_SB_CARRY_CI_CO_SB_CARRY_CI_CO_SB_CARRY_CI_CO_SB_CARRY_CI_CO_SB_CARRY_CI_CO_SB_CARRY_CI_CO_SB_CARRY_CI_CO_SB_CARRY_CI_CO_SB_CARRY_CI_I0_SB_LUT4_O_LC.CIN
Info:                          Defined in:
Info:                               rtl/core/known_spectral_core.sv:102.35-103.60
Info:                               /home/researcher/Desktop/￿FFE6￿FF95￿FF99￿FFE6￿FF9D￿FF90/Fall 2026/digital ic/.tools/oss-cad-suite/libexec/../share/yosys/ice40/arith_map.v:62.5-70.4
Info:                               /home/researcher/Desktop/￿FFE6￿FF95￿FF99￿FFE6￿FF9D￿FF90/Fall 2026/digital ic/.tools/oss-cad-suite/libexec/../share/yosys/ice40/abc9_model.v:4.9-4.11
Info:      logic  0.28  44.95 Source system.core.feature_SB_DFFE_Q_4_D_SB_LUT4_O_I2_SB_LUT4_O_I2_SB_CARRY_I0_CO_SB_CARRY_CI_CO_SB_CARRY_CI_CO_SB_CARRY_CI_CO_SB_CARRY_CI_CO_SB_CARRY_CI_CO_SB_CARRY_CI_CO_SB_CARRY_CI_CO_SB_CARRY_CI_CO_SB_CARRY_CI_CO_SB_CARRY_CI_CO_SB_CARRY_CI_CO_SB_CARRY_CI_CO_SB_CARRY_CI_CO_SB_CARRY_CI_CO_SB_CARRY_CI_CO_SB_CARRY_CI_I0_SB_LUT4_O_LC.COUT
Info:    routing  0.00  44.95 Net system.core.feature_SB_DFFE_Q_6_D_SB_LUT4_O_I2_SB_LUT4_O_I2_SB_LUT4_O_I3_SB_CARRY_CI_CO_SB_CARRY_CI_CO_SB_CARRY_CI_CO_SB_CARRY_CI_CO_SB_CARRY_CI_CO_SB_CARRY_CI_CO_SB_CARRY_CI_CO_SB_CARRY_CI_CO_SB_CARRY_CI_CO_SB_CARRY_CI_CO_SB_CARRY_CI_CO_SB_CARRY_CI_CO_SB_CARRY_CI_CO_SB_CARRY_CI_CO_SB_CARRY_CI_CO (5,22) -> (5,22)
Info:                          Sink system.core.feature_SB_DFFE_Q_4_D_SB_LUT4_O_I2_SB_LUT4_O_I2_SB_CARRY_I0_CO_SB_CARRY_CI_CO_SB_CARRY_CI_CO_SB_CARRY_CI_CO_SB_CARRY_CI_CO_SB_CARRY_CI_CO_SB_CARRY_CI_CO_SB_CARRY_CI_CO_SB_CARRY_CI_CO_SB_CARRY_CI_CO_SB_CARRY_CI_CO_SB_CARRY_CI_CO_SB_CARRY_CI_CO_SB_CARRY_CI_CO_SB_CARRY_CI_CO_SB_CARRY_CI_CO_SB_CARRY_CI_CO_SB_CARRY_CI_I0_SB_LUT4_O_LC.CIN
Info:                          Defined in:
Info:                               rtl/core/known_spectral_core.sv:102.35-103.60
Info:                               /home/researcher/Desktop/￿FFE6￿FF95￿FF99￿FFE6￿FF9D￿FF90/Fall 2026/digital ic/.tools/oss-cad-suite/libexec/../share/yosys/ice40/arith_map.v:62.5-70.4
Info:                               /home/researcher/Desktop/￿FFE6￿FF95￿FF99￿FFE6￿FF9D￿FF90/Fall 2026/digital ic/.tools/oss-cad-suite/libexec/../share/yosys/ice40/abc9_model.v:4.9-4.11
Info:      logic  0.28  45.22 Source system.core.feature_SB_DFFE_Q_4_D_SB_LUT4_O_I2_SB_LUT4_O_I2_SB_CARRY_I0_CO_SB_CARRY_CI_CO_SB_CARRY_CI_CO_SB_CARRY_CI_CO_SB_CARRY_CI_CO_SB_CARRY_CI_CO_SB_CARRY_CI_CO_SB_CARRY_CI_CO_SB_CARRY_CI_CO_SB_CARRY_CI_CO_SB_CARRY_CI_CO_SB_CARRY_CI_CO_SB_CARRY_CI_CO_SB_CARRY_CI_CO_SB_CARRY_CI_CO_SB_CARRY_CI_CO_SB_CARRY_CI_CO_SB_CARRY_CI_I0_SB_LUT4_O_LC.COUT
Info:    routing  0.00  45.22 Net system.core.feature_SB_DFFE_Q_6_D_SB_LUT4_O_I2_SB_LUT4_O_I2_SB_LUT4_O_I3_SB_CARRY_CI_CO_SB_CARRY_CI_CO_SB_CARRY_CI_CO_SB_CARRY_CI_CO_SB_CARRY_CI_CO_SB_CARRY_CI_CO_SB_CARRY_CI_CO_SB_CARRY_CI_CO_SB_CARRY_CI_CO_SB_CARRY_CI_CO_SB_CARRY_CI_CO_SB_CARRY_CI_CO_SB_CARRY_CI_CO_SB_CARRY_CI_CO_SB_CARRY_CI_CO_SB_CARRY_CI_CO (5,22) -> (5,22)
Info:                          Sink system.core.feature_SB_DFFE_Q_4_D_SB_LUT4_O_I2_SB_LUT4_O_I2_SB_CARRY_I0_CO_SB_CARRY_CI_CO_SB_CARRY_CI_CO_SB_CARRY_CI_CO_SB_CARRY_CI_CO_SB_CARRY_CI_CO_SB_CARRY_CI_CO_SB_CARRY_CI_CO_SB_CARRY_CI_CO_SB_CARRY_CI_CO_SB_CARRY_CI_CO_SB_CARRY_CI_CO_SB_CARRY_CI_CO_SB_CARRY_CI_CO_SB_CARRY_CI_CO_SB_CARRY_CI_CO_SB_CARRY_CI_CO_SB_CARRY_CI_CO_SB_CARRY_CI_I0_SB_LUT4_O_LC.CIN
Info:                          Defined in:
Info:                               rtl/core/known_spectral_core.sv:102.35-103.60
Info:                               /home/researcher/Desktop/￿FFE6￿FF95￿FF99￿FFE6￿FF9D￿FF90/Fall 2026/digital ic/.tools/oss-cad-suite/libexec/../share/yosys/ice40/arith_map.v:62.5-70.4
Info:                               /home/researcher/Desktop/￿FFE6￿FF95￿FF99￿FFE6￿FF9D￿FF90/Fall 2026/digital ic/.tools/oss-cad-suite/libexec/../share/yosys/ice40/abc9_model.v:4.9-4.11
Info:      logic  0.28  45.50 Source system.core.feature_SB_DFFE_Q_4_D_SB_LUT4_O_I2_SB_LUT4_O_I2_SB_CARRY_I0_CO_SB_CARRY_CI_CO_SB_CARRY_CI_CO_SB_CARRY_CI_CO_SB_CARRY_CI_CO_SB_CARRY_CI_CO_SB_CARRY_CI_CO_SB_CARRY_CI_CO_SB_CARRY_CI_CO_SB_CARRY_CI_CO_SB_CARRY_CI_CO_SB_CARRY_CI_CO_SB_CARRY_CI_CO_SB_CARRY_CI_CO_SB_CARRY_CI_CO_SB_CARRY_CI_CO_SB_CARRY_CI_CO_SB_CARRY_CI_CO_SB_CARRY_CI_I0_SB_LUT4_O_LC.COUT
Info:    routing  0.00  45.50 Net system.core.feature_SB_DFFE_Q_6_D_SB_LUT4_O_I2_SB_LUT4_O_I2_SB_LUT4_O_I3_SB_CARRY_CI_CO_SB_CARRY_CI_CO_SB_CARRY_CI_CO_SB_CARRY_CI_CO_SB_CARRY_CI_CO_SB_CARRY_CI_CO_SB_CARRY_CI_CO_SB_CARRY_CI_CO_SB_CARRY_CI_CO_SB_CARRY_CI_CO_SB_CARRY_CI_CO_SB_CARRY_CI_CO_SB_CARRY_CI_CO_SB_CARRY_CI_CO_SB_CARRY_CI_CO_SB_CARRY_CI_CO_SB_CARRY_CI_CO (5,22) -> (5,22)
Info:                          Sink system.core.feature_SB_DFFE_Q_4_D_SB_LUT4_O_I2_SB_LUT4_O_I2_SB_CARRY_I0_CO_SB_CARRY_CI_CO_SB_CARRY_CI_CO_SB_CARRY_CI_CO_SB_CARRY_CI_CO_SB_CARRY_CI_CO_SB_CARRY_CI_CO_SB_CARRY_CI_CO_SB_CARRY_CI_CO_SB_CARRY_CI_CO_SB_CARRY_CI_CO_SB_CARRY_CI_CO_SB_CARRY_CI_CO_SB_CARRY_CI_CO_SB_CARRY_CI_CO_SB_CARRY_CI_CO_SB_CARRY_CI_CO_SB_CARRY_CI_CO_SB_CARRY_CI_CO_SB_CARRY_CI_I0_SB_LUT4_O_LC.CIN
Info:                          Defined in:
Info:                               rtl/core/known_spectral_core.sv:102.35-103.60
Info:                               /home/researcher/Desktop/￿FFE6￿FF95￿FF99￿FFE6￿FF9D￿FF90/Fall 2026/digital ic/.tools/oss-cad-suite/libexec/../share/yosys/ice40/arith_map.v:62.5-70.4
Info:                               /home/researcher/Desktop/￿FFE6￿FF95￿FF99￿FFE6￿FF9D￿FF90/Fall 2026/digital ic/.tools/oss-cad-suite/libexec/../share/yosys/ice40/abc9_model.v:4.9-4.11
Info:      logic  0.28  45.78 Source system.core.feature_SB_DFFE_Q_4_D_SB_LUT4_O_I2_SB_LUT4_O_I2_SB_CARRY_I0_CO_SB_CARRY_CI_CO_SB_CARRY_CI_CO_SB_CARRY_CI_CO_SB_CARRY_CI_CO_SB_CARRY_CI_CO_SB_CARRY_CI_CO_SB_CARRY_CI_CO_SB_CARRY_CI_CO_SB_CARRY_CI_CO_SB_CARRY_CI_CO_SB_CARRY_CI_CO_SB_CARRY_CI_CO_SB_CARRY_CI_CO_SB_CARRY_CI_CO_SB_CARRY_CI_CO_SB_CARRY_CI_CO_SB_CARRY_CI_CO_SB_CARRY_CI_CO_SB_CARRY_CI_I0_SB_LUT4_O_LC.COUT
Info:    routing  0.56  46.34 Net system.core.feature_SB_DFFE_Q_6_D_SB_LUT4_O_I2_SB_LUT4_O_I2_SB_LUT4_O_I3_SB_CARRY_CI_CO_SB_CARRY_CI_CO_SB_CARRY_CI_CO_SB_CARRY_CI_CO_SB_CARRY_CI_CO_SB_CARRY_CI_CO_SB_CARRY_CI_CO_SB_CARRY_CI_CO_SB_CARRY_CI_CO_SB_CARRY_CI_CO_SB_CARRY_CI_CO_SB_CARRY_CI_CO_SB_CARRY_CI_CO_SB_CARRY_CI_CO_SB_CARRY_CI_CO_SB_CARRY_CI_CO_SB_CARRY_CI_CO_SB_CARRY_CI_CO (5,22) -> (5,23)
Info:                          Sink system.core.feature_SB_DFFE_Q_4_D_SB_LUT4_O_I2_SB_LUT4_O_I2_SB_CARRY_I0_CO_SB_CARRY_CI_CO_SB_CARRY_CI_CO_SB_CARRY_CI_CO_SB_CARRY_CI_CO_SB_CARRY_CI_CO_SB_CARRY_CI_CO_SB_CARRY_CI_CO_SB_CARRY_CI_CO_SB_CARRY_CI_CO_SB_CARRY_CI_CO_SB_CARRY_CI_CO_SB_CARRY_CI_CO_SB_CARRY_CI_CO_SB_CARRY_CI_CO_SB_CARRY_CI_CO_SB_CARRY_CI_CO_SB_CARRY_CI_CO_SB_CARRY_CI_CO_SB_CARRY_CI_CO_SB_CARRY_CI_I0_SB_LUT4_O_LC.CIN
Info:                          Defined in:
Info:                               rtl/core/known_spectral_core.sv:102.35-103.60
Info:                               /home/researcher/Desktop/￿FFE6￿FF95￿FF99￿FFE6￿FF9D￿FF90/Fall 2026/digital ic/.tools/oss-cad-suite/libexec/../share/yosys/ice40/arith_map.v:62.5-70.4
Info:                               /home/researcher/Desktop/￿FFE6￿FF95￿FF99￿FFE6￿FF9D￿FF90/Fall 2026/digital ic/.tools/oss-cad-suite/libexec/../share/yosys/ice40/abc9_model.v:4.9-4.11
Info:      logic  0.28  46.62 Source system.core.feature_SB_DFFE_Q_4_D_SB_LUT4_O_I2_SB_LUT4_O_I2_SB_CARRY_I0_CO_SB_CARRY_CI_CO_SB_CARRY_CI_CO_SB_CARRY_CI_CO_SB_CARRY_CI_CO_SB_CARRY_CI_CO_SB_CARRY_CI_CO_SB_CARRY_CI_CO_SB_CARRY_CI_CO_SB_CARRY_CI_CO_SB_CARRY_CI_CO_SB_CARRY_CI_CO_SB_CARRY_CI_CO_SB_CARRY_CI_CO_SB_CARRY_CI_CO_SB_CARRY_CI_CO_SB_CARRY_CI_CO_SB_CARRY_CI_CO_SB_CARRY_CI_CO_SB_CARRY_CI_CO_SB_CARRY_CI_I0_SB_LUT4_O_LC.COUT
Info:    routing  0.00  46.62 Net system.core.feature_SB_DFFE_Q_6_D_SB_LUT4_O_I2_SB_LUT4_O_I2_SB_LUT4_O_I3_SB_CARRY_CI_CO_SB_CARRY_CI_CO_SB_CARRY_CI_CO_SB_CARRY_CI_CO_SB_CARRY_CI_CO_SB_CARRY_CI_CO_SB_CARRY_CI_CO_SB_CARRY_CI_CO_SB_CARRY_CI_CO_SB_CARRY_CI_CO_SB_CARRY_CI_CO_SB_CARRY_CI_CO_SB_CARRY_CI_CO_SB_CARRY_CI_CO_SB_CARRY_CI_CO_SB_CARRY_CI_CO_SB_CARRY_CI_CO_SB_CARRY_CI_CO_SB_CARRY_CI_CO (5,23) -> (5,23)
Info:                          Sink system.core.feature_SB_DFFE_Q_4_D_SB_LUT4_O_I2_SB_LUT4_O_I2_SB_CARRY_I0_CO_SB_CARRY_CI_CO_SB_CARRY_CI_CO_SB_CARRY_CI_CO_SB_CARRY_CI_CO_SB_CARRY_CI_CO_SB_CARRY_CI_CO_SB_CARRY_CI_CO_SB_CARRY_CI_CO_SB_CARRY_CI_CO_SB_CARRY_CI_CO_SB_CARRY_CI_CO_SB_CARRY_CI_CO_SB_CARRY_CI_CO_SB_CARRY_CI_CO_SB_CARRY_CI_CO_SB_CARRY_CI_CO_SB_CARRY_CI_CO_SB_CARRY_CI_CO_SB_CARRY_CI_CO_SB_CARRY_CI_CO_SB_CARRY_CI_I0_SB_LUT4_O_LC.CIN
Info:                          Defined in:
Info:                               rtl/core/known_spectral_core.sv:102.35-103.60
Info:                               /home/researcher/Desktop/￿FFE6￿FF95￿FF99￿FFE6￿FF9D￿FF90/Fall 2026/digital ic/.tools/oss-cad-suite/libexec/../share/yosys/ice40/arith_map.v:62.5-70.4
Info:                               /home/researcher/Desktop/￿FFE6￿FF95￿FF99￿FFE6￿FF9D￿FF90/Fall 2026/digital ic/.tools/oss-cad-suite/libexec/../share/yosys/ice40/abc9_model.v:4.9-4.11
Info:      logic  0.28  46.89 Source system.core.feature_SB_DFFE_Q_4_D_SB_LUT4_O_I2_SB_LUT4_O_I2_SB_CARRY_I0_CO_SB_CARRY_CI_CO_SB_CARRY_CI_CO_SB_CARRY_CI_CO_SB_CARRY_CI_CO_SB_CARRY_CI_CO_SB_CARRY_CI_CO_SB_CARRY_CI_CO_SB_CARRY_CI_CO_SB_CARRY_CI_CO_SB_CARRY_CI_CO_SB_CARRY_CI_CO_SB_CARRY_CI_CO_SB_CARRY_CI_CO_SB_CARRY_CI_CO_SB_CARRY_CI_CO_SB_CARRY_CI_CO_SB_CARRY_CI_CO_SB_CARRY_CI_CO_SB_CARRY_CI_CO_SB_CARRY_CI_CO_SB_CARRY_CI_I0_SB_LUT4_O_LC.COUT
Info:    routing  0.00  46.89 Net system.core.feature_SB_DFFE_Q_6_D_SB_LUT4_O_I2_SB_LUT4_O_I2_SB_LUT4_O_I3_SB_CARRY_CI_CO_SB_CARRY_CI_CO_SB_CARRY_CI_CO_SB_CARRY_CI_CO_SB_CARRY_CI_CO_SB_CARRY_CI_CO_SB_CARRY_CI_CO_SB_CARRY_CI_CO_SB_CARRY_CI_CO_SB_CARRY_CI_CO_SB_CARRY_CI_CO_SB_CARRY_CI_CO_SB_CARRY_CI_CO_SB_CARRY_CI_CO_SB_CARRY_CI_CO_SB_CARRY_CI_CO_SB_CARRY_CI_CO_SB_CARRY_CI_CO_SB_CARRY_CI_CO_SB_CARRY_CI_CO (5,23) -> (5,23)
Info:                          Sink system.core.feature_SB_DFFE_Q_4_D_SB_LUT4_O_I2_SB_LUT4_O_I2_SB_CARRY_I0_CO_SB_CARRY_CI_CO_SB_CARRY_CI_CO_SB_CARRY_CI_CO_SB_CARRY_CI_CO_SB_CARRY_CI_CO_SB_CARRY_CI_CO_SB_CARRY_CI_CO_SB_CARRY_CI_CO_SB_CARRY_CI_CO_SB_CARRY_CI_CO_SB_CARRY_CI_CO_SB_CARRY_CI_CO_SB_CARRY_CI_CO_SB_CARRY_CI_CO_SB_CARRY_CI_CO_SB_CARRY_CI_CO_SB_CARRY_CI_CO_SB_CARRY_CI_CO_SB_CARRY_CI_CO_SB_CARRY_CI_CO_SB_CARRY_CI_CO_SB_CARRY_CI_I0_SB_LUT4_O_LC.CIN
Info:                          Defined in:
Info:                               rtl/core/known_spectral_core.sv:102.35-103.60
Info:                               /home/researcher/Desktop/￿FFE6￿FF95￿FF99￿FFE6￿FF9D￿FF90/Fall 2026/digital ic/.tools/oss-cad-suite/libexec/../share/yosys/ice40/arith_map.v:62.5-70.4
Info:                               /home/researcher/Desktop/￿FFE6￿FF95￿FF99￿FFE6￿FF9D￿FF90/Fall 2026/digital ic/.tools/oss-cad-suite/libexec/../share/yosys/ice40/abc9_model.v:4.9-4.11
Info:      logic  0.28  47.17 Source system.core.feature_SB_DFFE_Q_4_D_SB_LUT4_O_I2_SB_LUT4_O_I2_SB_CARRY_I0_CO_SB_CARRY_CI_CO_SB_CARRY_CI_CO_SB_CARRY_CI_CO_SB_CARRY_CI_CO_SB_CARRY_CI_CO_SB_CARRY_CI_CO_SB_CARRY_CI_CO_SB_CARRY_CI_CO_SB_CARRY_CI_CO_SB_CARRY_CI_CO_SB_CARRY_CI_CO_SB_CARRY_CI_CO_SB_CARRY_CI_CO_SB_CARRY_CI_CO_SB_CARRY_CI_CO_SB_CARRY_CI_CO_SB_CARRY_CI_CO_SB_CARRY_CI_CO_SB_CARRY_CI_CO_SB_CARRY_CI_CO_SB_CARRY_CI_CO_SB_CARRY_CI_I0_SB_LUT4_O_LC.COUT
Info:    routing  0.00  47.17 Net system.core.feature_SB_DFFE_Q_6_D_SB_LUT4_O_I2_SB_LUT4_O_I2_SB_LUT4_O_I3_SB_CARRY_CI_CO_SB_CARRY_CI_CO_SB_CARRY_CI_CO_SB_CARRY_CI_CO_SB_CARRY_CI_CO_SB_CARRY_CI_CO_SB_CARRY_CI_CO_SB_CARRY_CI_CO_SB_CARRY_CI_CO_SB_CARRY_CI_CO_SB_CARRY_CI_CO_SB_CARRY_CI_CO_SB_CARRY_CI_CO_SB_CARRY_CI_CO_SB_CARRY_CI_CO_SB_CARRY_CI_CO_SB_CARRY_CI_CO_SB_CARRY_CI_CO_SB_CARRY_CI_CO_SB_CARRY_CI_CO_SB_CARRY_CI_CO (5,23) -> (5,23)
Info:                          Sink system.core.feature_SB_DFFE_Q_4_D_SB_LUT4_O_I2_SB_LUT4_O_I2_SB_CARRY_I0_CO_SB_CARRY_CI_CO_SB_CARRY_CI_CO_SB_CARRY_CI_CO_SB_CARRY_CI_CO_SB_CARRY_CI_CO_SB_CARRY_CI_CO_SB_CARRY_CI_CO_SB_CARRY_CI_CO_SB_CARRY_CI_CO_SB_CARRY_CI_CO_SB_CARRY_CI_CO_SB_CARRY_CI_CO_SB_CARRY_CI_CO_SB_CARRY_CI_CO_SB_CARRY_CI_CO_SB_CARRY_CI_CO_SB_CARRY_CI_CO_SB_CARRY_CI_CO_SB_CARRY_CI_CO_SB_CARRY_CI_CO_SB_CARRY_CI_CO_SB_CARRY_CI_CO_SB_CARRY_CI_I0_SB_LUT4_O_LC.CIN
Info:                          Defined in:
Info:                               rtl/core/known_spectral_core.sv:102.35-103.60
Info:                               /home/researcher/Desktop/￿FFE6￿FF95￿FF99￿FFE6￿FF9D￿FF90/Fall 2026/digital ic/.tools/oss-cad-suite/libexec/../share/yosys/ice40/arith_map.v:62.5-70.4
Info:                               /home/researcher/Desktop/￿FFE6￿FF95￿FF99￿FFE6￿FF9D￿FF90/Fall 2026/digital ic/.tools/oss-cad-suite/libexec/../share/yosys/ice40/abc9_model.v:4.9-4.11
Info:      logic  0.28  47.45 Source system.core.feature_SB_DFFE_Q_4_D_SB_LUT4_O_I2_SB_LUT4_O_I2_SB_CARRY_I0_CO_SB_CARRY_CI_CO_SB_CARRY_CI_CO_SB_CARRY_CI_CO_SB_CARRY_CI_CO_SB_CARRY_CI_CO_SB_CARRY_CI_CO_SB_CARRY_CI_CO_SB_CARRY_CI_CO_SB_CARRY_CI_CO_SB_CARRY_CI_CO_SB_CARRY_CI_CO_SB_CARRY_CI_CO_SB_CARRY_CI_CO_SB_CARRY_CI_CO_SB_CARRY_CI_CO_SB_CARRY_CI_CO_SB_CARRY_CI_CO_SB_CARRY_CI_CO_SB_CARRY_CI_CO_SB_CARRY_CI_CO_SB_CARRY_CI_CO_SB_CARRY_CI_CO_SB_CARRY_CI_I0_SB_LUT4_O_LC.COUT
Info:    routing  0.00  47.45 Net system.core.feature_SB_DFFE_Q_6_D_SB_LUT4_O_I2_SB_LUT4_O_I2_SB_LUT4_O_I3_SB_CARRY_CI_CO_SB_CARRY_CI_CO_SB_CARRY_CI_CO_SB_CARRY_CI_CO_SB_CARRY_CI_CO_SB_CARRY_CI_CO_SB_CARRY_CI_CO_SB_CARRY_CI_CO_SB_CARRY_CI_CO_SB_CARRY_CI_CO_SB_CARRY_CI_CO_SB_CARRY_CI_CO_SB_CARRY_CI_CO_SB_CARRY_CI_CO_SB_CARRY_CI_CO_SB_CARRY_CI_CO_SB_CARRY_CI_CO_SB_CARRY_CI_CO_SB_CARRY_CI_CO_SB_CARRY_CI_CO_SB_CARRY_CI_CO_SB_CARRY_CI_CO (5,23) -> (5,23)
Info:                          Sink system.core.feature_SB_DFFE_Q_4_D_SB_LUT4_O_I2_SB_LUT4_O_I2_SB_CARRY_I0_CO_SB_CARRY_CI_CO_SB_CARRY_CI_CO_SB_CARRY_CI_CO_SB_CARRY_CI_CO_SB_CARRY_CI_CO_SB_CARRY_CI_CO_SB_CARRY_CI_CO_SB_CARRY_CI_CO_SB_CARRY_CI_CO_SB_CARRY_CI_CO_SB_CARRY_CI_CO_SB_CARRY_CI_CO_SB_CARRY_CI_CO_SB_CARRY_CI_CO_SB_CARRY_CI_CO_SB_CARRY_CI_CO_SB_CARRY_CI_CO_SB_CARRY_CI_CO_SB_CARRY_CI_CO_SB_CARRY_CI_CO_SB_CARRY_CI_CO_SB_CARRY_CI_CO_SB_CARRY_CI_CO_SB_CARRY_CI_I0_SB_LUT4_O_LC.CIN
Info:                          Defined in:
Info:                               rtl/core/known_spectral_core.sv:102.35-103.60
Info:                               /home/researcher/Desktop/￿FFE6￿FF95￿FF99￿FFE6￿FF9D￿FF90/Fall 2026/digital ic/.tools/oss-cad-suite/libexec/../share/yosys/ice40/arith_map.v:62.5-70.4
Info:                               /home/researcher/Desktop/￿FFE6￿FF95￿FF99￿FFE6￿FF9D￿FF90/Fall 2026/digital ic/.tools/oss-cad-suite/libexec/../share/yosys/ice40/abc9_model.v:4.9-4.11
Info:      logic  0.28  47.73 Source system.core.feature_SB_DFFE_Q_4_D_SB_LUT4_O_I2_SB_LUT4_O_I2_SB_CARRY_I0_CO_SB_CARRY_CI_CO_SB_CARRY_CI_CO_SB_CARRY_CI_CO_SB_CARRY_CI_CO_SB_CARRY_CI_CO_SB_CARRY_CI_CO_SB_CARRY_CI_CO_SB_CARRY_CI_CO_SB_CARRY_CI_CO_SB_CARRY_CI_CO_SB_CARRY_CI_CO_SB_CARRY_CI_CO_SB_CARRY_CI_CO_SB_CARRY_CI_CO_SB_CARRY_CI_CO_SB_CARRY_CI_CO_SB_CARRY_CI_CO_SB_CARRY_CI_CO_SB_CARRY_CI_CO_SB_CARRY_CI_CO_SB_CARRY_CI_CO_SB_CARRY_CI_CO_SB_CARRY_CI_CO_SB_CARRY_CI_I0_SB_LUT4_O_LC.COUT
Info:    routing  0.00  47.73 Net system.core.feature_SB_DFFE_Q_6_D_SB_LUT4_O_I2_SB_LUT4_O_I2_SB_LUT4_O_I3_SB_CARRY_CI_CO_SB_CARRY_CI_CO_SB_CARRY_CI_CO_SB_CARRY_CI_CO_SB_CARRY_CI_CO_SB_CARRY_CI_CO_SB_CARRY_CI_CO_SB_CARRY_CI_CO_SB_CARRY_CI_CO_SB_CARRY_CI_CO_SB_CARRY_CI_CO_SB_CARRY_CI_CO_SB_CARRY_CI_CO_SB_CARRY_CI_CO_SB_CARRY_CI_CO_SB_CARRY_CI_CO_SB_CARRY_CI_CO_SB_CARRY_CI_CO_SB_CARRY_CI_CO_SB_CARRY_CI_CO_SB_CARRY_CI_CO_SB_CARRY_CI_CO_SB_CARRY_CI_CO (5,23) -> (5,23)
Info:                          Sink system.core.feature_SB_DFFE_Q_4_D_SB_LUT4_O_I2_SB_LUT4_O_I2_SB_CARRY_I0_CO_SB_CARRY_CI_CO_SB_CARRY_CI_CO_SB_CARRY_CI_CO_SB_CARRY_CI_CO_SB_CARRY_CI_CO_SB_CARRY_CI_CO_SB_CARRY_CI_CO_SB_CARRY_CI_CO_SB_CARRY_CI_CO_SB_CARRY_CI_CO_SB_CARRY_CI_CO_SB_CARRY_CI_CO_SB_CARRY_CI_CO_SB_CARRY_CI_CO_SB_CARRY_CI_CO_SB_CARRY_CI_CO_SB_CARRY_CI_CO_SB_CARRY_CI_CO_SB_CARRY_CI_CO_SB_CARRY_CI_CO_SB_CARRY_CI_CO_SB_CARRY_CI_CO_SB_CARRY_CI_CO_SB_CARRY_CI_CO_SB_CARRY_CI_I0_SB_LUT4_O_LC.CIN
Info:                          Defined in:
Info:                               rtl/core/known_spectral_core.sv:102.35-103.60
Info:                               /home/researcher/Desktop/￿FFE6￿FF95￿FF99￿FFE6￿FF9D￿FF90/Fall 2026/digital ic/.tools/oss-cad-suite/libexec/../share/yosys/ice40/arith_map.v:62.5-70.4
Info:                               /home/researcher/Desktop/￿FFE6￿FF95￿FF99￿FFE6￿FF9D￿FF90/Fall 2026/digital ic/.tools/oss-cad-suite/libexec/../share/yosys/ice40/abc9_model.v:4.9-4.11
Info:      logic  0.28  48.01 Source system.core.feature_SB_DFFE_Q_4_D_SB_LUT4_O_I2_SB_LUT4_O_I2_SB_CARRY_I0_CO_SB_CARRY_CI_CO_SB_CARRY_CI_CO_SB_CARRY_CI_CO_SB_CARRY_CI_CO_SB_CARRY_CI_CO_SB_CARRY_CI_CO_SB_CARRY_CI_CO_SB_CARRY_CI_CO_SB_CARRY_CI_CO_SB_CARRY_CI_CO_SB_CARRY_CI_CO_SB_CARRY_CI_CO_SB_CARRY_CI_CO_SB_CARRY_CI_CO_SB_CARRY_CI_CO_SB_CARRY_CI_CO_SB_CARRY_CI_CO_SB_CARRY_CI_CO_SB_CARRY_CI_CO_SB_CARRY_CI_CO_SB_CARRY_CI_CO_SB_CARRY_CI_CO_SB_CARRY_CI_CO_SB_CARRY_CI_CO_SB_CARRY_CI_I0_SB_LUT4_O_LC.COUT
Info:    routing  0.00  48.01 Net system.core.feature_SB_DFFE_Q_6_D_SB_LUT4_O_I2_SB_LUT4_O_I2_SB_LUT4_O_I3_SB_CARRY_CI_CO_SB_CARRY_CI_CO_SB_CARRY_CI_CO_SB_CARRY_CI_CO_SB_CARRY_CI_CO_SB_CARRY_CI_CO_SB_CARRY_CI_CO_SB_CARRY_CI_CO_SB_CARRY_CI_CO_SB_CARRY_CI_CO_SB_CARRY_CI_CO_SB_CARRY_CI_CO_SB_CARRY_CI_CO_SB_CARRY_CI_CO_SB_CARRY_CI_CO_SB_CARRY_CI_CO_SB_CARRY_CI_CO_SB_CARRY_CI_CO_SB_CARRY_CI_CO_SB_CARRY_CI_CO_SB_CARRY_CI_CO_SB_CARRY_CI_CO_SB_CARRY_CI_CO_SB_CARRY_CI_CO (5,23) -> (5,23)
Info:                          Sink system.core.feature_SB_DFFE_Q_4_D_SB_LUT4_O_I2_SB_LUT4_O_I2_SB_CARRY_I0_CO_SB_CARRY_CI_CO_SB_CARRY_CI_CO_SB_CARRY_CI_CO_SB_CARRY_CI_CO_SB_CARRY_CI_CO_SB_CARRY_CI_CO_SB_CARRY_CI_CO_SB_CARRY_CI_CO_SB_CARRY_CI_CO_SB_CARRY_CI_CO_SB_CARRY_CI_CO_SB_CARRY_CI_CO_SB_CARRY_CI_CO_SB_CARRY_CI_CO_SB_CARRY_CI_CO_SB_CARRY_CI_CO_SB_CARRY_CI_CO_SB_CARRY_CI_CO_SB_CARRY_CI_CO_SB_CARRY_CI_CO_SB_CARRY_CI_CO_SB_CARRY_CI_CO_SB_CARRY_CI_CO_SB_CARRY_CI_CO_SB_CARRY_CI_CO_SB_CARRY_CI_I0_SB_LUT4_O_LC.CIN
Info:                          Defined in:
Info:                               rtl/core/known_spectral_core.sv:102.35-103.60
Info:                               /home/researcher/Desktop/￿FFE6￿FF95￿FF99￿FFE6￿FF9D￿FF90/Fall 2026/digital ic/.tools/oss-cad-suite/libexec/../share/yosys/ice40/arith_map.v:62.5-70.4
Info:                               /home/researcher/Desktop/￿FFE6￿FF95￿FF99￿FFE6￿FF9D￿FF90/Fall 2026/digital ic/.tools/oss-cad-suite/libexec/../share/yosys/ice40/abc9_model.v:4.9-4.11
Info:      logic  0.28  48.28 Source system.core.feature_SB_DFFE_Q_4_D_SB_LUT4_O_I2_SB_LUT4_O_I2_SB_CARRY_I0_CO_SB_CARRY_CI_CO_SB_CARRY_CI_CO_SB_CARRY_CI_CO_SB_CARRY_CI_CO_SB_CARRY_CI_CO_SB_CARRY_CI_CO_SB_CARRY_CI_CO_SB_CARRY_CI_CO_SB_CARRY_CI_CO_SB_CARRY_CI_CO_SB_CARRY_CI_CO_SB_CARRY_CI_CO_SB_CARRY_CI_CO_SB_CARRY_CI_CO_SB_CARRY_CI_CO_SB_CARRY_CI_CO_SB_CARRY_CI_CO_SB_CARRY_CI_CO_SB_CARRY_CI_CO_SB_CARRY_CI_CO_SB_CARRY_CI_CO_SB_CARRY_CI_CO_SB_CARRY_CI_CO_SB_CARRY_CI_CO_SB_CARRY_CI_CO_SB_CARRY_CI_I0_SB_LUT4_O_LC.COUT
Info:    routing  0.00  48.28 Net system.core.feature_SB_DFFE_Q_6_D_SB_LUT4_O_I2_SB_LUT4_O_I2_SB_LUT4_O_I3_SB_CARRY_CI_CO_SB_CARRY_CI_CO_SB_CARRY_CI_CO_SB_CARRY_CI_CO_SB_CARRY_CI_CO_SB_CARRY_CI_CO_SB_CARRY_CI_CO_SB_CARRY_CI_CO_SB_CARRY_CI_CO_SB_CARRY_CI_CO_SB_CARRY_CI_CO_SB_CARRY_CI_CO_SB_CARRY_CI_CO_SB_CARRY_CI_CO_SB_CARRY_CI_CO_SB_CARRY_CI_CO_SB_CARRY_CI_CO_SB_CARRY_CI_CO_SB_CARRY_CI_CO_SB_CARRY_CI_CO_SB_CARRY_CI_CO_SB_CARRY_CI_CO_SB_CARRY_CI_CO_SB_CARRY_CI_CO_SB_CARRY_CI_CO (5,23) -> (5,23)
Info:                          Sink system.core.feature_SB_DFFE_Q_4_D_SB_LUT4_O_I2_SB_LUT4_O_I2_SB_CARRY_I0_CO_SB_CARRY_CI_CO_SB_CARRY_CI_CO_SB_CARRY_CI_CO_SB_CARRY_CI_CO_SB_CARRY_CI_CO_SB_CARRY_CI_CO_SB_CARRY_CI_CO_SB_CARRY_CI_CO_SB_CARRY_CI_CO_SB_CARRY_CI_CO_SB_CARRY_CI_CO_SB_CARRY_CI_CO_SB_CARRY_CI_CO_SB_CARRY_CI_CO_SB_CARRY_CI_CO_SB_CARRY_CI_CO_SB_CARRY_CI_CO_SB_CARRY_CI_CO_SB_CARRY_CI_CO_SB_CARRY_CI_CO_SB_CARRY_CI_CO_SB_CARRY_CI_CO_SB_CARRY_CI_CO_SB_CARRY_CI_CO_SB_CARRY_CI_CO_SB_CARRY_CI_CO_SB_CARRY_CI_I0_SB_LUT4_O_LC.CIN
Info:                          Defined in:
Info:                               rtl/core/known_spectral_core.sv:102.35-103.60
Info:                               /home/researcher/Desktop/￿FFE6￿FF95￿FF99￿FFE6￿FF9D￿FF90/Fall 2026/digital ic/.tools/oss-cad-suite/libexec/../share/yosys/ice40/arith_map.v:62.5-70.4
Info:                               /home/researcher/Desktop/￿FFE6￿FF95￿FF99￿FFE6￿FF9D￿FF90/Fall 2026/digital ic/.tools/oss-cad-suite/libexec/../share/yosys/ice40/abc9_model.v:4.9-4.11
Info:      logic  0.28  48.56 Source system.core.feature_SB_DFFE_Q_4_D_SB_LUT4_O_I2_SB_LUT4_O_I2_SB_CARRY_I0_CO_SB_CARRY_CI_CO_SB_CARRY_CI_CO_SB_CARRY_CI_CO_SB_CARRY_CI_CO_SB_CARRY_CI_CO_SB_CARRY_CI_CO_SB_CARRY_CI_CO_SB_CARRY_CI_CO_SB_CARRY_CI_CO_SB_CARRY_CI_CO_SB_CARRY_CI_CO_SB_CARRY_CI_CO_SB_CARRY_CI_CO_SB_CARRY_CI_CO_SB_CARRY_CI_CO_SB_CARRY_CI_CO_SB_CARRY_CI_CO_SB_CARRY_CI_CO_SB_CARRY_CI_CO_SB_CARRY_CI_CO_SB_CARRY_CI_CO_SB_CARRY_CI_CO_SB_CARRY_CI_CO_SB_CARRY_CI_CO_SB_CARRY_CI_CO_SB_CARRY_CI_CO_SB_CARRY_CI_I0_SB_LUT4_O_LC.COUT
Info:    routing  0.56  49.12 Net system.core.feature_SB_DFFE_Q_6_D_SB_LUT4_O_I2_SB_LUT4_O_I2_SB_LUT4_O_I3_SB_CARRY_CI_CO_SB_CARRY_CI_CO_SB_CARRY_CI_CO_SB_CARRY_CI_CO_SB_CARRY_CI_CO_SB_CARRY_CI_CO_SB_CARRY_CI_CO_SB_CARRY_CI_CO_SB_CARRY_CI_CO_SB_CARRY_CI_CO_SB_CARRY_CI_CO_SB_CARRY_CI_CO_SB_CARRY_CI_CO_SB_CARRY_CI_CO_SB_CARRY_CI_CO_SB_CARRY_CI_CO_SB_CARRY_CI_CO_SB_CARRY_CI_CO_SB_CARRY_CI_CO_SB_CARRY_CI_CO_SB_CARRY_CI_CO_SB_CARRY_CI_CO_SB_CARRY_CI_CO_SB_CARRY_CI_CO_SB_CARRY_CI_CO_SB_CARRY_CI_CO (5,23) -> (5,24)
Info:                          Sink system.core.feature_SB_DFFE_Q_4_D_SB_LUT4_O_I2_SB_LUT4_O_I2_SB_CARRY_I0_CO_SB_CARRY_CI_CO_SB_CARRY_CI_CO_SB_CARRY_CI_CO_SB_CARRY_CI_CO_SB_CARRY_CI_CO_SB_CARRY_CI_CO_SB_CARRY_CI_CO_SB_CARRY_CI_CO_SB_CARRY_CI_CO_SB_CARRY_CI_CO_SB_CARRY_CI_CO_SB_CARRY_CI_CO_SB_CARRY_CI_CO_SB_CARRY_CI_CO_SB_CARRY_CI_CO_SB_CARRY_CI_CO_SB_CARRY_CI_CO_SB_CARRY_CI_CO_SB_CARRY_CI_CO_SB_CARRY_CI_CO_SB_CARRY_CI_CO_SB_CARRY_CI_CO_SB_CARRY_CI_CO_SB_CARRY_CI_CO_SB_CARRY_CI_CO_SB_CARRY_CI_CO_SB_CARRY_CI_CO_SB_CARRY_CI_I0_SB_LUT4_O_LC.CIN
Info:                          Defined in:
Info:                               rtl/core/known_spectral_core.sv:102.35-103.60
Info:                               /home/researcher/Desktop/￿FFE6￿FF95￿FF99￿FFE6￿FF9D￿FF90/Fall 2026/digital ic/.tools/oss-cad-suite/libexec/../share/yosys/ice40/arith_map.v:62.5-70.4
Info:                               /home/researcher/Desktop/￿FFE6￿FF95￿FF99￿FFE6￿FF9D￿FF90/Fall 2026/digital ic/.tools/oss-cad-suite/libexec/../share/yosys/ice40/abc9_model.v:4.9-4.11
Info:      logic  0.28  49.40 Source system.core.feature_SB_DFFE_Q_4_D_SB_LUT4_O_I2_SB_LUT4_O_I2_SB_CARRY_I0_CO_SB_CARRY_CI_CO_SB_CARRY_CI_CO_SB_CARRY_CI_CO_SB_CARRY_CI_CO_SB_CARRY_CI_CO_SB_CARRY_CI_CO_SB_CARRY_CI_CO_SB_CARRY_CI_CO_SB_CARRY_CI_CO_SB_CARRY_CI_CO_SB_CARRY_CI_CO_SB_CARRY_CI_CO_SB_CARRY_CI_CO_SB_CARRY_CI_CO_SB_CARRY_CI_CO_SB_CARRY_CI_CO_SB_CARRY_CI_CO_SB_CARRY_CI_CO_SB_CARRY_CI_CO_SB_CARRY_CI_CO_SB_CARRY_CI_CO_SB_CARRY_CI_CO_SB_CARRY_CI_CO_SB_CARRY_CI_CO_SB_CARRY_CI_CO_SB_CARRY_CI_CO_SB_CARRY_CI_CO_SB_CARRY_CI_I0_SB_LUT4_O_LC.COUT
Info:    routing  0.00  49.40 Net system.core.feature_SB_DFFE_Q_6_D_SB_LUT4_O_I2_SB_LUT4_O_I2_SB_LUT4_O_I3_SB_CARRY_CI_CO_SB_CARRY_CI_CO_SB_CARRY_CI_CO_SB_CARRY_CI_CO_SB_CARRY_CI_CO_SB_CARRY_CI_CO_SB_CARRY_CI_CO_SB_CARRY_CI_CO_SB_CARRY_CI_CO_SB_CARRY_CI_CO_SB_CARRY_CI_CO_SB_CARRY_CI_CO_SB_CARRY_CI_CO_SB_CARRY_CI_CO_SB_CARRY_CI_CO_SB_CARRY_CI_CO_SB_CARRY_CI_CO_SB_CARRY_CI_CO_SB_CARRY_CI_CO_SB_CARRY_CI_CO_SB_CARRY_CI_CO_SB_CARRY_CI_CO_SB_CARRY_CI_CO_SB_CARRY_CI_CO_SB_CARRY_CI_CO_SB_CARRY_CI_CO_SB_CARRY_CI_CO (5,24) -> (5,24)
Info:                          Sink system.core.feature_SB_DFFE_Q_4_D_SB_LUT4_O_I2_SB_LUT4_O_I2_SB_CARRY_I0_CO_SB_CARRY_CI_CO_SB_CARRY_CI_CO_SB_CARRY_CI_CO_SB_CARRY_CI_CO_SB_CARRY_CI_CO_SB_CARRY_CI_CO_SB_CARRY_CI_CO_SB_CARRY_CI_CO_SB_CARRY_CI_CO_SB_CARRY_CI_CO_SB_CARRY_CI_CO_SB_CARRY_CI_CO_SB_CARRY_CI_CO_SB_CARRY_CI_CO_SB_CARRY_CI_CO_SB_CARRY_CI_CO_SB_CARRY_CI_CO_SB_CARRY_CI_CO_SB_CARRY_CI_CO_SB_CARRY_CI_CO_SB_CARRY_CI_CO_SB_CARRY_CI_CO_SB_CARRY_CI_CO_SB_CARRY_CI_CO_SB_CARRY_CI_CO_SB_CARRY_CI_CO_SB_CARRY_CI_CO_SB_CARRY_CI_CO_SB_CARRY_CI_I0_SB_LUT4_O_LC.CIN
Info:                          Defined in:
Info:                               rtl/core/known_spectral_core.sv:102.35-103.60
Info:                               /home/researcher/Desktop/￿FFE6￿FF95￿FF99￿FFE6￿FF9D￿FF90/Fall 2026/digital ic/.tools/oss-cad-suite/libexec/../share/yosys/ice40/arith_map.v:62.5-70.4
Info:                               /home/researcher/Desktop/￿FFE6￿FF95￿FF99￿FFE6￿FF9D￿FF90/Fall 2026/digital ic/.tools/oss-cad-suite/libexec/../share/yosys/ice40/abc9_model.v:4.9-4.11
Info:      logic  0.28  49.67 Source system.core.feature_SB_DFFE_Q_4_D_SB_LUT4_O_I2_SB_LUT4_O_I2_SB_CARRY_I0_CO_SB_CARRY_CI_CO_SB_CARRY_CI_CO_SB_CARRY_CI_CO_SB_CARRY_CI_CO_SB_CARRY_CI_CO_SB_CARRY_CI_CO_SB_CARRY_CI_CO_SB_CARRY_CI_CO_SB_CARRY_CI_CO_SB_CARRY_CI_CO_SB_CARRY_CI_CO_SB_CARRY_CI_CO_SB_CARRY_CI_CO_SB_CARRY_CI_CO_SB_CARRY_CI_CO_SB_CARRY_CI_CO_SB_CARRY_CI_CO_SB_CARRY_CI_CO_SB_CARRY_CI_CO_SB_CARRY_CI_CO_SB_CARRY_CI_CO_SB_CARRY_CI_CO_SB_CARRY_CI_CO_SB_CARRY_CI_CO_SB_CARRY_CI_CO_SB_CARRY_CI_CO_SB_CARRY_CI_CO_SB_CARRY_CI_CO_SB_CARRY_CI_I0_SB_LUT4_O_LC.COUT
Info:    routing  0.00  49.67 Net system.core.feature_SB_DFFE_Q_6_D_SB_LUT4_O_I2_SB_LUT4_O_I2_SB_LUT4_O_I3_SB_CARRY_CI_CO_SB_CARRY_CI_CO_SB_CARRY_CI_CO_SB_CARRY_CI_CO_SB_CARRY_CI_CO_SB_CARRY_CI_CO_SB_CARRY_CI_CO_SB_CARRY_CI_CO_SB_CARRY_CI_CO_SB_CARRY_CI_CO_SB_CARRY_CI_CO_SB_CARRY_CI_CO_SB_CARRY_CI_CO_SB_CARRY_CI_CO_SB_CARRY_CI_CO_SB_CARRY_CI_CO_SB_CARRY_CI_CO_SB_CARRY_CI_CO_SB_CARRY_CI_CO_SB_CARRY_CI_CO_SB_CARRY_CI_CO_SB_CARRY_CI_CO_SB_CARRY_CI_CO_SB_CARRY_CI_CO_SB_CARRY_CI_CO_SB_CARRY_CI_CO_SB_CARRY_CI_CO_SB_CARRY_CI_CO (5,24) -> (5,24)
Info:                          Sink system.core.feature_SB_DFFE_Q_4_D_SB_LUT4_O_I2_SB_LUT4_O_I2_SB_CARRY_I0_CO_SB_CARRY_CI_CO_SB_CARRY_CI_CO_SB_CARRY_CI_CO_SB_CARRY_CI_CO_SB_CARRY_CI_CO_SB_CARRY_CI_CO_SB_CARRY_CI_CO_SB_CARRY_CI_CO_SB_CARRY_CI_CO_SB_CARRY_CI_CO_SB_CARRY_CI_CO_SB_CARRY_CI_CO_SB_CARRY_CI_CO_SB_CARRY_CI_CO_SB_CARRY_CI_CO_SB_CARRY_CI_CO_SB_CARRY_CI_CO_SB_CARRY_CI_CO_SB_CARRY_CI_CO_SB_CARRY_CI_CO_SB_CARRY_CI_CO_SB_CARRY_CI_CO_SB_CARRY_CI_CO_SB_CARRY_CI_CO_SB_CARRY_CI_CO_SB_CARRY_CI_CO_SB_CARRY_CI_CO_SB_CARRY_CI_CO_SB_CARRY_CI_CO_SB_CARRY_CI_I0_SB_LUT4_O_LC.CIN
Info:                          Defined in:
Info:                               rtl/core/known_spectral_core.sv:102.35-103.60
Info:                               /home/researcher/Desktop/￿FFE6￿FF95￿FF99￿FFE6￿FF9D￿FF90/Fall 2026/digital ic/.tools/oss-cad-suite/libexec/../share/yosys/ice40/arith_map.v:62.5-70.4
Info:                               /home/researcher/Desktop/￿FFE6￿FF95￿FF99￿FFE6￿FF9D￿FF90/Fall 2026/digital ic/.tools/oss-cad-suite/libexec/../share/yosys/ice40/abc9_model.v:4.9-4.11
Info:      logic  0.28  49.95 Source system.core.feature_SB_DFFE_Q_4_D_SB_LUT4_O_I2_SB_LUT4_O_I2_SB_CARRY_I0_CO_SB_CARRY_CI_CO_SB_CARRY_CI_CO_SB_CARRY_CI_CO_SB_CARRY_CI_CO_SB_CARRY_CI_CO_SB_CARRY_CI_CO_SB_CARRY_CI_CO_SB_CARRY_CI_CO_SB_CARRY_CI_CO_SB_CARRY_CI_CO_SB_CARRY_CI_CO_SB_CARRY_CI_CO_SB_CARRY_CI_CO_SB_CARRY_CI_CO_SB_CARRY_CI_CO_SB_CARRY_CI_CO_SB_CARRY_CI_CO_SB_CARRY_CI_CO_SB_CARRY_CI_CO_SB_CARRY_CI_CO_SB_CARRY_CI_CO_SB_CARRY_CI_CO_SB_CARRY_CI_CO_SB_CARRY_CI_CO_SB_CARRY_CI_CO_SB_CARRY_CI_CO_SB_CARRY_CI_CO_SB_CARRY_CI_CO_SB_CARRY_CI_CO_SB_CARRY_CI_I0_SB_LUT4_O_LC.COUT
Info:    routing  0.00  49.95 Net system.core.feature_SB_DFFE_Q_6_D_SB_LUT4_O_I2_SB_LUT4_O_I2_SB_LUT4_O_I3_SB_CARRY_CI_CO_SB_CARRY_CI_CO_SB_CARRY_CI_CO_SB_CARRY_CI_CO_SB_CARRY_CI_CO_SB_CARRY_CI_CO_SB_CARRY_CI_CO_SB_CARRY_CI_CO_SB_CARRY_CI_CO_SB_CARRY_CI_CO_SB_CARRY_CI_CO_SB_CARRY_CI_CO_SB_CARRY_CI_CO_SB_CARRY_CI_CO_SB_CARRY_CI_CO_SB_CARRY_CI_CO_SB_CARRY_CI_CO_SB_CARRY_CI_CO_SB_CARRY_CI_CO_SB_CARRY_CI_CO_SB_CARRY_CI_CO_SB_CARRY_CI_CO_SB_CARRY_CI_CO_SB_CARRY_CI_CO_SB_CARRY_CI_CO_SB_CARRY_CI_CO_SB_CARRY_CI_CO_SB_CARRY_CI_CO_SB_CARRY_CI_CO (5,24) -> (5,24)
Info:                          Sink system.core.feature_SB_DFFE_Q_4_D_SB_LUT4_O_I2_SB_LUT4_O_I2_SB_CARRY_I0_CO_SB_CARRY_CI_CO_SB_CARRY_CI_CO_SB_CARRY_CI_CO_SB_CARRY_CI_CO_SB_CARRY_CI_CO_SB_CARRY_CI_CO_SB_CARRY_CI_CO_SB_CARRY_CI_CO_SB_CARRY_CI_CO_SB_CARRY_CI_CO_SB_CARRY_CI_CO_SB_CARRY_CI_CO_SB_CARRY_CI_CO_SB_CARRY_CI_CO_SB_CARRY_CI_CO_SB_CARRY_CI_CO_SB_CARRY_CI_CO_SB_CARRY_CI_CO_SB_CARRY_CI_CO_SB_CARRY_CI_CO_SB_CARRY_CI_CO_SB_CARRY_CI_CO_SB_CARRY_CI_CO_SB_CARRY_CI_CO_SB_CARRY_CI_CO_SB_CARRY_CI_CO_SB_CARRY_CI_CO_SB_CARRY_CI_CO_SB_CARRY_CI_CO_SB_CARRY_CI_CO_SB_CARRY_CI_I0_SB_LUT4_O_LC.CIN
Info:                          Defined in:
Info:                               rtl/core/known_spectral_core.sv:102.35-103.60
Info:                               /home/researcher/Desktop/￿FFE6￿FF95￿FF99￿FFE6￿FF9D￿FF90/Fall 2026/digital ic/.tools/oss-cad-suite/libexec/../share/yosys/ice40/arith_map.v:62.5-70.4
Info:                               /home/researcher/Desktop/￿FFE6￿FF95￿FF99￿FFE6￿FF9D￿FF90/Fall 2026/digital ic/.tools/oss-cad-suite/libexec/../share/yosys/ice40/abc9_model.v:4.9-4.11
Info:      logic  0.28  50.23 Source system.core.feature_SB_DFFE_Q_4_D_SB_LUT4_O_I2_SB_LUT4_O_I2_SB_CARRY_I0_CO_SB_CARRY_CI_CO_SB_CARRY_CI_CO_SB_CARRY_CI_CO_SB_CARRY_CI_CO_SB_CARRY_CI_CO_SB_CARRY_CI_CO_SB_CARRY_CI_CO_SB_CARRY_CI_CO_SB_CARRY_CI_CO_SB_CARRY_CI_CO_SB_CARRY_CI_CO_SB_CARRY_CI_CO_SB_CARRY_CI_CO_SB_CARRY_CI_CO_SB_CARRY_CI_CO_SB_CARRY_CI_CO_SB_CARRY_CI_CO_SB_CARRY_CI_CO_SB_CARRY_CI_CO_SB_CARRY_CI_CO_SB_CARRY_CI_CO_SB_CARRY_CI_CO_SB_CARRY_CI_CO_SB_CARRY_CI_CO_SB_CARRY_CI_CO_SB_CARRY_CI_CO_SB_CARRY_CI_CO_SB_CARRY_CI_CO_SB_CARRY_CI_CO_SB_CARRY_CI_CO_SB_CARRY_CI_I0_SB_LUT4_O_LC.COUT
Info:    routing  0.00  50.23 Net system.core.feature_SB_DFFE_Q_6_D_SB_LUT4_O_I2_SB_LUT4_O_I2_SB_LUT4_O_I3_SB_CARRY_CI_CO_SB_CARRY_CI_CO_SB_CARRY_CI_CO_SB_CARRY_CI_CO_SB_CARRY_CI_CO_SB_CARRY_CI_CO_SB_CARRY_CI_CO_SB_CARRY_CI_CO_SB_CARRY_CI_CO_SB_CARRY_CI_CO_SB_CARRY_CI_CO_SB_CARRY_CI_CO_SB_CARRY_CI_CO_SB_CARRY_CI_CO_SB_CARRY_CI_CO_SB_CARRY_CI_CO_SB_CARRY_CI_CO_SB_CARRY_CI_CO_SB_CARRY_CI_CO_SB_CARRY_CI_CO_SB_CARRY_CI_CO_SB_CARRY_CI_CO_SB_CARRY_CI_CO_SB_CARRY_CI_CO_SB_CARRY_CI_CO_SB_CARRY_CI_CO_SB_CARRY_CI_CO_SB_CARRY_CI_CO_SB_CARRY_CI_CO_SB_CARRY_CI_CO (5,24) -> (5,24)
Info:                          Sink system.core.feature_SB_DFFE_Q_4_D_SB_LUT4_O_I2_SB_LUT4_O_I2_SB_CARRY_I0_CO_SB_CARRY_CI_CO_SB_CARRY_CI_CO_SB_CARRY_CI_CO_SB_CARRY_CI_CO_SB_CARRY_CI_CO_SB_CARRY_CI_CO_SB_CARRY_CI_CO_SB_CARRY_CI_CO_SB_CARRY_CI_CO_SB_CARRY_CI_CO_SB_CARRY_CI_CO_SB_CARRY_CI_CO_SB_CARRY_CI_CO_SB_CARRY_CI_CO_SB_CARRY_CI_CO_SB_CARRY_CI_CO_SB_CARRY_CI_CO_SB_CARRY_CI_CO_SB_CARRY_CI_CO_SB_CARRY_CI_CO_SB_CARRY_CI_CO_SB_CARRY_CI_CO_SB_CARRY_CI_CO_SB_CARRY_CI_CO_SB_CARRY_CI_CO_SB_CARRY_CI_CO_SB_CARRY_CI_CO_SB_CARRY_CI_CO_SB_CARRY_CI_CO_SB_CARRY_CI_CO_SB_CARRY_CI_CO_SB_CARRY_CI_I0_SB_LUT4_O_LC.CIN
Info:                          Defined in:
Info:                               rtl/core/known_spectral_core.sv:102.35-103.60
Info:                               /home/researcher/Desktop/￿FFE6￿FF95￿FF99￿FFE6￿FF9D￿FF90/Fall 2026/digital ic/.tools/oss-cad-suite/libexec/../share/yosys/ice40/arith_map.v:62.5-70.4
Info:                               /home/researcher/Desktop/￿FFE6￿FF95￿FF99￿FFE6￿FF9D￿FF90/Fall 2026/digital ic/.tools/oss-cad-suite/libexec/../share/yosys/ice40/abc9_model.v:4.9-4.11
Info:      logic  0.28  50.51 Source system.core.feature_SB_DFFE_Q_4_D_SB_LUT4_O_I2_SB_LUT4_O_I2_SB_CARRY_I0_CO_SB_CARRY_CI_CO_SB_CARRY_CI_CO_SB_CARRY_CI_CO_SB_CARRY_CI_CO_SB_CARRY_CI_CO_SB_CARRY_CI_CO_SB_CARRY_CI_CO_SB_CARRY_CI_CO_SB_CARRY_CI_CO_SB_CARRY_CI_CO_SB_CARRY_CI_CO_SB_CARRY_CI_CO_SB_CARRY_CI_CO_SB_CARRY_CI_CO_SB_CARRY_CI_CO_SB_CARRY_CI_CO_SB_CARRY_CI_CO_SB_CARRY_CI_CO_SB_CARRY_CI_CO_SB_CARRY_CI_CO_SB_CARRY_CI_CO_SB_CARRY_CI_CO_SB_CARRY_CI_CO_SB_CARRY_CI_CO_SB_CARRY_CI_CO_SB_CARRY_CI_CO_SB_CARRY_CI_CO_SB_CARRY_CI_CO_SB_CARRY_CI_CO_SB_CARRY_CI_CO_SB_CARRY_CI_CO_SB_CARRY_CI_I0_SB_LUT4_O_LC.COUT
Info:    routing  0.00  50.51 Net system.core.feature_SB_DFFE_Q_6_D_SB_LUT4_O_I2_SB_LUT4_O_I2_SB_LUT4_O_I3_SB_CARRY_CI_CO_SB_CARRY_CI_CO_SB_CARRY_CI_CO_SB_CARRY_CI_CO_SB_CARRY_CI_CO_SB_CARRY_CI_CO_SB_CARRY_CI_CO_SB_CARRY_CI_CO_SB_CARRY_CI_CO_SB_CARRY_CI_CO_SB_CARRY_CI_CO_SB_CARRY_CI_CO_SB_CARRY_CI_CO_SB_CARRY_CI_CO_SB_CARRY_CI_CO_SB_CARRY_CI_CO_SB_CARRY_CI_CO_SB_CARRY_CI_CO_SB_CARRY_CI_CO_SB_CARRY_CI_CO_SB_CARRY_CI_CO_SB_CARRY_CI_CO_SB_CARRY_CI_CO_SB_CARRY_CI_CO_SB_CARRY_CI_CO_SB_CARRY_CI_CO_SB_CARRY_CI_CO_SB_CARRY_CI_CO_SB_CARRY_CI_CO_SB_CARRY_CI_CO_SB_CARRY_CI_CO (5,24) -> (5,24)
Info:                          Sink system.core.feature_SB_DFFE_Q_4_D_SB_LUT4_O_I2_SB_LUT4_O_I2_SB_CARRY_I0_CO_SB_CARRY_CI_CO_SB_CARRY_CI_CO_SB_CARRY_CI_CO_SB_CARRY_CI_CO_SB_CARRY_CI_CO_SB_CARRY_CI_CO_SB_CARRY_CI_CO_SB_CARRY_CI_CO_SB_CARRY_CI_CO_SB_CARRY_CI_CO_SB_CARRY_CI_CO_SB_CARRY_CI_CO_SB_CARRY_CI_CO_SB_CARRY_CI_CO_SB_CARRY_CI_CO_SB_CARRY_CI_CO_SB_CARRY_CI_CO_SB_CARRY_CI_CO_SB_CARRY_CI_CO_SB_CARRY_CI_CO_SB_CARRY_CI_CO_SB_CARRY_CI_CO_SB_CARRY_CI_CO_SB_CARRY_CI_CO_SB_CARRY_CI_CO_SB_CARRY_CI_CO_SB_CARRY_CI_CO_SB_CARRY_CI_CO_SB_CARRY_CI_CO_SB_CARRY_CI_CO_SB_CARRY_CI_CO_SB_CARRY_CI_CO_SB_CARRY_CI_I0_SB_LUT4_O_LC.CIN
Info:                          Defined in:
Info:                               rtl/core/known_spectral_core.sv:102.35-103.60
Info:                               /home/researcher/Desktop/￿FFE6￿FF95￿FF99￿FFE6￿FF9D￿FF90/Fall 2026/digital ic/.tools/oss-cad-suite/libexec/../share/yosys/ice40/arith_map.v:62.5-70.4
Info:                               /home/researcher/Desktop/￿FFE6￿FF95￿FF99￿FFE6￿FF9D￿FF90/Fall 2026/digital ic/.tools/oss-cad-suite/libexec/../share/yosys/ice40/abc9_model.v:4.9-4.11
Info:      logic  0.28  50.78 Source system.core.feature_SB_DFFE_Q_4_D_SB_LUT4_O_I2_SB_LUT4_O_I2_SB_CARRY_I0_CO_SB_CARRY_CI_CO_SB_CARRY_CI_CO_SB_CARRY_CI_CO_SB_CARRY_CI_CO_SB_CARRY_CI_CO_SB_CARRY_CI_CO_SB_CARRY_CI_CO_SB_CARRY_CI_CO_SB_CARRY_CI_CO_SB_CARRY_CI_CO_SB_CARRY_CI_CO_SB_CARRY_CI_CO_SB_CARRY_CI_CO_SB_CARRY_CI_CO_SB_CARRY_CI_CO_SB_CARRY_CI_CO_SB_CARRY_CI_CO_SB_CARRY_CI_CO_SB_CARRY_CI_CO_SB_CARRY_CI_CO_SB_CARRY_CI_CO_SB_CARRY_CI_CO_SB_CARRY_CI_CO_SB_CARRY_CI_CO_SB_CARRY_CI_CO_SB_CARRY_CI_CO_SB_CARRY_CI_CO_SB_CARRY_CI_CO_SB_CARRY_CI_CO_SB_CARRY_CI_CO_SB_CARRY_CI_CO_SB_CARRY_CI_CO_SB_CARRY_CI_I0_SB_LUT4_O_LC.COUT
Info:    routing  0.00  50.78 Net system.core.feature_SB_DFFE_Q_6_D_SB_LUT4_O_I2_SB_LUT4_O_I2_SB_LUT4_O_I3_SB_CARRY_CI_CO_SB_CARRY_CI_CO_SB_CARRY_CI_CO_SB_CARRY_CI_CO_SB_CARRY_CI_CO_SB_CARRY_CI_CO_SB_CARRY_CI_CO_SB_CARRY_CI_CO_SB_CARRY_CI_CO_SB_CARRY_CI_CO_SB_CARRY_CI_CO_SB_CARRY_CI_CO_SB_CARRY_CI_CO_SB_CARRY_CI_CO_SB_CARRY_CI_CO_SB_CARRY_CI_CO_SB_CARRY_CI_CO_SB_CARRY_CI_CO_SB_CARRY_CI_CO_SB_CARRY_CI_CO_SB_CARRY_CI_CO_SB_CARRY_CI_CO_SB_CARRY_CI_CO_SB_CARRY_CI_CO_SB_CARRY_CI_CO_SB_CARRY_CI_CO_SB_CARRY_CI_CO_SB_CARRY_CI_CO_SB_CARRY_CI_CO_SB_CARRY_CI_CO_SB_CARRY_CI_CO_SB_CARRY_CI_CO (5,24) -> (5,24)
Info:                          Sink system.core.feature_SB_DFFE_Q_4_D_SB_LUT4_O_I2_SB_LUT4_O_I2_SB_CARRY_I0_CO_SB_CARRY_CI_CO_SB_CARRY_CI_CO_SB_CARRY_CI_CO_SB_CARRY_CI_CO_SB_CARRY_CI_CO_SB_CARRY_CI_CO_SB_CARRY_CI_CO_SB_CARRY_CI_CO_SB_CARRY_CI_CO_SB_CARRY_CI_CO_SB_CARRY_CI_CO_SB_CARRY_CI_CO_SB_CARRY_CI_CO_SB_CARRY_CI_CO_SB_CARRY_CI_CO_SB_CARRY_CI_CO_SB_CARRY_CI_CO_SB_CARRY_CI_CO_SB_CARRY_CI_CO_SB_CARRY_CI_CO_SB_CARRY_CI_CO_SB_CARRY_CI_CO_SB_CARRY_CI_CO_SB_CARRY_CI_CO_SB_CARRY_CI_CO_SB_CARRY_CI_CO_SB_CARRY_CI_CO_SB_CARRY_CI_CO_SB_CARRY_CI_CO_SB_CARRY_CI_CO_SB_CARRY_CI_CO_SB_CARRY_CI_CO_SB_CARRY_CI_CO_SB_CARRY_CI_I0_SB_LUT4_O_LC.CIN
Info:                          Defined in:
Info:                               rtl/core/known_spectral_core.sv:102.35-103.60
Info:                               /home/researcher/Desktop/￿FFE6￿FF95￿FF99￿FFE6￿FF9D￿FF90/Fall 2026/digital ic/.tools/oss-cad-suite/libexec/../share/yosys/ice40/arith_map.v:62.5-70.4
Info:                               /home/researcher/Desktop/￿FFE6￿FF95￿FF99￿FFE6￿FF9D￿FF90/Fall 2026/digital ic/.tools/oss-cad-suite/libexec/../share/yosys/ice40/abc9_model.v:4.9-4.11
Info:      logic  0.28  51.06 Source system.core.feature_SB_DFFE_Q_4_D_SB_LUT4_O_I2_SB_LUT4_O_I2_SB_CARRY_I0_CO_SB_CARRY_CI_CO_SB_CARRY_CI_CO_SB_CARRY_CI_CO_SB_CARRY_CI_CO_SB_CARRY_CI_CO_SB_CARRY_CI_CO_SB_CARRY_CI_CO_SB_CARRY_CI_CO_SB_CARRY_CI_CO_SB_CARRY_CI_CO_SB_CARRY_CI_CO_SB_CARRY_CI_CO_SB_CARRY_CI_CO_SB_CARRY_CI_CO_SB_CARRY_CI_CO_SB_CARRY_CI_CO_SB_CARRY_CI_CO_SB_CARRY_CI_CO_SB_CARRY_CI_CO_SB_CARRY_CI_CO_SB_CARRY_CI_CO_SB_CARRY_CI_CO_SB_CARRY_CI_CO_SB_CARRY_CI_CO_SB_CARRY_CI_CO_SB_CARRY_CI_CO_SB_CARRY_CI_CO_SB_CARRY_CI_CO_SB_CARRY_CI_CO_SB_CARRY_CI_CO_SB_CARRY_CI_CO_SB_CARRY_CI_CO_SB_CARRY_CI_CO_SB_CARRY_CI_I0_SB_LUT4_O_LC.COUT
Info:    routing  0.66  51.72 Net $nextpnr_ICESTORM_LC_71$I3 (5,24) -> (5,24)
Info:                          Sink $nextpnr_ICESTORM_LC_71.I3
Info:      logic  0.87  52.60 Source $nextpnr_ICESTORM_LC_71.O
Info:    routing  1.76  54.36 Net system.core.feature_SB_DFFE_Q_4_D_SB_LUT4_O_I2_SB_LUT4_O_I2_SB_CARRY_I0_CO_SB_CARRY_CI_CO_SB_CARRY_CI_CO_SB_CARRY_CI_CO_SB_CARRY_CI_CO_SB_CARRY_CI_CO_SB_CARRY_CI_CO_SB_CARRY_CI_CO_SB_CARRY_CI_CO_SB_CARRY_CI_CO_SB_CARRY_CI_CO_SB_CARRY_CI_CO_SB_CARRY_CI_CO_SB_CARRY_CI_CO_SB_CARRY_CI_CO_SB_CARRY_CI_CO_SB_CARRY_CI_CO_SB_CARRY_CI_CO_SB_CARRY_CI_CO_SB_CARRY_CI_CO_SB_CARRY_CI_CO_SB_CARRY_CI_CO_SB_CARRY_CI_CO_SB_CARRY_CI_CO_SB_CARRY_CI_CO_SB_CARRY_CI_CO_SB_CARRY_CI_CO_SB_CARRY_CI_CO_SB_CARRY_CI_CO_SB_CARRY_CI_CO_SB_CARRY_CI_CO_SB_CARRY_CI_CO_SB_CARRY_CI_CO_SB_CARRY_CI_CO_SB_CARRY_CI_CO_SB_CARRY_CI_I0_SB_LUT4_O_I3 (5,24) -> (4,23)
Info:                          Sink system.core.feature_SB_DFFE_Q_4_D_SB_LUT4_O_I2_SB_LUT4_O_I2_SB_CARRY_I0_CO_SB_CARRY_CI_CO_SB_CARRY_CI_CO_SB_CARRY_CI_CO_SB_CARRY_CI_CO_SB_CARRY_CI_CO_SB_CARRY_CI_CO_SB_CARRY_CI_CO_SB_CARRY_CI_CO_SB_CARRY_CI_CO_SB_CARRY_CI_CO_SB_CARRY_CI_CO_SB_CARRY_CI_CO_SB_CARRY_CI_CO_SB_CARRY_CI_CO_SB_CARRY_CI_CO_SB_CARRY_CI_CO_SB_CARRY_CI_CO_SB_CARRY_CI_CO_SB_CARRY_CI_CO_SB_CARRY_CI_CO_SB_CARRY_CI_CO_SB_CARRY_CI_CO_SB_CARRY_CI_CO_SB_CARRY_CI_CO_SB_CARRY_CI_CO_SB_CARRY_CI_CO_SB_CARRY_CI_CO_SB_CARRY_CI_CO_SB_CARRY_CI_CO_SB_CARRY_CI_CO_SB_CARRY_CI_CO_SB_CARRY_CI_CO_SB_CARRY_CI_CO_SB_CARRY_CI_CO_SB_CARRY_CI$CARRY.I3
Info:                          Defined in:
Info:                               rtl/core/known_spectral_core.sv:102.35-103.60
Info:                               /home/researcher/Desktop/￿FFE6￿FF95￿FF99￿FFE6￿FF9D￿FF90/Fall 2026/digital ic/.tools/oss-cad-suite/libexec/../share/yosys/ice40/arith_map.v:62.5-70.4
Info:                               /home/researcher/Desktop/￿FFE6￿FF95￿FF99￿FFE6￿FF9D￿FF90/Fall 2026/digital ic/.tools/oss-cad-suite/libexec/../share/yosys/ice40/abc9_model.v:4.9-4.11
Info:      logic  0.87  55.23 Source system.core.feature_SB_DFFE_Q_4_D_SB_LUT4_O_I2_SB_LUT4_O_I2_SB_CARRY_I0_CO_SB_CARRY_CI_CO_SB_CARRY_CI_CO_SB_CARRY_CI_CO_SB_CARRY_CI_CO_SB_CARRY_CI_CO_SB_CARRY_CI_CO_SB_CARRY_CI_CO_SB_CARRY_CI_CO_SB_CARRY_CI_CO_SB_CARRY_CI_CO_SB_CARRY_CI_CO_SB_CARRY_CI_CO_SB_CARRY_CI_CO_SB_CARRY_CI_CO_SB_CARRY_CI_CO_SB_CARRY_CI_CO_SB_CARRY_CI_CO_SB_CARRY_CI_CO_SB_CARRY_CI_CO_SB_CARRY_CI_CO_SB_CARRY_CI_CO_SB_CARRY_CI_CO_SB_CARRY_CI_CO_SB_CARRY_CI_CO_SB_CARRY_CI_CO_SB_CARRY_CI_CO_SB_CARRY_CI_CO_SB_CARRY_CI_CO_SB_CARRY_CI_CO_SB_CARRY_CI_CO_SB_CARRY_CI_CO_SB_CARRY_CI_CO_SB_CARRY_CI_CO_SB_CARRY_CI_CO_SB_CARRY_CI$CARRY.O
Info:    routing  1.76  56.99 Net system.core.feature_SB_DFFE_Q_4_D_SB_LUT4_O_I2_SB_LUT4_O_I2_SB_CARRY_I0_CO_SB_CARRY_CI_CO_SB_CARRY_CI_CO_SB_CARRY_CI_CO_SB_CARRY_CI_CO_SB_CARRY_CI_CO_SB_CARRY_CI_CO_SB_CARRY_CI_CO_SB_CARRY_CI_CO_SB_CARRY_CI_CO_SB_CARRY_CI_CO_SB_CARRY_CI_CO_SB_CARRY_CI_CO_SB_CARRY_CI_CO_SB_CARRY_CI_CO_SB_CARRY_CI_CO_SB_CARRY_CI_CO_SB_CARRY_CI_CO_SB_CARRY_CI_CO_SB_CARRY_CI_CO_SB_CARRY_CI_CO_SB_CARRY_CI_CO_SB_CARRY_CI_CO_SB_CARRY_CI_CO_SB_CARRY_CI_CO_SB_CARRY_CI_CO_SB_CARRY_CI_CO_SB_CARRY_CI_CO_SB_CARRY_CI_CO_SB_CARRY_CI_CO_SB_CARRY_CI_CO_SB_CARRY_CI_CO_SB_CARRY_CI_CO_SB_CARRY_CI_CO_SB_CARRY_CI_CO_SB_CARRY_CI_I0 (4,23) -> (4,23)
Info:                          Sink system.core.feature_SB_DFFE_Q_4_D_SB_LUT4_O_I2_SB_LUT4_O_I2_SB_CARRY_I0_CO_SB_CARRY_CI_CO_SB_CARRY_CI_CO_SB_CARRY_CI_CO_SB_CARRY_CI_CO_SB_CARRY_CI_CO_SB_CARRY_CI_CO_SB_CARRY_CI_CO_SB_CARRY_CI_CO_SB_CARRY_CI_CO_SB_CARRY_CI_CO_SB_CARRY_CI_CO_SB_CARRY_CI_CO_SB_CARRY_CI_CO_SB_CARRY_CI_CO_SB_CARRY_CI_CO_SB_CARRY_CI_CO_SB_CARRY_CI_CO_SB_CARRY_CI_CO_SB_CARRY_CI_CO_SB_CARRY_CI_CO_SB_CARRY_CI_CO_SB_CARRY_CI_CO_SB_CARRY_CI_CO_SB_CARRY_CI_CO_SB_CARRY_CI_CO_SB_CARRY_CI_CO_SB_CARRY_CI_CO_SB_CARRY_CI_CO_SB_CARRY_CI_CO_SB_CARRY_CI_CO_SB_CARRY_CI_CO_SB_CARRY_CI_CO_SB_CARRY_CI_CO_SB_CARRY_CI_CO_SB_CARRY_CI$CARRY.I1
Info:      logic  0.68  57.67 Source system.core.feature_SB_DFFE_Q_4_D_SB_LUT4_O_I2_SB_LUT4_O_I2_SB_CARRY_I0_CO_SB_CARRY_CI_CO_SB_CARRY_CI_CO_SB_CARRY_CI_CO_SB_CARRY_CI_CO_SB_CARRY_CI_CO_SB_CARRY_CI_CO_SB_CARRY_CI_CO_SB_CARRY_CI_CO_SB_CARRY_CI_CO_SB_CARRY_CI_CO_SB_CARRY_CI_CO_SB_CARRY_CI_CO_SB_CARRY_CI_CO_SB_CARRY_CI_CO_SB_CARRY_CI_CO_SB_CARRY_CI_CO_SB_CARRY_CI_CO_SB_CARRY_CI_CO_SB_CARRY_CI_CO_SB_CARRY_CI_CO_SB_CARRY_CI_CO_SB_CARRY_CI_CO_SB_CARRY_CI_CO_SB_CARRY_CI_CO_SB_CARRY_CI_CO_SB_CARRY_CI_CO_SB_CARRY_CI_CO_SB_CARRY_CI_CO_SB_CARRY_CI_CO_SB_CARRY_CI_CO_SB_CARRY_CI_CO_SB_CARRY_CI_CO_SB_CARRY_CI_CO_SB_CARRY_CI_CO_SB_CARRY_CI$CARRY.COUT
Info:    routing  1.22  58.89 Net $nextpnr_ICESTORM_LC_35$I3 (4,23) -> (4,24)
Info:                          Sink $nextpnr_ICESTORM_LC_35.I3
Info:      logic  0.87  59.76 Source $nextpnr_ICESTORM_LC_35.O
Info:    routing  3.49  63.26 Net system.core.feature_SB_DFFE_Q_1_D_SB_LUT4_O_I3_SB_LUT4_O_I2[1] (4,24) -> (10,22)
Info:                          Sink system.core.feature_SB_DFFE_Q_2_D_SB_LUT4_O_I3_SB_CARRY_CO$CARRY.I3
Info:                          Defined in:
Info:                               /home/researcher/Desktop/￿FFE6￿FF95￿FF99￿FFE6￿FF9D￿FF90/Fall 2026/digital ic/.tools/oss-cad-suite/libexec/../share/yosys/ice40/cells_map.v:6.21-6.22
Info:      logic  0.87  64.13 Source system.core.feature_SB_DFFE_Q_2_D_SB_LUT4_O_I3_SB_CARRY_CO$CARRY.O
Info:    routing  1.76  65.89 Net system.core.feature_SB_DFFE_Q_1_D_SB_LUT4_O_I3[2] (10,22) -> (10,22)
Info:                          Sink system.core.feature_SB_DFFE_Q_2_D_SB_LUT4_O_I3_SB_CARRY_CO$CARRY.I2
Info:                          Defined in:
Info:                               /home/researcher/Desktop/￿FFE6￿FF95￿FF99￿FFE6￿FF9D￿FF90/Fall 2026/digital ic/.tools/oss-cad-suite/libexec/../share/yosys/ice40/cells_map.v:6.21-6.22
Info:      logic  0.61  66.50 Source system.core.feature_SB_DFFE_Q_2_D_SB_LUT4_O_I3_SB_CARRY_CO$CARRY.COUT
Info:    routing  0.00  66.50 Net system.core.feature_SB_DFFE_Q_2_D_SB_LUT4_O_I2[3] (10,22) -> (10,22)
Info:                          Sink system.core.feature_SB_DFFE_Q_2_D_SB_LUT4_O_LC.CIN
Info:                          Defined in:
Info:                               rtl/core/known_spectral_core.sv:105.55-105.89
Info:                               /home/researcher/Desktop/￿FFE6￿FF95￿FF99￿FFE6￿FF9D￿FF90/Fall 2026/digital ic/.tools/oss-cad-suite/libexec/../share/yosys/ice40/arith_map.v:62.5-70.4
Info:                               /home/researcher/Desktop/￿FFE6￿FF95￿FF99￿FFE6￿FF9D￿FF90/Fall 2026/digital ic/.tools/oss-cad-suite/libexec/../share/yosys/ice40/abc9_model.v:4.9-4.11
Info:      logic  0.28  66.78 Source system.core.feature_SB_DFFE_Q_2_D_SB_LUT4_O_LC.COUT
Info:    routing  0.00  66.78 Net system.core.feature_SB_DFFE_Q_3_D_SB_LUT4_O_I2[3] (10,22) -> (10,22)
Info:                          Sink system.core.feature_SB_DFFE_Q_3_D_SB_LUT4_O_LC.CIN
Info:                          Defined in:
Info:                               rtl/core/known_spectral_core.sv:105.55-105.89
Info:                               /home/researcher/Desktop/￿FFE6￿FF95￿FF99￿FFE6￿FF9D￿FF90/Fall 2026/digital ic/.tools/oss-cad-suite/libexec/../share/yosys/ice40/arith_map.v:62.5-70.4
Info:                               /home/researcher/Desktop/￿FFE6￿FF95￿FF99￿FFE6￿FF9D￿FF90/Fall 2026/digital ic/.tools/oss-cad-suite/libexec/../share/yosys/ice40/abc9_model.v:4.9-4.11
Info:      logic  0.28  67.06 Source system.core.feature_SB_DFFE_Q_3_D_SB_LUT4_O_LC.COUT
Info:    routing  0.00  67.06 Net system.core.feature_SB_DFFE_Q_4_D_SB_LUT4_O_I2[3] (10,22) -> (10,22)
Info:                          Sink system.core.feature_SB_DFFE_Q_4_D_SB_LUT4_O_LC.CIN
Info:                          Defined in:
Info:                               rtl/core/known_spectral_core.sv:105.55-105.89
Info:                               /home/researcher/Desktop/￿FFE6￿FF95￿FF99￿FFE6￿FF9D￿FF90/Fall 2026/digital ic/.tools/oss-cad-suite/libexec/../share/yosys/ice40/arith_map.v:62.5-70.4
Info:                               /home/researcher/Desktop/￿FFE6￿FF95￿FF99￿FFE6￿FF9D￿FF90/Fall 2026/digital ic/.tools/oss-cad-suite/libexec/../share/yosys/ice40/abc9_model.v:4.9-4.11
Info:      logic  0.28  67.33 Source system.core.feature_SB_DFFE_Q_4_D_SB_LUT4_O_LC.COUT
Info:    routing  0.00  67.33 Net system.core.feature_SB_DFFE_Q_5_D_SB_LUT4_O_I2[3] (10,22) -> (10,22)
Info:                          Sink system.core.feature_SB_DFFE_Q_5_D_SB_LUT4_O_LC.CIN
Info:                          Defined in:
Info:                               rtl/core/known_spectral_core.sv:105.55-105.89
Info:                               /home/researcher/Desktop/￿FFE6￿FF95￿FF99￿FFE6￿FF9D￿FF90/Fall 2026/digital ic/.tools/oss-cad-suite/libexec/../share/yosys/ice40/arith_map.v:62.5-70.4
Info:                               /home/researcher/Desktop/￿FFE6￿FF95￿FF99￿FFE6￿FF9D￿FF90/Fall 2026/digital ic/.tools/oss-cad-suite/libexec/../share/yosys/ice40/abc9_model.v:4.9-4.11
Info:      logic  0.28  67.61 Source system.core.feature_SB_DFFE_Q_5_D_SB_LUT4_O_LC.COUT
Info:    routing  0.00  67.61 Net system.core.feature_SB_DFFE_Q_6_D_SB_LUT4_O_I2[3] (10,22) -> (10,22)
Info:                          Sink system.core.feature_SB_DFFE_Q_6_D_SB_LUT4_O_LC.CIN
Info:                          Defined in:
Info:                               rtl/core/known_spectral_core.sv:105.55-105.89
Info:                               /home/researcher/Desktop/￿FFE6￿FF95￿FF99￿FFE6￿FF9D￿FF90/Fall 2026/digital ic/.tools/oss-cad-suite/libexec/../share/yosys/ice40/arith_map.v:62.5-70.4
Info:                               /home/researcher/Desktop/￿FFE6￿FF95￿FF99￿FFE6￿FF9D￿FF90/Fall 2026/digital ic/.tools/oss-cad-suite/libexec/../share/yosys/ice40/abc9_model.v:4.9-4.11
Info:      logic  0.28  67.89 Source system.core.feature_SB_DFFE_Q_6_D_SB_LUT4_O_LC.COUT
Info:    routing  0.66  68.55 Net $nextpnr_ICESTORM_LC_37$I3 (10,22) -> (10,22)
Info:                          Sink $nextpnr_ICESTORM_LC_37.I3
Info:      logic  0.87  69.43 Source $nextpnr_ICESTORM_LC_37.O
Info:    routing  1.76  71.19 Net system.core.feature_SB_DFFESR_Q_D_SB_LUT4_O_I3 (10,22) -> (10,23)
Info:                          Sink system.core.feature_SB_DFFESR_Q_D_SB_LUT4_O_LC.I3
Info:                          Defined in:
Info:                               /home/researcher/Desktop/￿FFE6￿FF95￿FF99￿FFE6￿FF9D￿FF90/Fall 2026/digital ic/.tools/oss-cad-suite/libexec/../share/yosys/ice40/cells_map.v:6.21-6.22
Info:      setup  0.82  72.01 Source system.core.feature_SB_DFFESR_Q_D_SB_LUT4_O_LC.I3
Info: 31.26 ns logic, 40.75 ns routing

Info: Critical path report for cross-domain path '<async>' -> 'posedge clk':
Info:       type curr  total name
Info:     source  0.00  0.00 Source flash_miso$sb_io.D_IN_0
Info:    routing  1.76  1.76 Net flash_miso$SB_IO_IN (23,0) -> (24,1)
Info:                          Sink system.transport.spi.rx_shift_SB_DFFESR_Q_1_DFFLC.I0
Info:                          Defined in:
Info:                               rtl/io/spi_master.sv:18.16-18.20
Info:      setup  1.23  2.99 Source system.transport.spi.rx_shift_SB_DFFESR_Q_1_DFFLC.I0
Info: 1.23 ns logic, 1.76 ns routing

Info: Critical path report for cross-domain path 'posedge clk' -> '<async>':
Info:       type curr  total name
Info:   clk-to-q  1.39  1.39 Source system.controller.errors_SB_DFFESR_Q_7_DFFLC.O
Info:    routing  2.95  4.34 Net system.controller.errors[4] (18,11) -> (21,14)
Info:                          Sink status_error_SB_LUT4_O_I3_SB_LUT4_O_LC.I0
Info:                          Defined in:
Info:                               rtl/io/known_replay_controller.sv:27.15-27.21
Info:      logic  1.28  5.63 Source status_error_SB_LUT4_O_I3_SB_LUT4_O_LC.O
Info:    routing  1.76  7.39 Net status_error_SB_LUT4_O_I3[3] (21,14) -> (20,14)
Info:                          Sink status_error_SB_LUT4_O_LC.I3
Info:                          Defined in:
Info:                               /home/researcher/Desktop/￿FFE6￿FF95￿FF99￿FFE6￿FF9D￿FF90/Fall 2026/digital ic/.tools/oss-cad-suite/libexec/../share/yosys/ice40/cells_map.v:6.21-6.22
Info:      logic  0.87  8.26 Source status_error_SB_LUT4_O_LC.O
Info:    routing  5.00  13.26 Net status_error$SB_IO_OUT (20,14) -> (18,0)
Info:                          Sink status_error$sb_io.D_OUT_0
Info:                          Defined in:
Info:                               /home/researcher/Desktop/￿FFE6￿FF95￿FF99￿FFE6￿FF9D￿FF90/Fall 2026/digital ic/.tools/oss-cad-suite/libexec/../share/yosys/ice40/cells_map.v:6.21-6.22
Info: 3.55 ns logic, 9.71 ns routing

Info: Max frequency for clock 'clk': 13.89 MHz (PASS at 13.20 MHz)

Info: Clock '$PACKER_GND_NET' has no interior paths

Info: Max delay <async>     -> posedge clk: 2.99 ns
Info: Max delay posedge clk -> <async>    : 13.26 ns

Info: Slack histogram:
Info:  legend: * represents 23 endpoint(s)
Info:          + represents [1,23) endpoint(s)
Info: [  3745,   7184) |+
Info: [  7184,  10623) |+
Info: [ 10623,  14062) |+
Info: [ 14062,  17501) |*+
Info: [ 17501,  20940) |*+
Info: [ 20940,  24379) |+
Info: [ 24379,  27818) |*+
Info: [ 27818,  31257) |*+
Info: [ 31257,  34696) |**+
Info: [ 34696,  38135) |******+
Info: [ 38135,  41574) |********+
Info: [ 41574,  45013) |*********+
Info: [ 45013,  48452) |******************+
Info: [ 48452,  51891) |*******************************+
Info: [ 51891,  55330) |*************************+
Info: [ 55330,  58769) |***************************************+
Info: [ 58769,  62208) |**********************************************************+
Info: [ 62208,  65647) |*****************+
Info: [ 65647,  69086) |*************************+
Info: [ 69086,  72525) |************************************************************ 
1 warning, 0 errors

Info: Program finished normally.
