mkdir: /home/researcher/.config/yosyshq: Operation not permitted
mkdir: /home/researcher/.local/share/yosyshq: Operation not permitted
Info: constrained 'clk12' to bel 'X19/Y0/io1'
Info: constrained 'flash_cs_n' to bel 'X24/Y0/io1'
Info: constrained 'flash_sclk' to bel 'X24/Y0/io0'
Info: constrained 'flash_mosi' to bel 'X23/Y0/io1'
Info: constrained 'flash_miso' to bel 'X23/Y0/io0'
Info: constrained 'sensor_cs_n' to bel 'X19/Y31/io0'
Info: constrained 'sensor_sclk' to bel 'X19/Y31/io1'
Info: constrained 'sensor_mosi' to bel 'X18/Y31/io0'
Info: constrained 'sensor_miso' to bel 'X18/Y31/io1'
Info: constrained 'sensor_drdy' to bel 'X16/Y31/io0'
Info: constrained 'status_done' to bel 'X18/Y0/io1'
Info: constrained 'status_error' to bel 'X18/Y0/io0'
Info: constrained 'status_running' to bel 'X19/Y0/io0'

Info: Packing constants..
Info: Packing IOs..
Info: Packing LUT-FFs..
Info:     2589 LCs used as LUT4 only
Info:     1179 LCs used as LUT4 and DFF
Info: Packing non-LUT FFs..
Info:      555 LCs used as DFF only
Info: Packing carries..
Info:      527 LCs used as CARRY only
Info: Packing indirect carry+LUT pairs...
Info:       86 LUTs merged into carry LCs
Info: Packing RAMs..
Info: Placing PLLs..
Info: Packing special functions..
Info: Packing PLLs..
Info: Promoting globals..
Info: promoting clk12$SB_IO_IN (fanout 1755)
Info: promoting rst [reset] (fanout 1400)
Info: promoting system.watchdog_SB_DFFSR_Q_9_D_SB_LUT4_O_I1_SB_LUT4_O_I3_SB_CARRY_CI_CO_SB_LUT4_I3_O[1] [reset] (fanout 85)
Info: promoting system.calibration.busy_SB_LUT4_I2_O [cen] (fanout 150)
Info: promoting system.calibration.out_valid_SB_LUT4_I2_O [cen] (fanout 128)
Info: promoting system.capture.sample_valid_SB_LUT4_I0_2_O [cen] (fanout 48)
Info: promoting system.with_spectrum.spectrum.dsp.quant_work_SB_DFFESR_Q_E [cen] (fanout 43)
Info: promoting $PACKER_GND_NET (fanout 2)
Info: Constraining chains...
Info:       93 LCs used to legalise carry chains.
Info: Checksum: 0x2d4d0ae4

Info: Device utilisation:
Info: 	         ICESTORM_LC:    4860/   5280    92%
Info: 	        ICESTORM_RAM:       9/     30    30%
Info: 	               SB_IO:      13/     39    33%
Info: 	               SB_GB:       8/      8   100%
Info: 	        ICESTORM_PLL:       0/      1     0%
Info: 	         SB_WARMBOOT:       0/      1     0%
Info: 	        ICESTORM_DSP:       1/      8    12%
Info: 	      ICESTORM_HFOSC:       0/      1     0%
Info: 	      ICESTORM_LFOSC:       0/      1     0%
Info: 	              SB_I2C:       0/      2     0%
Info: 	              SB_SPI:       0/      2     0%
Info: 	              IO_I3C:       0/      2     0%
Info: 	         SB_LEDDA_IP:       0/      1     0%
Info: 	         SB_RGBA_DRV:       0/      1     0%
Info: 	      ICESTORM_SPRAM:       4/      4   100%

Info: Placed 13 cells based on constraints.
Info: Creating initial analytic placement for 3214 cells, random placement wirelen = 107499.
Info:     at initial placer iter 0, wirelen = 1988
Info:     at initial placer iter 1, wirelen = 2519
Info:     at initial placer iter 2, wirelen = 2630
Info:     at initial placer iter 3, wirelen = 2414
Info: Running main analytical placer, max placement attempts per cell = 2995128.
Info:     at iteration #1, type ALL: wirelen solved = 2665, spread = 48388, legal = 57531; time = 0.29s
Info:     at iteration #2, type ALL: wirelen solved = 2703, spread = 39148, legal = 49067; time = 0.25s
Info:     at iteration #3, type ALL: wirelen solved = 3523, spread = 35105, legal = 44459; time = 0.11s
Info:     at iteration #4, type ALL: wirelen solved = 4853, spread = 31695, legal = 40900; time = 0.10s
Info:     at iteration #5, type ALL: wirelen solved = 6132, spread = 29382, legal = 35248; time = 0.05s
Info:     at iteration #6, type ALL: wirelen solved = 6794, spread = 29181, legal = 34251; time = 0.04s
Info:     at iteration #7, type ALL: wirelen solved = 6901, spread = 28641, legal = 34041; time = 0.09s
Info:     at iteration #8, type ALL: wirelen solved = 7602, spread = 27943, legal = 34668; time = 0.09s
Info:     at iteration #9, type ALL: wirelen solved = 8261, spread = 28462, legal = 35644; time = 0.10s
Info:     at iteration #10, type ALL: wirelen solved = 8544, spread = 28434, legal = 34391; time = 0.08s
Info:     at iteration #11, type ALL: wirelen solved = 8947, spread = 27685, legal = 32802; time = 0.05s
Info:     at iteration #12, type ALL: wirelen solved = 9385, spread = 27309, legal = 32321; time = 0.04s
Info:     at iteration #13, type ALL: wirelen solved = 9863, spread = 26926, legal = 32919; time = 0.06s
Info:     at iteration #14, type ALL: wirelen solved = 10266, spread = 26398, legal = 30539; time = 0.04s
Info:     at iteration #15, type ALL: wirelen solved = 10235, spread = 25297, legal = 29842; time = 0.04s
Info:     at iteration #16, type ALL: wirelen solved = 10387, spread = 24570, legal = 29354; time = 0.04s
Info:     at iteration #17, type ALL: wirelen solved = 11022, spread = 24098, legal = 28965; time = 0.04s
Info:     at iteration #18, type ALL: wirelen solved = 11324, spread = 24533, legal = 28913; time = 0.04s
Info:     at iteration #19, type ALL: wirelen solved = 11636, spread = 24117, legal = 28870; time = 0.04s
Info:     at iteration #20, type ALL: wirelen solved = 11742, spread = 24057, legal = 29623; time = 0.04s
Info:     at iteration #21, type ALL: wirelen solved = 12526, spread = 24238, legal = 28839; time = 0.04s
Info:     at iteration #22, type ALL: wirelen solved = 12761, spread = 23133, legal = 28461; time = 0.04s
Info:     at iteration #23, type ALL: wirelen solved = 13177, spread = 23009, legal = 28130; time = 0.04s
Info:     at iteration #24, type ALL: wirelen solved = 13165, spread = 22931, legal = 27832; time = 0.04s
Info:     at iteration #25, type ALL: wirelen solved = 13565, spread = 23341, legal = 28909; time = 0.04s
Info:     at iteration #26, type ALL: wirelen solved = 13577, spread = 23897, legal = 28780; time = 0.03s
Info:     at iteration #27, type ALL: wirelen solved = 14018, spread = 23649, legal = 28537; time = 0.04s
Info:     at iteration #28, type ALL: wirelen solved = 13970, spread = 23531, legal = 28256; time = 0.03s
Info:     at iteration #29, type ALL: wirelen solved = 14252, spread = 23488, legal = 28886; time = 0.04s
Info: HeAP Placer Time: 2.34s
Info:   of which solving equations: 0.88s
Info:   of which spreading cells: 0.10s
Info:   of which strict legalisation: 1.08s

Info: Running simulated annealing placer for refinement.
Info:   at iteration #1: temp = 0.000000, timing cost = 1868, wirelen = 27832
Info:   at iteration #5: temp = 0.000000, timing cost = 1755, wirelen = 24272
Info:   at iteration #10: temp = 0.000000, timing cost = 1711, wirelen = 23201
Info:   at iteration #15: temp = 0.000000, timing cost = 1530, wirelen = 22547
Info:   at iteration #20: temp = 0.000000, timing cost = 1494, wirelen = 22278
Info:   at iteration #25: temp = 0.000000, timing cost = 1540, wirelen = 22171
Info:   at iteration #25: temp = 0.000000, timing cost = 1539, wirelen = 22175 
Info: SA placement time 1.96s

Info: Max frequency for clock 'clk12$SB_IO_IN_$glb_clk': 16.84 MHz (PASS at 12.00 MHz)

Info: Clock '$PACKER_GND_NET_$glb_clk' has no interior paths

Info: Max delay <async>                         -> posedge clk12$SB_IO_IN_$glb_clk: 2.99 ns
Info: Max delay posedge clk12$SB_IO_IN_$glb_clk -> <async>                        : 14.20 ns

Info: Slack histogram:
Info:  legend: * represents 29 endpoint(s)
Info:          + represents [1,29) endpoint(s)
Info: [ 23957,  26777) |+
Info: [ 26777,  29597) |*+
Info: [ 29597,  32417) |+
Info: [ 32417,  35237) |+
Info: [ 35237,  38057) |+
Info: [ 38057,  40877) |****+
Info: [ 40877,  43697) |******+
Info: [ 43697,  46517) |***+
Info: [ 46517,  49337) |*****+
Info: [ 49337,  52157) |******+
Info: [ 52157,  54977) |*********+
Info: [ 54977,  57797) |*******+
Info: [ 57797,  60617) |**************+
Info: [ 60617,  63437) |************************************************************ 
Info: [ 63437,  66257) |****************+
Info: [ 66257,  69077) |**********+
Info: [ 69077,  71897) |*************+
Info: [ 71897,  74717) |****************+
Info: [ 74717,  77537) |**********************+
Info: [ 77537,  80357) |************************************+
Info: Checksum: 0x65b2ab30

Info: Routing..
Info: Setting up routing queue.
Info: Routing 15667 arcs.
Info:            |   (re-)routed arcs  |   delta    | remaining|       time spent     |
Info:    IterCnt |  w/ripup   wo/ripup |  w/r  wo/r |      arcs| batch(sec) total(sec)|
Info:       1000 |      215        784 |  215   784 |     14988|       0.21       0.21|
Info:       2000 |      486       1513 |  271   729 |     14475|       0.13       0.34|
Info:       3000 |      893       2106 |  407   593 |     14175|       0.13       0.47|
Info:       4000 |     1368       2631 |  475   525 |     13868|       0.14       0.60|
Info:       5000 |     1837       3162 |  469   531 |     13537|       0.15       0.75|
Info:       6000 |     2228       3771 |  391   609 |     13126|       0.14       0.89|
Info:       7000 |     2613       4386 |  385   615 |     12657|       0.13       1.02|
Info:       8000 |     3222       4777 |  609   391 |     12541|       0.13       1.14|
Info:       9000 |     3752       5219 |  530   442 |     12316|       0.13       1.27|
Info:      10000 |     4333       5638 |  581   419 |     12155|       0.15       1.43|
Info:      11000 |     5016       5940 |  683   302 |     12046|       0.13       1.56|
Info:      12000 |     5745       6211 |  729   271 |     11978|       0.18       1.74|
Info:      13000 |     6376       6580 |  631   369 |     11855|       0.13       1.87|
Info:      14000 |     7061       6895 |  685   315 |     11712|       0.13       2.00|
Info:      15000 |     7758       7198 |  697   303 |     11557|       0.17       2.16|
Info:      16000 |     8317       7505 |  559   307 |     11223|       0.09       2.25|
Info:      17000 |     8835       7947 |  518   442 |     10852|       0.11       2.36|
Info:      18000 |     9299       8431 |  464   484 |     10395|       0.10       2.46|
Info:      19000 |     9819       8848 |  520   417 |     10009|       0.08       2.54|
Info:      20000 |    10328       9291 |  509   443 |      9707|       0.15       2.69|
Info:      21000 |    10883       9674 |  555   383 |      9392|       0.12       2.81|
Info:      22000 |    11227      10279 |  344   605 |      8837|       0.10       2.91|
Info:      23000 |    11704      10765 |  477   486 |      8423|       0.11       3.02|
Info:      24000 |    12067      11352 |  363   587 |      7955|       0.12       3.14|
Info:      25000 |    12399      11949 |  332   597 |      7442|       0.08       3.22|
Info:      26000 |    12852      12459 |  453   510 |      7023|       0.12       3.34|
Info:      27000 |    13106      13059 |  254   600 |      6355|       0.08       3.41|
Info:      28000 |    13381      13715 |  275   656 |      5765|       0.07       3.48|
Info:      29000 |    13833      14252 |  452   537 |      5377|       0.12       3.61|
Info:      30000 |    14230      14830 |  397   578 |      4939|       0.13       3.74|
Info:      31000 |    14666      15334 |  436   504 |      4573|       0.14       3.88|
Info:      32000 |    15171      15720 |  505   386 |      4211|       0.14       4.02|
Info:      33000 |    15482      16192 |  311   472 |      3612|       0.07       4.09|
Info:      34000 |    15843      16826 |  361   634 |      3129|       0.11       4.20|
Info:      35000 |    16477      17172 |  634   346 |      2985|       0.15       4.35|
Info:      36000 |    16883      17722 |  406   550 |      2578|       0.12       4.48|
Info:      37000 |    17194      18402 |  311   680 |      2114|       0.10       4.57|
Info:      38000 |    17397      19172 |  203   770 |      1410|       0.05       4.62|
Info:      39000 |    17788      19781 |  391   609 |       902|       0.12       4.74|
Info:      40000 |    17977      20582 |  189   801 |       203|       0.23       4.97|
Info:      40325 |    18065      20820 |   88   238 |         0|       0.12       5.10|
Info: Routing complete.
Info: Router1 time 5.10s
Info: Checksum: 0x1e33e5ad

Info: Critical path report for clock 'clk12$SB_IO_IN_$glb_clk' (posedge -> posedge):
Info:       type curr  total name
Info:   clk-to-q  1.39  1.39 Source system.write_position_SB_DFFESR_Q_11_D_SB_LUT4_O_LC.O
Info:    routing  2.99  4.38 Net system.write_position[5] (17,7) -> (17,12)
Info:                          Sink system.with_spectrum.spectrum_ram.address_SB_LUT4_O_10_I3_SB_CARRY_CI_CO_SB_CARRY_CI_CO_SB_CARRY_CI_CO_SB_LUT4_O_1_I3_SB_LUT4_O_1_LC.I2
Info:                          Defined in:
Info:                               rtl/upduino_sensor.sv:315.37-315.56
Info:                               ./.tools/oss-cad-suite/libexec/../share/yosys/ice40/arith_map.v:62.5-70.4
Info:                               ./.tools/oss-cad-suite/libexec/../share/yosys/ice40/cells_map.v:6.21-6.22
Info:      logic  1.21  5.59 Source system.with_spectrum.spectrum_ram.address_SB_LUT4_O_10_I3_SB_CARRY_CI_CO_SB_CARRY_CI_CO_SB_CARRY_CI_CO_SB_LUT4_O_1_I3_SB_LUT4_O_1_LC.O
Info:    routing  1.76  7.35 Net system.with_spectrum.spectrum_ram.address_SB_LUT4_O_10_I3_SB_CARRY_CI_CO_SB_CARRY_CI_CO_SB_CARRY_CI_CO_SB_LUT4_O_1_I3[2] (17,12) -> (17,13)
Info:                          Sink system.transport.spi.tx_shift_SB_DFFESR_Q_2_D_SB_LUT4_O_I3_SB_LUT4_O_I3_SB_LUT4_O_1_I3_SB_LUT4_O_I3_SB_LUT4_I2_I3_SB_LUT4_O_I3_SB_LUT4_O_1_I3_SB_LUT4_O_I3_SB_LUT4_O_I3_SB_LUT4_O_I2_SB_LUT4_O_I3_SB_LUT4_O_2_I2_SB_LUT4_O_LC.I3
Info:                          Defined in:
Info:                               ./.tools/oss-cad-suite/libexec/../share/yosys/ice40/cells_map.v:6.21-6.22
Info:      logic  0.87  8.22 Source system.transport.spi.tx_shift_SB_DFFESR_Q_2_D_SB_LUT4_O_I3_SB_LUT4_O_I3_SB_LUT4_O_1_I3_SB_LUT4_O_I3_SB_LUT4_I2_I3_SB_LUT4_O_I3_SB_LUT4_O_1_I3_SB_LUT4_O_I3_SB_LUT4_O_I3_SB_LUT4_O_I2_SB_LUT4_O_I3_SB_LUT4_O_2_I2_SB_LUT4_O_LC.O
Info:    routing  4.25  12.47 Net system.transport.spi.tx_shift_SB_DFFESR_Q_2_D_SB_LUT4_O_I3_SB_LUT4_O_I3_SB_LUT4_O_1_I3_SB_LUT4_O_I3_SB_LUT4_I2_I3_SB_LUT4_O_I3_SB_LUT4_O_1_I3_SB_LUT4_O_I3_SB_LUT4_O_I3_SB_LUT4_O_I2_SB_LUT4_O_I3_SB_LUT4_O_2_I2[1] (17,13) -> (17,25)
Info:                          Sink system.transport.spi.tx_shift_SB_DFFESR_Q_2_D_SB_LUT4_O_I3_SB_LUT4_O_I3_SB_LUT4_O_1_I3_SB_LUT4_O_I3_SB_LUT4_I2_I3_SB_LUT4_O_I3_SB_LUT4_O_1_I3_SB_LUT4_O_I3_SB_LUT4_O_I3_SB_LUT4_O_I2_SB_LUT4_O_I3_SB_LUT4_O_2_I2_SB_LUT4_I3_1_LC.I3
Info:                          Defined in:
Info:                               ./.tools/oss-cad-suite/libexec/../share/yosys/ice40/cells_map.v:6.21-6.22
Info:      logic  0.87  13.34 Source system.transport.spi.tx_shift_SB_DFFESR_Q_2_D_SB_LUT4_O_I3_SB_LUT4_O_I3_SB_LUT4_O_1_I3_SB_LUT4_O_I3_SB_LUT4_I2_I3_SB_LUT4_O_I3_SB_LUT4_O_1_I3_SB_LUT4_O_I3_SB_LUT4_O_I3_SB_LUT4_O_I2_SB_LUT4_O_I3_SB_LUT4_O_2_I2_SB_LUT4_I3_1_LC.O
Info:    routing  3.60  16.94 Net system.transport.spi.tx_shift_SB_DFFESR_Q_1_D_SB_LUT4_O_I3_SB_LUT4_O_I3_SB_LUT4_O_1_I3_SB_LUT4_O_1_I3_SB_LUT4_O_I3_SB_LUT4_O_I3_SB_LUT4_O_1_I3_SB_LUT4_O_I3_SB_LUT4_O_3_I3_SB_LUT4_O_2_I3[1] (17,25) -> (14,17)
Info:                          Sink system.transport.spi.tx_shift_SB_DFFESR_Q_5_D_SB_LUT4_O_I3_SB_LUT4_O_I3_SB_LUT4_O_I3_SB_LUT4_O_1_I3_SB_LUT4_O_I3_SB_LUT4_O_2_I3_SB_LUT4_O_1_I2_SB_LUT4_O_I0_SB_LUT4_O_1_I3_SB_LUT4_I3_O_SB_LUT4_O_I3_SB_LUT4_O_I3_SB_LUT4_O_1_LC.I3
Info:                          Defined in:
Info:                               ./.tools/oss-cad-suite/libexec/../share/yosys/ice40/cells_map.v:6.21-6.22
Info:      logic  0.87  17.82 Source system.transport.spi.tx_shift_SB_DFFESR_Q_5_D_SB_LUT4_O_I3_SB_LUT4_O_I3_SB_LUT4_O_I3_SB_LUT4_O_1_I3_SB_LUT4_O_I3_SB_LUT4_O_2_I3_SB_LUT4_O_1_I2_SB_LUT4_O_I0_SB_LUT4_O_1_I3_SB_LUT4_I3_O_SB_LUT4_O_I3_SB_LUT4_O_I3_SB_LUT4_O_1_LC.O
Info:    routing  1.76  19.58 Net system.transport.spi.tx_shift_SB_DFFESR_Q_5_D_SB_LUT4_O_I3_SB_LUT4_O_I3_SB_LUT4_O_I3_SB_LUT4_O_1_I3_SB_LUT4_O_I3_SB_LUT4_O_2_I3_SB_LUT4_O_1_I2_SB_LUT4_O_I0_SB_LUT4_O_1_I3_SB_LUT4_I3_O_SB_LUT4_O_I3_SB_LUT4_O_I3[3] (14,17) -> (13,17)
Info:                          Sink system.transport.spi.tx_shift_SB_DFFESR_Q_5_D_SB_LUT4_O_I3_SB_LUT4_O_I3_SB_LUT4_O_I3_SB_LUT4_O_1_I3_SB_LUT4_O_I3_SB_LUT4_O_2_I3_SB_LUT4_O_1_I2_SB_LUT4_O_I0_SB_LUT4_O_1_I3_SB_LUT4_I3_O_SB_LUT4_O_I3_SB_LUT4_O_LC.I3
Info:                          Defined in:
Info:                               ./.tools/oss-cad-suite/libexec/../share/yosys/ice40/cells_map.v:6.21-6.22
Info:      logic  0.87  20.45 Source system.transport.spi.tx_shift_SB_DFFESR_Q_5_D_SB_LUT4_O_I3_SB_LUT4_O_I3_SB_LUT4_O_I3_SB_LUT4_O_1_I3_SB_LUT4_O_I3_SB_LUT4_O_2_I3_SB_LUT4_O_1_I2_SB_LUT4_O_I0_SB_LUT4_O_1_I3_SB_LUT4_I3_O_SB_LUT4_O_I3_SB_LUT4_O_LC.O
Info:    routing  1.76  22.21 Net system.transport.spi.tx_shift_SB_DFFESR_Q_5_D_SB_LUT4_O_I3_SB_LUT4_O_I3_SB_LUT4_O_I3_SB_LUT4_O_1_I3_SB_LUT4_O_I3_SB_LUT4_O_2_I3_SB_LUT4_O_1_I2_SB_LUT4_O_I0_SB_LUT4_O_1_I3_SB_LUT4_I3_O_SB_LUT4_O_I3[3] (13,17) -> (12,18)
Info:                          Sink system.transport.spi.tx_shift_SB_DFFESR_Q_5_D_SB_LUT4_O_I3_SB_LUT4_O_I3_SB_LUT4_O_I3_SB_LUT4_O_1_I3_SB_LUT4_O_I3_SB_LUT4_O_2_I3_SB_LUT4_O_1_I2_SB_LUT4_O_I0_SB_LUT4_O_1_I3_SB_LUT4_I3_O_SB_LUT4_O_LC.I3
Info:                          Defined in:
Info:                               ./.tools/oss-cad-suite/libexec/../share/yosys/ice40/cells_map.v:6.21-6.22
Info:      logic  0.87  23.09 Source system.transport.spi.tx_shift_SB_DFFESR_Q_5_D_SB_LUT4_O_I3_SB_LUT4_O_I3_SB_LUT4_O_I3_SB_LUT4_O_1_I3_SB_LUT4_O_I3_SB_LUT4_O_2_I3_SB_LUT4_O_1_I2_SB_LUT4_O_I0_SB_LUT4_O_1_I3_SB_LUT4_I3_O_SB_LUT4_O_LC.O
Info:    routing  1.76  24.85 Net system.transport.spi.tx_shift_SB_DFFESR_Q_5_D_SB_LUT4_O_I3_SB_LUT4_O_I3_SB_LUT4_O_I3_SB_LUT4_O_1_I3_SB_LUT4_O_I3_SB_LUT4_O_2_I3_SB_LUT4_O_1_I2_SB_LUT4_O_I0_SB_LUT4_O_1_I3_SB_LUT4_I3_O[3] (12,18) -> (12,19)
Info:                          Sink system.transport.spi.tx_shift_SB_DFFESR_Q_2_D_SB_LUT4_O_I3_SB_LUT4_O_I3_SB_LUT4_O_1_I3_SB_LUT4_O_I3_SB_LUT4_O_1_I3_SB_LUT4_O_I3_SB_LUT4_O_2_I3_SB_LUT4_O_1_I2_SB_LUT4_O_LC.I3
Info:                          Defined in:
Info:                               ./.tools/oss-cad-suite/libexec/../share/yosys/ice40/cells_map.v:6.21-6.22
Info:      logic  0.87  25.72 Source system.transport.spi.tx_shift_SB_DFFESR_Q_2_D_SB_LUT4_O_I3_SB_LUT4_O_I3_SB_LUT4_O_1_I3_SB_LUT4_O_I3_SB_LUT4_O_1_I3_SB_LUT4_O_I3_SB_LUT4_O_2_I3_SB_LUT4_O_1_I2_SB_LUT4_O_LC.O
Info:    routing  3.49  29.22 Net system.transport.spi.tx_shift_SB_DFFESR_Q_2_D_SB_LUT4_O_I3_SB_LUT4_O_I3_SB_LUT4_O_1_I3_SB_LUT4_O_I3_SB_LUT4_O_1_I3_SB_LUT4_O_I3_SB_LUT4_O_2_I3_SB_LUT4_O_1_I2[2] (12,19) -> (20,22)
Info:                          Sink system.transport.spi.tx_shift_SB_DFFESR_Q_2_D_SB_LUT4_O_I3_SB_LUT4_O_I3_SB_LUT4_O_1_I3_SB_LUT4_O_I3_SB_LUT4_O_1_I3_SB_LUT4_O_I3_SB_LUT4_O_2_I3_SB_LUT4_O_1_LC.I2
Info:                          Defined in:
Info:                               ./.tools/oss-cad-suite/libexec/../share/yosys/ice40/cells_map.v:6.21-6.22
Info:      logic  1.21  30.42 Source system.transport.spi.tx_shift_SB_DFFESR_Q_2_D_SB_LUT4_O_I3_SB_LUT4_O_I3_SB_LUT4_O_1_I3_SB_LUT4_O_I3_SB_LUT4_O_1_I3_SB_LUT4_O_I3_SB_LUT4_O_2_I3_SB_LUT4_O_1_LC.O
Info:    routing  1.76  32.18 Net system.transport.spi.tx_shift_SB_DFFESR_Q_2_D_SB_LUT4_O_I3_SB_LUT4_O_I3_SB_LUT4_O_1_I3_SB_LUT4_O_I3_SB_LUT4_O_1_I3_SB_LUT4_O_I3_SB_LUT4_O_2_I3[3] (20,22) -> (20,23)
Info:                          Sink system.transport.spi.tx_shift_SB_DFFESR_Q_2_D_SB_LUT4_O_I3_SB_LUT4_O_I3_SB_LUT4_O_1_I3_SB_LUT4_O_I3_SB_LUT4_O_1_I3_SB_LUT4_O_I3_SB_LUT4_O_2_LC.I3
Info:                          Defined in:
Info:                               ./.tools/oss-cad-suite/libexec/../share/yosys/ice40/cells_map.v:6.21-6.22
Info:      logic  0.87  33.06 Source system.transport.spi.tx_shift_SB_DFFESR_Q_2_D_SB_LUT4_O_I3_SB_LUT4_O_I3_SB_LUT4_O_1_I3_SB_LUT4_O_I3_SB_LUT4_O_1_I3_SB_LUT4_O_I3_SB_LUT4_O_2_LC.O
Info:    routing  1.76  34.82 Net system.transport.spi.tx_shift_SB_DFFESR_Q_2_D_SB_LUT4_O_I3_SB_LUT4_O_I3_SB_LUT4_O_1_I3_SB_LUT4_O_I3_SB_LUT4_O_1_I3_SB_LUT4_O_I3[3] (20,23) -> (20,24)
Info:                          Sink system.transport.spi.tx_shift_SB_DFFESR_Q_2_D_SB_LUT4_O_I3_SB_LUT4_O_I3_SB_LUT4_O_1_I3_SB_LUT4_O_I3_SB_LUT4_O_1_I3_SB_LUT4_O_LC.I3
Info:                          Defined in:
Info:                               ./.tools/oss-cad-suite/libexec/../share/yosys/ice40/cells_map.v:6.21-6.22
Info:      logic  0.87  35.69 Source system.transport.spi.tx_shift_SB_DFFESR_Q_2_D_SB_LUT4_O_I3_SB_LUT4_O_I3_SB_LUT4_O_1_I3_SB_LUT4_O_I3_SB_LUT4_O_1_I3_SB_LUT4_O_LC.O
Info:    routing  4.90  40.59 Net system.transport.spi.tx_shift_SB_DFFESR_Q_2_D_SB_LUT4_O_I3_SB_LUT4_O_I3_SB_LUT4_O_1_I3_SB_LUT4_O_I3_SB_LUT4_O_1_I3[3] (20,24) -> (16,9)
Info:                          Sink system.transport.spi.tx_shift_SB_DFFESR_Q_2_D_SB_LUT4_O_I3_SB_LUT4_O_I3_SB_LUT4_O_1_I3_SB_LUT4_O_I3_SB_LUT4_O_1_LC.I3
Info:                          Defined in:
Info:                               ./.tools/oss-cad-suite/libexec/../share/yosys/ice40/cells_map.v:6.21-6.22
Info:      logic  0.87  41.46 Source system.transport.spi.tx_shift_SB_DFFESR_Q_2_D_SB_LUT4_O_I3_SB_LUT4_O_I3_SB_LUT4_O_1_I3_SB_LUT4_O_I3_SB_LUT4_O_1_LC.O
Info:    routing  2.99  44.46 Net system.transport.spi.tx_shift_SB_DFFESR_Q_2_D_SB_LUT4_O_I3_SB_LUT4_O_I3_SB_LUT4_O_1_I3_SB_LUT4_O_I3[3] (16,9) -> (16,3)
Info:                          Sink system.transport.spi.tx_shift_SB_DFFESR_Q_2_D_SB_LUT4_O_I3_SB_LUT4_O_I3_SB_LUT4_O_1_I3_SB_LUT4_O_LC.I3
Info:                          Defined in:
Info:                               ./.tools/oss-cad-suite/libexec/../share/yosys/ice40/cells_map.v:6.21-6.22
Info:      logic  0.87  45.33 Source system.transport.spi.tx_shift_SB_DFFESR_Q_2_D_SB_LUT4_O_I3_SB_LUT4_O_I3_SB_LUT4_O_1_I3_SB_LUT4_O_LC.O
Info:    routing  1.76  47.09 Net system.transport.spi.tx_shift_SB_DFFESR_Q_2_D_SB_LUT4_O_I3_SB_LUT4_O_I3_SB_LUT4_O_1_I3[3] (16,3) -> (16,2)
Info:                          Sink system.transport.spi.tx_shift_SB_DFFESR_Q_2_D_SB_LUT4_O_I3_SB_LUT4_O_I3_SB_LUT4_O_1_LC.I3
Info:                          Defined in:
Info:                               ./.tools/oss-cad-suite/libexec/../share/yosys/ice40/cells_map.v:6.21-6.22
Info:      logic  0.87  47.96 Source system.transport.spi.tx_shift_SB_DFFESR_Q_2_D_SB_LUT4_O_I3_SB_LUT4_O_I3_SB_LUT4_O_1_LC.O
Info:    routing  1.76  49.72 Net system.transport.spi.tx_shift_SB_DFFESR_Q_2_D_SB_LUT4_O_I3_SB_LUT4_O_I3[3] (16,2) -> (17,3)
Info:                          Sink system.transport.spi.tx_shift_SB_DFFESR_Q_2_D_SB_LUT4_O_I3_SB_LUT4_O_I3_SB_LUT4_I3_LC.I3
Info:                          Defined in:
Info:                               ./.tools/oss-cad-suite/libexec/../share/yosys/ice40/cells_map.v:6.21-6.22
Info:      logic  0.87  50.60 Source system.transport.spi.tx_shift_SB_DFFESR_Q_2_D_SB_LUT4_O_I3_SB_LUT4_O_I3_SB_LUT4_I3_LC.O
Info:    routing  1.76  52.36 Net system.crc_SB_DFFESS_Q_9_D_SB_LUT4_O_I2[0] (17,3) -> (17,4)
Info:                          Sink system.crc_SB_DFFESS_Q_26_D_SB_LUT4_O_I3_SB_LUT4_O_LC.I3
Info:                          Defined in:
Info:                               ./.tools/oss-cad-suite/libexec/../share/yosys/ice40/cells_map.v:6.21-6.22
Info:      logic  0.87  53.23 Source system.crc_SB_DFFESS_Q_26_D_SB_LUT4_O_I3_SB_LUT4_O_LC.O
Info:    routing  1.76  54.99 Net system.crc_SB_DFFESS_Q_26_D_SB_LUT4_O_I3[1] (17,4) -> (17,5)
Info:                          Sink system.crc_SB_DFFESS_Q_4_D_SB_LUT4_O_I3_SB_LUT4_O_LC.I3
Info:                          Defined in:
Info:                               ./.tools/oss-cad-suite/libexec/../share/yosys/ice40/cells_map.v:6.21-6.22
Info:      logic  0.87  55.87 Source system.crc_SB_DFFESS_Q_4_D_SB_LUT4_O_I3_SB_LUT4_O_LC.O
Info:    routing  1.76  57.63 Net system.crc_SB_DFFESS_Q_4_D_SB_LUT4_O_I3[1] (17,5) -> (17,6)
Info:                          Sink system.crc_SB_DFFESS_Q_14_D_SB_LUT4_O_LC.I2
Info:                          Defined in:
Info:                               ./.tools/oss-cad-suite/libexec/../share/yosys/ice40/cells_map.v:6.21-6.22
Info:      setup  1.15  58.78 Source system.crc_SB_DFFESS_Q_14_D_SB_LUT4_O_LC.I2
Info: 17.19 ns logic, 41.59 ns routing

Info: Critical path report for cross-domain path '<async>' -> 'posedge clk12$SB_IO_IN_$glb_clk':
Info:       type curr  total name
Info:     source  0.00  0.00 Source sensor_drdy$sb_io.D_IN_0
Info:    routing  3.15  3.15 Net sensor_drdy$SB_IO_IN (16,31) -> (13,28)
Info:                          Sink system.capture.drdy_meta_SB_DFFSR_Q_DFFLC.I0
Info:                          Defined in:
Info:                               rtl/upduino_sensor.sv:45.49-45.60
Info:      setup  1.23  4.38 Source system.capture.drdy_meta_SB_DFFSR_Q_DFFLC.I0
Info: 1.23 ns logic, 3.15 ns routing

Info: Critical path report for cross-domain path 'posedge clk12$SB_IO_IN_$glb_clk' -> '<async>':
Info:       type curr  total name
Info:   clk-to-q  1.39  1.39 Source system.error_flags_SB_DFFESR_Q_5_DFFLC.O
Info:    routing  4.90  6.29 Net system.error_flags[4] (13,27) -> (14,11)
Info:                          Sink status_error_SB_LUT4_O_I3_SB_LUT4_O_1_LC.I3
Info:                          Defined in:
Info:                               rtl/upduino_sensor.sv:55.15-55.26
Info:      logic  0.87  7.16 Source status_error_SB_LUT4_O_I3_SB_LUT4_O_1_LC.O
Info:    routing  2.30  9.46 Net status_error_SB_LUT4_O_I3[1] (14,11) -> (15,11)
Info:                          Sink status_error_SB_LUT4_O_LC.I3
Info:                          Defined in:
Info:                               ./.tools/oss-cad-suite/libexec/../share/yosys/ice40/cells_map.v:6.21-6.22
Info:      logic  0.87  10.34 Source status_error_SB_LUT4_O_LC.O
Info:    routing  4.35  14.69 Net status_error$SB_IO_OUT (15,11) -> (18,0)
Info:                          Sink status_error$sb_io.D_OUT_0
Info:                          Defined in:
Info:                               rtl/upduino_sensor.sv:48.28-48.40
Info: 3.14 ns logic, 11.55 ns routing

Info: Max frequency for clock 'clk12$SB_IO_IN_$glb_clk': 17.01 MHz (PASS at 12.00 MHz)

Info: Clock '$PACKER_GND_NET_$glb_clk' has no interior paths

Info: Max delay <async>                         -> posedge clk12$SB_IO_IN_$glb_clk: 4.38 ns
Info: Max delay posedge clk12$SB_IO_IN_$glb_clk -> <async>                        : 14.69 ns

Info: Slack histogram:
Info:  legend: * represents 27 endpoint(s)
Info:          + represents [1,27) endpoint(s)
Info: [ 24548,  27325) |+
Info: [ 27325,  30102) |+
Info: [ 30102,  32879) |*+
Info: [ 32879,  35656) |*+
Info: [ 35656,  38433) |**+
Info: [ 38433,  41210) |**+
Info: [ 41210,  43987) |**+
Info: [ 43987,  46764) |***+
Info: [ 46764,  49541) |*********+
Info: [ 49541,  52318) |*************+
Info: [ 52318,  55095) |**********+
Info: [ 55095,  57872) |******+
Info: [ 57872,  60649) |****************+
Info: [ 60649,  63426) |************************+
Info: [ 63426,  66203) |************************************************************ 
Info: [ 66203,  68980) |**********+
Info: [ 68980,  71757) |************+
Info: [ 71757,  74534) |****************+
Info: [ 74534,  77311) |***********************+
Info: [ 77311,  80088) |*************************************+

Info: Program finished normally.
