vivado v2024.2 (64-bit)
Tool Version Limit: 2024.11
SW Build 5239630 on Fri Nov 08 22:34:34 MST 2024
IP Build 5239520 on Sun Nov 10 16:12:51 MST 2024
SharedData Build 5239561 on Fri Nov 08 14:39:27 MST 2024
Copyright 1986-2022 Xilinx, Inc. All Rights Reserved.
Copyright 2022-2024 Advanced Micro Devices, Inc. All Rights Reserved.

****** Vivado v2024.2 (64-bit)
  **** SW Build 5239630 on Fri Nov 08 22:34:34 MST 2024
  **** IP Build 5239520 on Sun Nov 10 16:12:51 MST 2024
  **** SharedData Build 5239561 on Fri Nov 08 14:39:27 MST 2024
  **** Start of session at: Tue Oct  6 05:20:03 2026
    ** Copyright 1986-2022 Xilinx, Inc. All Rights Reserved.
    ** Copyright 2022-2024 Advanced Micro Devices, Inc. All Rights Reserved.

source implement.tcl
# set_param general.maxThreads 2
# source config.tcl
## set stage impl
## set sources {rtl/core/vib_coeff_rom.sv rtl/platform/spram16k.sv rtl/core/known_capture.sv rtl/core/known_spectral_core.sv}
## set generics {N=1024 WINDOWS=156 LANES=4 QUANT_PIPELINE=0 MODEL_DIR=model BIAS=441 THRESHOLD=-1029 LOG_CONSTANT=128145 LOG_FLOOR=-163279}
# foreach path $sources {read_verilog -sv -define AMD_FPGA $path}
ERROR: [Common 17-69] Command failed: '-define' is only supported when is_compile_unit_mode is enabled on the source fileset
INFO: [Common 17-206] Exiting Vivado at Tue Oct  6 05:20:16 2026...
