
 /----------------------------------------------------------------------------\
 |  yosys -- Yosys Open SYnthesis Suite                                       |
 |  Copyright (C) 2012 - 2026  Claire Xenia Wolf <claire@yosyshq.com>         |
 |  Distributed under an ISC-like license, type "license" to see terms        |
 \----------------------------------------------------------------------------/
 Yosys 0.68+195 (git sha1 435977e97-dirty, Release, Clang /usr/local/osxcross/target/bin/aarch64-apple-darwin25.5-clang++ 21.1.8)

-- Executing script file `design_smt2.ys' --

1. Executing RTLIL frontend.
Input filename: design_prep.il

2. Executing HIERARCHY pass (managing design hierarchy).
Attribute `top' found on module `quant_functions_harness'. Setting top module to quant_functions_harness.

2.1. Analyzing design hierarchy..
Top module:  \quant_functions_harness
Used module:     $paramod\quant_functions_kernel\HIDDEN_SHIFT=s32'00000000000000000000000000001000

2.2. Analyzing design hierarchy..
Top module:  \quant_functions_harness
Used module:     $paramod\quant_functions_kernel\HIDDEN_SHIFT=s32'00000000000000000000000000001000
Removed 0 unused modules.
Module quant_functions_harness directly or indirectly contains formal properties -> setting "keep" attribute.

3. Executing FORMALFF pass.

4. Executing DFFUNMAP pass (unmap clock enable and synchronous reset from FFs).

5. Printing statistics.

=== $paramod\quant_functions_kernel\HIDDEN_SHIFT=s32'00000000000000000000000000001000 ===

        +----------Local Count, excluding submodules.
        | 
       34 wires
      573 wire bits
        6 public wires
      126 public wire bits
        6 ports
      126 port bits
       32 cells
        2   $add
        1   $and
        2   $eq
        5   $gt
        1   $le
        2   $logic_and
        1   $logic_not
        2   $logic_or
        2   $lt
        9   $mux
        2   $shl
        1   $sshr
        2   $sub

=== quant_functions_harness ===

        +----------Local Count, excluding submodules.
        | 
       53 wires
      173 wire bits
        7 public wires
      127 public wire bits
        1 ports
        1 port bits
       62 cells
        2   $anyseq
        1   $assume
       13   $cover
       23   $eq
        1   $le
       19   $logic_and
        3   $logic_not
        1 submodules
        1   $paramod\quant_functions_kernel\HIDDEN_SHIFT=s32'00000000000000000000000000001000

=== design hierarchy ===

        +----------Count including submodules.
        | 
       94 quant_functions_harness
       32 $paramod\quant_functions_kernel\HIDDEN_SHIFT=s32'00000000000000000000000000001000

        +----------Count including submodules.
        | 
       87 wires
      746 wire bits
       13 public wires
      253 public wire bits
        7 ports
      127 port bits
        - memories
        - memory bits
        - processes
       94 cells
        2   $add
        1   $and
        2   $anyseq
        1   $assume
       13   $cover
       25   $eq
        5   $gt
        2   $le
       21   $logic_and
        4   $logic_not
        2   $logic_or
        2   $lt
        9   $mux
        2   $shl
        1   $sshr
        2   $sub
        1 submodules
        1   $paramod\quant_functions_kernel\HIDDEN_SHIFT=s32'00000000000000000000000000001000

6. Executing SMT2 backend.

6.1. Executing BMUXMAP pass.

6.2. Executing DEMUXMAP pass.
Creating SMT-LIBv2 representation of module $paramod\quant_functions_kernel\HIDDEN_SHIFT=s32'00000000000000000000000000001000.
Creating SMT-LIBv2 representation of module quant_functions_harness.

End of script. Logfile hash: dad698a96c, time: 0.00s, user: 0.00s, system: 0.00s, MEM: 12.30 MB peak
Yosys 0.68+195 (git sha1 435977e97-dirty, Release, Clang /usr/local/osxcross/target/bin/aarch64-apple-darwin25.5-clang++ 21.1.8)
Time spent: 61% 2x write_smt2 (0 sec), 18% 2x read_rtlil (0 sec), ...
