Warning: No PCF file specified; IO pins will be placed automatically

Info: Packing constants..
Info: Packing IOs..
Info: Packing LUT-FFs..
Info:     2476 LCs used as LUT4 only
Info:      940 LCs used as LUT4 and DFF
Info: Packing non-LUT FFs..
Info:      577 LCs used as DFF only
Info: Packing carries..
Info:      360 LCs used as CARRY only
Info: Packing indirect carry+LUT pairs...
Info:       31 LUTs merged into carry LCs
Info: Packing RAMs..
Info: Placing PLLs..
Info: Packing special functions..
Info: Packing PLLs..
Info: Promoting globals..
Info: promoting clk$SB_IO_IN (fanout 1561)
Info: promoting rst$SB_IO_IN [reset] (fanout 1344)
Info: promoting core.capture.wr_bank_SB_DFFESR_Q_E_SB_LUT4_O_I3_SB_LUT4_I3_1_O[3] [reset] (fanout 58)
Info: promoting core.capture.wr_bank_SB_DFFESR_Q_E_SB_LUT4_O_I3_SB_LUT4_I3_O[3] [reset] (fanout 58)
Info: promoting core.valid1_SB_LUT4_I1_O [cen] (fanout 203)
Info: promoting core.previous_valid_SB_LUT4_I0_O_SB_LUT4_I3_1_I2_SB_LUT4_I1_O_SB_LUT4_I2_I3_SB_LUT4_I3_O_SB_LUT4_I3_O [cen] (fanout 72)
Info: promoting core.state_SB_DFFESR_Q_3_D_SB_LUT4_O_I1_SB_LUT4_O_I3_SB_LUT4_I3_1_O_SB_LUT4_I3_O[1] [cen] (fanout 68)
Info: promoting core.state_SB_DFFESR_Q_D_SB_LUT4_O_I3_SB_LUT4_O_I2_SB_LUT4_I2_O [cen] (fanout 66)
Info: Constraining chains...
Info:       56 LCs used to legalise carry chains.
Info: Checksum: 0x0c56821b

Info: Device utilisation:
Info: 	         ICESTORM_LC:    4384/   5280    83%
Info: 	        ICESTORM_RAM:      27/     30    90%
Info: 	               SB_IO:      23/     39    58%
Info: 	               SB_GB:       8/      8   100%
Info: 	        ICESTORM_PLL:       0/      1     0%
Info: 	         SB_WARMBOOT:       0/      1     0%
Info: 	        ICESTORM_DSP:       4/      8    50%
Info: 	      ICESTORM_HFOSC:       0/      1     0%
Info: 	      ICESTORM_LFOSC:       0/      1     0%
Info: 	              SB_I2C:       0/      2     0%
Info: 	              SB_SPI:       0/      2     0%
Info: 	              IO_I3C:       0/      2     0%
Info: 	         SB_LEDDA_IP:       0/      1     0%
Info: 	         SB_RGBA_DRV:       0/      1     0%
Info: 	      ICESTORM_SPRAM:       1/      4    25%

Info: Placed 0 cells based on constraints.
Info: Creating initial analytic placement for 2748 cells, random placement wirelen = 99728.
Info:     at initial placer iter 0, wirelen = 2283
Info:     at initial placer iter 1, wirelen = 2566
Info:     at initial placer iter 2, wirelen = 3394
Info:     at initial placer iter 3, wirelen = 3817
Info: Running main analytical placer, max placement attempts per cell = 2471976.
Info:     at iteration #1, type ALL: wirelen solved = 3834, spread = 47341, legal = 51330; time = 0.18s
Info:     at iteration #2, type ALL: wirelen solved = 3106, spread = 41904, legal = 47099; time = 0.18s
Info:     at iteration #3, type ALL: wirelen solved = 4472, spread = 38008, legal = 41697; time = 0.06s
Info:     at iteration #4, type ALL: wirelen solved = 4839, spread = 32238, legal = 38388; time = 0.06s
Info:     at iteration #5, type ALL: wirelen solved = 5444, spread = 33240, legal = 38962; time = 0.06s
Info:     at iteration #6, type ALL: wirelen solved = 6241, spread = 32464, legal = 37776; time = 0.07s
Info:     at iteration #7, type ALL: wirelen solved = 6798, spread = 30028, legal = 36165; time = 0.06s
Info:     at iteration #8, type ALL: wirelen solved = 7481, spread = 29812, legal = 35777; time = 0.06s
Info:     at iteration #9, type ALL: wirelen solved = 8266, spread = 29011, legal = 33456; time = 0.06s
Info:     at iteration #10, type ALL: wirelen solved = 8472, spread = 29244, legal = 34545; time = 0.06s
Info:     at iteration #11, type ALL: wirelen solved = 8863, spread = 28532, legal = 33780; time = 0.06s
Info:     at iteration #12, type ALL: wirelen solved = 9239, spread = 26880, legal = 33150; time = 0.06s
Info:     at iteration #13, type ALL: wirelen solved = 9188, spread = 29147, legal = 33022; time = 0.06s
Info:     at iteration #14, type ALL: wirelen solved = 9964, spread = 26800, legal = 32234; time = 0.06s
Info:     at iteration #15, type ALL: wirelen solved = 9940, spread = 27127, legal = 31768; time = 0.06s
Info:     at iteration #16, type ALL: wirelen solved = 10262, spread = 26675, legal = 31890; time = 0.06s
Info:     at iteration #17, type ALL: wirelen solved = 10434, spread = 26571, legal = 31465; time = 0.06s
Info:     at iteration #18, type ALL: wirelen solved = 10496, spread = 26431, legal = 32524; time = 0.06s
Info:     at iteration #19, type ALL: wirelen solved = 10594, spread = 26908, legal = 31357; time = 0.16s
Info:     at iteration #20, type ALL: wirelen solved = 10998, spread = 25876, legal = 29913; time = 0.18s
Info:     at iteration #21, type ALL: wirelen solved = 11254, spread = 25058, legal = 30736; time = 0.08s
Info:     at iteration #22, type ALL: wirelen solved = 11456, spread = 24864, legal = 30149; time = 0.16s
Info:     at iteration #23, type ALL: wirelen solved = 11563, spread = 25552, legal = 31788; time = 0.06s
Info:     at iteration #24, type ALL: wirelen solved = 11638, spread = 25340, legal = 30946; time = 0.06s
Info:     at iteration #25, type ALL: wirelen solved = 11934, spread = 25557, legal = 31211; time = 0.06s
Info: HeAP Placer Time: 2.40s
Info:   of which solving equations: 0.59s
Info:   of which spreading cells: 0.07s
Info:   of which strict legalisation: 1.54s

Info: Running simulated annealing placer for refinement.
Info:   at iteration #1: temp = 0.000000, timing cost = 1635, wirelen = 29913
Info:   at iteration #5: temp = 0.000000, timing cost = 1463, wirelen = 22845
Info:   at iteration #10: temp = 0.000000, timing cost = 1438, wirelen = 21734
Info:   at iteration #15: temp = 0.000000, timing cost = 1429, wirelen = 21315
Info:   at iteration #20: temp = 0.000000, timing cost = 1479, wirelen = 20989
Info:   at iteration #25: temp = 0.000000, timing cost = 1509, wirelen = 20925
Info:   at iteration #28: temp = 0.000000, timing cost = 1505, wirelen = 20896 
Info: SA placement time 1.21s

Info: Max frequency for clock 'clk$SB_IO_IN_$glb_clk': 16.27 MHz (PASS at 13.20 MHz)

Info: Clock '$PACKER_GND_NET' has no interior paths

Info: Max delay <async>                       -> <async>                      : 9.01 ns
Info: Max delay <async>                       -> posedge clk$SB_IO_IN_$glb_clk: 30.84 ns
Info: Max delay posedge clk$SB_IO_IN_$glb_clk -> <async>                      : 31.42 ns

Info: Slack histogram:
Info:  legend: * represents 14 endpoint(s)
Info:          + represents [1,14) endpoint(s)
Info: [ 14292,  17218) |*+
Info: [ 17218,  20144) |+
Info: [ 20144,  23070) |*+
Info: [ 23070,  25996) |*+
Info: [ 25996,  28922) |*+
Info: [ 28922,  31848) |*******+
Info: [ 31848,  34774) |***********+
Info: [ 34774,  37700) |*************** 
Info: [ 37700,  40626) |*************+
Info: [ 40626,  43552) |********+
Info: [ 43552,  46478) |******+
Info: [ 46478,  49404) |***********+
Info: [ 49404,  52330) |*******+
Info: [ 52330,  55256) |************************+
Info: [ 55256,  58182) |****************************************************+
Info: [ 58182,  61108) |*****************************************************+
Info: [ 61108,  64034) |**********************************************+
Info: [ 64034,  66960) |**********************************+
Info: [ 66960,  69886) |**********************************+
Info: [ 69886,  72812) |************************************************************ 
Info: Checksum: 0xd113750b

Info: Routing..
Info: Setting up routing queue.
Info: Routing 14426 arcs.
Info:            |   (re-)routed arcs  |   delta    | remaining|       time spent     |
Info:    IterCnt |  w/ripup   wo/ripup |  w/r  wo/r |      arcs| batch(sec) total(sec)|
Info:       1000 |      313        686 |  313   686 |     13795|       0.29       0.29|
Info:       2000 |      824       1175 |  511   489 |     13456|       0.12       0.41|
Info:       3000 |     1106       1883 |  282   708 |     12803|       0.12       0.52|
Info:       4000 |     1230       2518 |  124   635 |     11972|       0.05       0.58|
Info:       5000 |     1518       3156 |  288   638 |     11364|       0.07       0.65|
Info:       6000 |     1890       3766 |  372   610 |     10969|       0.11       0.75|
Info:       7000 |     2177       4411 |  287   645 |     10398|       0.12       0.87|
Info:       8000 |     2471       5045 |  294   634 |      9850|       0.12       0.99|
Info:       9000 |     2788       5672 |  317   627 |      9287|       0.11       1.10|
Info:      10000 |     2982       6379 |  194   707 |      8603|       0.10       1.20|
Info:      11000 |     3259       7047 |  277   668 |      8035|       0.11       1.31|
Info:      12000 |     3595       7685 |  336   638 |      7556|       0.14       1.45|
Info:      13000 |     3802       8403 |  207   718 |      6925|       0.11       1.55|
Info:      14000 |     4104       9046 |  302   643 |      6387|       0.13       1.69|
Info:      15000 |     4303       9660 |  199   614 |      5681|       0.09       1.78|
Info:      16000 |     4528      10344 |  225   684 |      5061|       0.12       1.90|
Info:      17000 |     4766      10963 |  238   619 |      4486|       0.11       2.01|
Info:      18000 |     5180      11519 |  414   556 |      4102|       0.15       2.16|
Info:      19000 |     5572      12069 |  392   550 |      3731|       0.21       2.37|
Info:      20000 |     5936      12705 |  364   636 |      3318|       0.16       2.53|
Info:      21000 |     6389      13245 |  453   540 |      3152|       0.22       2.75|
Info:      22000 |     7006      13628 |  617   383 |      3163|       0.23       2.98|
Info:      23000 |     7576      14058 |  570   430 |      3152|       0.23       3.21|
Info:      24000 |     7933      14675 |  357   617 |      2707|       0.14       3.36|
Info:      25000 |     8162      15409 |  229   734 |      2123|       0.09       3.45|
Info:      26000 |     8320      16244 |  158   835 |      1352|       0.09       3.54|
Info:      27000 |     8505      17045 |  185   801 |       620|       0.19       3.73|
Info:      28000 |     8790      17753 |  285   708 |        21|       0.20       3.93|
Info:      28026 |     8794      17776 |    4    23 |         0|       0.01       3.95|
Info: Routing complete.
Info: Router1 time 3.95s
Info: Checksum: 0x7072afab

Info: Critical path report for clock 'clk$SB_IO_IN_$glb_clk' (posedge -> posedge):
Info:       type curr  total name
Info:   clk-to-q  1.39  1.39 Source core.wide_a_SB_DFFESR_Q_13_D_SB_LUT4_O_LC.O
Info:    routing  3.06  4.45 Net core.wide_a[31] (10,17) -> (9,13)
Info:                          Sink core.operand_a[0]_SB_LUT4_O_13_I3_SB_LUT4_O_I0_SB_LUT4_O_LC.I1
Info:                          Defined in:
Info:                               rtl/core/known_spectral_core.sv:80.16-80.22
Info:      logic  1.23  5.68 Source core.operand_a[0]_SB_LUT4_O_13_I3_SB_LUT4_O_I0_SB_LUT4_O_LC.O
Info:    routing  1.76  7.44 Net core.operand_a[0]_SB_LUT4_O_13_I3_SB_LUT4_O_I0[3] (9,13) -> (8,14)
Info:                          Sink core.real_square_SB_DFFESR_Q_D_SB_LUT4_O_I3_SB_CARRY_CO_I0_SB_LUT4_O_I3_SB_LUT4_O_I3_SB_CARRY_CO_CI_SB_CARRY_CO_CI_SB_CARRY_CO_CI_SB_CARRY_CO_CI_SB_CARRY_CO_CI_SB_CARRY_CO_CI_SB_CARRY_CO_CI_SB_CARRY_CO_CI_SB_CARRY_CO_CI_SB_CARRY_CO_CI_SB_CARRY_CO_CI_SB_CARRY_CO_CI_SB_CARRY_CO_I1_SB_LUT4_O_I3_SB_LUT4_O_LC.I3
Info:                          Defined in:
Info:                               /home/researcher/Desktop/￿FFE6￿FF95￿FF99￿FFE6￿FF9D￿FF90/Fall 2026/digital ic/.tools/oss-cad-suite/libexec/../share/yosys/ice40/cells_map.v:6.21-6.22
Info:      logic  0.87  8.31 Source core.real_square_SB_DFFESR_Q_D_SB_LUT4_O_I3_SB_CARRY_CO_I0_SB_LUT4_O_I3_SB_LUT4_O_I3_SB_CARRY_CO_CI_SB_CARRY_CO_CI_SB_CARRY_CO_CI_SB_CARRY_CO_CI_SB_CARRY_CO_CI_SB_CARRY_CO_CI_SB_CARRY_CO_CI_SB_CARRY_CO_CI_SB_CARRY_CO_CI_SB_CARRY_CO_CI_SB_CARRY_CO_CI_SB_CARRY_CO_CI_SB_CARRY_CO_I1_SB_LUT4_O_I3_SB_LUT4_O_LC.O
Info:    routing  1.76  10.07 Net core.real_square_SB_DFFESR_Q_D_SB_LUT4_O_I3_SB_CARRY_CO_I0_SB_LUT4_O_I3_SB_LUT4_O_I3_SB_CARRY_CO_CI_SB_CARRY_CO_CI_SB_CARRY_CO_CI_SB_CARRY_CO_CI_SB_CARRY_CO_CI_SB_CARRY_CO_CI_SB_CARRY_CO_CI_SB_CARRY_CO_CI_SB_CARRY_CO_CI_SB_CARRY_CO_CI_SB_CARRY_CO_CI_SB_CARRY_CO_CI_SB_CARRY_CO_I1_SB_LUT4_O_I3[1] (8,14) -> (7,13)
Info:                          Sink core.real_square_SB_DFFESR_Q_D_SB_LUT4_O_I3_SB_CARRY_CO_I0_SB_LUT4_O_I3_SB_LUT4_O_I3_SB_CARRY_CO_CI_SB_CARRY_CO_CI_SB_CARRY_CO_CI_SB_CARRY_CO_CI_SB_CARRY_CO_CI_SB_CARRY_CO_CI_SB_CARRY_CO_CI_SB_CARRY_CO_CI_SB_CARRY_CO_CI_SB_CARRY_CO_CI_SB_CARRY_CO_CI_SB_CARRY_CO_CI_SB_CARRY_CO_I1_SB_LUT4_O_LC.I2
Info:                          Defined in:
Info:                               /home/researcher/Desktop/￿FFE6￿FF95￿FF99￿FFE6￿FF9D￿FF90/Fall 2026/digital ic/.tools/oss-cad-suite/libexec/../share/yosys/ice40/cells_map.v:6.21-6.22
Info:      logic  1.21  11.28 Source core.real_square_SB_DFFESR_Q_D_SB_LUT4_O_I3_SB_CARRY_CO_I0_SB_LUT4_O_I3_SB_LUT4_O_I3_SB_CARRY_CO_CI_SB_CARRY_CO_CI_SB_CARRY_CO_CI_SB_CARRY_CO_CI_SB_CARRY_CO_CI_SB_CARRY_CO_CI_SB_CARRY_CO_CI_SB_CARRY_CO_CI_SB_CARRY_CO_CI_SB_CARRY_CO_CI_SB_CARRY_CO_CI_SB_CARRY_CO_CI_SB_CARRY_CO_I1_SB_LUT4_O_LC.O
Info:    routing  2.95  14.23 Net core.real_square_SB_DFFESR_Q_D_SB_LUT4_O_I3_SB_CARRY_CO_I0_SB_LUT4_O_I3_SB_LUT4_O_I3_SB_CARRY_CO_CI_SB_CARRY_CO_CI_SB_CARRY_CO_CI_SB_CARRY_CO_CI_SB_CARRY_CO_CI_SB_CARRY_CO_CI_SB_CARRY_CO_CI_SB_CARRY_CO_CI_SB_CARRY_CO_CI_SB_CARRY_CO_CI_SB_CARRY_CO_CI_SB_CARRY_CO_CI_SB_CARRY_CO_I1[2] (7,13) -> (7,9)
Info:                          Sink core.real_square_SB_DFFESR_Q_D_SB_LUT4_O_I3_SB_CARRY_CO_CI_SB_CARRY_CO_CI_SB_CARRY_CO_CI_SB_CARRY_CO_CI_SB_CARRY_CO_CI_SB_CARRY_CO_CI_SB_CARRY_CO_CI_SB_CARRY_CO_CI_SB_CARRY_CO_CI_SB_CARRY_CO_CI_SB_CARRY_CO_CI_SB_CARRY_CO_CI_SB_CARRY_CO_CI_SB_CARRY_CO_I0_SB_LUT4_O_I3_SB_LUT4_O_LC.I2
Info:                          Defined in:
Info:                               /home/researcher/Desktop/￿FFE6￿FF95￿FF99￿FFE6￿FF9D￿FF90/Fall 2026/digital ic/.tools/oss-cad-suite/libexec/../share/yosys/ice40/arith_map.v:62.5-70.4
Info:                               /home/researcher/Desktop/￿FFE6￿FF95￿FF99￿FFE6￿FF9D￿FF90/Fall 2026/digital ic/.tools/oss-cad-suite/libexec/../share/yosys/ice40/cells_map.v:6.21-6.22
Info:      logic  0.61  14.84 Source core.real_square_SB_DFFESR_Q_D_SB_LUT4_O_I3_SB_CARRY_CO_CI_SB_CARRY_CO_CI_SB_CARRY_CO_CI_SB_CARRY_CO_CI_SB_CARRY_CO_CI_SB_CARRY_CO_CI_SB_CARRY_CO_CI_SB_CARRY_CO_CI_SB_CARRY_CO_CI_SB_CARRY_CO_CI_SB_CARRY_CO_CI_SB_CARRY_CO_CI_SB_CARRY_CO_CI_SB_CARRY_CO_I0_SB_LUT4_O_I3_SB_LUT4_O_LC.COUT
Info:    routing  0.00  14.84 Net core.real_square_SB_DFFESR_Q_D_SB_LUT4_O_I3_SB_CARRY_CO_I0_SB_LUT4_O_I3_SB_LUT4_O_I3_SB_CARRY_CO_CI_SB_CARRY_CO_CI_SB_CARRY_CO_CI_SB_CARRY_CO_CI_SB_CARRY_CO_CI_SB_CARRY_CO_CI_SB_CARRY_CO_CI_SB_CARRY_CO_CI_SB_CARRY_CO_CI_SB_CARRY_CO_CI_SB_CARRY_CO_CI_SB_CARRY_CO_CI (7,9) -> (7,9)
Info:                          Sink core.real_square_SB_DFFESR_Q_D_SB_LUT4_O_I3_SB_CARRY_CO_I0_SB_LUT4_O_I3_SB_LUT4_O_I3_SB_CARRY_CO_CI_SB_CARRY_CO_CI_SB_CARRY_CO_CI_SB_CARRY_CO_CI_SB_CARRY_CO_CI_SB_CARRY_CO_CI_SB_CARRY_CO_CI_SB_CARRY_CO_CI_SB_CARRY_CO_CI_SB_CARRY_CO_CI_SB_CARRY_CO_CI_SB_CARRY_CO_CI_SB_LUT4_I3_LC.CIN
Info:                          Defined in:
Info:                               /home/researcher/Desktop/￿FFE6￿FF95￿FF99￿FFE6￿FF9D￿FF90/Fall 2026/digital ic/.tools/oss-cad-suite/libexec/../share/yosys/ice40/arith_map.v:62.5-70.4
Info:                               /home/researcher/Desktop/￿FFE6￿FF95￿FF99￿FFE6￿FF9D￿FF90/Fall 2026/digital ic/.tools/oss-cad-suite/libexec/../share/yosys/ice40/cells_map.v:6.21-6.22
Info:      logic  0.28  15.12 Source core.real_square_SB_DFFESR_Q_D_SB_LUT4_O_I3_SB_CARRY_CO_I0_SB_LUT4_O_I3_SB_LUT4_O_I3_SB_CARRY_CO_CI_SB_CARRY_CO_CI_SB_CARRY_CO_CI_SB_CARRY_CO_CI_SB_CARRY_CO_CI_SB_CARRY_CO_CI_SB_CARRY_CO_CI_SB_CARRY_CO_CI_SB_CARRY_CO_CI_SB_CARRY_CO_CI_SB_CARRY_CO_CI_SB_CARRY_CO_CI_SB_LUT4_I3_LC.COUT
Info:    routing  0.00  15.12 Net core.real_square_SB_DFFESR_Q_D_SB_LUT4_O_I3_SB_CARRY_CO_I0_SB_LUT4_O_I3_SB_LUT4_O_I3_SB_CARRY_CO_CI_SB_CARRY_CO_CI_SB_CARRY_CO_CI_SB_CARRY_CO_CI_SB_CARRY_CO_CI_SB_CARRY_CO_CI_SB_CARRY_CO_CI_SB_CARRY_CO_CI_SB_CARRY_CO_CI_SB_CARRY_CO_CI_SB_CARRY_CO_CI (7,9) -> (7,9)
Info:                          Sink core.real_square_SB_DFFESR_Q_D_SB_LUT4_O_I3_SB_CARRY_CO_I0_SB_LUT4_O_I3_SB_LUT4_O_I3_SB_CARRY_CO_CI_SB_CARRY_CO_CI_SB_CARRY_CO_CI_SB_CARRY_CO_CI_SB_CARRY_CO_CI_SB_CARRY_CO_CI_SB_CARRY_CO_CI_SB_CARRY_CO_CI_SB_CARRY_CO_CI_SB_CARRY_CO_CI_SB_CARRY_CO_CI_SB_LUT4_I3_LC.CIN
Info:                          Defined in:
Info:                               /home/researcher/Desktop/￿FFE6￿FF95￿FF99￿FFE6￿FF9D￿FF90/Fall 2026/digital ic/.tools/oss-cad-suite/libexec/../share/yosys/ice40/arith_map.v:62.5-70.4
Info:                               /home/researcher/Desktop/￿FFE6￿FF95￿FF99￿FFE6￿FF9D￿FF90/Fall 2026/digital ic/.tools/oss-cad-suite/libexec/../share/yosys/ice40/cells_map.v:6.21-6.22
Info:      logic  0.28  15.40 Source core.real_square_SB_DFFESR_Q_D_SB_LUT4_O_I3_SB_CARRY_CO_I0_SB_LUT4_O_I3_SB_LUT4_O_I3_SB_CARRY_CO_CI_SB_CARRY_CO_CI_SB_CARRY_CO_CI_SB_CARRY_CO_CI_SB_CARRY_CO_CI_SB_CARRY_CO_CI_SB_CARRY_CO_CI_SB_CARRY_CO_CI_SB_CARRY_CO_CI_SB_CARRY_CO_CI_SB_CARRY_CO_CI_SB_LUT4_I3_LC.COUT
Info:    routing  0.00  15.40 Net core.real_square_SB_DFFESR_Q_D_SB_LUT4_O_I3_SB_CARRY_CO_I0_SB_LUT4_O_I3_SB_LUT4_O_I3_SB_CARRY_CO_CI_SB_CARRY_CO_CI_SB_CARRY_CO_CI_SB_CARRY_CO_CI_SB_CARRY_CO_CI_SB_CARRY_CO_CI_SB_CARRY_CO_CI_SB_CARRY_CO_CI_SB_CARRY_CO_CI_SB_CARRY_CO_CI (7,9) -> (7,9)
Info:                          Sink core.real_square_SB_DFFESR_Q_D_SB_LUT4_O_I3_SB_CARRY_CO_I0_SB_LUT4_O_I3_SB_LUT4_O_I3_SB_CARRY_CO_CI_SB_CARRY_CO_CI_SB_CARRY_CO_CI_SB_CARRY_CO_CI_SB_CARRY_CO_CI_SB_CARRY_CO_CI_SB_CARRY_CO_CI_SB_CARRY_CO_CI_SB_CARRY_CO_CI_SB_CARRY_CO_CI_SB_LUT4_I3_LC.CIN
Info:                          Defined in:
Info:                               /home/researcher/Desktop/￿FFE6￿FF95￿FF99￿FFE6￿FF9D￿FF90/Fall 2026/digital ic/.tools/oss-cad-suite/libexec/../share/yosys/ice40/arith_map.v:62.5-70.4
Info:                               /home/researcher/Desktop/￿FFE6￿FF95￿FF99￿FFE6￿FF9D￿FF90/Fall 2026/digital ic/.tools/oss-cad-suite/libexec/../share/yosys/ice40/cells_map.v:6.21-6.22
Info:      logic  0.28  15.67 Source core.real_square_SB_DFFESR_Q_D_SB_LUT4_O_I3_SB_CARRY_CO_I0_SB_LUT4_O_I3_SB_LUT4_O_I3_SB_CARRY_CO_CI_SB_CARRY_CO_CI_SB_CARRY_CO_CI_SB_CARRY_CO_CI_SB_CARRY_CO_CI_SB_CARRY_CO_CI_SB_CARRY_CO_CI_SB_CARRY_CO_CI_SB_CARRY_CO_CI_SB_CARRY_CO_CI_SB_LUT4_I3_LC.COUT
Info:    routing  0.00  15.67 Net core.real_square_SB_DFFESR_Q_D_SB_LUT4_O_I3_SB_CARRY_CO_I0_SB_LUT4_O_I3_SB_LUT4_O_I3_SB_CARRY_CO_CI_SB_CARRY_CO_CI_SB_CARRY_CO_CI_SB_CARRY_CO_CI_SB_CARRY_CO_CI_SB_CARRY_CO_CI_SB_CARRY_CO_CI_SB_CARRY_CO_CI_SB_CARRY_CO_CI (7,9) -> (7,9)
Info:                          Sink core.real_square_SB_DFFESR_Q_D_SB_LUT4_O_I3_SB_CARRY_CO_I0_SB_LUT4_O_I3_SB_LUT4_O_I3_SB_CARRY_CO_CI_SB_CARRY_CO_CI_SB_CARRY_CO_CI_SB_CARRY_CO_CI_SB_CARRY_CO_CI_SB_CARRY_CO_CI_SB_CARRY_CO_CI_SB_CARRY_CO_CI_SB_CARRY_CO_CI_SB_LUT4_I3_LC.CIN
Info:                          Defined in:
Info:                               /home/researcher/Desktop/￿FFE6￿FF95￿FF99￿FFE6￿FF9D￿FF90/Fall 2026/digital ic/.tools/oss-cad-suite/libexec/../share/yosys/ice40/arith_map.v:62.5-70.4
Info:                               /home/researcher/Desktop/￿FFE6￿FF95￿FF99￿FFE6￿FF9D￿FF90/Fall 2026/digital ic/.tools/oss-cad-suite/libexec/../share/yosys/ice40/cells_map.v:6.21-6.22
Info:      logic  0.28  15.95 Source core.real_square_SB_DFFESR_Q_D_SB_LUT4_O_I3_SB_CARRY_CO_I0_SB_LUT4_O_I3_SB_LUT4_O_I3_SB_CARRY_CO_CI_SB_CARRY_CO_CI_SB_CARRY_CO_CI_SB_CARRY_CO_CI_SB_CARRY_CO_CI_SB_CARRY_CO_CI_SB_CARRY_CO_CI_SB_CARRY_CO_CI_SB_CARRY_CO_CI_SB_LUT4_I3_LC.COUT
Info:    routing  0.00  15.95 Net core.real_square_SB_DFFESR_Q_D_SB_LUT4_O_I3_SB_CARRY_CO_I0_SB_LUT4_O_I3_SB_LUT4_O_I3_SB_CARRY_CO_CI_SB_CARRY_CO_CI_SB_CARRY_CO_CI_SB_CARRY_CO_CI_SB_CARRY_CO_CI_SB_CARRY_CO_CI_SB_CARRY_CO_CI_SB_CARRY_CO_CI (7,9) -> (7,9)
Info:                          Sink core.real_square_SB_DFFESR_Q_D_SB_LUT4_O_I3_SB_CARRY_CO_I0_SB_LUT4_O_I3_SB_LUT4_O_I3_SB_CARRY_CO_CI_SB_CARRY_CO_CI_SB_CARRY_CO_CI_SB_CARRY_CO_CI_SB_CARRY_CO_CI_SB_CARRY_CO_CI_SB_CARRY_CO_CI_SB_CARRY_CO_CI_SB_LUT4_I3_LC.CIN
Info:                          Defined in:
Info:                               /home/researcher/Desktop/￿FFE6￿FF95￿FF99￿FFE6￿FF9D￿FF90/Fall 2026/digital ic/.tools/oss-cad-suite/libexec/../share/yosys/ice40/arith_map.v:62.5-70.4
Info:                               /home/researcher/Desktop/￿FFE6￿FF95￿FF99￿FFE6￿FF9D￿FF90/Fall 2026/digital ic/.tools/oss-cad-suite/libexec/../share/yosys/ice40/cells_map.v:6.21-6.22
Info:      logic  0.28  16.23 Source core.real_square_SB_DFFESR_Q_D_SB_LUT4_O_I3_SB_CARRY_CO_I0_SB_LUT4_O_I3_SB_LUT4_O_I3_SB_CARRY_CO_CI_SB_CARRY_CO_CI_SB_CARRY_CO_CI_SB_CARRY_CO_CI_SB_CARRY_CO_CI_SB_CARRY_CO_CI_SB_CARRY_CO_CI_SB_CARRY_CO_CI_SB_LUT4_I3_LC.COUT
Info:    routing  0.00  16.23 Net core.real_square_SB_DFFESR_Q_D_SB_LUT4_O_I3_SB_CARRY_CO_I0_SB_LUT4_O_I3_SB_LUT4_O_I3_SB_CARRY_CO_CI_SB_CARRY_CO_CI_SB_CARRY_CO_CI_SB_CARRY_CO_CI_SB_CARRY_CO_CI_SB_CARRY_CO_CI_SB_CARRY_CO_CI (7,9) -> (7,9)
Info:                          Sink core.real_square_SB_DFFESR_Q_D_SB_LUT4_O_I3_SB_CARRY_CO_I0_SB_LUT4_O_I3_SB_LUT4_O_I3_SB_CARRY_CO_CI_SB_CARRY_CO_CI_SB_CARRY_CO_CI_SB_CARRY_CO_CI_SB_CARRY_CO_CI_SB_CARRY_CO_CI_SB_CARRY_CO_CI_SB_LUT4_I3_LC.CIN
Info:                          Defined in:
Info:                               /home/researcher/Desktop/￿FFE6￿FF95￿FF99￿FFE6￿FF9D￿FF90/Fall 2026/digital ic/.tools/oss-cad-suite/libexec/../share/yosys/ice40/arith_map.v:62.5-70.4
Info:                               /home/researcher/Desktop/￿FFE6￿FF95￿FF99￿FFE6￿FF9D￿FF90/Fall 2026/digital ic/.tools/oss-cad-suite/libexec/../share/yosys/ice40/cells_map.v:6.21-6.22
Info:      logic  0.28  16.51 Source core.real_square_SB_DFFESR_Q_D_SB_LUT4_O_I3_SB_CARRY_CO_I0_SB_LUT4_O_I3_SB_LUT4_O_I3_SB_CARRY_CO_CI_SB_CARRY_CO_CI_SB_CARRY_CO_CI_SB_CARRY_CO_CI_SB_CARRY_CO_CI_SB_CARRY_CO_CI_SB_CARRY_CO_CI_SB_LUT4_I3_LC.COUT
Info:    routing  0.00  16.51 Net core.real_square_SB_DFFESR_Q_D_SB_LUT4_O_I3_SB_CARRY_CO_I0_SB_LUT4_O_I3_SB_LUT4_O_I3_SB_CARRY_CO_CI_SB_CARRY_CO_CI_SB_CARRY_CO_CI_SB_CARRY_CO_CI_SB_CARRY_CO_CI_SB_CARRY_CO_CI (7,9) -> (7,9)
Info:                          Sink core.real_square_SB_DFFESR_Q_D_SB_LUT4_O_I3_SB_CARRY_CO_I0_SB_LUT4_O_I3_SB_LUT4_O_I3_SB_CARRY_CO_CI_SB_CARRY_CO_CI_SB_CARRY_CO_CI_SB_CARRY_CO_CI_SB_CARRY_CO_CI_SB_CARRY_CO_CI_SB_LUT4_I3_LC.CIN
Info:                          Defined in:
Info:                               /home/researcher/Desktop/￿FFE6￿FF95￿FF99￿FFE6￿FF9D￿FF90/Fall 2026/digital ic/.tools/oss-cad-suite/libexec/../share/yosys/ice40/arith_map.v:62.5-70.4
Info:                               /home/researcher/Desktop/￿FFE6￿FF95￿FF99￿FFE6￿FF9D￿FF90/Fall 2026/digital ic/.tools/oss-cad-suite/libexec/../share/yosys/ice40/cells_map.v:6.21-6.22
Info:      logic  0.28  16.79 Source core.real_square_SB_DFFESR_Q_D_SB_LUT4_O_I3_SB_CARRY_CO_I0_SB_LUT4_O_I3_SB_LUT4_O_I3_SB_CARRY_CO_CI_SB_CARRY_CO_CI_SB_CARRY_CO_CI_SB_CARRY_CO_CI_SB_CARRY_CO_CI_SB_CARRY_CO_CI_SB_LUT4_I3_LC.COUT
Info:    routing  1.22  18.00 Net core.real_square_SB_DFFESR_Q_D_SB_LUT4_O_I3_SB_CARRY_CO_I0_SB_LUT4_O_I3_SB_LUT4_O_I3_SB_CARRY_CO_CI_SB_CARRY_CO_CI_SB_CARRY_CO_CI_SB_CARRY_CO_CI_SB_CARRY_CO_CI (7,9) -> (7,10)
Info:                          Sink core.real_square_SB_DFFESR_Q_D_SB_LUT4_O_I3_SB_CARRY_CO_I0_SB_LUT4_O_I3_SB_LUT4_O_I3_SB_CARRY_CO_CI_SB_CARRY_CO_CI_SB_CARRY_CO_CI_SB_CARRY_CO_CI_SB_CARRY_CO_CI_SB_LUT4_I3_LC.I3
Info:                          Defined in:
Info:                               /home/researcher/Desktop/￿FFE6￿FF95￿FF99￿FFE6￿FF9D￿FF90/Fall 2026/digital ic/.tools/oss-cad-suite/libexec/../share/yosys/ice40/arith_map.v:62.5-70.4
Info:                               /home/researcher/Desktop/￿FFE6￿FF95￿FF99￿FFE6￿FF9D￿FF90/Fall 2026/digital ic/.tools/oss-cad-suite/libexec/../share/yosys/ice40/cells_map.v:6.21-6.22
Info:      logic  0.87  18.88 Source core.real_square_SB_DFFESR_Q_D_SB_LUT4_O_I3_SB_CARRY_CO_I0_SB_LUT4_O_I3_SB_LUT4_O_I3_SB_CARRY_CO_CI_SB_CARRY_CO_CI_SB_CARRY_CO_CI_SB_CARRY_CO_CI_SB_CARRY_CO_CI_SB_LUT4_I3_LC.O
Info:    routing  1.76  20.64 Net core.real_square_SB_DFFESR_Q_D_SB_LUT4_O_I3_SB_CARRY_CO_I0_SB_LUT4_O_I3_SB_LUT4_O_I3_SB_CARRY_CO_CI_SB_CARRY_CO_CI_SB_CARRY_CO_CI_SB_CARRY_CO_CI_SB_CARRY_CO_CI_SB_LUT4_I3_O[3] (7,10) -> (7,11)
Info:                          Sink core.real_square_SB_DFFESR_Q_D_SB_LUT4_O_I3_SB_CARRY_CO_CI_SB_CARRY_CO_CI_SB_CARRY_CO_CI_SB_CARRY_CO_CI_SB_CARRY_CO_CI_SB_CARRY_CO_CI_SB_CARRY_CO_CI_SB_CARRY_CO_CI_SB_CARRY_CO_CI_SB_CARRY_CO_CI_SB_CARRY_CO_CI_SB_CARRY_CO_CI_SB_CARRY_CO_CI_SB_CARRY_CO_CI_SB_CARRY_CO_CI_SB_CARRY_CO_CI_SB_CARRY_CO_CI_SB_CARRY_CO_CI_SB_CARRY_CO_CI_SB_CARRY_CO_CI_SB_CARRY_CO_CI_SB_CARRY_CO_CI_SB_CARRY_CO_CI_SB_CARRY_CO_CI_SB_CARRY_CO_CI_SB_CARRY_CO_CI_SB_CARRY_CO_CI_SB_CARRY_CO_CI_SB_CARRY_CO_CI_SB_CARRY_CO_CI_SB_CARRY_CO_CI_SB_CARRY_CO_CI_SB_CARRY_CO_CI_SB_CARRY_CO_CI_SB_CARRY_CO_CI_SB_CARRY_CO_CI_SB_CARRY_CO_CI_SB_CARRY_CO_I0_SB_LUT4_O_LC.I3
Info:                          Defined in:
Info:                               /home/researcher/Desktop/￿FFE6￿FF95￿FF99￿FFE6￿FF9D￿FF90/Fall 2026/digital ic/.tools/oss-cad-suite/libexec/../share/yosys/ice40/cells_map.v:6.21-6.22
Info:      logic  0.87  21.51 Source core.real_square_SB_DFFESR_Q_D_SB_LUT4_O_I3_SB_CARRY_CO_CI_SB_CARRY_CO_CI_SB_CARRY_CO_CI_SB_CARRY_CO_CI_SB_CARRY_CO_CI_SB_CARRY_CO_CI_SB_CARRY_CO_CI_SB_CARRY_CO_CI_SB_CARRY_CO_CI_SB_CARRY_CO_CI_SB_CARRY_CO_CI_SB_CARRY_CO_CI_SB_CARRY_CO_CI_SB_CARRY_CO_CI_SB_CARRY_CO_CI_SB_CARRY_CO_CI_SB_CARRY_CO_CI_SB_CARRY_CO_CI_SB_CARRY_CO_CI_SB_CARRY_CO_CI_SB_CARRY_CO_CI_SB_CARRY_CO_CI_SB_CARRY_CO_CI_SB_CARRY_CO_CI_SB_CARRY_CO_CI_SB_CARRY_CO_CI_SB_CARRY_CO_CI_SB_CARRY_CO_CI_SB_CARRY_CO_CI_SB_CARRY_CO_CI_SB_CARRY_CO_CI_SB_CARRY_CO_CI_SB_CARRY_CO_CI_SB_CARRY_CO_CI_SB_CARRY_CO_CI_SB_CARRY_CO_CI_SB_CARRY_CO_CI_SB_CARRY_CO_I0_SB_LUT4_O_LC.O
Info:    routing  3.60  25.11 Net core.real_square_SB_DFFESR_Q_D_SB_LUT4_O_I3_SB_CARRY_CO_CI_SB_CARRY_CO_CI_SB_CARRY_CO_CI_SB_CARRY_CO_CI_SB_CARRY_CO_CI_SB_CARRY_CO_CI_SB_CARRY_CO_CI_SB_CARRY_CO_CI_SB_CARRY_CO_CI_SB_CARRY_CO_CI_SB_CARRY_CO_CI_SB_CARRY_CO_CI_SB_CARRY_CO_CI_SB_CARRY_CO_CI_SB_CARRY_CO_CI_SB_CARRY_CO_CI_SB_CARRY_CO_CI_SB_CARRY_CO_CI_SB_CARRY_CO_CI_SB_CARRY_CO_CI_SB_CARRY_CO_CI_SB_CARRY_CO_CI_SB_CARRY_CO_CI_SB_CARRY_CO_CI_SB_CARRY_CO_CI_SB_CARRY_CO_CI_SB_CARRY_CO_CI_SB_CARRY_CO_CI_SB_CARRY_CO_CI_SB_CARRY_CO_CI_SB_CARRY_CO_CI_SB_CARRY_CO_CI_SB_CARRY_CO_CI_SB_CARRY_CO_CI_SB_CARRY_CO_CI_SB_CARRY_CO_CI_SB_CARRY_CO_CI_SB_CARRY_CO_I0[1] (7,11) -> (4,5)
Info:                          Sink core.real_square_SB_DFFESR_Q_D_SB_LUT4_O_I3_SB_CARRY_CO_CI_SB_CARRY_CO_CI_SB_CARRY_CO_CI_SB_CARRY_CO_CI_SB_CARRY_CO_CI_SB_CARRY_CO_CI_SB_CARRY_CO_CI_SB_CARRY_CO_CI_SB_CARRY_CO_CI_SB_CARRY_CO_CI_SB_CARRY_CO_CI_SB_CARRY_CO_CI_SB_CARRY_CO_CI_SB_CARRY_CO_CI_SB_CARRY_CO_CI_SB_CARRY_CO_CI_SB_CARRY_CO_CI_SB_CARRY_CO_CI_SB_CARRY_CO_CI_SB_CARRY_CO_CI_SB_CARRY_CO_CI_SB_CARRY_CO_CI_SB_CARRY_CO_CI_SB_CARRY_CO_CI_SB_CARRY_CO_CI_SB_CARRY_CO_CI_SB_CARRY_CO_CI_SB_CARRY_CO_CI_SB_CARRY_CO_CI_SB_CARRY_CO_CI_SB_CARRY_CO_CI_SB_CARRY_CO_CI_SB_CARRY_CO_CI_SB_CARRY_CO_CI_SB_CARRY_CO_CI_SB_CARRY_CO_CI_SB_CARRY_CO_CI_SB_CARRY_CO_CI_SB_LUT4_I3_LC.I1
Info:                          Defined in:
Info:                               rtl/core/known_spectral_core.sv:87.29-87.47
Info:                               /home/researcher/Desktop/￿FFE6￿FF95￿FF99￿FFE6￿FF9D￿FF90/Fall 2026/digital ic/.tools/oss-cad-suite/libexec/../share/yosys/ice40/arith_map.v:62.5-70.4
Info:                               /home/researcher/Desktop/￿FFE6￿FF95￿FF99￿FFE6￿FF9D￿FF90/Fall 2026/digital ic/.tools/oss-cad-suite/libexec/../share/yosys/ice40/cells_map.v:6.21-6.22
Info:      logic  0.68  25.79 Source core.real_square_SB_DFFESR_Q_D_SB_LUT4_O_I3_SB_CARRY_CO_CI_SB_CARRY_CO_CI_SB_CARRY_CO_CI_SB_CARRY_CO_CI_SB_CARRY_CO_CI_SB_CARRY_CO_CI_SB_CARRY_CO_CI_SB_CARRY_CO_CI_SB_CARRY_CO_CI_SB_CARRY_CO_CI_SB_CARRY_CO_CI_SB_CARRY_CO_CI_SB_CARRY_CO_CI_SB_CARRY_CO_CI_SB_CARRY_CO_CI_SB_CARRY_CO_CI_SB_CARRY_CO_CI_SB_CARRY_CO_CI_SB_CARRY_CO_CI_SB_CARRY_CO_CI_SB_CARRY_CO_CI_SB_CARRY_CO_CI_SB_CARRY_CO_CI_SB_CARRY_CO_CI_SB_CARRY_CO_CI_SB_CARRY_CO_CI_SB_CARRY_CO_CI_SB_CARRY_CO_CI_SB_CARRY_CO_CI_SB_CARRY_CO_CI_SB_CARRY_CO_CI_SB_CARRY_CO_CI_SB_CARRY_CO_CI_SB_CARRY_CO_CI_SB_CARRY_CO_CI_SB_CARRY_CO_CI_SB_CARRY_CO_CI_SB_CARRY_CO_CI_SB_LUT4_I3_LC.COUT
Info:    routing  0.00  25.79 Net core.real_square_SB_DFFESR_Q_D_SB_LUT4_O_I3_SB_CARRY_CO_CI_SB_CARRY_CO_CI_SB_CARRY_CO_CI_SB_CARRY_CO_CI_SB_CARRY_CO_CI_SB_CARRY_CO_CI_SB_CARRY_CO_CI_SB_CARRY_CO_CI_SB_CARRY_CO_CI_SB_CARRY_CO_CI_SB_CARRY_CO_CI_SB_CARRY_CO_CI_SB_CARRY_CO_CI_SB_CARRY_CO_CI_SB_CARRY_CO_CI_SB_CARRY_CO_CI_SB_CARRY_CO_CI_SB_CARRY_CO_CI_SB_CARRY_CO_CI_SB_CARRY_CO_CI_SB_CARRY_CO_CI_SB_CARRY_CO_CI_SB_CARRY_CO_CI_SB_CARRY_CO_CI_SB_CARRY_CO_CI_SB_CARRY_CO_CI_SB_CARRY_CO_CI_SB_CARRY_CO_CI_SB_CARRY_CO_CI_SB_CARRY_CO_CI_SB_CARRY_CO_CI_SB_CARRY_CO_CI_SB_CARRY_CO_CI_SB_CARRY_CO_CI_SB_CARRY_CO_CI_SB_CARRY_CO_CI_SB_CARRY_CO_CI (4,5) -> (4,5)
Info:                          Sink core.real_square_SB_DFFESR_Q_D_SB_LUT4_O_I3_SB_CARRY_CO_CI_SB_CARRY_CO_CI_SB_CARRY_CO_CI_SB_CARRY_CO_CI_SB_CARRY_CO_CI_SB_CARRY_CO_CI_SB_CARRY_CO_CI_SB_CARRY_CO_CI_SB_CARRY_CO_CI_SB_CARRY_CO_CI_SB_CARRY_CO_CI_SB_CARRY_CO_CI_SB_CARRY_CO_CI_SB_CARRY_CO_CI_SB_CARRY_CO_CI_SB_CARRY_CO_CI_SB_CARRY_CO_CI_SB_CARRY_CO_CI_SB_CARRY_CO_CI_SB_CARRY_CO_CI_SB_CARRY_CO_CI_SB_CARRY_CO_CI_SB_CARRY_CO_CI_SB_CARRY_CO_CI_SB_CARRY_CO_CI_SB_CARRY_CO_CI_SB_CARRY_CO_CI_SB_CARRY_CO_CI_SB_CARRY_CO_CI_SB_CARRY_CO_CI_SB_CARRY_CO_CI_SB_CARRY_CO_CI_SB_CARRY_CO_CI_SB_CARRY_CO_CI_SB_CARRY_CO_CI_SB_CARRY_CO_CI_SB_CARRY_CO_CI_SB_LUT4_I3_LC.CIN
Info:                          Defined in:
Info:                               rtl/core/known_spectral_core.sv:87.29-87.47
Info:                               /home/researcher/Desktop/￿FFE6￿FF95￿FF99￿FFE6￿FF9D￿FF90/Fall 2026/digital ic/.tools/oss-cad-suite/libexec/../share/yosys/ice40/arith_map.v:62.5-70.4
Info:                               /home/researcher/Desktop/￿FFE6￿FF95￿FF99￿FFE6￿FF9D￿FF90/Fall 2026/digital ic/.tools/oss-cad-suite/libexec/../share/yosys/ice40/cells_map.v:6.21-6.22
Info:      logic  0.28  26.07 Source core.real_square_SB_DFFESR_Q_D_SB_LUT4_O_I3_SB_CARRY_CO_CI_SB_CARRY_CO_CI_SB_CARRY_CO_CI_SB_CARRY_CO_CI_SB_CARRY_CO_CI_SB_CARRY_CO_CI_SB_CARRY_CO_CI_SB_CARRY_CO_CI_SB_CARRY_CO_CI_SB_CARRY_CO_CI_SB_CARRY_CO_CI_SB_CARRY_CO_CI_SB_CARRY_CO_CI_SB_CARRY_CO_CI_SB_CARRY_CO_CI_SB_CARRY_CO_CI_SB_CARRY_CO_CI_SB_CARRY_CO_CI_SB_CARRY_CO_CI_SB_CARRY_CO_CI_SB_CARRY_CO_CI_SB_CARRY_CO_CI_SB_CARRY_CO_CI_SB_CARRY_CO_CI_SB_CARRY_CO_CI_SB_CARRY_CO_CI_SB_CARRY_CO_CI_SB_CARRY_CO_CI_SB_CARRY_CO_CI_SB_CARRY_CO_CI_SB_CARRY_CO_CI_SB_CARRY_CO_CI_SB_CARRY_CO_CI_SB_CARRY_CO_CI_SB_CARRY_CO_CI_SB_CARRY_CO_CI_SB_CARRY_CO_CI_SB_LUT4_I3_LC.COUT
Info:    routing  0.66  26.73 Net core.real_square_SB_DFFESR_Q_D_SB_LUT4_O_I3_SB_CARRY_CO_CI_SB_CARRY_CO_CI_SB_CARRY_CO_CI_SB_CARRY_CO_CI_SB_CARRY_CO_CI_SB_CARRY_CO_CI_SB_CARRY_CO_CI_SB_CARRY_CO_CI_SB_CARRY_CO_CI_SB_CARRY_CO_CI_SB_CARRY_CO_CI_SB_CARRY_CO_CI_SB_CARRY_CO_CI_SB_CARRY_CO_CI_SB_CARRY_CO_CI_SB_CARRY_CO_CI_SB_CARRY_CO_CI_SB_CARRY_CO_CI_SB_CARRY_CO_CI_SB_CARRY_CO_CI_SB_CARRY_CO_CI_SB_CARRY_CO_CI_SB_CARRY_CO_CI_SB_CARRY_CO_CI_SB_CARRY_CO_CI_SB_CARRY_CO_CI_SB_CARRY_CO_CI_SB_CARRY_CO_CI_SB_CARRY_CO_CI_SB_CARRY_CO_CI_SB_CARRY_CO_CI_SB_CARRY_CO_CI_SB_CARRY_CO_CI_SB_CARRY_CO_CI_SB_CARRY_CO_CI_SB_CARRY_CO_CI (4,5) -> (4,5)
Info:                          Sink core.real_square_SB_DFFESR_Q_D_SB_LUT4_O_I3_SB_CARRY_CO_CI_SB_CARRY_CO_CI_SB_CARRY_CO_CI_SB_CARRY_CO_CI_SB_CARRY_CO_CI_SB_CARRY_CO_CI_SB_CARRY_CO_CI_SB_CARRY_CO_CI_SB_CARRY_CO_CI_SB_CARRY_CO_CI_SB_CARRY_CO_CI_SB_CARRY_CO_CI_SB_CARRY_CO_CI_SB_CARRY_CO_CI_SB_CARRY_CO_CI_SB_CARRY_CO_CI_SB_CARRY_CO_CI_SB_CARRY_CO_CI_SB_CARRY_CO_CI_SB_CARRY_CO_CI_SB_CARRY_CO_CI_SB_CARRY_CO_CI_SB_CARRY_CO_CI_SB_CARRY_CO_CI_SB_CARRY_CO_CI_SB_CARRY_CO_CI_SB_CARRY_CO_CI_SB_CARRY_CO_CI_SB_CARRY_CO_CI_SB_CARRY_CO_CI_SB_CARRY_CO_CI_SB_CARRY_CO_CI_SB_CARRY_CO_CI_SB_CARRY_CO_CI_SB_CARRY_CO_CI_SB_CARRY_CO_CI_SB_LUT4_I3_LC.I3
Info:                          Defined in:
Info:                               rtl/core/known_spectral_core.sv:87.29-87.47
Info:                               /home/researcher/Desktop/￿FFE6￿FF95￿FF99￿FFE6￿FF9D￿FF90/Fall 2026/digital ic/.tools/oss-cad-suite/libexec/../share/yosys/ice40/arith_map.v:62.5-70.4
Info:                               /home/researcher/Desktop/￿FFE6￿FF95￿FF99￿FFE6￿FF9D￿FF90/Fall 2026/digital ic/.tools/oss-cad-suite/libexec/../share/yosys/ice40/cells_map.v:6.21-6.22
Info:      logic  0.87  27.60 Source core.real_square_SB_DFFESR_Q_D_SB_LUT4_O_I3_SB_CARRY_CO_CI_SB_CARRY_CO_CI_SB_CARRY_CO_CI_SB_CARRY_CO_CI_SB_CARRY_CO_CI_SB_CARRY_CO_CI_SB_CARRY_CO_CI_SB_CARRY_CO_CI_SB_CARRY_CO_CI_SB_CARRY_CO_CI_SB_CARRY_CO_CI_SB_CARRY_CO_CI_SB_CARRY_CO_CI_SB_CARRY_CO_CI_SB_CARRY_CO_CI_SB_CARRY_CO_CI_SB_CARRY_CO_CI_SB_CARRY_CO_CI_SB_CARRY_CO_CI_SB_CARRY_CO_CI_SB_CARRY_CO_CI_SB_CARRY_CO_CI_SB_CARRY_CO_CI_SB_CARRY_CO_CI_SB_CARRY_CO_CI_SB_CARRY_CO_CI_SB_CARRY_CO_CI_SB_CARRY_CO_CI_SB_CARRY_CO_CI_SB_CARRY_CO_CI_SB_CARRY_CO_CI_SB_CARRY_CO_CI_SB_CARRY_CO_CI_SB_CARRY_CO_CI_SB_CARRY_CO_CI_SB_CARRY_CO_CI_SB_LUT4_I3_LC.O
Info:    routing  3.70  31.31 Net core.feature_SB_DFFESR_Q_2_D_SB_LUT4_O_I3_SB_CARRY_CO_CI_SB_LUT4_I3_O_SB_CARRY_I0_CO_SB_LUT4_I3_O_SB_LUT4_O_1_I3_SB_CARRY_CO_CI_SB_CARRY_CO_CI_SB_CARRY_CO_I1_SB_LUT4_O_I3[1] (4,5) -> (3,15)
Info:                          Sink core.feature_SB_DFFESR_Q_2_D_SB_LUT4_O_I3_SB_CARRY_CO_CI_SB_LUT4_I3_O_SB_CARRY_I0_CO_SB_LUT4_I3_O_SB_LUT4_O_1_I2_SB_LUT4_O_I3_SB_LUT4_O_I3_SB_CARRY_CO_CI_SB_CARRY_CO_CI_SB_CARRY_CO_I1_SB_LUT4_O_LC.I3
Info:                          Defined in:
Info:                               /home/researcher/Desktop/￿FFE6￿FF95￿FF99￿FFE6￿FF9D￿FF90/Fall 2026/digital ic/.tools/oss-cad-suite/libexec/../share/yosys/ice40/cells_map.v:6.21-6.22
Info:      logic  0.87  32.18 Source core.feature_SB_DFFESR_Q_2_D_SB_LUT4_O_I3_SB_CARRY_CO_CI_SB_LUT4_I3_O_SB_CARRY_I0_CO_SB_LUT4_I3_O_SB_LUT4_O_1_I2_SB_LUT4_O_I3_SB_LUT4_O_I3_SB_CARRY_CO_CI_SB_CARRY_CO_CI_SB_CARRY_CO_I1_SB_LUT4_O_LC.O
Info:    routing  3.70  35.89 Net core.feature_SB_DFFESR_Q_2_D_SB_LUT4_O_I3_SB_CARRY_CO_CI_SB_LUT4_I3_O_SB_CARRY_I0_CO_SB_LUT4_I3_O_SB_LUT4_O_1_I2_SB_LUT4_O_I3_SB_LUT4_O_I3_SB_CARRY_CO_CI_SB_CARRY_CO_CI_SB_CARRY_CO_I1[2] (3,15) -> (2,8)
Info:                          Sink core.feature_SB_DFFESR_Q_2_D_SB_LUT4_O_I3_SB_CARRY_CO_CI_SB_LUT4_I3_O_SB_CARRY_I0_CO_SB_LUT4_I3_O_SB_LUT4_O_1_I3_SB_CARRY_CO_CI_SB_CARRY_CO_CI_SB_CARRY_CO_I1_SB_LUT4_O_I3_SB_LUT4_O_LC.I2
Info:                          Defined in:
Info:                               rtl/core/known_spectral_core.sv:91.57-91.78
Info:                               /home/researcher/Desktop/￿FFE6￿FF95￿FF99￿FFE6￿FF9D￿FF90/Fall 2026/digital ic/.tools/oss-cad-suite/libexec/../share/yosys/ice40/arith_map.v:62.5-70.4
Info:                               /home/researcher/Desktop/￿FFE6￿FF95￿FF99￿FFE6￿FF9D￿FF90/Fall 2026/digital ic/.tools/oss-cad-suite/libexec/../share/yosys/ice40/cells_map.v:6.21-6.22
Info:      logic  0.61  36.49 Source core.feature_SB_DFFESR_Q_2_D_SB_LUT4_O_I3_SB_CARRY_CO_CI_SB_LUT4_I3_O_SB_CARRY_I0_CO_SB_LUT4_I3_O_SB_LUT4_O_1_I3_SB_CARRY_CO_CI_SB_CARRY_CO_CI_SB_CARRY_CO_I1_SB_LUT4_O_I3_SB_LUT4_O_LC.COUT
Info:    routing  0.00  36.49 Net core.feature_SB_DFFESR_Q_2_D_SB_LUT4_O_I3_SB_CARRY_CO_CI_SB_LUT4_I3_O_SB_CARRY_I0_CO_SB_LUT4_I3_O_SB_LUT4_O_1_I2_SB_LUT4_O_I3_SB_LUT4_O_I3_SB_CARRY_CO_CI_SB_CARRY_CO_CI (2,8) -> (2,8)
Info:                          Sink core.feature_SB_DFFESR_Q_2_D_SB_LUT4_O_I3_SB_CARRY_CO_CI_SB_LUT4_I3_O_SB_CARRY_I0_CO_SB_LUT4_I3_O_SB_LUT4_O_1_I3_SB_CARRY_CO_CI_SB_CARRY_CO_I1_SB_LUT4_O_I3_SB_LUT4_O_LC.CIN
Info:                          Defined in:
Info:                               rtl/core/known_spectral_core.sv:91.57-91.78
Info:                               /home/researcher/Desktop/￿FFE6￿FF95￿FF99￿FFE6￿FF9D￿FF90/Fall 2026/digital ic/.tools/oss-cad-suite/libexec/../share/yosys/ice40/arith_map.v:62.5-70.4
Info:                               /home/researcher/Desktop/￿FFE6￿FF95￿FF99￿FFE6￿FF9D￿FF90/Fall 2026/digital ic/.tools/oss-cad-suite/libexec/../share/yosys/ice40/cells_map.v:6.21-6.22
Info:      logic  0.28  36.77 Source core.feature_SB_DFFESR_Q_2_D_SB_LUT4_O_I3_SB_CARRY_CO_CI_SB_LUT4_I3_O_SB_CARRY_I0_CO_SB_LUT4_I3_O_SB_LUT4_O_1_I3_SB_CARRY_CO_CI_SB_CARRY_CO_I1_SB_LUT4_O_I3_SB_LUT4_O_LC.COUT
Info:    routing  0.00  36.77 Net core.feature_SB_DFFESR_Q_2_D_SB_LUT4_O_I3_SB_CARRY_CO_CI_SB_LUT4_I3_O_SB_CARRY_I0_CO_SB_LUT4_I3_O_SB_LUT4_O_1_I2_SB_LUT4_O_I3_SB_LUT4_O_I3_SB_CARRY_CO_CI (2,8) -> (2,8)
Info:                          Sink core.feature_SB_DFFESR_Q_2_D_SB_LUT4_O_I3_SB_CARRY_CO_CI_SB_LUT4_I3_O_SB_CARRY_I0_CO_SB_LUT4_I3_O_SB_LUT4_O_1_I3_SB_CARRY_CO_I1_SB_LUT4_O_I3_SB_LUT4_O_LC.CIN
Info:                          Defined in:
Info:                               rtl/core/known_spectral_core.sv:91.57-91.78
Info:                               /home/researcher/Desktop/￿FFE6￿FF95￿FF99￿FFE6￿FF9D￿FF90/Fall 2026/digital ic/.tools/oss-cad-suite/libexec/../share/yosys/ice40/arith_map.v:62.5-70.4
Info:                               /home/researcher/Desktop/￿FFE6￿FF95￿FF99￿FFE6￿FF9D￿FF90/Fall 2026/digital ic/.tools/oss-cad-suite/libexec/../share/yosys/ice40/cells_map.v:6.21-6.22
Info:      logic  0.28  37.05 Source core.feature_SB_DFFESR_Q_2_D_SB_LUT4_O_I3_SB_CARRY_CO_CI_SB_LUT4_I3_O_SB_CARRY_I0_CO_SB_LUT4_I3_O_SB_LUT4_O_1_I3_SB_CARRY_CO_I1_SB_LUT4_O_I3_SB_LUT4_O_LC.COUT
Info:    routing  0.00  37.05 Net core.feature_SB_DFFESR_Q_2_D_SB_LUT4_O_I3_SB_CARRY_CO_CI_SB_LUT4_I3_O_SB_CARRY_I0_CO_SB_LUT4_I3_O_SB_LUT4_O_1_I2_SB_LUT4_O_I3_SB_LUT4_O_I2[3] (2,8) -> (2,8)
Info:                          Sink core.feature_SB_DFFESR_Q_2_D_SB_LUT4_O_I3_SB_CARRY_CO_CI_SB_LUT4_I3_O_SB_CARRY_I0_CO_SB_LUT4_I3_O_SB_LUT4_O_1_I2_SB_LUT4_O_I3_SB_LUT4_O_LC.CIN
Info:                          Defined in:
Info:                               rtl/core/known_spectral_core.sv:91.57-91.78
Info:                               /home/researcher/Desktop/￿FFE6￿FF95￿FF99￿FFE6￿FF9D￿FF90/Fall 2026/digital ic/.tools/oss-cad-suite/libexec/../share/yosys/ice40/arith_map.v:62.5-70.4
Info:                               /home/researcher/Desktop/￿FFE6￿FF95￿FF99￿FFE6￿FF9D￿FF90/Fall 2026/digital ic/.tools/oss-cad-suite/libexec/../share/yosys/ice40/abc9_model.v:4.9-4.11
Info:      logic  0.28  37.33 Source core.feature_SB_DFFESR_Q_2_D_SB_LUT4_O_I3_SB_CARRY_CO_CI_SB_LUT4_I3_O_SB_CARRY_I0_CO_SB_LUT4_I3_O_SB_LUT4_O_1_I2_SB_LUT4_O_I3_SB_LUT4_O_LC.COUT
Info:    routing  0.66  37.99 Net core.feature_SB_DFFESR_Q_2_D_SB_LUT4_O_I3_SB_CARRY_CO_CI_SB_LUT4_I3_O_SB_CARRY_I0_CO_SB_LUT4_I3_O_SB_LUT4_O_1_I2_SB_LUT4_O_I3_SB_LUT4_O_I3_SB_CARRY_CI_CO (2,8) -> (2,8)
Info:                          Sink core.feature_SB_DFFESR_Q_2_D_SB_LUT4_O_I3_SB_CARRY_CO_CI_SB_LUT4_I3_O_SB_CARRY_I0_CO_SB_LUT4_I3_O_SB_LUT4_O_1_I3_SB_CARRY_CI_CO_SB_LUT4_I3_I2_SB_LUT4_O_I3_SB_LUT4_O_LC.I3
Info:                          Defined in:
Info:                               rtl/core/known_spectral_core.sv:91.57-91.78
Info:                               /home/researcher/Desktop/￿FFE6￿FF95￿FF99￿FFE6￿FF9D￿FF90/Fall 2026/digital ic/.tools/oss-cad-suite/libexec/../share/yosys/ice40/arith_map.v:62.5-70.4
Info:                               /home/researcher/Desktop/￿FFE6￿FF95￿FF99￿FFE6￿FF9D￿FF90/Fall 2026/digital ic/.tools/oss-cad-suite/libexec/../share/yosys/ice40/cells_map.v:6.21-6.22
Info:      logic  0.87  38.87 Source core.feature_SB_DFFESR_Q_2_D_SB_LUT4_O_I3_SB_CARRY_CO_CI_SB_LUT4_I3_O_SB_CARRY_I0_CO_SB_LUT4_I3_O_SB_LUT4_O_1_I3_SB_CARRY_CI_CO_SB_LUT4_I3_I2_SB_LUT4_O_I3_SB_LUT4_O_LC.O
Info:    routing  3.49  42.36 Net core.feature_SB_DFFESR_Q_2_D_SB_LUT4_O_I3_SB_CARRY_CO_CI_SB_LUT4_I3_O_SB_CARRY_I0_CO_SB_LUT4_I3_O_SB_LUT4_O_1_I3_SB_CARRY_CI_CO_SB_LUT4_I3_I2_SB_LUT4_O_I3[2] (2,8) -> (7,11)
Info:                          Sink core.feature_SB_DFFESR_Q_2_D_SB_LUT4_O_I3_SB_CARRY_CO_CI_SB_LUT4_I3_O_SB_CARRY_I0_CO_SB_LUT4_I3_O_SB_LUT4_O_1_I3_SB_CARRY_CI_CO_SB_LUT4_I3_I2_SB_LUT4_O_LC.I3
Info:                          Defined in:
Info:                               /home/researcher/Desktop/￿FFE6￿FF95￿FF99￿FFE6￿FF9D￿FF90/Fall 2026/digital ic/.tools/oss-cad-suite/libexec/../share/yosys/ice40/cells_map.v:6.21-6.22
Info:      logic  0.87  43.23 Source core.feature_SB_DFFESR_Q_2_D_SB_LUT4_O_I3_SB_CARRY_CO_CI_SB_LUT4_I3_O_SB_CARRY_I0_CO_SB_LUT4_I3_O_SB_LUT4_O_1_I3_SB_CARRY_CI_CO_SB_LUT4_I3_I2_SB_LUT4_O_LC.O
Info:    routing  2.95  46.19 Net core.feature_SB_DFFESR_Q_2_D_SB_LUT4_O_I3_SB_CARRY_CO_CI_SB_LUT4_I3_O_SB_CARRY_I0_CO_SB_LUT4_I3_O_SB_LUT4_O_1_I3_SB_CARRY_CI_CO_SB_LUT4_I3_I2[2] (7,11) -> (4,10)
Info:                          Sink core.feature_SB_DFFESR_Q_2_D_SB_LUT4_O_I3_SB_CARRY_CO_CI_SB_LUT4_I3_O_SB_CARRY_I0_CO_SB_LUT4_I3_O_SB_LUT4_O_1_I3_SB_CARRY_CI_CO_SB_LUT4_I3_LC.I2
Info:                          Defined in:
Info:                               rtl/core/known_spectral_core.sv:73.17-73.69
Info:                               /home/researcher/Desktop/￿FFE6￿FF95￿FF99￿FFE6￿FF9D￿FF90/Fall 2026/digital ic/.tools/oss-cad-suite/libexec/../share/yosys/ice40/arith_map.v:62.5-70.4
Info:                               /home/researcher/Desktop/￿FFE6￿FF95￿FF99￿FFE6￿FF9D￿FF90/Fall 2026/digital ic/.tools/oss-cad-suite/libexec/../share/yosys/ice40/cells_map.v:6.21-6.22
Info:      logic  0.61  46.79 Source core.feature_SB_DFFESR_Q_2_D_SB_LUT4_O_I3_SB_CARRY_CO_CI_SB_LUT4_I3_O_SB_CARRY_I0_CO_SB_LUT4_I3_O_SB_LUT4_O_1_I3_SB_CARRY_CI_CO_SB_LUT4_I3_LC.COUT
Info:    routing  0.56  47.35 Net core.feature_SB_DFFESR_Q_2_D_SB_LUT4_O_I3_SB_CARRY_CO_CI_SB_LUT4_I3_O_SB_CARRY_I0_CO_SB_LUT4_I3_O_SB_LUT4_O_1_I3_SB_CARRY_CI_CO_SB_CARRY_CI_CO (4,10) -> (4,11)
Info:                          Sink core.feature_SB_DFFESR_Q_2_D_SB_LUT4_O_I3_SB_CARRY_CO_CI_SB_LUT4_I3_O_SB_CARRY_I0_CO_SB_LUT4_I3_O_SB_LUT4_O_1_I3_SB_CARRY_CI_CO_SB_CARRY_CI_CO_SB_LUT4_I3_LC.CIN
Info:                          Defined in:
Info:                               rtl/core/known_spectral_core.sv:73.17-73.69
Info:                               /home/researcher/Desktop/￿FFE6￿FF95￿FF99￿FFE6￿FF9D￿FF90/Fall 2026/digital ic/.tools/oss-cad-suite/libexec/../share/yosys/ice40/arith_map.v:62.5-70.4
Info:                               /home/researcher/Desktop/￿FFE6￿FF95￿FF99￿FFE6￿FF9D￿FF90/Fall 2026/digital ic/.tools/oss-cad-suite/libexec/../share/yosys/ice40/cells_map.v:6.21-6.22
Info:      logic  0.28  47.63 Source core.feature_SB_DFFESR_Q_2_D_SB_LUT4_O_I3_SB_CARRY_CO_CI_SB_LUT4_I3_O_SB_CARRY_I0_CO_SB_LUT4_I3_O_SB_LUT4_O_1_I3_SB_CARRY_CI_CO_SB_CARRY_CI_CO_SB_LUT4_I3_LC.COUT
Info:    routing  0.00  47.63 Net core.feature_SB_DFFESR_Q_2_D_SB_LUT4_O_I3_SB_CARRY_CO_CI_SB_LUT4_I3_O_SB_CARRY_I0_CO_SB_LUT4_I3_O_SB_LUT4_O_1_I3_SB_CARRY_CI_CO_SB_CARRY_CI_CO_SB_CARRY_CI_CO (4,11) -> (4,11)
Info:                          Sink core.feature_SB_DFFESR_Q_2_D_SB_LUT4_O_I3_SB_CARRY_CO_CI_SB_LUT4_I3_O_SB_CARRY_I0_CO_SB_LUT4_I3_O_SB_LUT4_O_1_I3_SB_CARRY_CI_CO_SB_CARRY_CI_CO_SB_CARRY_CI_CO_SB_LUT4_I3_LC.CIN
Info:                          Defined in:
Info:                               rtl/core/known_spectral_core.sv:73.17-73.69
Info:                               /home/researcher/Desktop/￿FFE6￿FF95￿FF99￿FFE6￿FF9D￿FF90/Fall 2026/digital ic/.tools/oss-cad-suite/libexec/../share/yosys/ice40/arith_map.v:62.5-70.4
Info:                               /home/researcher/Desktop/￿FFE6￿FF95￿FF99￿FFE6￿FF9D￿FF90/Fall 2026/digital ic/.tools/oss-cad-suite/libexec/../share/yosys/ice40/cells_map.v:6.21-6.22
Info:      logic  0.28  47.91 Source core.feature_SB_DFFESR_Q_2_D_SB_LUT4_O_I3_SB_CARRY_CO_CI_SB_LUT4_I3_O_SB_CARRY_I0_CO_SB_LUT4_I3_O_SB_LUT4_O_1_I3_SB_CARRY_CI_CO_SB_CARRY_CI_CO_SB_CARRY_CI_CO_SB_LUT4_I3_LC.COUT
Info:    routing  0.00  47.91 Net core.feature_SB_DFFESR_Q_2_D_SB_LUT4_O_I3_SB_CARRY_CO_CI_SB_LUT4_I3_O_SB_CARRY_I0_CO_SB_LUT4_I3_O_SB_LUT4_O_1_I3_SB_CARRY_CI_CO_SB_CARRY_CI_CO_SB_CARRY_CI_CO_SB_CARRY_CI_CO (4,11) -> (4,11)
Info:                          Sink core.feature_SB_DFFESR_Q_2_D_SB_LUT4_O_I3_SB_CARRY_CO_CI_SB_LUT4_I3_O_SB_CARRY_I0_CO_SB_LUT4_I3_O_SB_LUT4_O_1_I3_SB_CARRY_CI_CO_SB_CARRY_CI_CO_SB_CARRY_CI_CO_SB_CARRY_CI_CO_SB_LUT4_I3_LC.CIN
Info:                          Defined in:
Info:                               rtl/core/known_spectral_core.sv:73.17-73.69
Info:                               /home/researcher/Desktop/￿FFE6￿FF95￿FF99￿FFE6￿FF9D￿FF90/Fall 2026/digital ic/.tools/oss-cad-suite/libexec/../share/yosys/ice40/arith_map.v:62.5-70.4
Info:                               /home/researcher/Desktop/￿FFE6￿FF95￿FF99￿FFE6￿FF9D￿FF90/Fall 2026/digital ic/.tools/oss-cad-suite/libexec/../share/yosys/ice40/cells_map.v:6.21-6.22
Info:      logic  0.28  48.19 Source core.feature_SB_DFFESR_Q_2_D_SB_LUT4_O_I3_SB_CARRY_CO_CI_SB_LUT4_I3_O_SB_CARRY_I0_CO_SB_LUT4_I3_O_SB_LUT4_O_1_I3_SB_CARRY_CI_CO_SB_CARRY_CI_CO_SB_CARRY_CI_CO_SB_CARRY_CI_CO_SB_LUT4_I3_LC.COUT
Info:    routing  0.00  48.19 Net core.feature_SB_DFFESR_Q_2_D_SB_LUT4_O_I3_SB_CARRY_CO_CI_SB_LUT4_I3_O_SB_CARRY_I0_CO_SB_LUT4_I3_O_SB_LUT4_O_1_I3_SB_CARRY_CI_CO_SB_CARRY_CI_CO_SB_CARRY_CI_CO_SB_CARRY_CI_CO_SB_CARRY_CI_CO (4,11) -> (4,11)
Info:                          Sink core.feature_SB_DFFESR_Q_2_D_SB_LUT4_O_I3_SB_CARRY_CO_CI_SB_LUT4_I3_O_SB_CARRY_I0_CO_SB_LUT4_I3_O_SB_LUT4_O_1_I3_SB_CARRY_CI_CO_SB_CARRY_CI_CO_SB_CARRY_CI_CO_SB_CARRY_CI_CO_SB_CARRY_CI_CO_SB_LUT4_I3_LC.CIN
Info:                          Defined in:
Info:                               rtl/core/known_spectral_core.sv:73.17-73.69
Info:                               /home/researcher/Desktop/￿FFE6￿FF95￿FF99￿FFE6￿FF9D￿FF90/Fall 2026/digital ic/.tools/oss-cad-suite/libexec/../share/yosys/ice40/arith_map.v:62.5-70.4
Info:                               /home/researcher/Desktop/￿FFE6￿FF95￿FF99￿FFE6￿FF9D￿FF90/Fall 2026/digital ic/.tools/oss-cad-suite/libexec/../share/yosys/ice40/cells_map.v:6.21-6.22
Info:      logic  0.28  48.46 Source core.feature_SB_DFFESR_Q_2_D_SB_LUT4_O_I3_SB_CARRY_CO_CI_SB_LUT4_I3_O_SB_CARRY_I0_CO_SB_LUT4_I3_O_SB_LUT4_O_1_I3_SB_CARRY_CI_CO_SB_CARRY_CI_CO_SB_CARRY_CI_CO_SB_CARRY_CI_CO_SB_CARRY_CI_CO_SB_LUT4_I3_LC.COUT
Info:    routing  0.00  48.46 Net core.feature_SB_DFFESR_Q_2_D_SB_LUT4_O_I3_SB_CARRY_CO_CI_SB_LUT4_I3_O_SB_CARRY_I0_CO_SB_LUT4_I3_O_SB_LUT4_O_1_I3_SB_CARRY_CI_CO_SB_CARRY_CI_CO_SB_CARRY_CI_CO_SB_CARRY_CI_CO_SB_CARRY_CI_CO_SB_CARRY_CI_CO (4,11) -> (4,11)
Info:                          Sink core.feature_SB_DFFESR_Q_2_D_SB_LUT4_O_I3_SB_CARRY_CO_CI_SB_LUT4_I3_O_SB_CARRY_I0_CO_SB_LUT4_I3_O_SB_LUT4_O_1_I3_SB_CARRY_CI_CO_SB_CARRY_CI_CO_SB_CARRY_CI_CO_SB_CARRY_CI_CO_SB_CARRY_CI_CO_SB_CARRY_CI_CO_SB_LUT4_I3_LC.CIN
Info:                          Defined in:
Info:                               rtl/core/known_spectral_core.sv:73.17-73.69
Info:                               /home/researcher/Desktop/￿FFE6￿FF95￿FF99￿FFE6￿FF9D￿FF90/Fall 2026/digital ic/.tools/oss-cad-suite/libexec/../share/yosys/ice40/arith_map.v:62.5-70.4
Info:                               /home/researcher/Desktop/￿FFE6￿FF95￿FF99￿FFE6￿FF9D￿FF90/Fall 2026/digital ic/.tools/oss-cad-suite/libexec/../share/yosys/ice40/cells_map.v:6.21-6.22
Info:      logic  0.28  48.74 Source core.feature_SB_DFFESR_Q_2_D_SB_LUT4_O_I3_SB_CARRY_CO_CI_SB_LUT4_I3_O_SB_CARRY_I0_CO_SB_LUT4_I3_O_SB_LUT4_O_1_I3_SB_CARRY_CI_CO_SB_CARRY_CI_CO_SB_CARRY_CI_CO_SB_CARRY_CI_CO_SB_CARRY_CI_CO_SB_CARRY_CI_CO_SB_LUT4_I3_LC.COUT
Info:    routing  0.00  48.74 Net core.feature_SB_DFFESR_Q_2_D_SB_LUT4_O_I3_SB_CARRY_CO_CI_SB_LUT4_I3_O_SB_CARRY_I0_CO_SB_LUT4_I3_O_SB_LUT4_O_1_I3_SB_CARRY_CI_CO_SB_CARRY_CI_CO_SB_CARRY_CI_CO_SB_CARRY_CI_CO_SB_CARRY_CI_CO_SB_CARRY_CI_CO_SB_CARRY_CI_CO (4,11) -> (4,11)
Info:                          Sink core.feature_SB_DFFESR_Q_2_D_SB_LUT4_O_I3_SB_CARRY_CO_CI_SB_LUT4_I3_O_SB_CARRY_I0_CO_SB_LUT4_I3_O_SB_LUT4_O_1_I3_SB_CARRY_CI_CO_SB_CARRY_CI_CO_SB_CARRY_CI_CO_SB_CARRY_CI_CO_SB_CARRY_CI_CO_SB_CARRY_CI_CO_SB_CARRY_CI_CO_SB_LUT4_I3_LC.CIN
Info:                          Defined in:
Info:                               rtl/core/known_spectral_core.sv:73.17-73.69
Info:                               /home/researcher/Desktop/￿FFE6￿FF95￿FF99￿FFE6￿FF9D￿FF90/Fall 2026/digital ic/.tools/oss-cad-suite/libexec/../share/yosys/ice40/arith_map.v:62.5-70.4
Info:                               /home/researcher/Desktop/￿FFE6￿FF95￿FF99￿FFE6￿FF9D￿FF90/Fall 2026/digital ic/.tools/oss-cad-suite/libexec/../share/yosys/ice40/cells_map.v:6.21-6.22
Info:      logic  0.28  49.02 Source core.feature_SB_DFFESR_Q_2_D_SB_LUT4_O_I3_SB_CARRY_CO_CI_SB_LUT4_I3_O_SB_CARRY_I0_CO_SB_LUT4_I3_O_SB_LUT4_O_1_I3_SB_CARRY_CI_CO_SB_CARRY_CI_CO_SB_CARRY_CI_CO_SB_CARRY_CI_CO_SB_CARRY_CI_CO_SB_CARRY_CI_CO_SB_CARRY_CI_CO_SB_LUT4_I3_LC.COUT
Info:    routing  0.00  49.02 Net core.feature_SB_DFFESR_Q_2_D_SB_LUT4_O_I3_SB_CARRY_CO_CI_SB_LUT4_I3_O_SB_CARRY_I0_CO_SB_LUT4_I3_O_SB_LUT4_O_1_I3_SB_CARRY_CI_CO_SB_CARRY_CI_CO_SB_CARRY_CI_CO_SB_CARRY_CI_CO_SB_CARRY_CI_CO_SB_CARRY_CI_CO_SB_CARRY_CI_CO_SB_CARRY_CI_CO (4,11) -> (4,11)
Info:                          Sink core.feature_SB_DFFESR_Q_2_D_SB_LUT4_O_I3_SB_CARRY_CO_CI_SB_LUT4_I3_O_SB_CARRY_I0_CO_SB_LUT4_I3_O_SB_LUT4_O_1_I3_SB_CARRY_CI_CO_SB_CARRY_CI_CO_SB_CARRY_CI_CO_SB_CARRY_CI_CO_SB_CARRY_CI_CO_SB_CARRY_CI_CO_SB_CARRY_CI_CO_SB_CARRY_CI_CO_SB_LUT4_I3_LC.CIN
Info:                          Defined in:
Info:                               rtl/core/known_spectral_core.sv:73.17-73.69
Info:                               /home/researcher/Desktop/￿FFE6￿FF95￿FF99￿FFE6￿FF9D￿FF90/Fall 2026/digital ic/.tools/oss-cad-suite/libexec/../share/yosys/ice40/arith_map.v:62.5-70.4
Info:                               /home/researcher/Desktop/￿FFE6￿FF95￿FF99￿FFE6￿FF9D￿FF90/Fall 2026/digital ic/.tools/oss-cad-suite/libexec/../share/yosys/ice40/cells_map.v:6.21-6.22
Info:      logic  0.28  49.30 Source core.feature_SB_DFFESR_Q_2_D_SB_LUT4_O_I3_SB_CARRY_CO_CI_SB_LUT4_I3_O_SB_CARRY_I0_CO_SB_LUT4_I3_O_SB_LUT4_O_1_I3_SB_CARRY_CI_CO_SB_CARRY_CI_CO_SB_CARRY_CI_CO_SB_CARRY_CI_CO_SB_CARRY_CI_CO_SB_CARRY_CI_CO_SB_CARRY_CI_CO_SB_CARRY_CI_CO_SB_LUT4_I3_LC.COUT
Info:    routing  0.00  49.30 Net core.feature_SB_DFFESR_Q_2_D_SB_LUT4_O_I3_SB_CARRY_CO_CI_SB_LUT4_I3_O_SB_CARRY_I0_CO_SB_LUT4_I3_O_SB_LUT4_O_1_I3_SB_CARRY_CI_CO_SB_CARRY_CI_CO_SB_CARRY_CI_CO_SB_CARRY_CI_CO_SB_CARRY_CI_CO_SB_CARRY_CI_CO_SB_CARRY_CI_CO_SB_CARRY_CI_CO_SB_CARRY_CI_CO (4,11) -> (4,11)
Info:                          Sink core.feature_SB_DFFESR_Q_2_D_SB_LUT4_O_I3_SB_CARRY_CO_CI_SB_LUT4_I3_O_SB_CARRY_I0_CO_SB_LUT4_I3_O_SB_LUT4_O_1_I3_SB_CARRY_CI_CO_SB_CARRY_CI_CO_SB_CARRY_CI_CO_SB_CARRY_CI_CO_SB_CARRY_CI_CO_SB_CARRY_CI_CO_SB_CARRY_CI_CO_SB_CARRY_CI_CO_SB_CARRY_CI_CO_SB_LUT4_I3_LC.CIN
Info:                          Defined in:
Info:                               rtl/core/known_spectral_core.sv:73.17-73.69
Info:                               /home/researcher/Desktop/￿FFE6￿FF95￿FF99￿FFE6￿FF9D￿FF90/Fall 2026/digital ic/.tools/oss-cad-suite/libexec/../share/yosys/ice40/arith_map.v:62.5-70.4
Info:                               /home/researcher/Desktop/￿FFE6￿FF95￿FF99￿FFE6￿FF9D￿FF90/Fall 2026/digital ic/.tools/oss-cad-suite/libexec/../share/yosys/ice40/cells_map.v:6.21-6.22
Info:      logic  0.28  49.58 Source core.feature_SB_DFFESR_Q_2_D_SB_LUT4_O_I3_SB_CARRY_CO_CI_SB_LUT4_I3_O_SB_CARRY_I0_CO_SB_LUT4_I3_O_SB_LUT4_O_1_I3_SB_CARRY_CI_CO_SB_CARRY_CI_CO_SB_CARRY_CI_CO_SB_CARRY_CI_CO_SB_CARRY_CI_CO_SB_CARRY_CI_CO_SB_CARRY_CI_CO_SB_CARRY_CI_CO_SB_CARRY_CI_CO_SB_LUT4_I3_LC.COUT
Info:    routing  0.56  50.13 Net core.feature_SB_DFFESR_Q_2_D_SB_LUT4_O_I3_SB_CARRY_CO_CI_SB_LUT4_I3_O_SB_CARRY_I0_CO_SB_LUT4_I3_O_SB_LUT4_O_1_I3_SB_CARRY_CI_CO_SB_CARRY_CI_CO_SB_CARRY_CI_CO_SB_CARRY_CI_CO_SB_CARRY_CI_CO_SB_CARRY_CI_CO_SB_CARRY_CI_CO_SB_CARRY_CI_CO_SB_CARRY_CI_CO_SB_CARRY_CI_CO (4,11) -> (4,12)
Info:                          Sink core.feature_SB_DFFESR_Q_2_D_SB_LUT4_O_I3_SB_CARRY_CO_CI_SB_LUT4_I3_O_SB_CARRY_I0_CO_SB_LUT4_I3_O_SB_LUT4_O_1_I3_SB_CARRY_CI_CO_SB_CARRY_CI_CO_SB_CARRY_CI_CO_SB_CARRY_CI_CO_SB_CARRY_CI_CO_SB_CARRY_CI_CO_SB_CARRY_CI_CO_SB_CARRY_CI_CO_SB_CARRY_CI_CO_SB_CARRY_CI_CO_SB_LUT4_I3_LC.CIN
Info:                          Defined in:
Info:                               rtl/core/known_spectral_core.sv:73.17-73.69
Info:                               /home/researcher/Desktop/￿FFE6￿FF95￿FF99￿FFE6￿FF9D￿FF90/Fall 2026/digital ic/.tools/oss-cad-suite/libexec/../share/yosys/ice40/arith_map.v:62.5-70.4
Info:                               /home/researcher/Desktop/￿FFE6￿FF95￿FF99￿FFE6￿FF9D￿FF90/Fall 2026/digital ic/.tools/oss-cad-suite/libexec/../share/yosys/ice40/cells_map.v:6.21-6.22
Info:      logic  0.28  50.41 Source core.feature_SB_DFFESR_Q_2_D_SB_LUT4_O_I3_SB_CARRY_CO_CI_SB_LUT4_I3_O_SB_CARRY_I0_CO_SB_LUT4_I3_O_SB_LUT4_O_1_I3_SB_CARRY_CI_CO_SB_CARRY_CI_CO_SB_CARRY_CI_CO_SB_CARRY_CI_CO_SB_CARRY_CI_CO_SB_CARRY_CI_CO_SB_CARRY_CI_CO_SB_CARRY_CI_CO_SB_CARRY_CI_CO_SB_CARRY_CI_CO_SB_LUT4_I3_LC.COUT
Info:    routing  0.00  50.41 Net core.feature_SB_DFFESR_Q_2_D_SB_LUT4_O_I3_SB_CARRY_CO_CI_SB_LUT4_I3_O_SB_CARRY_I0_CO_SB_LUT4_I3_O_SB_LUT4_O_1_I3_SB_CARRY_CI_CO_SB_CARRY_CI_CO_SB_CARRY_CI_CO_SB_CARRY_CI_CO_SB_CARRY_CI_CO_SB_CARRY_CI_CO_SB_CARRY_CI_CO_SB_CARRY_CI_CO_SB_CARRY_CI_CO_SB_CARRY_CI_CO_SB_CARRY_CI_CO (4,12) -> (4,12)
Info:                          Sink core.feature_SB_DFFESR_Q_2_D_SB_LUT4_O_I3_SB_CARRY_CO_CI_SB_LUT4_I3_O_SB_CARRY_I0_CO_SB_LUT4_I3_O_SB_LUT4_O_1_I3_SB_CARRY_CI_CO_SB_CARRY_CI_CO_SB_CARRY_CI_CO_SB_CARRY_CI_CO_SB_CARRY_CI_CO_SB_CARRY_CI_CO_SB_CARRY_CI_CO_SB_CARRY_CI_CO_SB_CARRY_CI_CO_SB_CARRY_CI_CO_SB_CARRY_CI_CO_SB_LUT4_I3_LC.CIN
Info:                          Defined in:
Info:                               rtl/core/known_spectral_core.sv:73.17-73.69
Info:                               /home/researcher/Desktop/￿FFE6￿FF95￿FF99￿FFE6￿FF9D￿FF90/Fall 2026/digital ic/.tools/oss-cad-suite/libexec/../share/yosys/ice40/arith_map.v:62.5-70.4
Info:                               /home/researcher/Desktop/￿FFE6￿FF95￿FF99￿FFE6￿FF9D￿FF90/Fall 2026/digital ic/.tools/oss-cad-suite/libexec/../share/yosys/ice40/cells_map.v:6.21-6.22
Info:      logic  0.28  50.69 Source core.feature_SB_DFFESR_Q_2_D_SB_LUT4_O_I3_SB_CARRY_CO_CI_SB_LUT4_I3_O_SB_CARRY_I0_CO_SB_LUT4_I3_O_SB_LUT4_O_1_I3_SB_CARRY_CI_CO_SB_CARRY_CI_CO_SB_CARRY_CI_CO_SB_CARRY_CI_CO_SB_CARRY_CI_CO_SB_CARRY_CI_CO_SB_CARRY_CI_CO_SB_CARRY_CI_CO_SB_CARRY_CI_CO_SB_CARRY_CI_CO_SB_CARRY_CI_CO_SB_LUT4_I3_LC.COUT
Info:    routing  0.00  50.69 Net core.feature_SB_DFFESR_Q_2_D_SB_LUT4_O_I3_SB_CARRY_CO_CI_SB_LUT4_I3_O_SB_CARRY_I0_CO_SB_LUT4_I3_O_SB_LUT4_O_1_I3_SB_CARRY_CI_CO_SB_CARRY_CI_CO_SB_CARRY_CI_CO_SB_CARRY_CI_CO_SB_CARRY_CI_CO_SB_CARRY_CI_CO_SB_CARRY_CI_CO_SB_CARRY_CI_CO_SB_CARRY_CI_CO_SB_CARRY_CI_CO_SB_CARRY_CI_CO_SB_CARRY_CI_CO (4,12) -> (4,12)
Info:                          Sink core.feature_SB_DFFESR_Q_2_D_SB_LUT4_O_I3_SB_CARRY_CO_CI_SB_LUT4_I3_O_SB_CARRY_I0_CO_SB_LUT4_I3_O_SB_LUT4_O_1_I3_SB_CARRY_CI_CO_SB_CARRY_CI_CO_SB_CARRY_CI_CO_SB_CARRY_CI_CO_SB_CARRY_CI_CO_SB_CARRY_CI_CO_SB_CARRY_CI_CO_SB_CARRY_CI_CO_SB_CARRY_CI_CO_SB_CARRY_CI_CO_SB_CARRY_CI_CO_SB_CARRY_CI_CO_SB_LUT4_I3_LC.CIN
Info:                          Defined in:
Info:                               rtl/core/known_spectral_core.sv:73.17-73.69
Info:                               /home/researcher/Desktop/￿FFE6￿FF95￿FF99￿FFE6￿FF9D￿FF90/Fall 2026/digital ic/.tools/oss-cad-suite/libexec/../share/yosys/ice40/arith_map.v:62.5-70.4
Info:                               /home/researcher/Desktop/￿FFE6￿FF95￿FF99￿FFE6￿FF9D￿FF90/Fall 2026/digital ic/.tools/oss-cad-suite/libexec/../share/yosys/ice40/cells_map.v:6.21-6.22
Info:      logic  0.28  50.97 Source core.feature_SB_DFFESR_Q_2_D_SB_LUT4_O_I3_SB_CARRY_CO_CI_SB_LUT4_I3_O_SB_CARRY_I0_CO_SB_LUT4_I3_O_SB_LUT4_O_1_I3_SB_CARRY_CI_CO_SB_CARRY_CI_CO_SB_CARRY_CI_CO_SB_CARRY_CI_CO_SB_CARRY_CI_CO_SB_CARRY_CI_CO_SB_CARRY_CI_CO_SB_CARRY_CI_CO_SB_CARRY_CI_CO_SB_CARRY_CI_CO_SB_CARRY_CI_CO_SB_CARRY_CI_CO_SB_LUT4_I3_LC.COUT
Info:    routing  0.00  50.97 Net core.feature_SB_DFFESR_Q_2_D_SB_LUT4_O_I3_SB_CARRY_CO_CI_SB_LUT4_I3_O_SB_CARRY_I0_CO_SB_LUT4_I3_O_SB_LUT4_O_1_I3_SB_CARRY_CI_CO_SB_CARRY_CI_CO_SB_CARRY_CI_CO_SB_CARRY_CI_CO_SB_CARRY_CI_CO_SB_CARRY_CI_CO_SB_CARRY_CI_CO_SB_CARRY_CI_CO_SB_CARRY_CI_CO_SB_CARRY_CI_CO_SB_CARRY_CI_CO_SB_CARRY_CI_CO_SB_CARRY_CI_CO (4,12) -> (4,12)
Info:                          Sink core.feature_SB_DFFESR_Q_2_D_SB_LUT4_O_I3_SB_CARRY_CO_CI_SB_LUT4_I3_O_SB_CARRY_I0_CO_SB_LUT4_I3_O_SB_LUT4_O_1_I3_SB_CARRY_CI_CO_SB_CARRY_CI_CO_SB_CARRY_CI_CO_SB_CARRY_CI_CO_SB_CARRY_CI_CO_SB_CARRY_CI_CO_SB_CARRY_CI_CO_SB_CARRY_CI_CO_SB_CARRY_CI_CO_SB_CARRY_CI_CO_SB_CARRY_CI_CO_SB_CARRY_CI_CO_SB_CARRY_CI_CO_SB_LUT4_I3_LC.CIN
Info:                          Defined in:
Info:                               rtl/core/known_spectral_core.sv:73.17-73.69
Info:                               /home/researcher/Desktop/￿FFE6￿FF95￿FF99￿FFE6￿FF9D￿FF90/Fall 2026/digital ic/.tools/oss-cad-suite/libexec/../share/yosys/ice40/arith_map.v:62.5-70.4
Info:                               /home/researcher/Desktop/￿FFE6￿FF95￿FF99￿FFE6￿FF9D￿FF90/Fall 2026/digital ic/.tools/oss-cad-suite/libexec/../share/yosys/ice40/cells_map.v:6.21-6.22
Info:      logic  0.28  51.24 Source core.feature_SB_DFFESR_Q_2_D_SB_LUT4_O_I3_SB_CARRY_CO_CI_SB_LUT4_I3_O_SB_CARRY_I0_CO_SB_LUT4_I3_O_SB_LUT4_O_1_I3_SB_CARRY_CI_CO_SB_CARRY_CI_CO_SB_CARRY_CI_CO_SB_CARRY_CI_CO_SB_CARRY_CI_CO_SB_CARRY_CI_CO_SB_CARRY_CI_CO_SB_CARRY_CI_CO_SB_CARRY_CI_CO_SB_CARRY_CI_CO_SB_CARRY_CI_CO_SB_CARRY_CI_CO_SB_CARRY_CI_CO_SB_LUT4_I3_LC.COUT
Info:    routing  0.00  51.24 Net core.feature_SB_DFFESR_Q_2_D_SB_LUT4_O_I3_SB_CARRY_CO_CI_SB_LUT4_I3_O_SB_CARRY_I0_CO_SB_LUT4_I3_O_SB_LUT4_O_1_I3_SB_CARRY_CI_CO_SB_CARRY_CI_CO_SB_CARRY_CI_CO_SB_CARRY_CI_CO_SB_CARRY_CI_CO_SB_CARRY_CI_CO_SB_CARRY_CI_CO_SB_CARRY_CI_CO_SB_CARRY_CI_CO_SB_CARRY_CI_CO_SB_CARRY_CI_CO_SB_CARRY_CI_CO_SB_CARRY_CI_CO_SB_CARRY_CI_CO (4,12) -> (4,12)
Info:                          Sink core.feature_SB_DFFESR_Q_2_D_SB_LUT4_O_I3_SB_CARRY_CO_CI_SB_LUT4_I3_O_SB_CARRY_I0_CO_SB_LUT4_I3_O_SB_LUT4_O_1_I3_SB_CARRY_CI_CO_SB_CARRY_CI_CO_SB_CARRY_CI_CO_SB_CARRY_CI_CO_SB_CARRY_CI_CO_SB_CARRY_CI_CO_SB_CARRY_CI_CO_SB_CARRY_CI_CO_SB_CARRY_CI_CO_SB_CARRY_CI_CO_SB_CARRY_CI_CO_SB_CARRY_CI_CO_SB_CARRY_CI_CO_SB_CARRY_CI_CO_SB_LUT4_I3_LC.CIN
Info:                          Defined in:
Info:                               rtl/core/known_spectral_core.sv:73.17-73.69
Info:                               /home/researcher/Desktop/￿FFE6￿FF95￿FF99￿FFE6￿FF9D￿FF90/Fall 2026/digital ic/.tools/oss-cad-suite/libexec/../share/yosys/ice40/arith_map.v:62.5-70.4
Info:                               /home/researcher/Desktop/￿FFE6￿FF95￿FF99￿FFE6￿FF9D￿FF90/Fall 2026/digital ic/.tools/oss-cad-suite/libexec/../share/yosys/ice40/cells_map.v:6.21-6.22
Info:      logic  0.28  51.52 Source core.feature_SB_DFFESR_Q_2_D_SB_LUT4_O_I3_SB_CARRY_CO_CI_SB_LUT4_I3_O_SB_CARRY_I0_CO_SB_LUT4_I3_O_SB_LUT4_O_1_I3_SB_CARRY_CI_CO_SB_CARRY_CI_CO_SB_CARRY_CI_CO_SB_CARRY_CI_CO_SB_CARRY_CI_CO_SB_CARRY_CI_CO_SB_CARRY_CI_CO_SB_CARRY_CI_CO_SB_CARRY_CI_CO_SB_CARRY_CI_CO_SB_CARRY_CI_CO_SB_CARRY_CI_CO_SB_CARRY_CI_CO_SB_CARRY_CI_CO_SB_LUT4_I3_LC.COUT
Info:    routing  0.00  51.52 Net core.feature_SB_DFFESR_Q_2_D_SB_LUT4_O_I3_SB_CARRY_CO_CI_SB_CARRY_CO_CI_SB_CARRY_CO_CI_SB_CARRY_CO_CI_SB_CARRY_CO_CI_SB_CARRY_CO_CI_SB_CARRY_CO_CI_SB_CARRY_CO_CI_SB_CARRY_CO_CI_SB_CARRY_CO_CI_SB_CARRY_CO_CI_SB_CARRY_CO_CI_SB_CARRY_CO_CI_SB_CARRY_CO_CI_SB_CARRY_CO_CI_SB_CARRY_CO_CI_SB_CARRY_CO_CI_SB_CARRY_CO_CI_SB_CARRY_CO_CI (4,12) -> (4,12)
Info:                          Sink core.feature_SB_DFFESR_Q_2_D_SB_LUT4_O_I3_SB_CARRY_CO_CI_SB_CARRY_CO_CI_SB_CARRY_CO_CI_SB_CARRY_CO_CI_SB_CARRY_CO_CI_SB_CARRY_CO_CI_SB_CARRY_CO_CI_SB_CARRY_CO_CI_SB_CARRY_CO_CI_SB_CARRY_CO_CI_SB_CARRY_CO_CI_SB_CARRY_CO_CI_SB_CARRY_CO_CI_SB_CARRY_CO_CI_SB_CARRY_CO_CI_SB_CARRY_CO_CI_SB_CARRY_CO_CI_SB_CARRY_CO_CI_SB_CARRY_CO_CI_SB_LUT4_I3_LC.CIN
Info:                          Defined in:
Info:                               rtl/core/known_spectral_core.sv:73.17-73.69
Info:                               /home/researcher/Desktop/￿FFE6￿FF95￿FF99￿FFE6￿FF9D￿FF90/Fall 2026/digital ic/.tools/oss-cad-suite/libexec/../share/yosys/ice40/arith_map.v:62.5-70.4
Info:                               /home/researcher/Desktop/￿FFE6￿FF95￿FF99￿FFE6￿FF9D￿FF90/Fall 2026/digital ic/.tools/oss-cad-suite/libexec/../share/yosys/ice40/cells_map.v:6.21-6.22
Info:      logic  0.28  51.80 Source core.feature_SB_DFFESR_Q_2_D_SB_LUT4_O_I3_SB_CARRY_CO_CI_SB_CARRY_CO_CI_SB_CARRY_CO_CI_SB_CARRY_CO_CI_SB_CARRY_CO_CI_SB_CARRY_CO_CI_SB_CARRY_CO_CI_SB_CARRY_CO_CI_SB_CARRY_CO_CI_SB_CARRY_CO_CI_SB_CARRY_CO_CI_SB_CARRY_CO_CI_SB_CARRY_CO_CI_SB_CARRY_CO_CI_SB_CARRY_CO_CI_SB_CARRY_CO_CI_SB_CARRY_CO_CI_SB_CARRY_CO_CI_SB_CARRY_CO_CI_SB_LUT4_I3_LC.COUT
Info:    routing  0.00  51.80 Net core.feature_SB_DFFESR_Q_2_D_SB_LUT4_O_I3_SB_CARRY_CO_CI_SB_CARRY_CO_CI_SB_CARRY_CO_CI_SB_CARRY_CO_CI_SB_CARRY_CO_CI_SB_CARRY_CO_CI_SB_CARRY_CO_CI_SB_CARRY_CO_CI_SB_CARRY_CO_CI_SB_CARRY_CO_CI_SB_CARRY_CO_CI_SB_CARRY_CO_CI_SB_CARRY_CO_CI_SB_CARRY_CO_CI_SB_CARRY_CO_CI_SB_CARRY_CO_CI_SB_CARRY_CO_CI_SB_CARRY_CO_CI (4,12) -> (4,12)
Info:                          Sink core.feature_SB_DFFESR_Q_2_D_SB_LUT4_O_I3_SB_CARRY_CO_CI_SB_CARRY_CO_CI_SB_CARRY_CO_CI_SB_CARRY_CO_CI_SB_CARRY_CO_CI_SB_CARRY_CO_CI_SB_CARRY_CO_CI_SB_CARRY_CO_CI_SB_CARRY_CO_CI_SB_CARRY_CO_CI_SB_CARRY_CO_CI_SB_CARRY_CO_CI_SB_CARRY_CO_CI_SB_CARRY_CO_CI_SB_CARRY_CO_CI_SB_CARRY_CO_CI_SB_CARRY_CO_CI_SB_CARRY_CO_CI_SB_LUT4_I3_LC.CIN
Info:                          Defined in:
Info:                               rtl/core/known_spectral_core.sv:73.17-73.69
Info:                               /home/researcher/Desktop/￿FFE6￿FF95￿FF99￿FFE6￿FF9D￿FF90/Fall 2026/digital ic/.tools/oss-cad-suite/libexec/../share/yosys/ice40/arith_map.v:62.5-70.4
Info:                               /home/researcher/Desktop/￿FFE6￿FF95￿FF99￿FFE6￿FF9D￿FF90/Fall 2026/digital ic/.tools/oss-cad-suite/libexec/../share/yosys/ice40/cells_map.v:6.21-6.22
Info:      logic  0.28  52.08 Source core.feature_SB_DFFESR_Q_2_D_SB_LUT4_O_I3_SB_CARRY_CO_CI_SB_CARRY_CO_CI_SB_CARRY_CO_CI_SB_CARRY_CO_CI_SB_CARRY_CO_CI_SB_CARRY_CO_CI_SB_CARRY_CO_CI_SB_CARRY_CO_CI_SB_CARRY_CO_CI_SB_CARRY_CO_CI_SB_CARRY_CO_CI_SB_CARRY_CO_CI_SB_CARRY_CO_CI_SB_CARRY_CO_CI_SB_CARRY_CO_CI_SB_CARRY_CO_CI_SB_CARRY_CO_CI_SB_CARRY_CO_CI_SB_LUT4_I3_LC.COUT
Info:    routing  0.00  52.08 Net core.feature_SB_DFFESR_Q_2_D_SB_LUT4_O_I3_SB_CARRY_CO_CI_SB_CARRY_CO_CI_SB_CARRY_CO_CI_SB_CARRY_CO_CI_SB_CARRY_CO_CI_SB_CARRY_CO_CI_SB_CARRY_CO_CI_SB_CARRY_CO_CI_SB_CARRY_CO_CI_SB_CARRY_CO_CI_SB_CARRY_CO_CI_SB_CARRY_CO_CI_SB_CARRY_CO_CI_SB_CARRY_CO_CI_SB_CARRY_CO_CI_SB_CARRY_CO_CI_SB_CARRY_CO_CI (4,12) -> (4,12)
Info:                          Sink core.feature_SB_DFFESR_Q_2_D_SB_LUT4_O_I3_SB_CARRY_CO_CI_SB_CARRY_CO_CI_SB_CARRY_CO_CI_SB_CARRY_CO_CI_SB_CARRY_CO_CI_SB_CARRY_CO_CI_SB_CARRY_CO_CI_SB_CARRY_CO_CI_SB_CARRY_CO_CI_SB_CARRY_CO_CI_SB_CARRY_CO_CI_SB_CARRY_CO_CI_SB_CARRY_CO_CI_SB_CARRY_CO_CI_SB_CARRY_CO_CI_SB_CARRY_CO_CI_SB_CARRY_CO_CI_SB_LUT4_I3_LC.CIN
Info:                          Defined in:
Info:                               rtl/core/known_spectral_core.sv:73.17-73.69
Info:                               /home/researcher/Desktop/￿FFE6￿FF95￿FF99￿FFE6￿FF9D￿FF90/Fall 2026/digital ic/.tools/oss-cad-suite/libexec/../share/yosys/ice40/arith_map.v:62.5-70.4
Info:                               /home/researcher/Desktop/￿FFE6￿FF95￿FF99￿FFE6￿FF9D￿FF90/Fall 2026/digital ic/.tools/oss-cad-suite/libexec/../share/yosys/ice40/cells_map.v:6.21-6.22
Info:      logic  0.28  52.35 Source core.feature_SB_DFFESR_Q_2_D_SB_LUT4_O_I3_SB_CARRY_CO_CI_SB_CARRY_CO_CI_SB_CARRY_CO_CI_SB_CARRY_CO_CI_SB_CARRY_CO_CI_SB_CARRY_CO_CI_SB_CARRY_CO_CI_SB_CARRY_CO_CI_SB_CARRY_CO_CI_SB_CARRY_CO_CI_SB_CARRY_CO_CI_SB_CARRY_CO_CI_SB_CARRY_CO_CI_SB_CARRY_CO_CI_SB_CARRY_CO_CI_SB_CARRY_CO_CI_SB_CARRY_CO_CI_SB_LUT4_I3_LC.COUT
Info:    routing  0.56  52.91 Net core.feature_SB_DFFESR_Q_2_D_SB_LUT4_O_I3_SB_CARRY_CO_CI_SB_CARRY_CO_CI_SB_CARRY_CO_CI_SB_CARRY_CO_CI_SB_CARRY_CO_CI_SB_CARRY_CO_CI_SB_CARRY_CO_CI_SB_CARRY_CO_CI_SB_CARRY_CO_CI_SB_CARRY_CO_CI_SB_CARRY_CO_CI_SB_CARRY_CO_CI_SB_CARRY_CO_CI_SB_CARRY_CO_CI_SB_CARRY_CO_CI_SB_CARRY_CO_CI (4,12) -> (4,13)
Info:                          Sink core.feature_SB_DFFESR_Q_2_D_SB_LUT4_O_I3_SB_CARRY_CO_CI_SB_CARRY_CO_CI_SB_CARRY_CO_CI_SB_CARRY_CO_CI_SB_CARRY_CO_CI_SB_CARRY_CO_CI_SB_CARRY_CO_CI_SB_CARRY_CO_CI_SB_CARRY_CO_CI_SB_CARRY_CO_CI_SB_CARRY_CO_CI_SB_CARRY_CO_CI_SB_CARRY_CO_CI_SB_CARRY_CO_CI_SB_CARRY_CO_CI_SB_CARRY_CO_CI_SB_LUT4_I3_LC.CIN
Info:                          Defined in:
Info:                               rtl/core/known_spectral_core.sv:73.17-73.69
Info:                               /home/researcher/Desktop/￿FFE6￿FF95￿FF99￿FFE6￿FF9D￿FF90/Fall 2026/digital ic/.tools/oss-cad-suite/libexec/../share/yosys/ice40/arith_map.v:62.5-70.4
Info:                               /home/researcher/Desktop/￿FFE6￿FF95￿FF99￿FFE6￿FF9D￿FF90/Fall 2026/digital ic/.tools/oss-cad-suite/libexec/../share/yosys/ice40/cells_map.v:6.21-6.22
Info:      logic  0.28  53.19 Source core.feature_SB_DFFESR_Q_2_D_SB_LUT4_O_I3_SB_CARRY_CO_CI_SB_CARRY_CO_CI_SB_CARRY_CO_CI_SB_CARRY_CO_CI_SB_CARRY_CO_CI_SB_CARRY_CO_CI_SB_CARRY_CO_CI_SB_CARRY_CO_CI_SB_CARRY_CO_CI_SB_CARRY_CO_CI_SB_CARRY_CO_CI_SB_CARRY_CO_CI_SB_CARRY_CO_CI_SB_CARRY_CO_CI_SB_CARRY_CO_CI_SB_CARRY_CO_CI_SB_LUT4_I3_LC.COUT
Info:    routing  0.00  53.19 Net core.feature_SB_DFFESR_Q_2_D_SB_LUT4_O_I3_SB_CARRY_CO_CI_SB_CARRY_CO_CI_SB_CARRY_CO_CI_SB_CARRY_CO_CI_SB_CARRY_CO_CI_SB_CARRY_CO_CI_SB_CARRY_CO_CI_SB_CARRY_CO_CI_SB_CARRY_CO_CI_SB_CARRY_CO_CI_SB_CARRY_CO_CI_SB_CARRY_CO_CI_SB_CARRY_CO_CI_SB_CARRY_CO_CI_SB_CARRY_CO_CI (4,13) -> (4,13)
Info:                          Sink core.feature_SB_DFFESR_Q_2_D_SB_LUT4_O_I3_SB_CARRY_CO_CI_SB_CARRY_CO_CI_SB_CARRY_CO_CI_SB_CARRY_CO_CI_SB_CARRY_CO_CI_SB_CARRY_CO_CI_SB_CARRY_CO_CI_SB_CARRY_CO_CI_SB_CARRY_CO_CI_SB_CARRY_CO_CI_SB_CARRY_CO_CI_SB_CARRY_CO_CI_SB_CARRY_CO_CI_SB_CARRY_CO_CI_SB_CARRY_CO_CI_SB_LUT4_I3_LC.CIN
Info:                          Defined in:
Info:                               rtl/core/known_spectral_core.sv:73.17-73.69
Info:                               /home/researcher/Desktop/￿FFE6￿FF95￿FF99￿FFE6￿FF9D￿FF90/Fall 2026/digital ic/.tools/oss-cad-suite/libexec/../share/yosys/ice40/arith_map.v:62.5-70.4
Info:                               /home/researcher/Desktop/￿FFE6￿FF95￿FF99￿FFE6￿FF9D￿FF90/Fall 2026/digital ic/.tools/oss-cad-suite/libexec/../share/yosys/ice40/cells_map.v:6.21-6.22
Info:      logic  0.28  53.47 Source core.feature_SB_DFFESR_Q_2_D_SB_LUT4_O_I3_SB_CARRY_CO_CI_SB_CARRY_CO_CI_SB_CARRY_CO_CI_SB_CARRY_CO_CI_SB_CARRY_CO_CI_SB_CARRY_CO_CI_SB_CARRY_CO_CI_SB_CARRY_CO_CI_SB_CARRY_CO_CI_SB_CARRY_CO_CI_SB_CARRY_CO_CI_SB_CARRY_CO_CI_SB_CARRY_CO_CI_SB_CARRY_CO_CI_SB_CARRY_CO_CI_SB_LUT4_I3_LC.COUT
Info:    routing  0.00  53.47 Net core.feature_SB_DFFESR_Q_2_D_SB_LUT4_O_I3_SB_CARRY_CO_CI_SB_CARRY_CO_CI_SB_CARRY_CO_CI_SB_CARRY_CO_CI_SB_CARRY_CO_CI_SB_CARRY_CO_CI_SB_CARRY_CO_CI_SB_CARRY_CO_CI_SB_CARRY_CO_CI_SB_CARRY_CO_CI_SB_CARRY_CO_CI_SB_CARRY_CO_CI_SB_CARRY_CO_CI_SB_CARRY_CO_CI (4,13) -> (4,13)
Info:                          Sink core.feature_SB_DFFESR_Q_2_D_SB_LUT4_O_I3_SB_CARRY_CO_CI_SB_CARRY_CO_CI_SB_CARRY_CO_CI_SB_CARRY_CO_CI_SB_CARRY_CO_CI_SB_CARRY_CO_CI_SB_CARRY_CO_CI_SB_CARRY_CO_CI_SB_CARRY_CO_CI_SB_CARRY_CO_CI_SB_CARRY_CO_CI_SB_CARRY_CO_CI_SB_CARRY_CO_CI_SB_CARRY_CO_CI_SB_LUT4_I3_LC.CIN
Info:                          Defined in:
Info:                               rtl/core/known_spectral_core.sv:73.17-73.69
Info:                               /home/researcher/Desktop/￿FFE6￿FF95￿FF99￿FFE6￿FF9D￿FF90/Fall 2026/digital ic/.tools/oss-cad-suite/libexec/../share/yosys/ice40/arith_map.v:62.5-70.4
Info:                               /home/researcher/Desktop/￿FFE6￿FF95￿FF99￿FFE6￿FF9D￿FF90/Fall 2026/digital ic/.tools/oss-cad-suite/libexec/../share/yosys/ice40/cells_map.v:6.21-6.22
Info:      logic  0.28  53.74 Source core.feature_SB_DFFESR_Q_2_D_SB_LUT4_O_I3_SB_CARRY_CO_CI_SB_CARRY_CO_CI_SB_CARRY_CO_CI_SB_CARRY_CO_CI_SB_CARRY_CO_CI_SB_CARRY_CO_CI_SB_CARRY_CO_CI_SB_CARRY_CO_CI_SB_CARRY_CO_CI_SB_CARRY_CO_CI_SB_CARRY_CO_CI_SB_CARRY_CO_CI_SB_CARRY_CO_CI_SB_CARRY_CO_CI_SB_LUT4_I3_LC.COUT
Info:    routing  0.00  53.74 Net core.feature_SB_DFFESR_Q_2_D_SB_LUT4_O_I3_SB_CARRY_CO_CI_SB_CARRY_CO_CI_SB_CARRY_CO_CI_SB_CARRY_CO_CI_SB_CARRY_CO_CI_SB_CARRY_CO_CI_SB_CARRY_CO_CI_SB_CARRY_CO_CI_SB_CARRY_CO_CI_SB_CARRY_CO_CI_SB_CARRY_CO_CI_SB_CARRY_CO_CI_SB_CARRY_CO_CI (4,13) -> (4,13)
Info:                          Sink core.feature_SB_DFFESR_Q_2_D_SB_LUT4_O_I3_SB_CARRY_CO_CI_SB_CARRY_CO_CI_SB_CARRY_CO_CI_SB_CARRY_CO_CI_SB_CARRY_CO_CI_SB_CARRY_CO_CI_SB_CARRY_CO_CI_SB_CARRY_CO_CI_SB_CARRY_CO_CI_SB_CARRY_CO_CI_SB_CARRY_CO_CI_SB_CARRY_CO_CI_SB_CARRY_CO_CI_SB_LUT4_I3_LC.CIN
Info:                          Defined in:
Info:                               rtl/core/known_spectral_core.sv:73.17-73.69
Info:                               /home/researcher/Desktop/￿FFE6￿FF95￿FF99￿FFE6￿FF9D￿FF90/Fall 2026/digital ic/.tools/oss-cad-suite/libexec/../share/yosys/ice40/arith_map.v:62.5-70.4
Info:                               /home/researcher/Desktop/￿FFE6￿FF95￿FF99￿FFE6￿FF9D￿FF90/Fall 2026/digital ic/.tools/oss-cad-suite/libexec/../share/yosys/ice40/cells_map.v:6.21-6.22
Info:      logic  0.28  54.02 Source core.feature_SB_DFFESR_Q_2_D_SB_LUT4_O_I3_SB_CARRY_CO_CI_SB_CARRY_CO_CI_SB_CARRY_CO_CI_SB_CARRY_CO_CI_SB_CARRY_CO_CI_SB_CARRY_CO_CI_SB_CARRY_CO_CI_SB_CARRY_CO_CI_SB_CARRY_CO_CI_SB_CARRY_CO_CI_SB_CARRY_CO_CI_SB_CARRY_CO_CI_SB_CARRY_CO_CI_SB_LUT4_I3_LC.COUT
Info:    routing  0.00  54.02 Net core.feature_SB_DFFESR_Q_2_D_SB_LUT4_O_I3_SB_CARRY_CO_CI_SB_CARRY_CO_CI_SB_CARRY_CO_CI_SB_CARRY_CO_CI_SB_CARRY_CO_CI_SB_CARRY_CO_CI_SB_CARRY_CO_CI_SB_CARRY_CO_CI_SB_CARRY_CO_CI_SB_CARRY_CO_CI_SB_CARRY_CO_CI_SB_CARRY_CO_CI (4,13) -> (4,13)
Info:                          Sink core.feature_SB_DFFESR_Q_2_D_SB_LUT4_O_I3_SB_CARRY_CO_CI_SB_CARRY_CO_CI_SB_CARRY_CO_CI_SB_CARRY_CO_CI_SB_CARRY_CO_CI_SB_CARRY_CO_CI_SB_CARRY_CO_CI_SB_CARRY_CO_CI_SB_CARRY_CO_CI_SB_CARRY_CO_CI_SB_CARRY_CO_CI_SB_CARRY_CO_CI_SB_LUT4_I3_LC.CIN
Info:                          Defined in:
Info:                               rtl/core/known_spectral_core.sv:73.17-73.69
Info:                               /home/researcher/Desktop/￿FFE6￿FF95￿FF99￿FFE6￿FF9D￿FF90/Fall 2026/digital ic/.tools/oss-cad-suite/libexec/../share/yosys/ice40/arith_map.v:62.5-70.4
Info:                               /home/researcher/Desktop/￿FFE6￿FF95￿FF99￿FFE6￿FF9D￿FF90/Fall 2026/digital ic/.tools/oss-cad-suite/libexec/../share/yosys/ice40/cells_map.v:6.21-6.22
Info:      logic  0.28  54.30 Source core.feature_SB_DFFESR_Q_2_D_SB_LUT4_O_I3_SB_CARRY_CO_CI_SB_CARRY_CO_CI_SB_CARRY_CO_CI_SB_CARRY_CO_CI_SB_CARRY_CO_CI_SB_CARRY_CO_CI_SB_CARRY_CO_CI_SB_CARRY_CO_CI_SB_CARRY_CO_CI_SB_CARRY_CO_CI_SB_CARRY_CO_CI_SB_CARRY_CO_CI_SB_LUT4_I3_LC.COUT
Info:    routing  0.00  54.30 Net core.feature_SB_DFFESR_Q_2_D_SB_LUT4_O_I3_SB_CARRY_CO_CI_SB_CARRY_CO_CI_SB_CARRY_CO_CI_SB_CARRY_CO_CI_SB_CARRY_CO_CI_SB_CARRY_CO_CI_SB_CARRY_CO_CI_SB_CARRY_CO_CI_SB_CARRY_CO_CI_SB_CARRY_CO_CI_SB_CARRY_CO_CI (4,13) -> (4,13)
Info:                          Sink core.feature_SB_DFFESR_Q_2_D_SB_LUT4_O_I3_SB_CARRY_CO_CI_SB_CARRY_CO_CI_SB_CARRY_CO_CI_SB_CARRY_CO_CI_SB_CARRY_CO_CI_SB_CARRY_CO_CI_SB_CARRY_CO_CI_SB_CARRY_CO_CI_SB_CARRY_CO_CI_SB_CARRY_CO_CI_SB_CARRY_CO_CI_SB_LUT4_I3_LC.CIN
Info:                          Defined in:
Info:                               rtl/core/known_spectral_core.sv:73.17-73.69
Info:                               /home/researcher/Desktop/￿FFE6￿FF95￿FF99￿FFE6￿FF9D￿FF90/Fall 2026/digital ic/.tools/oss-cad-suite/libexec/../share/yosys/ice40/arith_map.v:62.5-70.4
Info:                               /home/researcher/Desktop/￿FFE6￿FF95￿FF99￿FFE6￿FF9D￿FF90/Fall 2026/digital ic/.tools/oss-cad-suite/libexec/../share/yosys/ice40/cells_map.v:6.21-6.22
Info:      logic  0.28  54.58 Source core.feature_SB_DFFESR_Q_2_D_SB_LUT4_O_I3_SB_CARRY_CO_CI_SB_CARRY_CO_CI_SB_CARRY_CO_CI_SB_CARRY_CO_CI_SB_CARRY_CO_CI_SB_CARRY_CO_CI_SB_CARRY_CO_CI_SB_CARRY_CO_CI_SB_CARRY_CO_CI_SB_CARRY_CO_CI_SB_CARRY_CO_CI_SB_LUT4_I3_LC.COUT
Info:    routing  0.00  54.58 Net core.feature_SB_DFFESR_Q_2_D_SB_LUT4_O_I3_SB_CARRY_CO_CI_SB_CARRY_CO_CI_SB_CARRY_CO_CI_SB_CARRY_CO_CI_SB_CARRY_CO_CI_SB_CARRY_CO_CI_SB_CARRY_CO_CI_SB_CARRY_CO_CI_SB_CARRY_CO_CI_SB_CARRY_CO_CI (4,13) -> (4,13)
Info:                          Sink core.feature_SB_DFFESR_Q_2_D_SB_LUT4_O_I3_SB_CARRY_CO_CI_SB_CARRY_CO_CI_SB_CARRY_CO_CI_SB_CARRY_CO_CI_SB_CARRY_CO_CI_SB_CARRY_CO_CI_SB_CARRY_CO_CI_SB_CARRY_CO_CI_SB_CARRY_CO_CI_SB_CARRY_CO_CI_SB_LUT4_I3_LC.CIN
Info:                          Defined in:
Info:                               rtl/core/known_spectral_core.sv:73.17-73.69
Info:                               /home/researcher/Desktop/￿FFE6￿FF95￿FF99￿FFE6￿FF9D￿FF90/Fall 2026/digital ic/.tools/oss-cad-suite/libexec/../share/yosys/ice40/arith_map.v:62.5-70.4
Info:                               /home/researcher/Desktop/￿FFE6￿FF95￿FF99￿FFE6￿FF9D￿FF90/Fall 2026/digital ic/.tools/oss-cad-suite/libexec/../share/yosys/ice40/cells_map.v:6.21-6.22
Info:      logic  0.28  54.86 Source core.feature_SB_DFFESR_Q_2_D_SB_LUT4_O_I3_SB_CARRY_CO_CI_SB_CARRY_CO_CI_SB_CARRY_CO_CI_SB_CARRY_CO_CI_SB_CARRY_CO_CI_SB_CARRY_CO_CI_SB_CARRY_CO_CI_SB_CARRY_CO_CI_SB_CARRY_CO_CI_SB_CARRY_CO_CI_SB_LUT4_I3_LC.COUT
Info:    routing  0.00  54.86 Net core.feature_SB_DFFESR_Q_2_D_SB_LUT4_O_I3_SB_CARRY_CO_CI_SB_CARRY_CO_CI_SB_CARRY_CO_CI_SB_CARRY_CO_CI_SB_CARRY_CO_CI_SB_CARRY_CO_CI_SB_CARRY_CO_CI_SB_CARRY_CO_CI_SB_CARRY_CO_CI (4,13) -> (4,13)
Info:                          Sink core.feature_SB_DFFESR_Q_2_D_SB_LUT4_O_I3_SB_CARRY_CO_CI_SB_CARRY_CO_CI_SB_CARRY_CO_CI_SB_CARRY_CO_CI_SB_CARRY_CO_CI_SB_CARRY_CO_CI_SB_CARRY_CO_CI_SB_CARRY_CO_CI_SB_CARRY_CO_CI_SB_LUT4_I3_LC.CIN
Info:                          Defined in:
Info:                               rtl/core/known_spectral_core.sv:73.17-73.69
Info:                               /home/researcher/Desktop/￿FFE6￿FF95￿FF99￿FFE6￿FF9D￿FF90/Fall 2026/digital ic/.tools/oss-cad-suite/libexec/../share/yosys/ice40/arith_map.v:62.5-70.4
Info:                               /home/researcher/Desktop/￿FFE6￿FF95￿FF99￿FFE6￿FF9D￿FF90/Fall 2026/digital ic/.tools/oss-cad-suite/libexec/../share/yosys/ice40/cells_map.v:6.21-6.22
Info:      logic  0.28  55.13 Source core.feature_SB_DFFESR_Q_2_D_SB_LUT4_O_I3_SB_CARRY_CO_CI_SB_CARRY_CO_CI_SB_CARRY_CO_CI_SB_CARRY_CO_CI_SB_CARRY_CO_CI_SB_CARRY_CO_CI_SB_CARRY_CO_CI_SB_CARRY_CO_CI_SB_CARRY_CO_CI_SB_LUT4_I3_LC.COUT
Info:    routing  0.56  55.69 Net core.feature_SB_DFFESR_Q_2_D_SB_LUT4_O_I3_SB_CARRY_CO_CI_SB_CARRY_CO_CI_SB_CARRY_CO_CI_SB_CARRY_CO_CI_SB_CARRY_CO_CI_SB_CARRY_CO_CI_SB_CARRY_CO_CI_SB_CARRY_CO_CI (4,13) -> (4,14)
Info:                          Sink core.feature_SB_DFFESR_Q_2_D_SB_LUT4_O_I3_SB_CARRY_CO_CI_SB_CARRY_CO_CI_SB_CARRY_CO_CI_SB_CARRY_CO_CI_SB_CARRY_CO_CI_SB_CARRY_CO_CI_SB_CARRY_CO_CI_SB_CARRY_CO_CI_SB_LUT4_I3_LC.CIN
Info:                          Defined in:
Info:                               rtl/core/known_spectral_core.sv:73.17-73.69
Info:                               /home/researcher/Desktop/￿FFE6￿FF95￿FF99￿FFE6￿FF9D￿FF90/Fall 2026/digital ic/.tools/oss-cad-suite/libexec/../share/yosys/ice40/arith_map.v:62.5-70.4
Info:                               /home/researcher/Desktop/￿FFE6￿FF95￿FF99￿FFE6￿FF9D￿FF90/Fall 2026/digital ic/.tools/oss-cad-suite/libexec/../share/yosys/ice40/cells_map.v:6.21-6.22
Info:      logic  0.28  55.97 Source core.feature_SB_DFFESR_Q_2_D_SB_LUT4_O_I3_SB_CARRY_CO_CI_SB_CARRY_CO_CI_SB_CARRY_CO_CI_SB_CARRY_CO_CI_SB_CARRY_CO_CI_SB_CARRY_CO_CI_SB_CARRY_CO_CI_SB_CARRY_CO_CI_SB_LUT4_I3_LC.COUT
Info:    routing  0.00  55.97 Net core.feature_SB_DFFESR_Q_2_D_SB_LUT4_O_I3_SB_CARRY_CO_CI_SB_CARRY_CO_CI_SB_CARRY_CO_CI_SB_CARRY_CO_CI_SB_CARRY_CO_CI_SB_CARRY_CO_CI_SB_CARRY_CO_CI (4,14) -> (4,14)
Info:                          Sink core.feature_SB_DFFESR_Q_2_D_SB_LUT4_O_I3_SB_CARRY_CO_CI_SB_CARRY_CO_CI_SB_CARRY_CO_CI_SB_CARRY_CO_CI_SB_CARRY_CO_CI_SB_CARRY_CO_CI_SB_CARRY_CO_CI_SB_LUT4_I3_LC.CIN
Info:                          Defined in:
Info:                               rtl/core/known_spectral_core.sv:73.17-73.69
Info:                               /home/researcher/Desktop/￿FFE6￿FF95￿FF99￿FFE6￿FF9D￿FF90/Fall 2026/digital ic/.tools/oss-cad-suite/libexec/../share/yosys/ice40/arith_map.v:62.5-70.4
Info:                               /home/researcher/Desktop/￿FFE6￿FF95￿FF99￿FFE6￿FF9D￿FF90/Fall 2026/digital ic/.tools/oss-cad-suite/libexec/../share/yosys/ice40/cells_map.v:6.21-6.22
Info:      logic  0.28  56.25 Source core.feature_SB_DFFESR_Q_2_D_SB_LUT4_O_I3_SB_CARRY_CO_CI_SB_CARRY_CO_CI_SB_CARRY_CO_CI_SB_CARRY_CO_CI_SB_CARRY_CO_CI_SB_CARRY_CO_CI_SB_CARRY_CO_CI_SB_LUT4_I3_LC.COUT
Info:    routing  0.00  56.25 Net core.feature_SB_DFFESR_Q_2_D_SB_LUT4_O_I3_SB_CARRY_CO_CI_SB_CARRY_CO_CI_SB_CARRY_CO_CI_SB_CARRY_CO_CI_SB_CARRY_CO_CI_SB_CARRY_CO_CI (4,14) -> (4,14)
Info:                          Sink core.feature_SB_DFFESR_Q_2_D_SB_LUT4_O_I3_SB_CARRY_CO_CI_SB_CARRY_CO_CI_SB_CARRY_CO_CI_SB_CARRY_CO_CI_SB_CARRY_CO_CI_SB_CARRY_CO_CI_SB_LUT4_I3_LC.CIN
Info:                          Defined in:
Info:                               rtl/core/known_spectral_core.sv:73.17-73.69
Info:                               /home/researcher/Desktop/￿FFE6￿FF95￿FF99￿FFE6￿FF9D￿FF90/Fall 2026/digital ic/.tools/oss-cad-suite/libexec/../share/yosys/ice40/arith_map.v:62.5-70.4
Info:                               /home/researcher/Desktop/￿FFE6￿FF95￿FF99￿FFE6￿FF9D￿FF90/Fall 2026/digital ic/.tools/oss-cad-suite/libexec/../share/yosys/ice40/cells_map.v:6.21-6.22
Info:      logic  0.28  56.53 Source core.feature_SB_DFFESR_Q_2_D_SB_LUT4_O_I3_SB_CARRY_CO_CI_SB_CARRY_CO_CI_SB_CARRY_CO_CI_SB_CARRY_CO_CI_SB_CARRY_CO_CI_SB_CARRY_CO_CI_SB_LUT4_I3_LC.COUT
Info:    routing  0.00  56.53 Net core.feature_SB_DFFESR_Q_2_D_SB_LUT4_O_I3_SB_CARRY_CO_CI_SB_CARRY_CO_CI_SB_CARRY_CO_CI_SB_CARRY_CO_CI_SB_CARRY_CO_CI (4,14) -> (4,14)
Info:                          Sink core.feature_SB_DFFESR_Q_2_D_SB_LUT4_O_I3_SB_CARRY_CO_CI_SB_CARRY_CO_CI_SB_CARRY_CO_CI_SB_CARRY_CO_CI_SB_CARRY_CO_CI_SB_LUT4_I3_LC.CIN
Info:                          Defined in:
Info:                               rtl/core/known_spectral_core.sv:73.17-73.69
Info:                               /home/researcher/Desktop/￿FFE6￿FF95￿FF99￿FFE6￿FF9D￿FF90/Fall 2026/digital ic/.tools/oss-cad-suite/libexec/../share/yosys/ice40/arith_map.v:62.5-70.4
Info:                               /home/researcher/Desktop/￿FFE6￿FF95￿FF99￿FFE6￿FF9D￿FF90/Fall 2026/digital ic/.tools/oss-cad-suite/libexec/../share/yosys/ice40/cells_map.v:6.21-6.22
Info:      logic  0.28  56.80 Source core.feature_SB_DFFESR_Q_2_D_SB_LUT4_O_I3_SB_CARRY_CO_CI_SB_CARRY_CO_CI_SB_CARRY_CO_CI_SB_CARRY_CO_CI_SB_CARRY_CO_CI_SB_LUT4_I3_LC.COUT
Info:    routing  0.00  56.80 Net core.feature_SB_DFFESR_Q_2_D_SB_LUT4_O_I3_SB_CARRY_CO_CI_SB_CARRY_CO_CI_SB_CARRY_CO_CI_SB_CARRY_CO_CI (4,14) -> (4,14)
Info:                          Sink core.feature_SB_DFFESR_Q_2_D_SB_LUT4_O_I3_SB_CARRY_CO_CI_SB_CARRY_CO_CI_SB_CARRY_CO_CI_SB_CARRY_CO_CI_SB_LUT4_I3_LC.CIN
Info:                          Defined in:
Info:                               rtl/core/known_spectral_core.sv:73.17-73.69
Info:                               /home/researcher/Desktop/￿FFE6￿FF95￿FF99￿FFE6￿FF9D￿FF90/Fall 2026/digital ic/.tools/oss-cad-suite/libexec/../share/yosys/ice40/arith_map.v:62.5-70.4
Info:                               /home/researcher/Desktop/￿FFE6￿FF95￿FF99￿FFE6￿FF9D￿FF90/Fall 2026/digital ic/.tools/oss-cad-suite/libexec/../share/yosys/ice40/cells_map.v:6.21-6.22
Info:      logic  0.28  57.08 Source core.feature_SB_DFFESR_Q_2_D_SB_LUT4_O_I3_SB_CARRY_CO_CI_SB_CARRY_CO_CI_SB_CARRY_CO_CI_SB_CARRY_CO_CI_SB_LUT4_I3_LC.COUT
Info:    routing  0.00  57.08 Net core.feature_SB_DFFESR_Q_2_D_SB_LUT4_O_I3_SB_CARRY_CO_CI_SB_CARRY_CO_CI_SB_CARRY_CO_CI (4,14) -> (4,14)
Info:                          Sink core.feature_SB_DFFESR_Q_2_D_SB_LUT4_O_I3_SB_CARRY_CO_CI_SB_CARRY_CO_CI_SB_CARRY_CO_CI_SB_LUT4_I3_LC.CIN
Info:                          Defined in:
Info:                               rtl/core/known_spectral_core.sv:73.17-73.69
Info:                               /home/researcher/Desktop/￿FFE6￿FF95￿FF99￿FFE6￿FF9D￿FF90/Fall 2026/digital ic/.tools/oss-cad-suite/libexec/../share/yosys/ice40/arith_map.v:62.5-70.4
Info:                               /home/researcher/Desktop/￿FFE6￿FF95￿FF99￿FFE6￿FF9D￿FF90/Fall 2026/digital ic/.tools/oss-cad-suite/libexec/../share/yosys/ice40/cells_map.v:6.21-6.22
Info:      logic  0.28  57.36 Source core.feature_SB_DFFESR_Q_2_D_SB_LUT4_O_I3_SB_CARRY_CO_CI_SB_CARRY_CO_CI_SB_CARRY_CO_CI_SB_LUT4_I3_LC.COUT
Info:    routing  0.00  57.36 Net core.feature_SB_DFFESR_Q_2_D_SB_LUT4_O_I3_SB_CARRY_CO_CI_SB_CARRY_CO_CI (4,14) -> (4,14)
Info:                          Sink core.feature_SB_DFFESR_Q_2_D_SB_LUT4_O_I3_SB_CARRY_CO_CI_SB_CARRY_CO_CI_SB_LUT4_I3_LC.CIN
Info:                          Defined in:
Info:                               rtl/core/known_spectral_core.sv:73.17-73.69
Info:                               /home/researcher/Desktop/￿FFE6￿FF95￿FF99￿FFE6￿FF9D￿FF90/Fall 2026/digital ic/.tools/oss-cad-suite/libexec/../share/yosys/ice40/arith_map.v:62.5-70.4
Info:                               /home/researcher/Desktop/￿FFE6￿FF95￿FF99￿FFE6￿FF9D￿FF90/Fall 2026/digital ic/.tools/oss-cad-suite/libexec/../share/yosys/ice40/cells_map.v:6.21-6.22
Info:      logic  0.28  57.64 Source core.feature_SB_DFFESR_Q_2_D_SB_LUT4_O_I3_SB_CARRY_CO_CI_SB_CARRY_CO_CI_SB_LUT4_I3_LC.COUT
Info:    routing  0.66  58.30 Net core.feature_SB_DFFESR_Q_2_D_SB_LUT4_O_I3_SB_CARRY_CO_CI (4,14) -> (4,14)
Info:                          Sink core.feature_SB_DFFESR_Q_2_D_SB_LUT4_O_I3_SB_CARRY_CO_CI_SB_LUT4_I3_LC.I3
Info:                          Defined in:
Info:                               rtl/core/known_spectral_core.sv:73.17-73.69
Info:                               /home/researcher/Desktop/￿FFE6￿FF95￿FF99￿FFE6￿FF9D￿FF90/Fall 2026/digital ic/.tools/oss-cad-suite/libexec/../share/yosys/ice40/arith_map.v:62.5-70.4
Info:                               /home/researcher/Desktop/￿FFE6￿FF95￿FF99￿FFE6￿FF9D￿FF90/Fall 2026/digital ic/.tools/oss-cad-suite/libexec/../share/yosys/ice40/cells_map.v:6.21-6.22
Info:      logic  0.87  59.17 Source core.feature_SB_DFFESR_Q_2_D_SB_LUT4_O_I3_SB_CARRY_CO_CI_SB_LUT4_I3_LC.O
Info:    routing  1.76  60.93 Net core.feature_SB_DFFESR_Q_2_D_SB_LUT4_O_I3_SB_CARRY_CO_CI_SB_LUT4_I3_O (4,14) -> (5,13)
Info:                          Sink core.feature_SB_DFFESR_Q_2_D_SB_LUT4_O_I3_SB_CARRY_CO_CI_SB_LUT4_I3_O_SB_CARRY_I0_CO_SB_LUT4_I3_O_SB_LUT4_O_I3_SB_CARRY_CO$CARRY.I1
Info:      logic  0.68  61.61 Source core.feature_SB_DFFESR_Q_2_D_SB_LUT4_O_I3_SB_CARRY_CO_CI_SB_LUT4_I3_O_SB_CARRY_I0_CO_SB_LUT4_I3_O_SB_LUT4_O_I3_SB_CARRY_CO$CARRY.COUT
Info:    routing  1.22  62.83 Net core.feature_SB_DFFESR_Q_2_D_SB_LUT4_O_I3_SB_CARRY_CO_CI_SB_LUT4_I3_O_SB_CARRY_I0_CO_SB_LUT4_I3_O_SB_LUT4_O_I3 (5,13) -> (5,14)
Info:                          Sink core.feature_SB_DFFESR_Q_2_D_SB_LUT4_O_I3_SB_CARRY_CO_CI_SB_LUT4_I3_O_SB_CARRY_I0_CO_SB_LUT4_I3_O_SB_LUT4_O_LC.I3
Info:                          Defined in:
Info:                               rtl/core/known_spectral_core.sv:209.62-209.83
Info:                               /home/researcher/Desktop/￿FFE6￿FF95￿FF99￿FFE6￿FF9D￿FF90/Fall 2026/digital ic/.tools/oss-cad-suite/libexec/../share/yosys/ice40/arith_map.v:62.5-70.4
Info:                               /home/researcher/Desktop/￿FFE6￿FF95￿FF99￿FFE6￿FF9D￿FF90/Fall 2026/digital ic/.tools/oss-cad-suite/libexec/../share/yosys/ice40/abc9_model.v:4.9-4.11
Info:      logic  0.87  63.70 Source core.feature_SB_DFFESR_Q_2_D_SB_LUT4_O_I3_SB_CARRY_CO_CI_SB_LUT4_I3_O_SB_CARRY_I0_CO_SB_LUT4_I3_O_SB_LUT4_O_LC.O
Info:    routing  1.76  65.46 Net core.feature_SB_DFFESR_Q_2_D_SB_LUT4_O_I3_SB_CARRY_CO_CI_SB_LUT4_I3_O_SB_CARRY_I0_CO_SB_LUT4_I3_O[1] (5,14) -> (4,15)
Info:                          Sink core.feature_SB_DFFESR_Q_1_D_SB_LUT4_O_LC.I2
Info:                          Defined in:
Info:                               /home/researcher/Desktop/￿FFE6￿FF95￿FF99￿FFE6￿FF9D￿FF90/Fall 2026/digital ic/.tools/oss-cad-suite/libexec/../share/yosys/ice40/cells_map.v:6.21-6.22
Info:      setup  1.15  66.62 Source core.feature_SB_DFFESR_Q_1_D_SB_LUT4_O_LC.I2
Info: 27.70 ns logic, 38.92 ns routing

Info: Critical path report for cross-domain path '<async>' -> '<async>':
Info:       type curr  total name
Info:     source  0.00  0.00 Source rst$sb_io.D_IN_0
Info:    routing  5.32  5.32 Net rst$SB_IO_IN (7,0) -> (24,3)
Info:                          Sink in_ready_SB_LUT4_O_LC.I1
Info:                          Defined in:
Info:                               sim/known_pnr_probe.sv:7.18-7.21
Info:      logic  1.23  6.55 Source in_ready_SB_LUT4_O_LC.O
Info:    routing  2.41  8.96 Net in_ready$SB_IO_OUT (24,3) -> (24,0)
Info:                          Sink in_ready$sb_io.D_OUT_0
Info:                          Defined in:
Info:                               sim/known_pnr_probe.sv:8.16-8.24
Info: 1.23 ns logic, 7.73 ns routing

Info: Critical path report for cross-domain path '<async>' -> 'posedge clk$SB_IO_IN_$glb_clk':
Info:       type curr  total name
Info:     source  0.00  0.00 Source rst$sb_io.D_IN_0
Info:    routing  5.77  5.77 Net rst$SB_IO_IN (7,0) -> (24,6)
Info:                          Sink core.capture.full_SB_LUT4_I3_LC.I0
Info:                          Defined in:
Info:                               sim/known_pnr_probe.sv:7.18-7.21
Info:      logic  1.28  7.06 Source core.capture.full_SB_LUT4_I3_LC.O
Info:    routing  4.79  11.85 Net core.capture.full_SB_LUT4_I3_O[0] (24,6) -> (18,16)
Info:                          Sink core.capture.full_SB_DFFSR_Q_D_SB_LUT4_O_I2_SB_LUT4_O_LC.I2
Info:                          Defined in:
Info:                               /home/researcher/Desktop/￿FFE6￿FF95￿FF99￿FFE6￿FF9D￿FF90/Fall 2026/digital ic/.tools/oss-cad-suite/libexec/../share/yosys/ice40/cells_map.v:6.21-6.22
Info:      logic  1.21  13.05 Source core.capture.full_SB_DFFSR_Q_D_SB_LUT4_O_I2_SB_LUT4_O_LC.O
Info:    routing  4.25  17.30 Net core.previous_valid_SB_LUT4_I0_O[0] (18,16) -> (20,25)
Info:                          Sink core.previous_valid_SB_LUT4_I0_O_SB_LUT4_I3_LC.I2
Info:                          Defined in:
Info:                               /home/researcher/Desktop/￿FFE6￿FF95￿FF99￿FFE6￿FF9D￿FF90/Fall 2026/digital ic/.tools/oss-cad-suite/libexec/../share/yosys/ice40/cells_map.v:6.21-6.22
Info:      logic  1.21  18.50 Source core.previous_valid_SB_LUT4_I0_O_SB_LUT4_I3_LC.O
Info:    routing  3.60  22.10 Net core.cycles_dft_SB_DFFSR_Q_10_D_SB_LUT4_O_I1[3] (20,25) -> (22,18)
Info:                          Sink core.clip_id_SB_DFFESR_Q_E_SB_LUT4_O_LC.I3
Info:                          Defined in:
Info:                               /home/researcher/Desktop/￿FFE6￿FF95￿FF99￿FFE6￿FF9D￿FF90/Fall 2026/digital ic/.tools/oss-cad-suite/libexec/../share/yosys/ice40/cells_map.v:6.21-6.22
Info:      logic  0.87  22.98 Source core.clip_id_SB_DFFESR_Q_E_SB_LUT4_O_LC.O
Info:    routing  4.69  27.67 Net core.arithmetic_error_SB_DFFESR_Q_1_E_SB_LUT4_O_I3[1] (22,18) -> (10,11)
Info:                          Sink core.score_SB_DFFESR_Q_E_SB_LUT4_O_LC.I3
Info:                          Defined in:
Info:                               /home/researcher/Desktop/￿FFE6￿FF95￿FF99￿FFE6￿FF9D￿FF90/Fall 2026/digital ic/.tools/oss-cad-suite/libexec/../share/yosys/ice40/cells_map.v:6.21-6.22
Info:      logic  0.87  28.54 Source core.score_SB_DFFESR_Q_E_SB_LUT4_O_LC.O
Info:    routing  3.10  31.64 Net core.score_SB_DFFESR_Q_E (10,11) -> (11,16)
Info:                          Sink core.score_SB_DFFESR_Q_15_D_SB_LUT4_O_LC.CEN
Info:      setup  0.10  31.74 Source core.score_SB_DFFESR_Q_15_D_SB_LUT4_O_LC.CEN
Info: 5.54 ns logic, 26.19 ns routing

Info: Critical path report for cross-domain path 'posedge clk$SB_IO_IN_$glb_clk' -> '<async>':
Info:       type curr  total name
Info:   clk-to-q  1.39  1.39 Source core.cycles_pre_SB_DFFSR_Q_28_D_SB_LUT4_O_LC.O
Info:    routing  1.76  3.15 Net pre[23] (17,29) -> (17,29)
Info:                          Sink core.out_class_SB_LUT4_I2_O_SB_LUT4_I3_O_SB_LUT4_I3_O_SB_LUT4_O_I3_SB_LUT4_O_I3_SB_LUT4_O_I3_SB_LUT4_O_1_LC.I0
Info:                          Defined in:
Info:                               sim/known_pnr_probe.sv:12.24-12.27
Info:      logic  1.28  4.43 Source core.out_class_SB_LUT4_I2_O_SB_LUT4_I3_O_SB_LUT4_I3_O_SB_LUT4_O_I3_SB_LUT4_O_I3_SB_LUT4_O_I3_SB_LUT4_O_1_LC.O
Info:    routing  2.41  6.84 Net core.out_class_SB_LUT4_I2_O_SB_LUT4_I3_O_SB_LUT4_I3_O_SB_LUT4_O_I3_SB_LUT4_O_I3_SB_LUT4_O_I3[0] (17,29) -> (17,27)
Info:                          Sink core.out_class_SB_LUT4_I2_O_SB_LUT4_I3_O_SB_LUT4_I3_O_SB_LUT4_O_I3_SB_LUT4_O_I3_SB_LUT4_O_LC.I0
Info:                          Defined in:
Info:                               /home/researcher/Desktop/￿FFE6￿FF95￿FF99￿FFE6￿FF9D￿FF90/Fall 2026/digital ic/.tools/oss-cad-suite/libexec/../share/yosys/ice40/cells_map.v:6.21-6.22
Info:      logic  1.28  8.13 Source core.out_class_SB_LUT4_I2_O_SB_LUT4_I3_O_SB_LUT4_I3_O_SB_LUT4_O_I3_SB_LUT4_O_I3_SB_LUT4_O_LC.O
Info:    routing  2.41  10.54 Net core.out_class_SB_LUT4_I2_O_SB_LUT4_I3_O_SB_LUT4_I3_O_SB_LUT4_O_I3_SB_LUT4_O_I3[2] (17,27) -> (17,30)
Info:                          Sink core.out_class_SB_LUT4_I2_O_SB_LUT4_I3_O_SB_LUT4_I3_O_SB_LUT4_O_I3_SB_LUT4_O_LC.I3
Info:                          Defined in:
Info:                               /home/researcher/Desktop/￿FFE6￿FF95￿FF99￿FFE6￿FF9D￿FF90/Fall 2026/digital ic/.tools/oss-cad-suite/libexec/../share/yosys/ice40/cells_map.v:6.21-6.22
Info:      logic  0.87  11.41 Source core.out_class_SB_LUT4_I2_O_SB_LUT4_I3_O_SB_LUT4_I3_O_SB_LUT4_O_I3_SB_LUT4_O_LC.O
Info:    routing  2.95  14.36 Net core.out_class_SB_LUT4_I2_O_SB_LUT4_I3_O_SB_LUT4_I3_O_SB_LUT4_O_I3[3] (17,30) -> (20,26)
Info:                          Sink core.out_class_SB_LUT4_I2_O_SB_LUT4_I3_O_SB_LUT4_I3_O_SB_LUT4_O_LC.I3
Info:                          Defined in:
Info:                               /home/researcher/Desktop/￿FFE6￿FF95￿FF99￿FFE6￿FF9D￿FF90/Fall 2026/digital ic/.tools/oss-cad-suite/libexec/../share/yosys/ice40/cells_map.v:6.21-6.22
Info:      logic  0.87  15.24 Source core.out_class_SB_LUT4_I2_O_SB_LUT4_I3_O_SB_LUT4_I3_O_SB_LUT4_O_LC.O
Info:    routing  3.06  18.29 Net core.out_class_SB_LUT4_I2_O_SB_LUT4_I3_O_SB_LUT4_I3_O[2] (20,26) -> (20,21)
Info:                          Sink core.out_class_SB_LUT4_I2_O_SB_LUT4_I3_O_SB_LUT4_I3_O_SB_LUT4_I3_LC.I3
Info:                          Defined in:
Info:                               /home/researcher/Desktop/￿FFE6￿FF95￿FF99￿FFE6￿FF9D￿FF90/Fall 2026/digital ic/.tools/oss-cad-suite/libexec/../share/yosys/ice40/cells_map.v:6.21-6.22
Info:      logic  0.87  19.17 Source core.out_class_SB_LUT4_I2_O_SB_LUT4_I3_O_SB_LUT4_I3_O_SB_LUT4_I3_LC.O
Info:    routing  1.76  20.93 Net core.out_class_SB_LUT4_I2_O_SB_LUT4_I3_O_SB_LUT4_I3_O_SB_LUT4_I3_O[2] (20,21) -> (20,21)
Info:                          Sink observation_SB_LUT4_O_I3_SB_LUT4_O_1_LC.I2
Info:                          Defined in:
Info:                               /home/researcher/Desktop/￿FFE6￿FF95￿FF99￿FFE6￿FF9D￿FF90/Fall 2026/digital ic/.tools/oss-cad-suite/libexec/../share/yosys/ice40/cells_map.v:6.21-6.22
Info:      logic  1.21  22.13 Source observation_SB_LUT4_O_I3_SB_LUT4_O_1_LC.O
Info:    routing  1.76  23.90 Net observation_SB_LUT4_O_I3[1] (20,21) -> (20,21)
Info:                          Sink observation_SB_LUT4_O_LC.I3
Info:                          Defined in:
Info:                               /home/researcher/Desktop/￿FFE6￿FF95￿FF99￿FFE6￿FF9D￿FF90/Fall 2026/digital ic/.tools/oss-cad-suite/libexec/../share/yosys/ice40/cells_map.v:6.21-6.22
Info:      logic  0.87  24.77 Source observation_SB_LUT4_O_LC.O
Info:    routing  6.19  30.96 Net observation$SB_IO_OUT (20,21) -> (16,0)
Info:                          Sink observation$sb_io.D_OUT_0
Info:                          Defined in:
Info:                               sim/known_pnr_probe.sv:8.35-8.46
Info: 8.66 ns logic, 22.30 ns routing

Info: Max frequency for clock 'clk$SB_IO_IN_$glb_clk': 15.01 MHz (PASS at 13.20 MHz)

Info: Clock '$PACKER_GND_NET' has no interior paths

Info: Max delay <async>                       -> <async>                      : 8.96 ns
Info: Max delay <async>                       -> posedge clk$SB_IO_IN_$glb_clk: 31.74 ns
Info: Max delay posedge clk$SB_IO_IN_$glb_clk -> <async>                      : 30.96 ns

Info: Slack histogram:
Info:  legend: * represents 17 endpoint(s)
Info:          + represents [1,17) endpoint(s)
Info: [  9140,  12309) |+
Info: [ 12309,  15478) |+
Info: [ 15478,  18647) |+
Info: [ 18647,  21816) |+
Info: [ 21816,  24985) |+
Info: [ 24985,  28154) |*+
Info: [ 28154,  31323) |***+
Info: [ 31323,  34492) |*+
Info: [ 34492,  37661) |************************+
Info: [ 37661,  40830) |*************+
Info: [ 40830,  43999) |*******+
Info: [ 43999,  47168) |*****+
Info: [ 47168,  50337) |*******+
Info: [ 50337,  53506) |*************+
Info: [ 53506,  56675) |**************************+
Info: [ 56675,  59844) |********************************************************+
Info: [ 59844,  63013) |**************************************************+
Info: [ 63013,  66182) |***************************+
Info: [ 66182,  69351) |**********************+
Info: [ 69351,  72520) |************************************************************ 
1 warning, 0 errors

Info: Program finished normally.
