
 /----------------------------------------------------------------------------\
 |  yosys -- Yosys Open SYnthesis Suite                                       |
 |  Copyright (C) 2012 - 2026  Claire Xenia Wolf <claire@yosyshq.com>         |
 |  Distributed under an ISC-like license, type "license" to see terms        |
 \----------------------------------------------------------------------------/
 Yosys 0.68+195 (git sha1 435977e97-dirty, Release, Clang /usr/local/osxcross/target/bin/aarch64-apple-darwin25.5-clang++ 21.1.8)

-- Executing script file `design_prep.ys' --

1. Executing RTLIL frontend.
Input filename: design.il

2. Executing SCC pass (detecting logic loops).
Found 0 SCCs in module quant_serial_harness.
Found 0 SCCs in module quant_serial_kernel.
Found 0 SCCs.

3. Executing SIMPLEMAP pass (map simple cells to gate primitives).

4. Executing MEMORY_NORDFF pass (extracting $dff cells from memories).

5. Executing ASYNC2SYNC pass.

6. Executing OPT_CLEAN pass (remove unused cells and wires).
Finding unused cells or wires in module \quant_serial_harness..
Finding unused cells or wires in module \quant_serial_kernel..
Removed 125 unused cells and 125 unused wires.
<suppressed ~126 debug messages>

7. Executing FORMALFF pass.

8. Executing OPT_CLEAN pass (remove unused cells and wires).
Finding unused cells or wires in module \quant_serial_harness..
Finding unused cells or wires in module \quant_serial_kernel..
Removed 202 unused cells and 202 unused wires.
<suppressed ~205 debug messages>

9. Executing CHECK pass (checking for obvious problems).
Checking module quant_serial_harness...
Checking module quant_serial_kernel...
Found and reported 0 problems.

10. Executing SETUNDEF pass (replace undef values with defined constants).

11. Executing OPT pass (performing simple optimizations).

11.1. Executing OPT_EXPR pass (perform const folding).
Optimizing module quant_serial_harness.
Optimizing module quant_serial_kernel.

11.2. Executing OPT_MERGE pass (detect identical cells).
Finding identical cells in module `\quant_serial_harness'.
Computing hashes of 101 cells of `\quant_serial_harness'.
Finding duplicate cells in `\quant_serial_harness'.
Computing hashes of 96 cells of `\quant_serial_harness'.
Finding duplicate cells in `\quant_serial_harness'.
<suppressed ~15 debug messages>
Finding identical cells in module `\quant_serial_kernel'.
Computing hashes of 104 cells of `\quant_serial_kernel'.
Finding duplicate cells in `\quant_serial_kernel'.
Removed a total of 5 cells.

11.3. Executing OPT_DFF pass (perform DFF optimizations).

11.4. Executing OPT_CLEAN pass (remove unused cells and wires).
Finding unused cells or wires in module \quant_serial_harness..
Finding unused cells or wires in module \quant_serial_kernel..
Removed 32 unused cells and 44 unused wires.
<suppressed ~41 debug messages>

11.5. Finished fast OPT passes.

12. Executing OPT_CLEAN pass (remove unused cells and wires).
Finding unused cells or wires in module \quant_serial_harness..
Finding unused cells or wires in module \quant_serial_kernel..
Removed 0 unused cells and 11 unused wires.
<suppressed ~2 debug messages>

13. Executing RTLIL backend.
Output filename: ../model/design_prep.il

End of script. Logfile hash: 02fa568960, time: 0.01s, user: 0.01s, system: 0.00s, MEM: 15.30 MB peak
Yosys 0.68+195 (git sha1 435977e97-dirty, Release, Clang /usr/local/osxcross/target/bin/aarch64-apple-darwin25.5-clang++ 21.1.8)
Time spent: 42% 4x opt_clean (0 sec), 9% 1x check (0 sec), ...
