
 /----------------------------------------------------------------------------\
 |  yosys -- Yosys Open SYnthesis Suite                                       |
 |  Copyright (C) 2012 - 2026  Claire Xenia Wolf <claire@yosyshq.com>         |
 |  Distributed under an ISC-like license, type "license" to see terms        |
 \----------------------------------------------------------------------------/
 Yosys 0.68+195 (git sha1 435977e97-dirty, Release, Clang /usr/local/osxcross/target/bin/aarch64-apple-darwin25.5-clang++ 21.1.8)

-- Executing script file `design_smt2.ys' --

1. Executing RTLIL frontend.
Input filename: design_prep.il

2. Executing HIERARCHY pass (managing design hierarchy).
Attribute `top' found on module `quant_serial_harness'. Setting top module to quant_serial_harness.

2.1. Analyzing design hierarchy..
Top module:  \quant_serial_harness
Used module:     \quant_serial_kernel

2.2. Analyzing design hierarchy..
Top module:  \quant_serial_harness
Used module:     \quant_serial_kernel
Removed 0 unused modules.
Module quant_serial_harness directly or indirectly contains formal properties -> setting "keep" attribute.

3. Executing FORMALFF pass.

4. Executing DFFUNMAP pass (unmap clock enable and synchronous reset from FFs).

5. Printing statistics.

=== quant_serial_harness ===

        +----------Local Count, excluding submodules.
        | 
       84 wires
      408 wire bits
       19 public wires
      101 public wire bits
        1 ports
        1 port bits
       88 cells
        3   $add
        3   $anyconst
        1   $anyinit
        2   $anyseq
       10   $assert
        2   $assume
        6   $eq
       18   $ff
        4   $gt
        3   $le
        5   $logic_and
        2   $logic_not
        1   $logic_or
       23   $mux
        1   $not
        2   $shl
        1   $shr
        1   $sub
        1 submodules
        1   quant_serial_kernel

=== quant_serial_kernel ===

        +----------Local Count, excluding submodules.
        | 
       92 wires
      871 wire bits
       35 public wires
      296 public wire bits
       13 ports
       75 port bits
       83 cells
        2   $add
       10   $anyinit
       10   $anyseq
        1   $assume
        5   $eq
        1   $gt
        1   $logic_and
        3   $logic_not
        1   $logic_or
        2   $mem_v2
       39   $mux
        1   $not
        5   $pmux
        1   $reduce_or
        1   $sub

=== design hierarchy ===

        +----------Count including submodules.
        | 
      171 quant_serial_harness
       83 quant_serial_kernel

        +----------Count including submodules.
        | 
      176 wires
     1279 wire bits
       54 public wires
      397 public wire bits
       14 ports
       76 port bits
        - memories
        - memory bits
        - processes
      171 cells
        5   $add
        3   $anyconst
       11   $anyinit
       12   $anyseq
       10   $assert
        3   $assume
       11   $eq
       18   $ff
        5   $gt
        3   $le
        6   $logic_and
        5   $logic_not
        2   $logic_or
        2   $mem_v2
       62   $mux
        2   $not
        5   $pmux
        1   $reduce_or
        2   $shl
        1   $shr
        2   $sub
        1 submodules
        1   quant_serial_kernel

6. Executing SMT2 backend.

6.1. Executing BMUXMAP pass.

6.2. Executing DEMUXMAP pass.
Creating SMT-LIBv2 representation of module quant_serial_kernel.
Creating SMT-LIBv2 representation of module quant_serial_harness.

End of script. Logfile hash: 7fb82b228a, time: 0.00s, user: 0.01s, system: 0.00s, MEM: 12.92 MB peak
Yosys 0.68+195 (git sha1 435977e97-dirty, Release, Clang /usr/local/osxcross/target/bin/aarch64-apple-darwin25.5-clang++ 21.1.8)
Time spent: 69% 2x write_smt2 (0 sec), 15% 2x read_rtlil (0 sec), ...
