
 /----------------------------------------------------------------------------\
 |  yosys -- Yosys Open SYnthesis Suite                                       |
 |  Copyright (C) 2012 - 2026  Claire Xenia Wolf <claire@yosyshq.com>         |
 |  Distributed under an ISC-like license, type "license" to see terms        |
 \----------------------------------------------------------------------------/
 Yosys 0.68+195 (git sha1 435977e97-dirty, Release, Clang /usr/local/osxcross/target/bin/aarch64-apple-darwin25.5-clang++ 21.1.8)

-- Executing script file `design_aiger.ys' --

1. Executing RTLIL frontend.
Input filename: design_prep.il

2. Executing HIERARCHY pass (managing design hierarchy).
Attribute `top' found on module `fifo_harness'. Setting top module to fifo_harness.

2.1. Analyzing design hierarchy..
Top module:  \fifo_harness
Used module:     $paramod$705d5f3feb09dae2898ba1ab4983200ce98a39b8\sync_fifo

2.2. Analyzing design hierarchy..
Top module:  \fifo_harness
Used module:     $paramod$705d5f3feb09dae2898ba1ab4983200ce98a39b8\sync_fifo
Removed 0 unused modules.
Module fifo_harness directly or indirectly contains formal properties -> setting "keep" attribute.

3. Executing FORMALFF pass.

4. Executing FLATTEN pass (flatten design).
Deleting now unused module $paramod$705d5f3feb09dae2898ba1ab4983200ce98a39b8\sync_fifo.
<suppressed ~1 debug messages>

5. Executing SETUNDEF pass (replace undef values with defined constants).

6. Executing OPT pass (performing simple optimizations).

6.1. Executing OPT_EXPR pass (perform const folding).
Optimizing module fifo_harness.
<suppressed ~16 debug messages>

6.2. Executing OPT_MERGE pass (detect identical cells).
Finding identical cells in module `\fifo_harness'.
Computing hashes of 138 cells of `\fifo_harness'.
Finding duplicate cells in `\fifo_harness'.
Computing hashes of 134 cells of `\fifo_harness'.
Finding duplicate cells in `\fifo_harness'.
Computing hashes of 131 cells of `\fifo_harness'.
Finding duplicate cells in `\fifo_harness'.
<suppressed ~20 debug messages>
Removed a total of 7 cells.

6.3. Executing OPT_MUXTREE pass (detect dead branches in mux trees).
Running muxtree optimizer on module \fifo_harness..
  Creating internal representation of mux trees.
  Evaluating internal representation of mux trees.
  Analyzing evaluation results.
Removed 0 multiplexer ports.
<suppressed ~36 debug messages>

6.4. Executing OPT_REDUCE pass (consolidate $*mux and $reduce_* inputs).
  Optimizing cells in module \fifo_harness.
Performed a total of 0 changes.

6.5. Executing OPT_MERGE pass (detect identical cells).
Finding identical cells in module `\fifo_harness'.
Computing hashes of 131 cells of `\fifo_harness'.
Finding duplicate cells in `\fifo_harness'.
Removed a total of 0 cells.

6.6. Executing OPT_SHARE pass.
    Found cells that share an operand and can be merged by moving the $pmux $flatten\dut.$procmux$281 in front of them:
        $flatten\dut.$sub$sync_fifo.sv:43$261
        $flatten\dut.$add$sync_fifo.sv:42$260

6.7. Executing OPT_DFF pass (perform DFF optimizations).
Setting constant 1-bit at position 0 on $auto$async2sync.cc:118:execute$430 ($ff) from module fifo_harness.

6.8. Executing OPT_CLEAN pass (remove unused cells and wires).
Finding unused cells or wires in module \fifo_harness..
Removed 0 unused cells and 15 unused wires.
<suppressed ~1 debug messages>

6.9. Executing OPT_EXPR pass (perform const folding).
Optimizing module fifo_harness.
<suppressed ~2 debug messages>

6.10. Rerunning OPT passes. (Maybe there is more to do..)

6.11. Executing OPT_MUXTREE pass (detect dead branches in mux trees).
Running muxtree optimizer on module \fifo_harness..
  Creating internal representation of mux trees.
  Evaluating internal representation of mux trees.
  Analyzing evaluation results.
Removed 0 multiplexer ports.
<suppressed ~38 debug messages>

6.12. Executing OPT_REDUCE pass (consolidate $*mux and $reduce_* inputs).
  Optimizing cells in module \fifo_harness.
    Consolidated identical input bits for $mux cell $auto$opt_share.cc:246:merge_operators$646:
      Old ports: A=2'11, B=2'01, Y=$auto$rtlil.cc:3388:Pmux$647
      New ports: A=1'1, B=1'0, Y=$auto$rtlil.cc:3388:Pmux$647 [1]
      New connections: $auto$rtlil.cc:3388:Pmux$647 [0] = 1'1
    New ctrl vector for $pmux cell $flatten\dut.$procmux$281: $auto$opt_reduce.cc:137:opt_pmux$650
  Optimizing cells in module \fifo_harness.
Performed a total of 2 changes.

6.13. Executing OPT_MERGE pass (detect identical cells).
Finding identical cells in module `\fifo_harness'.
Computing hashes of 131 cells of `\fifo_harness'.
Finding duplicate cells in `\fifo_harness'.
Removed a total of 0 cells.

6.14. Executing OPT_SHARE pass.

6.15. Executing OPT_DFF pass (perform DFF optimizations).

6.16. Executing OPT_CLEAN pass (remove unused cells and wires).
Finding unused cells or wires in module \fifo_harness..
Removed 0 unused cells and 1 unused wires.
<suppressed ~1 debug messages>

6.17. Executing OPT_EXPR pass (perform const folding).
Optimizing module fifo_harness.
<suppressed ~1 debug messages>

6.18. Rerunning OPT passes. (Maybe there is more to do..)

6.19. Executing OPT_MUXTREE pass (detect dead branches in mux trees).
Running muxtree optimizer on module \fifo_harness..
  Creating internal representation of mux trees.
  Evaluating internal representation of mux trees.
  Analyzing evaluation results.
Removed 0 multiplexer ports.
<suppressed ~36 debug messages>

6.20. Executing OPT_REDUCE pass (consolidate $*mux and $reduce_* inputs).
  Optimizing cells in module \fifo_harness.
Performed a total of 0 changes.

6.21. Executing OPT_MERGE pass (detect identical cells).
Finding identical cells in module `\fifo_harness'.
Computing hashes of 131 cells of `\fifo_harness'.
Finding duplicate cells in `\fifo_harness'.
Removed a total of 0 cells.

6.22. Executing OPT_SHARE pass.

6.23. Executing OPT_DFF pass (perform DFF optimizations).

6.24. Executing OPT_CLEAN pass (remove unused cells and wires).
Finding unused cells or wires in module \fifo_harness..

6.25. Executing OPT_EXPR pass (perform const folding).
Optimizing module fifo_harness.

6.26. Finished fast OPT passes. (There is nothing left to do.)

7. Executing TECHMAP pass (map to technology primitives).

7.1. Executing Verilog-2005 frontend: ./.tools/oss-cad-suite/libexec/../share/yosys/techmap.v
Parsing Verilog input from `./.tools/oss-cad-suite/libexec/../share/yosys/techmap.v' to AST representation.
Generating RTLIL representation for module `\_90_simplemap_bool_ops'.
Generating RTLIL representation for module `\_90_simplemap_reduce_ops'.
Generating RTLIL representation for module `\_90_simplemap_logic_ops'.
Generating RTLIL representation for module `\_90_simplemap_compare_ops'.
Generating RTLIL representation for module `\_90_simplemap_various'.
Generating RTLIL representation for module `\_90_simplemap_registers'.
Generating RTLIL representation for module `\_90_shift_ops_shr_shl_sshl_sshr'.
Generating RTLIL representation for module `\_90_shift_shiftx'.
Generating RTLIL representation for module `\_90_fa'.
Generating RTLIL representation for module `\_90_lcu_brent_kung'.
Generating RTLIL representation for module `\_90_alu'.
Generating RTLIL representation for module `\_90_macc'.
Generating RTLIL representation for module `\_90_alumacc'.
Generating RTLIL representation for module `$__div_mod_u'.
Generating RTLIL representation for module `$__div_mod_trunc'.
Generating RTLIL representation for module `\_90_div'.
Generating RTLIL representation for module `\_90_mod'.
Generating RTLIL representation for module `$__div_mod_floor'.
Generating RTLIL representation for module `\_90_divfloor'.
Generating RTLIL representation for module `\_90_modfloor'.
Generating RTLIL representation for module `\_90_pow'.
Generating RTLIL representation for module `\_90_demux'.
Generating RTLIL representation for module `\_90_lut'.
Generating RTLIL representation for module `$connect'.
Generating RTLIL representation for module `$input_port'.
Successfully finished Verilog frontend.

7.2. Continuing TECHMAP pass.
Using extmapper simplemap for cells of type $reduce_or.
Using extmapper simplemap for cells of type $not.
Using extmapper simplemap for cells of type $logic_not.
Using extmapper simplemap for cells of type $ff.
Using extmapper simplemap for cells of type $mux.
Running "alumacc" on wrapper $extern:wrap:$sub:A_SIGNED=0:A_WIDTH=2:B_SIGNED=0:B_WIDTH=1:Y_WIDTH=2:394426c56d1a028ba8fdd5469b163e04011def47.
Using template $extern:wrap:$sub:A_SIGNED=0:A_WIDTH=2:B_SIGNED=0:B_WIDTH=1:Y_WIDTH=2:394426c56d1a028ba8fdd5469b163e04011def47 for cells of type $extern:wrap:$sub:A_SIGNED=0:A_WIDTH=2:B_SIGNED=0:B_WIDTH=1:Y_WIDTH=2:394426c56d1a028ba8fdd5469b163e04011def47.
Using extmapper simplemap for cells of type $or.
Using extmapper simplemap for cells of type $eq.
Using extmapper simplemap for cells of type $and.
Using extmapper simplemap for cells of type $pmux.
Using extmapper simplemap for cells of type $reduce_bool.
Running "alumacc" on wrapper $extern:wrap:$lt:A_SIGNED=0:A_WIDTH=2:B_SIGNED=0:B_WIDTH=2:Y_WIDTH=1:394426c56d1a028ba8fdd5469b163e04011def47.
Using template $extern:wrap:$lt:A_SIGNED=0:A_WIDTH=2:B_SIGNED=0:B_WIDTH=2:Y_WIDTH=1:394426c56d1a028ba8fdd5469b163e04011def47 for cells of type $extern:wrap:$lt:A_SIGNED=0:A_WIDTH=2:B_SIGNED=0:B_WIDTH=2:Y_WIDTH=1:394426c56d1a028ba8fdd5469b163e04011def47.
Using extmapper simplemap for cells of type $logic_or.
Running "alumacc" on wrapper $extern:wrap:$add:A_SIGNED=0:A_WIDTH=2:B_SIGNED=0:B_WIDTH=1:Y_WIDTH=2:394426c56d1a028ba8fdd5469b163e04011def47.
Using template $extern:wrap:$add:A_SIGNED=0:A_WIDTH=2:B_SIGNED=0:B_WIDTH=1:Y_WIDTH=2:394426c56d1a028ba8fdd5469b163e04011def47 for cells of type $extern:wrap:$add:A_SIGNED=0:A_WIDTH=2:B_SIGNED=0:B_WIDTH=1:Y_WIDTH=2:394426c56d1a028ba8fdd5469b163e04011def47.
Using extmapper simplemap for cells of type $logic_and.
Running "alumacc" on wrapper $extern:wrap:$sub:A_SIGNED=0:A_WIDTH=2:B_SIGNED=0:B_WIDTH=2:Y_WIDTH=2:394426c56d1a028ba8fdd5469b163e04011def47.
Using template $extern:wrap:$sub:A_SIGNED=0:A_WIDTH=2:B_SIGNED=0:B_WIDTH=2:Y_WIDTH=2:394426c56d1a028ba8fdd5469b163e04011def47 for cells of type $extern:wrap:$sub:A_SIGNED=0:A_WIDTH=2:B_SIGNED=0:B_WIDTH=2:Y_WIDTH=2:394426c56d1a028ba8fdd5469b163e04011def47.
Using template $paramod$ba698a254f9a5947e85cbe7beae6b161eefc5386\_90_alu for cells of type $alu.
Using template $paramod$7e708ae28ab761f11d0fb59d3ffc72f6a4baf5d9\_90_alu for cells of type $alu.
Using template $paramod$175e67c02b86e96b1288b9dc100122520d7240d8\_90_alu for cells of type $alu.
Using extmapper simplemap for cells of type $xor.
Using template $paramod\_90_fa\WIDTH=32'00000000000000000000000000000010 for cells of type $fa.
Using template $paramod\_90_lcu_brent_kung\WIDTH=32'00000000000000000000000000000010 for cells of type $lcu.
Using extmapper simplemap for cells of type $pos.
No more expansions possible.
<suppressed ~529 debug messages>

8. Executing OPT pass (performing simple optimizations).

8.1. Executing OPT_EXPR pass (perform const folding).
Optimizing module fifo_harness.
<suppressed ~167 debug messages>

8.2. Executing OPT_MERGE pass (detect identical cells).
Finding identical cells in module `\fifo_harness'.
Computing hashes of 334 cells of `\fifo_harness'.
Finding duplicate cells in `\fifo_harness'.
Computing hashes of 318 cells of `\fifo_harness'.
Finding duplicate cells in `\fifo_harness'.
<suppressed ~48 debug messages>
Removed a total of 16 cells.

8.3. Executing OPT_DFF pass (perform DFF optimizations).

8.4. Executing OPT_CLEAN pass (remove unused cells and wires).
Finding unused cells or wires in module \fifo_harness..
Removed 14 unused cells and 439 unused wires.
<suppressed ~15 debug messages>

8.5. Finished fast OPT passes.

9. Executing MEMORY_MAP pass (converting memories to logic and flip-flops).
Mapping memory \dut.mem in module \fifo_harness:
  created 3 $dff cells and 0 static cells of width 16.
  read interface: 0 $dff and 3 $mux cells.
  write interface: 3 write mux blocks.

10. Executing FORMALFF pass.

11. Executing SIMPLEMAP pass (map simple cells to gate primitives).
Mapping fifo_harness.$auto$memory_map.cc:97:addr_decode$1336 ($and).
Mapping fifo_harness.$auto$memory_map.cc:92:addr_decode$1334 ($eq).
Mapping fifo_harness.$memory\dut.mem$wrmux[1][0][0]$1332 ($mux).
Mapping fifo_harness.$memory\dut.mem$wren[1][0][0]$1330 ($and).
Mapping fifo_harness.$auto$memory_map.cc:97:addr_decode$1328 ($and).
Mapping fifo_harness.$auto$memory_map.cc:92:addr_decode$1326 ($eq).
Mapping fifo_harness.$memory\dut.mem$wrmux[0][0][0]$1324 ($mux).
Mapping fifo_harness.$memory\dut.mem$wren[0][0][0]$1322 ($and).
Mapping fifo_harness.$auto$memory_map.cc:97:addr_decode$1320 ($and).
Mapping fifo_harness.$auto$memory_map.cc:92:addr_decode$1318 ($eq).
Mapping fifo_harness.$auto$memory_map.cc:92:addr_decode$1316 ($eq).
Mapping fifo_harness.$memory\dut.mem$rdmux[0][1][1]$1313 ($mux).
Mapping fifo_harness.$memory\dut.mem$rdmux[0][1][0]$1310 ($mux).
Mapping fifo_harness.$memory\dut.mem$rdmux[0][0][0]$1307 ($mux).
Mapping fifo_harness.$memory\dut.mem$wren[2][0][0]$1338 ($and).
Mapping fifo_harness.$memory\dut.mem$wrmux[2][0][0]$1340 ($mux).

12. Executing DFFUNMAP pass (unmap clock enable and synchronous reset from FFs).

13. Executing AIGMAP pass (map logic to AIG).
Module fifo_harness: replaced 293 cells with 1913 new cells, skipped 123 cells.
  replaced 3 cell types:
     198 $_MUX_
      46 $_OR_
      49 $_XOR_
  not replaced 8 cell types:
      34 $_AND_
      18 $_FF_
      34 $_NOT_
      12 $anyinit
       9 $anyseq
      13 $assert
       2 $assume
       1 $scopeinfo

14. Executing OPT_CLEAN pass (remove unused cells and wires).
Finding unused cells or wires in module \fifo_harness..
Removed 0 unused cells and 115 unused wires.
<suppressed ~1 debug messages>

15. Printing statistics.

=== fifo_harness ===

        +----------Local Count, excluding submodules.
        | 
     1997 wires
     2222 wire bits
       39 public wires
      212 public wire bits
        1 ports
        1 port bits
     2036 cells
      821   $_AND_
       18   $_FF_
     1160   $_NOT_
       12   $anyinit
        9   $anyseq
       13   $assert
        2   $assume
        1   $scopeinfo

16. Executing AIGER backend.
Warning: Treating undriven bit fifo_harness.\clk like $anyseq.
Warning: Treating undriven bit fifo_harness.$memory\dut.mem$rdmux[0][1][1]$b$1315 [0] like $anyseq.
Warning: Treating undriven bit fifo_harness.$memory\dut.mem$rdmux[0][1][1]$b$1315 [1] like $anyseq.
Warning: Treating undriven bit fifo_harness.$memory\dut.mem$rdmux[0][1][1]$b$1315 [2] like $anyseq.
Warning: Treating undriven bit fifo_harness.$memory\dut.mem$rdmux[0][1][1]$b$1315 [3] like $anyseq.
Warning: Treating undriven bit fifo_harness.$memory\dut.mem$rdmux[0][1][1]$b$1315 [4] like $anyseq.
Warning: Treating undriven bit fifo_harness.$memory\dut.mem$rdmux[0][1][1]$b$1315 [5] like $anyseq.
Warning: Treating undriven bit fifo_harness.$memory\dut.mem$rdmux[0][1][1]$b$1315 [6] like $anyseq.
Warning: Treating undriven bit fifo_harness.$memory\dut.mem$rdmux[0][1][1]$b$1315 [7] like $anyseq.
Warning: Treating undriven bit fifo_harness.$memory\dut.mem$rdmux[0][1][1]$b$1315 [8] like $anyseq.
Warning: Treating undriven bit fifo_harness.$memory\dut.mem$rdmux[0][1][1]$b$1315 [9] like $anyseq.
Warning: Treating undriven bit fifo_harness.$memory\dut.mem$rdmux[0][1][1]$b$1315 [10] like $anyseq.
Warning: Treating undriven bit fifo_harness.$memory\dut.mem$rdmux[0][1][1]$b$1315 [11] like $anyseq.
Warning: Treating undriven bit fifo_harness.$memory\dut.mem$rdmux[0][1][1]$b$1315 [12] like $anyseq.
Warning: Treating undriven bit fifo_harness.$memory\dut.mem$rdmux[0][1][1]$b$1315 [13] like $anyseq.
Warning: Treating undriven bit fifo_harness.$memory\dut.mem$rdmux[0][1][1]$b$1315 [14] like $anyseq.
Warning: Treating undriven bit fifo_harness.$memory\dut.mem$rdmux[0][1][1]$b$1315 [15] like $anyseq.
Warning: Treating a total of 17 undriven bits in fifo_harness like $anyseq.

Warnings: 18 unique messages, 18 total
End of script. Logfile hash: 5ad65addb1, time: 0.02s, user: 0.03s, system: 0.01s, MEM: 21.66 MB peak
Yosys 0.68+195 (git sha1 435977e97-dirty, Release, Clang /usr/local/osxcross/target/bin/aarch64-apple-darwin25.5-clang++ 21.1.8)
Time spent: 22% 6x opt_clean (0 sec), 17% 1x techmap (0 sec), ...
