mkdir: /home/researcher/.config/yosyshq: Operation not permitted
mkdir: /home/researcher/.local/share/yosyshq: Operation not permitted
Info: constrained 'clk12' to bel 'X19/Y0/io1'
Info: constrained 'flash_cs_n' to bel 'X24/Y0/io1'
Info: constrained 'flash_sclk' to bel 'X24/Y0/io0'
Info: constrained 'flash_mosi' to bel 'X23/Y0/io1'
Info: constrained 'flash_miso' to bel 'X23/Y0/io0'
Info: constrained 'status_done' to bel 'X18/Y0/io1'
Info: constrained 'status_error' to bel 'X18/Y0/io0'
Info: constrained 'status_running' to bel 'X19/Y0/io0'

Info: Packing constants..
Info: Packing IOs..
Info: Packing LUT-FFs..
Info:     2180 LCs used as LUT4 only
Info:      735 LCs used as LUT4 and DFF
Info: Packing non-LUT FFs..
Info:      828 LCs used as DFF only
Info: Packing carries..
Info:      563 LCs used as CARRY only
Info: Packing indirect carry+LUT pairs...
Info:       93 LUTs merged into carry LCs
Info: Packing RAMs..
Info: Placing PLLs..
Info: Packing special functions..
Info: Packing PLLs..
Info: Promoting globals..
Info: promoting clk12$SB_IO_IN (fanout 1602)
Info: promoting rst [reset] (fanout 1083)
Info: promoting system.source.phase_SB_DFFESR_Q_14_D_SB_LUT4_O_I2_SB_LUT4_I3_O_SB_LUT4_O_I3_SB_CARRY_CI_CO_SB_CARRY_CI_CO_SB_CARRY_CI_CO_SB_CARRY_CI_CO_SB_CARRY_CI_CO_SB_CARRY_CI_CO_SB_CARRY_CI_CO_SB_CARRY_CI_CO_SB_CARRY_CI_CO_SB_CARRY_CI_CO_SB_CARRY_CI_CO_SB_CARRY_CI_CO_SB_CARRY_CI_CO_SB_LUT4_I3_O_SB_LUT4_I3_O[2] [reset] (fanout 71)
Info: promoting system.core.store_lane_SB_DFFESR_Q_E_SB_LUT4_O_I0_SB_LUT4_O_I2_SB_LUT4_I0_I3_SB_LUT4_I2_O_SB_LUT4_O_1_I3_SB_LUT4_I3_O_SB_LUT4_I2_O [cen] (fanout 179)
Info: promoting system.error_flags_SB_DFFESR_Q_6_E_SB_LUT4_O_I2_SB_LUT4_I2_O [cen] (fanout 74)
Info: promoting system.core.store_lane_SB_DFFESR_Q_E_SB_LUT4_O_I0_SB_LUT4_O_I2_SB_LUT4_I0_I3_SB_LUT4_O_I3_SB_LUT4_I2_O [cen] (fanout 43)
Info: promoting $PACKER_GND_NET (fanout 3)
Info: Constraining chains...
Info:       91 LCs used to legalise carry chains.
Info: Checksum: 0xeb20fa0c

Info: Device utilisation:
Info: 	         ICESTORM_LC:    4306/   5280    81%
Info: 	        ICESTORM_RAM:      19/     30    63%
Info: 	               SB_IO:       8/     39    20%
Info: 	               SB_GB:       7/      8    87%
Info: 	        ICESTORM_PLL:       0/      1     0%
Info: 	         SB_WARMBOOT:       0/      1     0%
Info: 	        ICESTORM_DSP:       1/      8    12%
Info: 	      ICESTORM_HFOSC:       0/      1     0%
Info: 	      ICESTORM_LFOSC:       0/      1     0%
Info: 	              SB_I2C:       0/      2     0%
Info: 	              SB_SPI:       0/      2     0%
Info: 	              IO_I3C:       0/      2     0%
Info: 	         SB_LEDDA_IP:       0/      1     0%
Info: 	         SB_RGBA_DRV:       0/      1     0%
Info: 	      ICESTORM_SPRAM:       3/      4    75%

Info: Placed 8 cells based on constraints.
Info: Creating initial analytic placement for 3069 cells, random placement wirelen = 95631.
Info:     at initial placer iter 0, wirelen = 1399
Info:     at initial placer iter 1, wirelen = 1372
Info:     at initial placer iter 2, wirelen = 1404
Info:     at initial placer iter 3, wirelen = 1368
Info: Running main analytical placer, max placement attempts per cell = 2358792.
Info:     at iteration #1, type ALL: wirelen solved = 1371, spread = 40653, legal = 46464; time = 0.23s
Info:     at iteration #2, type ALL: wirelen solved = 2104, spread = 33896, legal = 41884; time = 0.24s
Info:     at iteration #3, type ALL: wirelen solved = 3463, spread = 26964, legal = 30938; time = 0.04s
Info:     at iteration #4, type ALL: wirelen solved = 4547, spread = 23988, legal = 27923; time = 0.04s
Info:     at iteration #5, type ALL: wirelen solved = 5257, spread = 22262, legal = 28839; time = 0.21s
Info:     at iteration #6, type ALL: wirelen solved = 6014, spread = 20823, legal = 26958; time = 0.21s
Info:     at iteration #7, type ALL: wirelen solved = 6456, spread = 21268, legal = 25273; time = 0.04s
Info:     at iteration #8, type ALL: wirelen solved = 7672, spread = 19954, legal = 24698; time = 0.04s
Info:     at iteration #9, type ALL: wirelen solved = 7943, spread = 19556, legal = 24037; time = 0.03s
Info:     at iteration #10, type ALL: wirelen solved = 8060, spread = 19499, legal = 26042; time = 0.28s
Info:     at iteration #11, type ALL: wirelen solved = 8671, spread = 19356, legal = 25348; time = 0.22s
Info:     at iteration #12, type ALL: wirelen solved = 8959, spread = 18693, legal = 25213; time = 0.22s
Info:     at iteration #13, type ALL: wirelen solved = 9036, spread = 18800, legal = 25569; time = 0.22s
Info:     at iteration #14, type ALL: wirelen solved = 9123, spread = 18665, legal = 25777; time = 0.13s
Info: HeAP Placer Time: 2.41s
Info:   of which solving equations: 0.47s
Info:   of which spreading cells: 0.05s
Info:   of which strict legalisation: 1.74s

Info: Running simulated annealing placer for refinement.
Info:   at iteration #1: temp = 0.000000, timing cost = 1074, wirelen = 24037
Info:   at iteration #5: temp = 0.000000, timing cost = 1050, wirelen = 19338
Info:   at iteration #10: temp = 0.000000, timing cost = 998, wirelen = 18186
Info:   at iteration #15: temp = 0.000000, timing cost = 927, wirelen = 17628
Info:   at iteration #20: temp = 0.000000, timing cost = 915, wirelen = 17195
Info:   at iteration #25: temp = 0.000000, timing cost = 908, wirelen = 17054
Info:   at iteration #30: temp = 0.000000, timing cost = 908, wirelen = 17021
Info:   at iteration #32: temp = 0.000000, timing cost = 907, wirelen = 17006 
Info: SA placement time 2.00s

Info: Max frequency for clock 'clk12$SB_IO_IN_$glb_clk': 21.77 MHz (PASS at 12.00 MHz)

Info: Clock '$PACKER_GND_NET_$glb_clk' has no interior paths

Info: Max delay <async>                         -> posedge clk12$SB_IO_IN_$glb_clk: 6.89 ns
Info: Max delay posedge clk12$SB_IO_IN_$glb_clk -> <async>                        : 13.64 ns

Info: Slack histogram:
Info:  legend: * represents 25 endpoint(s)
Info:          + represents [1,25) endpoint(s)
Info: [ 37404,  39507) |*+
Info: [ 39507,  41610) |+
Info: [ 41610,  43713) |+
Info: [ 43713,  45816) |***+
Info: [ 45816,  47919) |+
Info: [ 47919,  50022) |**+
Info: [ 50022,  52125) |**+
Info: [ 52125,  54228) |******+
Info: [ 54228,  56331) |*******+
Info: [ 56331,  58434) |**************+
Info: [ 58434,  60537) |*************+
Info: [ 60537,  62640) |************************************************************ 
Info: [ 62640,  64743) |************+
Info: [ 64743,  66846) |*********+
Info: [ 66846,  68949) |*************+
Info: [ 68949,  71052) |********+
Info: [ 71052,  73155) |**********+
Info: [ 73155,  75258) |***********+
Info: [ 75258,  77361) |*******************+
Info: [ 77361,  79464) |*****************************************+
Info: Checksum: 0x2b377bcf

Info: Routing..
Info: Setting up routing queue.
Info: Routing 13570 arcs.
Info:            |   (re-)routed arcs  |   delta    | remaining|       time spent     |
Info:    IterCnt |  w/ripup   wo/ripup |  w/r  wo/r |      arcs| batch(sec) total(sec)|
Info:       1000 |       17        982 |   17   982 |     12591|       0.39       0.39|
Info:       2000 |       68       1930 |   51   948 |     11684|       0.12       0.51|
Info:       3000 |      386       2500 |  318   570 |     11043|       0.10       0.61|
Info:       4000 |      755       3047 |  369   547 |     10491|       0.07       0.68|
Info:       5000 |      878       3820 |  123   773 |      9657|       0.06       0.73|
Info:       6000 |     1008       4640 |  130   820 |      8819|       0.06       0.80|
Info:       7000 |     1238       5379 |  230   739 |      8143|       0.08       0.87|
Info:       8000 |     1462       6146 |  224   767 |      7462|       0.08       0.96|
Info:       9000 |     1724       6827 |  262   681 |      6830|       0.07       1.02|
Info:      10000 |     1949       7408 |  225   581 |      6128|       0.06       1.09|
Info:      11000 |     2188       8078 |  239   670 |      5451|       0.08       1.16|
Info:      12000 |     2503       8714 |  315   636 |      4837|       0.08       1.24|
Info:      13000 |     2866       9323 |  363   609 |      4344|       0.09       1.34|
Info:      14000 |     3212       9970 |  346   647 |      3831|       0.09       1.43|
Info:      15000 |     3480      10615 |  268   645 |      3198|       0.11       1.54|
Info:      16000 |     3817      11175 |  337   560 |      2702|       0.13       1.67|
Info:      17000 |     4222      11740 |  405   565 |      2305|       0.15       1.82|
Info:      18000 |     4503      12446 |  281   706 |      1695|       0.11       1.92|
Info:      19000 |     4698      13224 |  195   778 |       950|       0.06       1.98|
Info:      20000 |     4863      14046 |  165   822 |       194|       0.26       2.25|
Info:      20208 |     4876      14240 |   13   194 |         0|       0.06       2.31|
Info: Routing complete.
Info: Router1 time 2.31s
Info: Checksum: 0x323fdb71

Info: Critical path report for clock 'clk12$SB_IO_IN_$glb_clk' (posedge -> posedge):
Info:       type curr  total name
Info:   clk-to-q  1.39  1.39 Source system.source.phase_SB_DFFESR_Q_14_D_SB_LUT4_O_LC.O
Info:    routing  1.76  3.15 Net system.source.phase[1] (24,12) -> (23,11)
Info:                          Sink system.source.phase_SB_DFFESR_Q_14_D_SB_LUT4_O_I2_SB_LUT4_O_LC.I2
Info:                          Defined in:
Info:                               rtl/io/replay_source.sv:12.16-12.21
Info:      logic  1.21  4.36 Source system.source.phase_SB_DFFESR_Q_14_D_SB_LUT4_O_I2_SB_LUT4_O_LC.O
Info:    routing  1.76  6.12 Net system.source.phase_SB_DFFESR_Q_14_D_SB_LUT4_O_I2[3] (23,11) -> (22,12)
Info:                          Sink system.source.phase_SB_DFFESR_Q_14_D_SB_LUT4_O_I2_SB_LUT4_I3_LC.I3
Info:                          Defined in:
Info:                               ./.tools/oss-cad-suite/libexec/../share/yosys/ice40/cells_map.v:6.21-6.22
Info:      logic  0.87  6.99 Source system.source.phase_SB_DFFESR_Q_14_D_SB_LUT4_O_I2_SB_LUT4_I3_LC.O
Info:    routing  1.76  8.75 Net system.source.phase_SB_DFFESR_Q_14_D_SB_LUT4_O_I2_SB_LUT4_I3_O[2] (22,12) -> (22,12)
Info:                          Sink system.source.phase_SB_DFFESR_Q_14_D_SB_LUT4_O_I2_SB_LUT4_I3_O_SB_LUT4_O_I3_SB_CARRY_CI_CO_SB_LUT4_I3_O_SB_LUT4_O_LC.I3
Info:                          Defined in:
Info:                               ./.tools/oss-cad-suite/libexec/../share/yosys/ice40/cells_map.v:6.21-6.22
Info:      logic  0.87  9.63 Source system.source.phase_SB_DFFESR_Q_14_D_SB_LUT4_O_I2_SB_LUT4_I3_O_SB_LUT4_O_I3_SB_CARRY_CI_CO_SB_LUT4_I3_O_SB_LUT4_O_LC.O
Info:    routing  1.76  11.39 Net system.source.phase_SB_DFFESR_Q_14_D_SB_LUT4_O_I2_SB_LUT4_I3_O_SB_LUT4_O_I3_SB_CARRY_CI_CO_SB_LUT4_I3_O[2] (22,12) -> (22,12)
Info:                          Sink system.source.phase_SB_DFFESR_Q_14_D_SB_LUT4_O_I2_SB_LUT4_I3_O_SB_LUT4_O_I3_SB_CARRY_CI_CO_SB_CARRY_CI_CO_SB_LUT4_I3_O_SB_LUT4_O_LC.I3
Info:                          Defined in:
Info:                               ./.tools/oss-cad-suite/libexec/../share/yosys/ice40/cells_map.v:6.21-6.22
Info:      logic  0.87  12.26 Source system.source.phase_SB_DFFESR_Q_14_D_SB_LUT4_O_I2_SB_LUT4_I3_O_SB_LUT4_O_I3_SB_CARRY_CI_CO_SB_CARRY_CI_CO_SB_LUT4_I3_O_SB_LUT4_O_LC.O
Info:    routing  1.76  14.02 Net system.source.phase_SB_DFFESR_Q_14_D_SB_LUT4_O_I2_SB_LUT4_I3_O_SB_LUT4_O_I3_SB_CARRY_CI_CO_SB_CARRY_CI_CO_SB_LUT4_I3_O[2] (22,12) -> (22,12)
Info:                          Sink system.source.phase_SB_DFFESR_Q_14_D_SB_LUT4_O_I2_SB_LUT4_I3_O_SB_LUT4_O_I3_SB_CARRY_CI_CO_SB_CARRY_CI_CO_SB_CARRY_CI_CO_SB_LUT4_I3_O_SB_LUT4_O_1_LC.I3
Info:                          Defined in:
Info:                               ./.tools/oss-cad-suite/libexec/../share/yosys/ice40/cells_map.v:6.21-6.22
Info:      logic  0.87  14.90 Source system.source.phase_SB_DFFESR_Q_14_D_SB_LUT4_O_I2_SB_LUT4_I3_O_SB_LUT4_O_I3_SB_CARRY_CI_CO_SB_CARRY_CI_CO_SB_CARRY_CI_CO_SB_LUT4_I3_O_SB_LUT4_O_1_LC.O
Info:    routing  1.76  16.66 Net system.source.phase_SB_DFFESR_Q_14_D_SB_LUT4_O_I2_SB_LUT4_I3_O_SB_LUT4_O_I3_SB_CARRY_CI_CO_SB_CARRY_CI_CO_SB_CARRY_CI_CO_SB_LUT4_I3_O[3] (22,12) -> (22,12)
Info:                          Sink system.source.phase_SB_DFFESR_Q_14_D_SB_LUT4_O_I2_SB_LUT4_I3_O_SB_LUT4_O_I3_SB_CARRY_CI_CO_SB_CARRY_CI_CO_SB_CARRY_CI_CO_SB_CARRY_CI_CO_SB_LUT4_I3_O_SB_LUT4_O_LC.I3
Info:                          Defined in:
Info:                               ./.tools/oss-cad-suite/libexec/../share/yosys/ice40/cells_map.v:6.21-6.22
Info:      logic  0.87  17.53 Source system.source.phase_SB_DFFESR_Q_14_D_SB_LUT4_O_I2_SB_LUT4_I3_O_SB_LUT4_O_I3_SB_CARRY_CI_CO_SB_CARRY_CI_CO_SB_CARRY_CI_CO_SB_CARRY_CI_CO_SB_LUT4_I3_O_SB_LUT4_O_LC.O
Info:    routing  1.76  19.29 Net system.source.phase_SB_DFFESR_Q_14_D_SB_LUT4_O_I2_SB_LUT4_I3_O_SB_LUT4_O_I3_SB_CARRY_CI_CO_SB_CARRY_CI_CO_SB_CARRY_CI_CO_SB_CARRY_CI_CO_SB_LUT4_I3_O[2] (22,12) -> (22,12)
Info:                          Sink system.source.phase_SB_DFFESR_Q_14_D_SB_LUT4_O_I2_SB_LUT4_I3_O_SB_LUT4_O_I3_SB_CARRY_CI_CO_SB_CARRY_CI_CO_SB_CARRY_CI_CO_SB_CARRY_CI_CO_SB_CARRY_CI_CO_SB_LUT4_I3_O_SB_LUT4_O_1_LC.I3
Info:                          Defined in:
Info:                               ./.tools/oss-cad-suite/libexec/../share/yosys/ice40/cells_map.v:6.21-6.22
Info:      logic  0.87  20.17 Source system.source.phase_SB_DFFESR_Q_14_D_SB_LUT4_O_I2_SB_LUT4_I3_O_SB_LUT4_O_I3_SB_CARRY_CI_CO_SB_CARRY_CI_CO_SB_CARRY_CI_CO_SB_CARRY_CI_CO_SB_CARRY_CI_CO_SB_LUT4_I3_O_SB_LUT4_O_1_LC.O
Info:    routing  1.76  21.93 Net system.source.phase_SB_DFFESR_Q_14_D_SB_LUT4_O_I2_SB_LUT4_I3_O_SB_LUT4_O_I3_SB_CARRY_CI_CO_SB_CARRY_CI_CO_SB_CARRY_CI_CO_SB_CARRY_CI_CO_SB_CARRY_CI_CO_SB_LUT4_I3_O[3] (22,12) -> (22,13)
Info:                          Sink system.source.phase_SB_DFFESR_Q_14_D_SB_LUT4_O_I2_SB_LUT4_I3_O_SB_LUT4_O_I3_SB_CARRY_CI_CO_SB_CARRY_CI_CO_SB_CARRY_CI_CO_SB_CARRY_CI_CO_SB_CARRY_CI_CO_SB_CARRY_CI_CO_SB_CARRY_CI_CO_SB_LUT4_I3_O_SB_LUT4_O_1_LC.I3
Info:                          Defined in:
Info:                               ./.tools/oss-cad-suite/libexec/../share/yosys/ice40/cells_map.v:6.21-6.22
Info:      logic  0.87  22.80 Source system.source.phase_SB_DFFESR_Q_14_D_SB_LUT4_O_I2_SB_LUT4_I3_O_SB_LUT4_O_I3_SB_CARRY_CI_CO_SB_CARRY_CI_CO_SB_CARRY_CI_CO_SB_CARRY_CI_CO_SB_CARRY_CI_CO_SB_CARRY_CI_CO_SB_CARRY_CI_CO_SB_LUT4_I3_O_SB_LUT4_O_1_LC.O
Info:    routing  1.76  24.56 Net system.source.phase_SB_DFFESR_Q_14_D_SB_LUT4_O_I2_SB_LUT4_I3_O_SB_LUT4_O_I3_SB_CARRY_CI_CO_SB_CARRY_CI_CO_SB_CARRY_CI_CO_SB_CARRY_CI_CO_SB_CARRY_CI_CO_SB_CARRY_CI_CO_SB_CARRY_CI_CO_SB_LUT4_I3_O[3] (22,13) -> (22,13)
Info:                          Sink system.source.phase_SB_DFFESR_Q_14_D_SB_LUT4_O_I2_SB_LUT4_I3_O_SB_LUT4_O_I3_SB_CARRY_CI_CO_SB_CARRY_CI_CO_SB_CARRY_CI_CO_SB_CARRY_CI_CO_SB_CARRY_CI_CO_SB_CARRY_CI_CO_SB_CARRY_CI_CO_SB_CARRY_CI_CO_SB_LUT4_I3_O_SB_LUT4_O_LC.I3
Info:                          Defined in:
Info:                               ./.tools/oss-cad-suite/libexec/../share/yosys/ice40/cells_map.v:6.21-6.22
Info:      logic  0.87  25.44 Source system.source.phase_SB_DFFESR_Q_14_D_SB_LUT4_O_I2_SB_LUT4_I3_O_SB_LUT4_O_I3_SB_CARRY_CI_CO_SB_CARRY_CI_CO_SB_CARRY_CI_CO_SB_CARRY_CI_CO_SB_CARRY_CI_CO_SB_CARRY_CI_CO_SB_CARRY_CI_CO_SB_CARRY_CI_CO_SB_LUT4_I3_O_SB_LUT4_O_LC.O
Info:    routing  1.76  27.20 Net system.source.phase_SB_DFFESR_Q_14_D_SB_LUT4_O_I2_SB_LUT4_I3_O_SB_LUT4_O_I3_SB_CARRY_CI_CO_SB_CARRY_CI_CO_SB_CARRY_CI_CO_SB_CARRY_CI_CO_SB_CARRY_CI_CO_SB_CARRY_CI_CO_SB_CARRY_CI_CO_SB_CARRY_CI_CO_SB_LUT4_I3_O[2] (22,13) -> (23,14)
Info:                          Sink system.source.phase_SB_DFFESR_Q_14_D_SB_LUT4_O_I2_SB_LUT4_I3_O_SB_LUT4_O_I3_SB_CARRY_CI_CO_SB_CARRY_CI_CO_SB_CARRY_CI_CO_SB_CARRY_CI_CO_SB_CARRY_CI_CO_SB_CARRY_CI_CO_SB_CARRY_CI_CO_SB_CARRY_CI_CO_SB_CARRY_CI_CO_SB_LUT4_I3_O_SB_LUT4_O_1_LC.I3
Info:                          Defined in:
Info:                               ./.tools/oss-cad-suite/libexec/../share/yosys/ice40/cells_map.v:6.21-6.22
Info:      logic  0.87  28.07 Source system.source.phase_SB_DFFESR_Q_14_D_SB_LUT4_O_I2_SB_LUT4_I3_O_SB_LUT4_O_I3_SB_CARRY_CI_CO_SB_CARRY_CI_CO_SB_CARRY_CI_CO_SB_CARRY_CI_CO_SB_CARRY_CI_CO_SB_CARRY_CI_CO_SB_CARRY_CI_CO_SB_CARRY_CI_CO_SB_CARRY_CI_CO_SB_LUT4_I3_O_SB_LUT4_O_1_LC.O
Info:    routing  1.76  29.83 Net system.source.phase_SB_DFFESR_Q_14_D_SB_LUT4_O_I2_SB_LUT4_I3_O_SB_LUT4_O_I3_SB_CARRY_CI_CO_SB_CARRY_CI_CO_SB_CARRY_CI_CO_SB_CARRY_CI_CO_SB_CARRY_CI_CO_SB_CARRY_CI_CO_SB_CARRY_CI_CO_SB_CARRY_CI_CO_SB_CARRY_CI_CO_SB_LUT4_I3_O[3] (23,14) -> (23,14)
Info:                          Sink system.source.phase_SB_DFFESR_Q_14_D_SB_LUT4_O_I2_SB_LUT4_I3_O_SB_LUT4_O_I3_SB_CARRY_CI_CO_SB_CARRY_CI_CO_SB_CARRY_CI_CO_SB_CARRY_CI_CO_SB_CARRY_CI_CO_SB_CARRY_CI_CO_SB_CARRY_CI_CO_SB_CARRY_CI_CO_SB_CARRY_CI_CO_SB_CARRY_CI_CO_SB_CARRY_CI_CO_SB_LUT4_I3_O_SB_LUT4_O_1_LC.I3
Info:                          Defined in:
Info:                               ./.tools/oss-cad-suite/libexec/../share/yosys/ice40/cells_map.v:6.21-6.22
Info:      logic  0.87  30.71 Source system.source.phase_SB_DFFESR_Q_14_D_SB_LUT4_O_I2_SB_LUT4_I3_O_SB_LUT4_O_I3_SB_CARRY_CI_CO_SB_CARRY_CI_CO_SB_CARRY_CI_CO_SB_CARRY_CI_CO_SB_CARRY_CI_CO_SB_CARRY_CI_CO_SB_CARRY_CI_CO_SB_CARRY_CI_CO_SB_CARRY_CI_CO_SB_CARRY_CI_CO_SB_CARRY_CI_CO_SB_LUT4_I3_O_SB_LUT4_O_1_LC.O
Info:    routing  1.76  32.47 Net system.source.phase_SB_DFFESR_Q_14_D_SB_LUT4_O_I2_SB_LUT4_I3_O_SB_LUT4_O_I3_SB_CARRY_CI_CO_SB_CARRY_CI_CO_SB_CARRY_CI_CO_SB_CARRY_CI_CO_SB_CARRY_CI_CO_SB_CARRY_CI_CO_SB_CARRY_CI_CO_SB_CARRY_CI_CO_SB_CARRY_CI_CO_SB_CARRY_CI_CO_SB_CARRY_CI_CO_SB_LUT4_I3_O[3] (23,14) -> (23,14)
Info:                          Sink system.source.phase_SB_DFFESR_Q_14_D_SB_LUT4_O_I2_SB_LUT4_I3_O_SB_LUT4_O_I3_SB_CARRY_CI_CO_SB_CARRY_CI_CO_SB_CARRY_CI_CO_SB_CARRY_CI_CO_SB_CARRY_CI_CO_SB_CARRY_CI_CO_SB_CARRY_CI_CO_SB_CARRY_CI_CO_SB_CARRY_CI_CO_SB_CARRY_CI_CO_SB_CARRY_CI_CO_SB_CARRY_CI_CO_SB_LUT4_I3_O_SB_LUT4_O_LC.I3
Info:                          Defined in:
Info:                               ./.tools/oss-cad-suite/libexec/../share/yosys/ice40/cells_map.v:6.21-6.22
Info:      logic  0.87  33.34 Source system.source.phase_SB_DFFESR_Q_14_D_SB_LUT4_O_I2_SB_LUT4_I3_O_SB_LUT4_O_I3_SB_CARRY_CI_CO_SB_CARRY_CI_CO_SB_CARRY_CI_CO_SB_CARRY_CI_CO_SB_CARRY_CI_CO_SB_CARRY_CI_CO_SB_CARRY_CI_CO_SB_CARRY_CI_CO_SB_CARRY_CI_CO_SB_CARRY_CI_CO_SB_CARRY_CI_CO_SB_CARRY_CI_CO_SB_LUT4_I3_O_SB_LUT4_O_LC.O
Info:    routing  1.76  35.10 Net system.source.phase_SB_DFFESR_Q_14_D_SB_LUT4_O_I2_SB_LUT4_I3_O_SB_LUT4_O_I3_SB_CARRY_CI_CO_SB_CARRY_CI_CO_SB_CARRY_CI_CO_SB_CARRY_CI_CO_SB_CARRY_CI_CO_SB_CARRY_CI_CO_SB_CARRY_CI_CO_SB_CARRY_CI_CO_SB_CARRY_CI_CO_SB_CARRY_CI_CO_SB_CARRY_CI_CO_SB_CARRY_CI_CO_SB_LUT4_I3_O[3] (23,14) -> (23,14)
Info:                          Sink system.source.phase_SB_DFFESR_Q_14_D_SB_LUT4_O_I2_SB_LUT4_I3_O_SB_LUT4_O_I3_SB_CARRY_CI_CO_SB_CARRY_CI_CO_SB_CARRY_CI_CO_SB_CARRY_CI_CO_SB_CARRY_CI_CO_SB_CARRY_CI_CO_SB_CARRY_CI_CO_SB_CARRY_CI_CO_SB_CARRY_CI_CO_SB_CARRY_CI_CO_SB_CARRY_CI_CO_SB_CARRY_CI_CO_SB_CARRY_CI_CO_SB_LUT4_I3_O_SB_LUT4_O_LC.I3
Info:                          Defined in:
Info:                               ./.tools/oss-cad-suite/libexec/../share/yosys/ice40/cells_map.v:6.21-6.22
Info:      logic  0.87  35.98 Source system.source.phase_SB_DFFESR_Q_14_D_SB_LUT4_O_I2_SB_LUT4_I3_O_SB_LUT4_O_I3_SB_CARRY_CI_CO_SB_CARRY_CI_CO_SB_CARRY_CI_CO_SB_CARRY_CI_CO_SB_CARRY_CI_CO_SB_CARRY_CI_CO_SB_CARRY_CI_CO_SB_CARRY_CI_CO_SB_CARRY_CI_CO_SB_CARRY_CI_CO_SB_CARRY_CI_CO_SB_CARRY_CI_CO_SB_CARRY_CI_CO_SB_LUT4_I3_O_SB_LUT4_O_LC.O
Info:    routing  1.76  37.74 Net system.source.phase_SB_DFFESR_Q_14_D_SB_LUT4_O_I2_SB_LUT4_I3_O_SB_LUT4_O_I3_SB_CARRY_CI_CO_SB_CARRY_CI_CO_SB_CARRY_CI_CO_SB_CARRY_CI_CO_SB_CARRY_CI_CO_SB_CARRY_CI_CO_SB_CARRY_CI_CO_SB_CARRY_CI_CO_SB_CARRY_CI_CO_SB_CARRY_CI_CO_SB_CARRY_CI_CO_SB_CARRY_CI_CO_SB_CARRY_CI_CO_SB_LUT4_I3_O[2] (23,14) -> (23,13)
Info:                          Sink system.source.phase_SB_DFFESR_Q_14_D_SB_LUT4_O_I2_SB_LUT4_I3_O_SB_LUT4_O_I3_SB_CARRY_CI_CO_SB_CARRY_CI_CO_SB_CARRY_CI_CO_SB_CARRY_CI_CO_SB_CARRY_CI_CO_SB_CARRY_CI_CO_SB_CARRY_CI_CO_SB_CARRY_CI_CO_SB_CARRY_CI_CO_SB_CARRY_CI_CO_SB_CARRY_CI_CO_SB_CARRY_CI_CO_SB_CARRY_CI_CO_SB_LUT4_I3_O_SB_LUT4_I3_LC.I3
Info:                          Defined in:
Info:                               ./.tools/oss-cad-suite/libexec/../share/yosys/ice40/cells_map.v:6.21-6.22
Info:      logic  0.87  38.61 Source system.source.phase_SB_DFFESR_Q_14_D_SB_LUT4_O_I2_SB_LUT4_I3_O_SB_LUT4_O_I3_SB_CARRY_CI_CO_SB_CARRY_CI_CO_SB_CARRY_CI_CO_SB_CARRY_CI_CO_SB_CARRY_CI_CO_SB_CARRY_CI_CO_SB_CARRY_CI_CO_SB_CARRY_CI_CO_SB_CARRY_CI_CO_SB_CARRY_CI_CO_SB_CARRY_CI_CO_SB_CARRY_CI_CO_SB_CARRY_CI_CO_SB_LUT4_I3_O_SB_LUT4_I3_LC.O
Info:    routing  3.06  41.67 Net system.source.phase_SB_DFFESR_Q_14_D_SB_LUT4_O_I2_SB_LUT4_I3_O_SB_LUT4_O_I3_SB_CARRY_CI_CO_SB_CARRY_CI_CO_SB_CARRY_CI_CO_SB_CARRY_CI_CO_SB_CARRY_CI_CO_SB_CARRY_CI_CO_SB_CARRY_CI_CO_SB_CARRY_CI_CO_SB_CARRY_CI_CO_SB_CARRY_CI_CO_SB_CARRY_CI_CO_SB_CARRY_CI_CO_SB_CARRY_CI_CO_SB_LUT4_I3_O_SB_LUT4_I3_O[3] (23,13) -> (23,7)
Info:                          Sink system.source.active_SB_LUT4_I1_LC.I3
Info:                          Defined in:
Info:                               ./.tools/oss-cad-suite/libexec/../share/yosys/ice40/cells_map.v:6.21-6.22
Info:      logic  0.87  42.54 Source system.source.active_SB_LUT4_I1_LC.O
Info:    routing  2.99  45.53 Net system.source.active_SB_LUT4_I1_O (23,7) -> (23,8)
Info:                          Sink system.source.point_SB_DFFESR_Q_2_D_SB_LUT4_O_LC.CEN
Info:      setup  0.10  45.63 Source system.source.point_SB_DFFESR_Q_2_D_SB_LUT4_O_LC.CEN
Info: 14.93 ns logic, 30.70 ns routing

Info: Critical path report for cross-domain path '<async>' -> 'posedge clk12$SB_IO_IN_$glb_clk':
Info:       type curr  total name
Info:     source  0.00  0.00 Source flash_miso$sb_io.D_IN_0
Info:    routing  5.65  5.65 Net flash_miso$SB_IO_IN (23,0) -> (24,24)
Info:                          Sink system.transport.spi.rx_shift_SB_DFFESR_Q_7_DFFLC.I0
Info:                          Defined in:
Info:                               rtl/io/spi_master.sv:18.16-18.20
Info:      setup  1.23  6.88 Source system.transport.spi.rx_shift_SB_DFFESR_Q_7_DFFLC.I0
Info: 1.23 ns logic, 5.65 ns routing

Info: Critical path report for cross-domain path 'posedge clk12$SB_IO_IN_$glb_clk' -> '<async>':
Info:       type curr  total name
Info:   clk-to-q  1.39  1.39 Source system.error_flags_SB_DFFESR_Q_3_DFFLC.O
Info:    routing  3.49  4.89 Net system.error_flags[0] (18,18) -> (20,14)
Info:                          Sink status_error_SB_LUT4_O_I3_SB_LUT4_O_LC.I3
Info:                          Defined in:
Info:                               rtl/upduino_replay.sv:45.15-45.26
Info:      logic  0.87  5.76 Source status_error_SB_LUT4_O_I3_SB_LUT4_O_LC.O
Info:    routing  2.41  8.17 Net status_error_SB_LUT4_O_I3[3] (20,14) -> (21,11)
Info:                          Sink status_error_SB_LUT4_O_LC.I3
Info:                          Defined in:
Info:                               ./.tools/oss-cad-suite/libexec/../share/yosys/ice40/cells_map.v:6.21-6.22
Info:      logic  0.87  9.04 Source status_error_SB_LUT4_O_LC.O
Info:    routing  4.25  13.29 Net status_error$SB_IO_OUT (21,11) -> (18,0)
Info:                          Sink status_error$sb_io.D_OUT_0
Info:                          Defined in:
Info:                               rtl/upduino_replay.sv:36.28-36.40
Info: 3.14 ns logic, 10.15 ns routing

Info: Max frequency for clock 'clk12$SB_IO_IN_$glb_clk': 21.91 MHz (PASS at 12.00 MHz)

Info: Clock '$PACKER_GND_NET_$glb_clk' has no interior paths

Info: Max delay <async>                         -> posedge clk12$SB_IO_IN_$glb_clk: 6.88 ns
Info: Max delay posedge clk12$SB_IO_IN_$glb_clk -> <async>                        : 13.29 ns

Info: Slack histogram:
Info:  legend: * represents 23 endpoint(s)
Info:          + represents [1,23) endpoint(s)
Info: [ 37700,  39792) |*+
Info: [ 39792,  41884) |**+
Info: [ 41884,  43976) |*+
Info: [ 43976,  46068) |*+
Info: [ 46068,  48160) |+
Info: [ 48160,  50252) |**+
Info: [ 50252,  52344) |**+
Info: [ 52344,  54436) |***+
Info: [ 54436,  56528) |*********+
Info: [ 56528,  58620) |**************+
Info: [ 58620,  60712) |**********************+
Info: [ 60712,  62804) |*******************+
Info: [ 62804,  64896) |************************************************************ 
Info: [ 64896,  66988) |**********+
Info: [ 66988,  69080) |******+
Info: [ 69080,  71172) |**********+
Info: [ 71172,  73264) |**********+
Info: [ 73264,  75356) |**************+
Info: [ 75356,  77448) |****************+
Info: [ 77448,  79540) |*******************************************+

Info: Program finished normally.
