
 /----------------------------------------------------------------------------\
 |  yosys -- Yosys Open SYnthesis Suite                                       |
 |  Copyright (C) 2012 - 2026  Claire Xenia Wolf <claire@yosyshq.com>         |
 |  Distributed under an ISC-like license, type "license" to see terms        |
 \----------------------------------------------------------------------------/
 Yosys 0.68+195 (git sha1 435977e97-dirty, Release, Clang /usr/local/osxcross/target/bin/aarch64-apple-darwin25.5-clang++ 21.1.8)

-- Executing script file `design_smt2.ys' --

1. Executing RTLIL frontend.
Input filename: design_prep.il

2. Executing HIERARCHY pass (managing design hierarchy).
Attribute `top' found on module `quant_serial_harness'. Setting top module to quant_serial_harness.

2.1. Analyzing design hierarchy..
Top module:  \quant_serial_harness
Used module:     \quant_serial_kernel

2.2. Analyzing design hierarchy..
Top module:  \quant_serial_harness
Used module:     \quant_serial_kernel
Removed 0 unused modules.
Module quant_serial_harness directly or indirectly contains formal properties -> setting "keep" attribute.

3. Executing FORMALFF pass.

4. Executing DFFUNMAP pass (unmap clock enable and synchronous reset from FFs).

5. Printing statistics.

=== quant_serial_harness ===

        +----------Local Count, excluding submodules.
        | 
      179 wires
      241 wire bits
       16 public wires
       78 public wire bits
        1 ports
        1 port bits
      218 cells
        3   $anyconst
        2   $anyseq
        2   $assume
       45   $cover
       45   $eq
       50   $ff
        1   $gt
       57   $logic_and
        4   $logic_not
        8   $mux
        1   $not
        1 submodules
        1   quant_serial_kernel

=== quant_serial_kernel ===

        +----------Local Count, excluding submodules.
        | 
       98 wires
      877 wire bits
       36 public wires
      297 public wire bits
       13 ports
       75 port bits
       89 cells
        2   $add
       11   $anyinit
       10   $anyseq
        1   $assume
        5   $eq
        1   $gt
        2   $logic_and
        3   $logic_not
        2   $logic_or
        2   $mem_v2
       40   $mux
        1   $not
        1   $or
        6   $pmux
        1   $reduce_or
        1   $sub

=== design hierarchy ===

        +----------Count including submodules.
        | 
      307 quant_serial_harness
       89 quant_serial_kernel

        +----------Count including submodules.
        | 
      277 wires
     1118 wire bits
       52 public wires
      375 public wire bits
       14 ports
       76 port bits
        - memories
        - memory bits
        - processes
      307 cells
        2   $add
        3   $anyconst
       11   $anyinit
       12   $anyseq
        3   $assume
       45   $cover
       50   $eq
       50   $ff
        2   $gt
       59   $logic_and
        7   $logic_not
        2   $logic_or
        2   $mem_v2
       48   $mux
        2   $not
        1   $or
        6   $pmux
        1   $reduce_or
        1   $sub
        1 submodules
        1   quant_serial_kernel

6. Executing SMT2 backend.

6.1. Executing BMUXMAP pass.

6.2. Executing DEMUXMAP pass.
Creating SMT-LIBv2 representation of module quant_serial_kernel.
Creating SMT-LIBv2 representation of module quant_serial_harness.

End of script. Logfile hash: a237b0398b, time: 0.00s, user: 0.01s, system: 0.00s, MEM: 13.19 MB peak
Yosys 0.68+195 (git sha1 435977e97-dirty, Release, Clang /usr/local/osxcross/target/bin/aarch64-apple-darwin25.5-clang++ 21.1.8)
Time spent: 66% 2x write_smt2 (0 sec), 18% 2x read_rtlil (0 sec), ...
