{"name": "sparse16-log-c1-centroid", "auc": 0.47333333333333333, "fpr": 0.05, "recall": 0.3, "alarm_fpr": 0.025, "alarm_recall": 0.3}
{"name": "sparse16-log-c1-diagonal_mahalanobis", "auc": 0.6416666666666666, "fpr": 0.05, "recall": 0.13333333333333333, "alarm_fpr": 0.075, "alarm_recall": 0.13333333333333333}
{"name": "sparse16-log-c1-ae", "auc": 0.6466666666666667, "fpr": 0.05, "recall": 0.13333333333333333, "alarm_fpr": 0.075, "alarm_recall": 0.13333333333333333}
{"name": "sparse16-log-c4-centroid", "auc": 0.47333333333333333, "fpr": 0.05, "recall": 0.3, "alarm_fpr": 0.175, "alarm_recall": 0.3}
{"name": "sparse16-log-c4-diagonal_mahalanobis", "auc": 0.6433333333333333, "fpr": 0.05, "recall": 0.13333333333333333, "alarm_fpr": 0.1, "alarm_recall": 0.16666666666666666}
{"name": "sparse16-log-c4-ae", "auc": 0.5983333333333333, "fpr": 0.05, "recall": 0.13333333333333333, "alarm_fpr": 0.15, "alarm_recall": 0.16666666666666666}
{"name": "sparse16-log-c8-centroid", "auc": 0.4741666666666666, "fpr": 0.05, "recall": 0.3, "alarm_fpr": 0.1, "alarm_recall": 0.3}
{"name": "sparse16-log-c8-diagonal_mahalanobis", "auc": 0.6483333333333334, "fpr": 0.05, "recall": 0.13333333333333333, "alarm_fpr": 0.1, "alarm_recall": 0.16666666666666666}
{"name": "sparse16-log-c8-ae", "auc": 0.6216666666666667, "fpr": 0.05, "recall": 0.13333333333333333, "alarm_fpr": 0.1, "alarm_recall": 0.16666666666666666}
{"name": "uniform16-log-c1-centroid", "auc": 0.6883333333333332, "fpr": 0.05, "recall": 0.43333333333333335, "alarm_fpr": 0.075, "alarm_recall": 0.26666666666666666}
{"name": "uniform16-log-c1-diagonal_mahalanobis", "auc": 0.6408333333333333, "fpr": 0.05, "recall": 0.2, "alarm_fpr": 0.075, "alarm_recall": 0.16666666666666666}
{"name": "uniform16-log-c1-ae", "auc": 0.6583333333333333, "fpr": 0.05, "recall": 0.13333333333333333, "alarm_fpr": 0.05, "alarm_recall": 0.16666666666666666}
{"name": "uniform16-log-c4-centroid", "auc": 0.6858333333333333, "fpr": 0.05, "recall": 0.43333333333333335, "alarm_fpr": 0.15, "alarm_recall": 0.43333333333333335}
{"name": "uniform16-log-c4-diagonal_mahalanobis", "auc": 0.6391666666666667, "fpr": 0.05, "recall": 0.2, "alarm_fpr": 0.15, "alarm_recall": 0.16666666666666666}
{"name": "uniform16-log-c4-ae", "auc": 0.6466666666666666, "fpr": 0.05, "recall": 0.16666666666666666, "alarm_fpr": 0.2, "alarm_recall": 0.26666666666666666}
{"name": "uniform16-log-c8-centroid", "auc": 0.6883333333333334, "fpr": 0.05, "recall": 0.43333333333333335, "alarm_fpr": 0.15, "alarm_recall": 0.4}
{"name": "uniform16-log-c8-diagonal_mahalanobis", "auc": 0.64, "fpr": 0.05, "recall": 0.2, "alarm_fpr": 0.125, "alarm_recall": 0.16666666666666666}
{"name": "uniform16-log-c8-ae", "auc": 0.6808333333333333, "fpr": 0.05, "recall": 0.16666666666666666, "alarm_fpr": 0.15, "alarm_recall": 0.2}
{"name": "uniform32-log-c1-centroid", "auc": 0.6799999999999999, "fpr": 0.05, "recall": 0.36666666666666664, "alarm_fpr": 0.05, "alarm_recall": 0.3}
{"name": "uniform32-log-c1-diagonal_mahalanobis", "auc": 0.6158333333333333, "fpr": 0.05, "recall": 0.2, "alarm_fpr": 0.075, "alarm_recall": 0.16666666666666666}
{"name": "uniform32-log-c1-ae", "auc": 0.6716666666666667, "fpr": 0.05, "recall": 0.16666666666666666, "alarm_fpr": 0.075, "alarm_recall": 0.2}
{"name": "uniform32-log-c4-centroid", "auc": 0.6766666666666666, "fpr": 0.05, "recall": 0.36666666666666664, "alarm_fpr": 0.15, "alarm_recall": 0.4}
{"name": "uniform32-log-c4-diagonal_mahalanobis", "auc": 0.615, "fpr": 0.05, "recall": 0.2, "alarm_fpr": 0.15, "alarm_recall": 0.16666666666666666}
{"name": "uniform32-log-c4-ae", "auc": 0.6325000000000001, "fpr": 0.05, "recall": 0.2, "alarm_fpr": 0.175, "alarm_recall": 0.26666666666666666}
{"name": "uniform32-log-c8-centroid", "auc": 0.6775, "fpr": 0.05, "recall": 0.36666666666666664, "alarm_fpr": 0.15, "alarm_recall": 0.3333333333333333}
{"name": "uniform32-log-c8-diagonal_mahalanobis", "auc": 0.6166666666666667, "fpr": 0.05, "recall": 0.2, "alarm_fpr": 0.125, "alarm_recall": 0.13333333333333333}
{"name": "uniform32-log-c8-ae", "auc": 0.6608333333333333, "fpr": 0.05, "recall": 0.16666666666666666, "alarm_fpr": 0.175, "alarm_recall": 0.23333333333333334}
{"name": "mel16-log-c1-centroid", "auc": 0.6775, "fpr": 0.05, "recall": 0.43333333333333335, "alarm_fpr": 0.075, "alarm_recall": 0.26666666666666666}
{"name": "mel16-log-c1-diagonal_mahalanobis", "auc": 0.6475000000000001, "fpr": 0.05, "recall": 0.23333333333333334, "alarm_fpr": 0.1, "alarm_recall": 0.2}
{"name": "mel16-log-c1-ae", "auc": 0.6449999999999999, "fpr": 0.05, "recall": 0.26666666666666666, "alarm_fpr": 0.075, "alarm_recall": 0.16666666666666666}
{"name": "mel16-log-c4-centroid", "auc": 0.6766666666666667, "fpr": 0.05, "recall": 0.43333333333333335, "alarm_fpr": 0.15, "alarm_recall": 0.4}
{"name": "mel16-log-c4-diagonal_mahalanobis", "auc": 0.6458333333333333, "fpr": 0.05, "recall": 0.23333333333333334, "alarm_fpr": 0.175, "alarm_recall": 0.2}
{"name": "mel16-log-c4-ae", "auc": 0.6308333333333332, "fpr": 0.05, "recall": 0.13333333333333333, "alarm_fpr": 0.2, "alarm_recall": 0.26666666666666666}
{"name": "mel16-log-c8-centroid", "auc": 0.6766666666666667, "fpr": 0.05, "recall": 0.43333333333333335, "alarm_fpr": 0.15, "alarm_recall": 0.43333333333333335}
{"name": "mel16-log-c8-diagonal_mahalanobis", "auc": 0.6491666666666667, "fpr": 0.05, "recall": 0.23333333333333334, "alarm_fpr": 0.125, "alarm_recall": 0.13333333333333333}
{"name": "mel16-log-c8-ae", "auc": 0.6433333333333333, "fpr": 0.05, "recall": 0.13333333333333333, "alarm_fpr": 0.175, "alarm_recall": 0.16666666666666666}
{"name": "mel32-log-c1-centroid", "auc": 0.6241666666666666, "fpr": 0.05, "recall": 0.4, "alarm_fpr": 0.075, "alarm_recall": 0.3333333333333333}
{"name": "mel32-log-c1-diagonal_mahalanobis", "auc": 0.6325, "fpr": 0.05, "recall": 0.16666666666666666, "alarm_fpr": 0.1, "alarm_recall": 0.2}
{"name": "mel32-log-c1-ae", "auc": 0.6358333333333334, "fpr": 0.05, "recall": 0.13333333333333333, "alarm_fpr": 0.075, "alarm_recall": 0.16666666666666666}
{"name": "mel32-log-c4-centroid", "auc": 0.6241666666666666, "fpr": 0.05, "recall": 0.4, "alarm_fpr": 0.2, "alarm_recall": 0.43333333333333335}
{"name": "mel32-log-c4-diagonal_mahalanobis", "auc": 0.6341666666666667, "fpr": 0.05, "recall": 0.16666666666666666, "alarm_fpr": 0.175, "alarm_recall": 0.23333333333333334}
{"name": "mel32-log-c4-ae", "auc": 0.6075, "fpr": 0.05, "recall": 0.13333333333333333, "alarm_fpr": 0.2, "alarm_recall": 0.23333333333333334}
{"name": "mel32-log-c8-centroid", "auc": 0.6224999999999999, "fpr": 0.05, "recall": 0.36666666666666664, "alarm_fpr": 0.15, "alarm_recall": 0.4}
{"name": "mel32-log-c8-diagonal_mahalanobis", "auc": 0.635, "fpr": 0.05, "recall": 0.16666666666666666, "alarm_fpr": 0.125, "alarm_recall": 0.2}
{"name": "mel32-log-c8-ae", "auc": 0.5958333333333333, "fpr": 0.05, "recall": 0.13333333333333333, "alarm_fpr": 0.175, "alarm_recall": 0.2}
SELECTED uniform16-log-c8-centroid GATE False
