jedec: iceprog -d i:0x0403:0x6014:0 -t
configuration: iceprog -d i:0x0403:0x6014:0 -i 4 -o 0 './measurements/2026-09-11-acoustic/l1-1000/board.bin'
input: iceprog -d i:0x0403:0x6014:0 -i 4 -o 262144 './measurements/2026-09-11-acoustic/l1-1000/replay.bin'
clear_log_and_start: iceprog -d i:0x0403:0x6014:0 -i 4 -o 3145728 './measurements/2026-09-11-acoustic/l1-1000/erased-log.bin'
read_log_1: iceprog -d i:0x0403:0x6014:0 -o 3145728 -R 131072 './measurements/2026-09-11-acoustic/l1-1000/read-log-01.bin'
read_log_2: iceprog -d i:0x0403:0x6014:0 -o 3145728 -R 131072 './measurements/2026-09-11-acoustic/l1-1000/read-log-02.bin'
read_log_3: iceprog -d i:0x0403:0x6014:0 -o 3145728 -R 131072 './measurements/2026-09-11-acoustic/l1-1000/read-log-03.bin'
Wait after clear: 78 seconds. Actual clock frequency remains unmeasured.
Starting jedec...
cdone: high
reset..
cdone: low
flash ID: 0xEF 0x40 0x16 0x00
cdone: high
Bye.
Starting configuration...
                      
addr 0x019600  99%
                      
VERIFY OK
cdone: high
Bye.
Starting input...
                      
addr 0x043F00  98%
                      
VERIFY OK
cdone: high
Bye.
Starting clear_log_and_start...
                      
addr 0x31FF00  99%
                      
VERIFY OK
cdone: high
Bye.
Replay running: waiting 78 seconds before verified log readback.
Replay running: waiting 68 seconds before verified log readback.
Replay running: waiting 58 seconds before verified log readback.
Replay running: waiting 48 seconds before verified log readback.
Replay running: waiting 38 seconds before verified log readback.
Replay running: waiting 28 seconds before verified log readback.
Replay running: waiting 18 seconds before verified log readback.
Replay running: waiting 8 seconds before verified log readback.
Starting read_log_1...
                      
addr 0x31FF00  99%
                      
done.
cdone: high
Bye.
Readback rejected: JEDEC mismatch: observed ['FFEF40'], expected EF4016; retaining read-log-01.bin.
Starting read_log_2...
                      
addr 0x31FF00  99%
                      
done.
cdone: high
Bye.
Starting read_log_3...
                      
addr 0x31FF00  99%
                      
done.
cdone: high
Bye.
PASS: 1000 physical replay frames match the integer reference; two raw reads agree.
