static-64-diagonal 0.6642 0.2333
static-64-covariance 0.6933 0.2
modulation-64-diagonal 0.63 0.0333
modulation-64-covariance 0.645 0.1
impact-64-diagonal 0.6558 0.2667
impact-64-covariance 0.6708 0.2333
flux-64-diagonal 0.6725 0.1333
flux-64-covariance 0.7292 0.1333
combined-64-diagonal 0.6342 0.1333
combined-64-covariance 0.6558 0.1667
static-128-diagonal 0.6667 0.2667
static-128-covariance 0.7033 0.2
modulation-128-diagonal 0.6025 0.2333
modulation-128-covariance 0.6183 0.2333
impact-128-diagonal 0.6433 0.2667
impact-128-covariance 0.68 0.2333
flux-128-diagonal 0.6767 0.1333
flux-128-covariance 0.7367 0.1333
combined-128-diagonal 0.625 0.2333
combined-128-covariance 0.6475 0.2667
static-256-diagonal 0.6658 0.2667
static-256-covariance 0.7083 0.2
modulation-256-diagonal 0.6042 0.2
modulation-256-covariance 0.6308 0.2667
impact-256-diagonal 0.645 0.3
impact-256-covariance 0.71 0.2667
flux-256-diagonal 0.6858 0.1667
flux-256-covariance 0.7408 0.1667
combined-256-diagonal 0.6342 0.2333
combined-256-covariance 0.6625 0.2667
BEST impact-256-diagonal 0.3 0.645 HIGH_GATE False
