{"name": "sparse16-log-c1-centroid", "auc": 0.4708333333333333, "fpr": 0.05, "recall": 0.03333333333333333, "alarm_fpr": 0.05, "alarm_recall": 0.1}
{"name": "sparse16-log-c1-diagonal_mahalanobis", "auc": 0.5308333333333334, "fpr": 0.05, "recall": 0.03333333333333333, "alarm_fpr": 0.05, "alarm_recall": 0.1}
{"name": "sparse16-log-c1-ae", "auc": 0.5766666666666667, "fpr": 0.05, "recall": 0.13333333333333333, "alarm_fpr": 0.05, "alarm_recall": 0.0}
{"name": "sparse16-log-c4-centroid", "auc": 0.4725, "fpr": 0.05, "recall": 0.03333333333333333, "alarm_fpr": 0.075, "alarm_recall": 0.1}
{"name": "sparse16-log-c4-diagonal_mahalanobis", "auc": 0.5308333333333334, "fpr": 0.05, "recall": 0.03333333333333333, "alarm_fpr": 0.075, "alarm_recall": 0.1}
{"name": "sparse16-log-c4-ae", "auc": 0.56, "fpr": 0.05, "recall": 0.06666666666666667, "alarm_fpr": 0.1, "alarm_recall": 0.1}
{"name": "sparse16-log-c8-centroid", "auc": 0.4725, "fpr": 0.05, "recall": 0.03333333333333333, "alarm_fpr": 0.05, "alarm_recall": 0.1}
{"name": "sparse16-log-c8-diagonal_mahalanobis", "auc": 0.53, "fpr": 0.05, "recall": 0.03333333333333333, "alarm_fpr": 0.05, "alarm_recall": 0.1}
{"name": "sparse16-log-c8-ae", "auc": 0.5608333333333333, "fpr": 0.05, "recall": 0.1, "alarm_fpr": 0.125, "alarm_recall": 0.1}
{"name": "uniform16-log-c1-centroid", "auc": 0.4616666666666667, "fpr": 0.05, "recall": 0.03333333333333333, "alarm_fpr": 0.075, "alarm_recall": 0.1}
{"name": "uniform16-log-c1-diagonal_mahalanobis", "auc": 0.55, "fpr": 0.05, "recall": 0.03333333333333333, "alarm_fpr": 0.075, "alarm_recall": 0.1}
{"name": "uniform16-log-c1-ae", "auc": 0.6333333333333333, "fpr": 0.05, "recall": 0.23333333333333334, "alarm_fpr": 0.05, "alarm_recall": 0.03333333333333333}
{"name": "uniform16-log-c4-centroid", "auc": 0.46, "fpr": 0.05, "recall": 0.03333333333333333, "alarm_fpr": 0.05, "alarm_recall": 0.1}
{"name": "uniform16-log-c4-diagonal_mahalanobis", "auc": 0.55, "fpr": 0.05, "recall": 0.03333333333333333, "alarm_fpr": 0.075, "alarm_recall": 0.1}
{"name": "uniform16-log-c4-ae", "auc": 0.6533333333333333, "fpr": 0.05, "recall": 0.26666666666666666, "alarm_fpr": 0.225, "alarm_recall": 0.16666666666666666}
{"name": "uniform16-log-c8-centroid", "auc": 0.46, "fpr": 0.05, "recall": 0.03333333333333333, "alarm_fpr": 0.025, "alarm_recall": 0.1}
{"name": "uniform16-log-c8-diagonal_mahalanobis", "auc": 0.5516666666666666, "fpr": 0.05, "recall": 0.03333333333333333, "alarm_fpr": 0.05, "alarm_recall": 0.1}
{"name": "uniform16-log-c8-ae", "auc": 0.6708333333333334, "fpr": 0.05, "recall": 0.2, "alarm_fpr": 0.175, "alarm_recall": 0.13333333333333333}
{"name": "uniform32-log-c1-centroid", "auc": 0.4566666666666667, "fpr": 0.05, "recall": 0.03333333333333333, "alarm_fpr": 0.05, "alarm_recall": 0.1}
{"name": "uniform32-log-c1-diagonal_mahalanobis", "auc": 0.5133333333333334, "fpr": 0.05, "recall": 0.03333333333333333, "alarm_fpr": 0.075, "alarm_recall": 0.1}
{"name": "uniform32-log-c1-ae", "auc": 0.65, "fpr": 0.05, "recall": 0.13333333333333333, "alarm_fpr": 0.125, "alarm_recall": 0.1}
{"name": "uniform32-log-c4-centroid", "auc": 0.4558333333333333, "fpr": 0.05, "recall": 0.03333333333333333, "alarm_fpr": 0.05, "alarm_recall": 0.1}
{"name": "uniform32-log-c4-diagonal_mahalanobis", "auc": 0.515, "fpr": 0.05, "recall": 0.03333333333333333, "alarm_fpr": 0.075, "alarm_recall": 0.1}
{"name": "uniform32-log-c4-ae", "auc": 0.6108333333333333, "fpr": 0.05, "recall": 0.1, "alarm_fpr": 0.125, "alarm_recall": 0.2}
{"name": "uniform32-log-c8-centroid", "auc": 0.45583333333333337, "fpr": 0.05, "recall": 0.03333333333333333, "alarm_fpr": 0.025, "alarm_recall": 0.1}
{"name": "uniform32-log-c8-diagonal_mahalanobis", "auc": 0.5141666666666667, "fpr": 0.05, "recall": 0.03333333333333333, "alarm_fpr": 0.05, "alarm_recall": 0.1}
{"name": "uniform32-log-c8-ae", "auc": 0.6683333333333333, "fpr": 0.05, "recall": 0.1, "alarm_fpr": 0.15, "alarm_recall": 0.13333333333333333}
{"name": "mel16-log-c1-centroid", "auc": 0.5308333333333333, "fpr": 0.05, "recall": 0.03333333333333333, "alarm_fpr": 0.075, "alarm_recall": 0.1}
{"name": "mel16-log-c1-diagonal_mahalanobis", "auc": 0.5775, "fpr": 0.05, "recall": 0.13333333333333333, "alarm_fpr": 0.075, "alarm_recall": 0.1}
{"name": "mel16-log-c1-ae", "auc": 0.6133333333333333, "fpr": 0.05, "recall": 0.23333333333333334, "alarm_fpr": 0.05, "alarm_recall": 0.03333333333333333}
{"name": "mel16-log-c4-centroid", "auc": 0.5308333333333333, "fpr": 0.05, "recall": 0.03333333333333333, "alarm_fpr": 0.075, "alarm_recall": 0.1}
{"name": "mel16-log-c4-diagonal_mahalanobis", "auc": 0.5775, "fpr": 0.05, "recall": 0.1, "alarm_fpr": 0.075, "alarm_recall": 0.1}
{"name": "mel16-log-c4-ae", "auc": 0.6083333333333333, "fpr": 0.05, "recall": 0.13333333333333333, "alarm_fpr": 0.15, "alarm_recall": 0.1}
{"name": "mel16-log-c8-centroid", "auc": 0.5291666666666666, "fpr": 0.05, "recall": 0.03333333333333333, "alarm_fpr": 0.05, "alarm_recall": 0.1}
{"name": "mel16-log-c8-diagonal_mahalanobis", "auc": 0.5775, "fpr": 0.05, "recall": 0.1, "alarm_fpr": 0.075, "alarm_recall": 0.1}
{"name": "mel16-log-c8-ae", "auc": 0.6225, "fpr": 0.05, "recall": 0.1, "alarm_fpr": 0.15, "alarm_recall": 0.1}
{"name": "mel32-log-c1-centroid", "auc": 0.5341666666666667, "fpr": 0.05, "recall": 0.03333333333333333, "alarm_fpr": 0.075, "alarm_recall": 0.1}
{"name": "mel32-log-c1-diagonal_mahalanobis", "auc": 0.5633333333333334, "fpr": 0.05, "recall": 0.13333333333333333, "alarm_fpr": 0.05, "alarm_recall": 0.1}
{"name": "mel32-log-c1-ae", "auc": 0.5983333333333334, "fpr": 0.05, "recall": 0.1, "alarm_fpr": 0.05, "alarm_recall": 0.06666666666666667}
{"name": "mel32-log-c4-centroid", "auc": 0.5358333333333334, "fpr": 0.05, "recall": 0.03333333333333333, "alarm_fpr": 0.075, "alarm_recall": 0.1}
{"name": "mel32-log-c4-diagonal_mahalanobis", "auc": 0.5658333333333334, "fpr": 0.05, "recall": 0.13333333333333333, "alarm_fpr": 0.075, "alarm_recall": 0.1}
{"name": "mel32-log-c4-ae", "auc": 0.6016666666666666, "fpr": 0.05, "recall": 0.1, "alarm_fpr": 0.1, "alarm_recall": 0.1}
{"name": "mel32-log-c8-centroid", "auc": 0.5358333333333334, "fpr": 0.05, "recall": 0.03333333333333333, "alarm_fpr": 0.05, "alarm_recall": 0.1}
{"name": "mel32-log-c8-diagonal_mahalanobis", "auc": 0.5633333333333332, "fpr": 0.05, "recall": 0.13333333333333333, "alarm_fpr": 0.075, "alarm_recall": 0.1}
{"name": "mel32-log-c8-ae", "auc": 0.6083333333333334, "fpr": 0.05, "recall": 0.1, "alarm_fpr": 0.125, "alarm_recall": 0.1}
SELECTED uniform16-log-c4-ae GATE False
