log1p-centroid-mean 0.6883 0.4333
log1p-centroid-top10 0.6217 0.3
log1p-centroid-max4 0.5958 0.1
log1p-covariance-mean 0.6658 0.1333
log1p-covariance-top10 0.615 0.1333
log1p-covariance-max4 0.5958 0.1667
log1p-kmeans4-mean 0.6767 0.2
log1p-kmeans4-top10 0.6283 0.1333
log1p-kmeans4-max4 0.6075 0.1333
logshape-centroid-mean 0.5142 0.0667
logshape-centroid-top10 0.4883 0.0667
logshape-centroid-max4 0.495 0.0333
logshape-covariance-mean 0.5933 0.1333
logshape-covariance-top10 0.55 0.1
logshape-covariance-max4 0.5367 0.0667
logshape-kmeans4-mean 0.5358 0.1333
logshape-kmeans4-top10 0.5167 0.0667
logshape-kmeans4-max4 0.5008 0.0
logshape_level-centroid-mean 0.4975 0.0667
logshape_level-centroid-top10 0.4842 0.0667
logshape_level-centroid-max4 0.4967 0.0333
logshape_level-covariance-mean 0.63 0.1667
logshape_level-covariance-top10 0.5767 0.1
logshape_level-covariance-max4 0.5592 0.0667
logshape_level-kmeans4-mean 0.5333 0.1
logshape_level-kmeans4-top10 0.5142 0.0667
logshape_level-kmeans4-max4 0.4983 0.0
BEST log1p-centroid-mean 0.6883333333333332 0.43333333333333335 gate False
