g++  -I.  -MMD -I./.tools/oss-cad-suite/share/verilator/include -I./.tools/oss-cad-suite/share/verilator/include/vltstd -DVERILATOR=1 -DVM_COVERAGE=0 -DVM_SC=0 -DVM_TIMING=0 -DVM_TRACE=0 -DVM_TRACE_FST=0 -DVM_TRACE_VCD=0 -DVM_TRACE_SAIF=0 -DVM_VPI=0 -faligned-new -fbracket-depth=4096 -fcf-protection=none -Xclang -fno-pch-timestamp -Qunused-arguments  -Wno-c++11-narrowing -Wno-constant-logical-operand -Wno-int-in-bool-context -Wno-non-pod-varargs -Wno-parentheses-equality -Wno-shadow -Wno-sign-compare  -Wno-tautological-compare -Wno-uninitialized -Wno-unnecessary-virtual-specifier -Wno-unused-but-set-parameter -Wno-unused-but-set-variable -Wno-unused-parameter -Wno-unused-variable -Wno-vla-cxx-extension    -std=c++17 -O3   -Os  -c -o fixed_rate_main.o ./sim/fixed_rate_main.cpp
g++ -Os  -I.  -MMD -I./.tools/oss-cad-suite/share/verilator/include -I./.tools/oss-cad-suite/share/verilator/include/vltstd -DVERILATOR=1 -DVM_COVERAGE=0 -DVM_SC=0 -DVM_TIMING=0 -DVM_TRACE=0 -DVM_TRACE_FST=0 -DVM_TRACE_VCD=0 -DVM_TRACE_SAIF=0 -DVM_VPI=0 -faligned-new -fbracket-depth=4096 -fcf-protection=none -Xclang -fno-pch-timestamp -Qunused-arguments  -Wno-c++11-narrowing -Wno-constant-logical-operand -Wno-int-in-bool-context -Wno-non-pod-varargs -Wno-parentheses-equality -Wno-shadow -Wno-sign-compare  -Wno-tautological-compare -Wno-uninitialized -Wno-unnecessary-virtual-specifier -Wno-unused-but-set-parameter -Wno-unused-but-set-variable -Wno-unused-parameter -Wno-unused-variable -Wno-vla-cxx-extension    -std=c++17 -O3   -c -o verilated.o ./.tools/oss-cad-suite/share/verilator/include/verilated.cpp
g++ -Os  -I.  -MMD -I./.tools/oss-cad-suite/share/verilator/include -I./.tools/oss-cad-suite/share/verilator/include/vltstd -DVERILATOR=1 -DVM_COVERAGE=0 -DVM_SC=0 -DVM_TIMING=0 -DVM_TRACE=0 -DVM_TRACE_FST=0 -DVM_TRACE_VCD=0 -DVM_TRACE_SAIF=0 -DVM_VPI=0 -faligned-new -fbracket-depth=4096 -fcf-protection=none -Xclang -fno-pch-timestamp -Qunused-arguments  -Wno-c++11-narrowing -Wno-constant-logical-operand -Wno-int-in-bool-context -Wno-non-pod-varargs -Wno-parentheses-equality -Wno-shadow -Wno-sign-compare  -Wno-tautological-compare -Wno-uninitialized -Wno-unnecessary-virtual-specifier -Wno-unused-but-set-parameter -Wno-unused-but-set-variable -Wno-unused-parameter -Wno-unused-variable -Wno-vla-cxx-extension    -std=c++17 -O3   -c -o verilated_threads.o ./.tools/oss-cad-suite/share/verilator/include/verilated_threads.cpp
python3 ./.tools/oss-cad-suite/share/verilator/bin/verilator_includer -DVL_INCLUDE_OPT=include Vfixed_rate_tb.cpp Vfixed_rate_tb___024root__0.cpp Vfixed_rate_tb__ConstPool__0__Slow.cpp Vfixed_rate_tb___024root__Slow.cpp Vfixed_rate_tb___024root__0__Slow.cpp Vfixed_rate_tb__Syms__Slow.cpp > Vfixed_rate_tb__ALL.cpp
g++ -Os  -I.  -MMD -I./.tools/oss-cad-suite/share/verilator/include -I./.tools/oss-cad-suite/share/verilator/include/vltstd -DVERILATOR=1 -DVM_COVERAGE=0 -DVM_SC=0 -DVM_TIMING=0 -DVM_TRACE=0 -DVM_TRACE_FST=0 -DVM_TRACE_VCD=0 -DVM_TRACE_SAIF=0 -DVM_VPI=0 -faligned-new -fbracket-depth=4096 -fcf-protection=none -Xclang -fno-pch-timestamp -Qunused-arguments  -Wno-c++11-narrowing -Wno-constant-logical-operand -Wno-int-in-bool-context -Wno-non-pod-varargs -Wno-parentheses-equality -Wno-shadow -Wno-sign-compare  -Wno-tautological-compare -Wno-uninitialized -Wno-unnecessary-virtual-specifier -Wno-unused-but-set-parameter -Wno-unused-but-set-variable -Wno-unused-parameter -Wno-unused-variable -Wno-vla-cxx-extension    -std=c++17 -O3   -c -o Vfixed_rate_tb__ALL.o Vfixed_rate_tb__ALL.cpp
warning: unknown warning option '-Wno-unnecessary-virtual-specifier'; did you mean '-Wno-duplicate-decl-specifier'? [-Wunknown-warning-option]
warning: unknown warning option '-Wno-vla-cxx-extension'; did you mean '-Wno-vla-extension'? [-Wunknown-warning-option]
warning: unknown warning option '-Wno-unnecessary-virtual-specifier'; did you mean '-Wno-duplicate-decl-specifier'? [-Wunknown-warning-option]
warning: unknown warning option '-Wno-vla-cxx-extension'; did you mean '-Wno-vla-extension'? [-Wunknown-warning-option]
warning: unknown warning option '-Wno-unnecessary-virtual-specifier'; did you mean '-Wno-duplicate-decl-specifier'? [-Wunknown-warning-option]
warning: unknown warning option '-Wno-vla-cxx-extension'; did you mean '-Wno-vla-extension'? [-Wunknown-warning-option]
warning: unknown warning option '-Wno-unnecessary-virtual-specifier'; did you mean '-Wno-duplicate-decl-specifier'? [-Wunknown-warning-option]
warning: unknown warning option '-Wno-vla-cxx-extension'; did you mean '-Wno-vla-extension'? [-Wunknown-warning-option]
2 warnings generated.
2 warnings generated.
2 warnings generated.
2 warnings generated.
g++  -Wl,-U,__Z15vl_time_stamp64v,-U,__Z13sc_time_stampv,-U,_vlog_startup_routines   fixed_rate_main.o verilated.o verilated_threads.o Vfixed_rate_tb__ALL.a    -pthread -lpthread   -o Vfixed_rate_tb
rm Vfixed_rate_tb__ALL.verilator_deplist.tmp
- V e r i l a t i o n   R e p o r t: Verilator 5.051 devel rev v5.050-312-gb1c06fdb0 (mod)
- Verilator: Built from 0.182 MB sources in 5 modules, into 0.203 MB in 6 C++ files needing 0.001 MB
- Verilator: Walltime 2.527 s (elab=0.004, cvt=0.016, bld=2.500); cpu 0.029 s on 4 threads; allocated 17.594 MB
fixed rate: 1000 frames, 1024399999 clocks, 71.7015 seconds
overload/recovery passed: 4386 drops flagged
