Collecting torch==2.8.0
  Downloading torch-2.8.0-cp312-none-macosx_11_0_arm64.whl.metadata (30 kB)
Collecting torchaudio==2.8.0
  Downloading torchaudio-2.8.0-cp312-cp312-macosx_11_0_arm64.whl.metadata (7.2 kB)
Collecting torchvision==0.23.0
  Downloading torchvision-0.23.0-cp312-cp312-macosx_11_0_arm64.whl.metadata (6.1 kB)
Collecting numpy
  Downloading numpy-2.5.3-cp312-cp312-macosx_14_0_arm64.whl.metadata (6.6 kB)
Collecting scipy
  Using cached scipy-1.18.1-cp312-cp312-macosx_14_0_arm64.whl.metadata (62 kB)
Collecting scikit-learn
  Downloading scikit_learn-1.9.1-cp312-cp312-macosx_12_0_arm64.whl.metadata (9.3 kB)
Collecting librosa
  Downloading librosa-1.0.0-py3-none-any.whl.metadata (6.7 kB)
Collecting tqdm
  Downloading tqdm-4.70.0-py3-none-any.whl.metadata (57 kB)
Collecting filelock (from torch==2.8.0)
  Downloading filelock-3.32.6-py3-none-any.whl.metadata (2.0 kB)
Collecting typing-extensions>=4.10.0 (from torch==2.8.0)
  Using cached typing_extensions-4.16.0-py3-none-any.whl.metadata (3.3 kB)
Collecting setuptools (from torch==2.8.0)
  Using cached setuptools-84.0.0-py3-none-any.whl.metadata (6.6 kB)
Collecting sympy>=1.13.3 (from torch==2.8.0)
  Using cached sympy-1.14.0-py3-none-any.whl.metadata (12 kB)
Collecting networkx (from torch==2.8.0)
  Using cached networkx-3.6.1-py3-none-any.whl.metadata (6.8 kB)
Collecting jinja2 (from torch==2.8.0)
  Using cached jinja2-3.1.6-py3-none-any.whl.metadata (2.9 kB)
Collecting fsspec (from torch==2.8.0)
  Using cached fsspec-2026.7.0-py3-none-any.whl.metadata (10 kB)
Collecting pillow!=8.3.*,>=5.3.0 (from torchvision==0.23.0)
  Using cached pillow-12.3.0-cp312-cp312-macosx_11_0_arm64.whl.metadata (9.1 kB)
Collecting joblib>=1.4.0 (from scikit-learn)
  Using cached joblib-1.6.0-py3-none-any.whl.metadata (6.5 kB)
Collecting narwhals>=2.0.1 (from scikit-learn)
  Downloading narwhals-2.26.0-py3-none-any.whl.metadata (15 kB)
Collecting threadpoolctl>=3.5.0 (from scikit-learn)
  Using cached threadpoolctl-3.6.0-py3-none-any.whl.metadata (13 kB)
Collecting numba>=0.61.0 (from librosa)
  Using cached numba-0.67.0-cp312-cp312-macosx_12_0_arm64.whl.metadata (2.7 kB)
Collecting decorator>=5.2.1 (from librosa)
  Using cached decorator-5.3.1-py3-none-any.whl.metadata (3.9 kB)
Collecting soundfile>=0.12.1 (from librosa)
  Using cached soundfile-0.14.0-py2.py3-none-macosx_11_0_arm64.whl.metadata (18 kB)
Collecting pooch>=1.7 (from librosa)
  Using cached pooch-1.9.0-py3-none-any.whl.metadata (10 kB)
Collecting soxr>=1.0.0 (from librosa)
  Using cached soxr-1.1.0-cp312-abi3-macosx_11_0_arm64.whl.metadata (5.8 kB)
Collecting lazy_loader>=0.3 (from librosa)
  Using cached lazy_loader-0.5-py3-none-any.whl.metadata (5.9 kB)
Collecting msgpack>=1.0.5 (from librosa)
  Using cached msgpack-1.2.2-cp312-cp312-macosx_11_0_arm64.whl.metadata (8.3 kB)
Collecting cloudpickle>=3.0 (from joblib>=1.4.0->scikit-learn)
  Using cached cloudpickle-3.1.2-py3-none-any.whl.metadata (7.1 kB)
Collecting packaging (from lazy_loader>=0.3->librosa)
  Using cached packaging-26.3-py3-none-any.whl.metadata (3.5 kB)
Collecting llvmlite<0.50,>=0.49.0dev0 (from numba>=0.61.0->librosa)
  Using cached llvmlite-0.49.0-cp312-cp312-macosx_12_0_arm64.whl.metadata (5.0 kB)
Collecting platformdirs>=2.5.0 (from pooch>=1.7->librosa)
  Using cached platformdirs-4.11.8-py3-none-any.whl.metadata (5.5 kB)
Collecting requests>=2.19.0 (from pooch>=1.7->librosa)
  Using cached requests-2.34.2-py3-none-any.whl.metadata (4.8 kB)
Collecting cffi>=1.0 (from soundfile>=0.12.1->librosa)
  Using cached cffi-2.1.1-cp312-cp312-macosx_11_0_arm64.whl.metadata (2.5 kB)
Collecting mpmath<1.4,>=1.1.0 (from sympy>=1.13.3->torch==2.8.0)
  Using cached mpmath-1.3.0-py3-none-any.whl.metadata (8.6 kB)
Collecting MarkupSafe>=2.0 (from jinja2->torch==2.8.0)
  Using cached markupsafe-3.0.3-cp312-cp312-macosx_11_0_arm64.whl.metadata (2.7 kB)
Collecting pycparser (from cffi>=1.0->soundfile>=0.12.1->librosa)
  Using cached pycparser-3.0-py3-none-any.whl.metadata (8.2 kB)
Collecting charset_normalizer<4,>=2 (from requests>=2.19.0->pooch>=1.7->librosa)
  Using cached charset_normalizer-3.5.1-cp312-cp312-macosx_10_13_universal2.whl.metadata (45 kB)
Collecting idna<4,>=2.5 (from requests>=2.19.0->pooch>=1.7->librosa)
  Using cached idna-3.19-py3-none-any.whl.metadata (9.2 kB)
Collecting urllib3<3,>=1.26 (from requests>=2.19.0->pooch>=1.7->librosa)
  Using cached urllib3-2.7.0-py3-none-any.whl.metadata (6.9 kB)
Collecting certifi>=2023.5.7 (from requests>=2.19.0->pooch>=1.7->librosa)
  Using cached certifi-2026.7.22-py3-none-any.whl.metadata (2.5 kB)
Downloading torch-2.8.0-cp312-none-macosx_11_0_arm64.whl (73.6 MB)
   ━━━━━━━━━━━━━━━━━━━━━━━━━━━━━━━━━━━━━━━━ 73.6/73.6 MB 15.1 MB/s eta 0:00:00
Downloading torchaudio-2.8.0-cp312-cp312-macosx_11_0_arm64.whl (1.9 MB)
   ━━━━━━━━━━━━━━━━━━━━━━━━━━━━━━━━━━━━━━━━ 1.9/1.9 MB 16.2 MB/s eta 0:00:00
Downloading torchvision-0.23.0-cp312-cp312-macosx_11_0_arm64.whl (1.9 MB)
   ━━━━━━━━━━━━━━━━━━━━━━━━━━━━━━━━━━━━━━━━ 1.9/1.9 MB 14.1 MB/s eta 0:00:00
Downloading numpy-2.5.3-cp312-cp312-macosx_14_0_arm64.whl (5.4 MB)
   ━━━━━━━━━━━━━━━━━━━━━━━━━━━━━━━━━━━━━━━━ 5.4/5.4 MB 14.8 MB/s eta 0:00:00
Using cached scipy-1.18.1-cp312-cp312-macosx_14_0_arm64.whl (20.5 MB)
Downloading scikit_learn-1.9.1-cp312-cp312-macosx_12_0_arm64.whl (8.3 MB)
   ━━━━━━━━━━━━━━━━━━━━━━━━━━━━━━━━━━━━━━━━ 8.3/8.3 MB 15.0 MB/s eta 0:00:00
Downloading librosa-1.0.0-py3-none-any.whl (294 kB)
Downloading tqdm-4.70.0-py3-none-any.whl (80 kB)
Using cached decorator-5.3.1-py3-none-any.whl (10 kB)
Using cached joblib-1.6.0-py3-none-any.whl (306 kB)
Using cached lazy_loader-0.5-py3-none-any.whl (8.0 kB)
Using cached msgpack-1.2.2-cp312-cp312-macosx_11_0_arm64.whl (83 kB)
Downloading narwhals-2.26.0-py3-none-any.whl (474 kB)
Using cached numba-0.67.0-cp312-cp312-macosx_12_0_arm64.whl (2.7 MB)
Using cached pillow-12.3.0-cp312-cp312-macosx_11_0_arm64.whl (4.8 MB)
Using cached pooch-1.9.0-py3-none-any.whl (67 kB)
Using cached soundfile-0.14.0-py2.py3-none-macosx_11_0_arm64.whl (1.1 MB)
Using cached soxr-1.1.0-cp312-abi3-macosx_11_0_arm64.whl (165 kB)
Using cached sympy-1.14.0-py3-none-any.whl (6.3 MB)
Using cached threadpoolctl-3.6.0-py3-none-any.whl (18 kB)
Using cached typing_extensions-4.16.0-py3-none-any.whl (45 kB)
Downloading filelock-3.32.6-py3-none-any.whl (100 kB)
Using cached fsspec-2026.7.0-py3-none-any.whl (206 kB)
Using cached jinja2-3.1.6-py3-none-any.whl (134 kB)
Using cached networkx-3.6.1-py3-none-any.whl (2.1 MB)
Using cached setuptools-84.0.0-py3-none-any.whl (818 kB)
Using cached cffi-2.1.1-cp312-cp312-macosx_11_0_arm64.whl (184 kB)
Using cached cloudpickle-3.1.2-py3-none-any.whl (22 kB)
Using cached llvmlite-0.49.0-cp312-cp312-macosx_12_0_arm64.whl (40.5 MB)
Using cached markupsafe-3.0.3-cp312-cp312-macosx_11_0_arm64.whl (12 kB)
Using cached mpmath-1.3.0-py3-none-any.whl (536 kB)
Using cached packaging-26.3-py3-none-any.whl (129 kB)
Using cached platformdirs-4.11.8-py3-none-any.whl (24 kB)
Using cached requests-2.34.2-py3-none-any.whl (73 kB)
Using cached certifi-2026.7.22-py3-none-any.whl (136 kB)
Using cached charset_normalizer-3.5.1-cp312-cp312-macosx_10_13_universal2.whl (344 kB)
Using cached idna-3.19-py3-none-any.whl (68 kB)
Using cached urllib3-2.7.0-py3-none-any.whl (131 kB)
Using cached pycparser-3.0-py3-none-any.whl (48 kB)
Installing collected packages: mpmath, urllib3, typing-extensions, tqdm, threadpoolctl, sympy, setuptools, pycparser, platformdirs, pillow, packaging, numpy, networkx, narwhals, msgpack, MarkupSafe, llvmlite, idna, fsspec, filelock, decorator, cloudpickle, charset_normalizer, certifi, soxr, scipy, requests, numba, lazy_loader, joblib, jinja2, cffi, torch, soundfile, scikit-learn, pooch, torchvision, torchaudio, librosa
Successfully installed MarkupSafe-3.0.3 certifi-2026.7.22 cffi-2.1.1 charset_normalizer-3.5.1 cloudpickle-3.1.2 decorator-5.3.1 filelock-3.32.6 fsspec-2026.7.0 idna-3.19 jinja2-3.1.6 joblib-1.6.0 lazy_loader-0.5 librosa-1.0.0 llvmlite-0.49.0 mpmath-1.3.0 msgpack-1.2.2 narwhals-2.26.0 networkx-3.6.1 numba-0.67.0 numpy-2.5.3 packaging-26.3 pillow-12.3.0 platformdirs-4.11.8 pooch-1.9.0 pycparser-3.0 requests-2.34.2 scikit-learn-1.9.1 scipy-1.18.1 setuptools-84.0.0 soundfile-0.14.0 soxr-1.1.0 sympy-1.14.0 threadpoolctl-3.6.0 torch-2.8.0 torchaudio-2.8.0 torchvision-0.23.0 tqdm-4.70.0 typing-extensions-4.16.0 urllib3-2.7.0

[notice] A new release of pip is available: 25.0.1 -> 26.2.1
[notice] To update, run: python -m pip install --upgrade pip
