single32 00 0 30 3 0.96484
full512 00 0 32 1 0.99902
single32 02 0 32 1 1.0
full512 02 0 32 0 1.0
single32 04 0 32 2 1.0
full512 04 0 32 3 1.0
single32 06 0 31 0 0.99707
full512 06 0 32 1 1.0
single32 00 1 31 3 0.96191
full512 00 1 32 3 0.98926
single32 02 1 32 1 1.0
full512 02 1 32 0 1.0
single32 04 1 32 0 1.0
full512 04 1 32 1 1.0
single32 06 1 30 0 0.99414
full512 06 1 32 1 1.0
single32 00 2 26 3 0.94727
full512 00 2 31 3 0.97656
single32 02 2 32 3 1.0
full512 02 2 32 0 1.0
single32 04 2 32 1 1.0
full512 04 2 32 1 1.0
single32 06 2 29 0 0.99805
full512 06 2 32 0 1.0
SUMMARY {"single32": {"groups": {"00": {"tp": 87, "fp": 9, "normal": 96, "abnormal": 96, "recall": 0.90625, "fpr": 0.09375, "auc": 0.9580078125, "passed": false}, "02": {"tp": 96, "fp": 5, "normal": 96, "abnormal": 96, "recall": 1.0, "fpr": 0.052083333333333336, "auc": 1.0, "passed": false}, "04": {"tp": 96, "fp": 3, "normal": 96, "abnormal": 96, "recall": 1.0, "fpr": 0.03125, "auc": 1.0, "passed": true}, "06": {"tp": 90, "fp": 0, "normal": 96, "abnormal": 96, "recall": 0.9375, "fpr": 0.0, "auc": 0.9964192708333334, "passed": true}}, "passed": false}, "full512": {"groups": {"00": {"tp": 95, "fp": 7, "normal": 96, "abnormal": 96, "recall": 0.9895833333333334, "fpr": 0.07291666666666667, "auc": 0.98828125, "passed": false}, "02": {"tp": 96, "fp": 0, "normal": 96, "abnormal": 96, "recall": 1.0, "fpr": 0.0, "auc": 1.0, "passed": true}, "04": {"tp": 96, "fp": 5, "normal": 96, "abnormal": 96, "recall": 1.0, "fpr": 0.052083333333333336, "auc": 1.0, "passed": false}, "06": {"tp": 96, "fp": 2, "normal": 96, "abnormal": 96, "recall": 1.0, "fpr": 0.020833333333333332, "auc": 1.0, "passed": true}}, "passed": false}}
