Starting jedec...
cdone: high
reset..
cdone: low
flash ID: 0xEF 0x40 0x16 0x00
cdone: high
Bye.
Starting configuration...
                      
addr 0x019600  99%
                      
VERIFY OK
cdone: high
Bye.
Starting input...
                      
addr 0x14E000  99%
                      
VERIFY OK
cdone: high
Bye.
Starting clear_log_and_start...
                      
addr 0x300F00  93%
                      
VERIFY OK
cdone: high
Bye.
Waiting 14 seconds for recorded replay
Starting read-1...
                      
addr 0x300F00  93%
                      
done.
cdone: high
Bye.
Starting read-2...
                      
addr 0x300F00  93%
                      
done.
cdone: high
Bye.
Starting read-3...
                      
addr 0x300F00  93%
                      
done.
cdone: high
Bye.
PHYSICAL PASS ./measurements/known-replay/id00-l4-record2-r1
