- V e r i l a t i o n   R e p o r t: Verilator 5.051 devel rev v5.050-312-gb1c06fdb0 (mod)
- Verilator: Built from 0.326 MB sources in 11 modules, into 0.362 MB in 6 C++ files needing 0.001 MB
- Verilator: Walltime 0.033 s (elab=0.005, cvt=0.020, bld=0.000); cpu 0.033 s on 1 threads; allocated 20.016 MB
g++  -I.  -MMD -I/tmp/local-session -I/tmp/local-session -DVERILATOR=1 -DVM_COVERAGE=0 -DVM_SC=0 -DVM_TIMING=0 -DVM_TRACE=0 -DVM_TRACE_FST=0 -DVM_TRACE_VCD=0 -DVM_TRACE_SAIF=0 -DVM_VPI=0 -faligned-new -fbracket-depth=4096 -fcf-protection=none -Xclang -fno-pch-timestamp -Qunused-arguments  -Wno-c++11-narrowing -Wno-constant-logical-operand -Wno-int-in-bool-context -Wno-non-pod-varargs -Wno-parentheses-equality -Wno-shadow -Wno-sign-compare  -Wno-tautological-compare -Wno-uninitialized -Wno-unnecessary-virtual-specifier -Wno-unused-but-set-parameter -Wno-unused-but-set-variable -Wno-unused-parameter -Wno-unused-variable -Wno-vla-cxx-extension    -std=c++17 -O3   -Os  -c -o known_flash_main.o /tmp/local-session
g++ -Os  -I.  -MMD -I/tmp/local-session -I/tmp/local-session -DVERILATOR=1 -DVM_COVERAGE=0 -DVM_SC=0 -DVM_TIMING=0 -DVM_TRACE=0 -DVM_TRACE_FST=0 -DVM_TRACE_VCD=0 -DVM_TRACE_SAIF=0 -DVM_VPI=0 -faligned-new -fbracket-depth=4096 -fcf-protection=none -Xclang -fno-pch-timestamp -Qunused-arguments  -Wno-c++11-narrowing -Wno-constant-logical-operand -Wno-int-in-bool-context -Wno-non-pod-varargs -Wno-parentheses-equality -Wno-shadow -Wno-sign-compare  -Wno-tautological-compare -Wno-uninitialized -Wno-unnecessary-virtual-specifier -Wno-unused-but-set-parameter -Wno-unused-but-set-variable -Wno-unused-parameter -Wno-unused-variable -Wno-vla-cxx-extension    -std=c++17 -O3   -c -o verilated.o /tmp/local-session
g++ -Os  -I.  -MMD -I/tmp/local-session -I/tmp/local-session -DVERILATOR=1 -DVM_COVERAGE=0 -DVM_SC=0 -DVM_TIMING=0 -DVM_TRACE=0 -DVM_TRACE_FST=0 -DVM_TRACE_VCD=0 -DVM_TRACE_SAIF=0 -DVM_VPI=0 -faligned-new -fbracket-depth=4096 -fcf-protection=none -Xclang -fno-pch-timestamp -Qunused-arguments  -Wno-c++11-narrowing -Wno-constant-logical-operand -Wno-int-in-bool-context -Wno-non-pod-varargs -Wno-parentheses-equality -Wno-shadow -Wno-sign-compare  -Wno-tautological-compare -Wno-uninitialized -Wno-unnecessary-virtual-specifier -Wno-unused-but-set-parameter -Wno-unused-but-set-variable -Wno-unused-parameter -Wno-unused-variable -Wno-vla-cxx-extension    -std=c++17 -O3   -c -o verilated_threads.o /tmp/local-session
python3 /tmp/local-session -DVL_INCLUDE_OPT=include Vknown_replay_system.cpp Vknown_replay_system___024root__0.cpp Vknown_replay_system__ConstPool__0__Slow.cpp Vknown_replay_system___024root__Slow.cpp Vknown_replay_system___024root__0__Slow.cpp Vknown_replay_system__Syms__Slow.cpp > Vknown_replay_system__ALL.cpp
g++ -Os  -I.  -MMD -I/tmp/local-session -I/tmp/local-session -DVERILATOR=1 -DVM_COVERAGE=0 -DVM_SC=0 -DVM_TIMING=0 -DVM_TRACE=0 -DVM_TRACE_FST=0 -DVM_TRACE_VCD=0 -DVM_TRACE_SAIF=0 -DVM_VPI=0 -faligned-new -fbracket-depth=4096 -fcf-protection=none -Xclang -fno-pch-timestamp -Qunused-arguments  -Wno-c++11-narrowing -Wno-constant-logical-operand -Wno-int-in-bool-context -Wno-non-pod-varargs -Wno-parentheses-equality -Wno-shadow -Wno-sign-compare  -Wno-tautological-compare -Wno-uninitialized -Wno-unnecessary-virtual-specifier -Wno-unused-but-set-parameter -Wno-unused-but-set-variable -Wno-unused-parameter -Wno-unused-variable -Wno-vla-cxx-extension    -std=c++17 -O3   -c -o Vknown_replay_system__ALL.o Vknown_replay_system__ALL.cpp
warning: unknown warning option '-Wno-unnecessary-virtual-specifier'; did you mean '-Wno-duplicate-decl-specifier'? [-Wunknown-warning-option]
warning: unknown warning option '-Wno-unnecessary-virtual-specifier'; did you mean '-Wno-duplicate-decl-specifier'? [-Wunknown-warning-option]
warning: unknown warning option '-Wno-vla-cxx-extension'; did you mean '-Wno-vla-extension'? [-Wunknown-warning-option]
warning: unknown warning option '-Wno-unnecessary-virtual-specifier'; did you mean '-Wno-duplicate-decl-specifier'? [-Wunknown-warning-option]
warning: unknown warning option '-Wno-vla-cxx-extension'; did you mean '-Wno-vla-extension'? [-Wunknown-warning-option]
warning: unknown warning option '-Wno-vla-cxx-extension'; did you mean '-Wno-vla-extension'? [-Wunknown-warning-option]
warning: unknown warning option '-Wno-unnecessary-virtual-specifier'; did you mean '-Wno-duplicate-decl-specifier'? [-Wunknown-warning-option]
warning: unknown warning option '-Wno-vla-cxx-extension'; did you mean '-Wno-vla-extension'? [-Wunknown-warning-option]
2 warnings generated.
2 warnings generated.
2 warnings generated.
2 warnings generated.
g++  -Wl,-U,__Z15vl_time_stamp64v,-U,__Z13sc_time_stampv,-U,_vlog_startup_routines   known_flash_main.o verilated.o verilated_threads.o Vknown_replay_system__ALL.a    -pthread -lpthread   -o Vknown_replay_system
rm Vknown_replay_system__ALL.verilator_deplist.tmp
Compiler cache MISS ae531279f503 (1.830s)
{"errors": 0, "generated": 159744, "accepted": 159744, "protocol_errors": 0, "score": 24368, "threshold": -6387, "classification": 1, "core_error": 0, "frame_id": 0, "cycles_pre": 479232, "cycles_dft": 41174016, "cycles_power": 2551452, "cycles_nn": 18531, "cycles_total": 44223231, "first_sample_tick": 84992, "last_sample_tick": 119892242, "output_tick": 120194168, "expected_crc": 1099751746, "actual_crc": 1099751746, "max_queue": 256}
