- V e r i l a t i o n   R e p o r t: Verilator 5.051 devel rev v5.050-312-gb1c06fdb0 (mod)
- Verilator: Built from 0.120 MB sources in 5 modules, into 0.162 MB in 5 C++ files needing 0.001 MB
- Verilator: Walltime 0.018 s (elab=0.002, cvt=0.011, bld=0.000); cpu 0.018 s on 1 threads; allocated 15.109 MB
g++  -I.  -MMD -I/tmp/local-session -I/tmp/local-session -DVERILATOR=1 -DVM_COVERAGE=0 -DVM_SC=0 -DVM_TIMING=0 -DVM_TRACE=0 -DVM_TRACE_FST=0 -DVM_TRACE_VCD=0 -DVM_TRACE_SAIF=0 -DVM_VPI=0 -faligned-new -fbracket-depth=4096 -fcf-protection=none -Xclang -fno-pch-timestamp -Qunused-arguments  -Wno-c++11-narrowing -Wno-constant-logical-operand -Wno-int-in-bool-context -Wno-non-pod-varargs -Wno-parentheses-equality -Wno-shadow -Wno-sign-compare  -Wno-tautological-compare -Wno-uninitialized -Wno-unnecessary-virtual-specifier -Wno-unused-but-set-parameter -Wno-unused-but-set-variable -Wno-unused-parameter -Wno-unused-variable -Wno-vla-cxx-extension    -std=c++17 -O3   -Os  -c -o known_native_main.o /tmp/local-session
g++ -Os  -I.  -MMD -I/tmp/local-session -I/tmp/local-session -DVERILATOR=1 -DVM_COVERAGE=0 -DVM_SC=0 -DVM_TIMING=0 -DVM_TRACE=0 -DVM_TRACE_FST=0 -DVM_TRACE_VCD=0 -DVM_TRACE_SAIF=0 -DVM_VPI=0 -faligned-new -fbracket-depth=4096 -fcf-protection=none -Xclang -fno-pch-timestamp -Qunused-arguments  -Wno-c++11-narrowing -Wno-constant-logical-operand -Wno-int-in-bool-context -Wno-non-pod-varargs -Wno-parentheses-equality -Wno-shadow -Wno-sign-compare  -Wno-tautological-compare -Wno-uninitialized -Wno-unnecessary-virtual-specifier -Wno-unused-but-set-parameter -Wno-unused-but-set-variable -Wno-unused-parameter -Wno-unused-variable -Wno-vla-cxx-extension    -std=c++17 -O3   -c -o verilated.o /tmp/local-session
g++ -Os  -I.  -MMD -I/tmp/local-session -I/tmp/local-session -DVERILATOR=1 -DVM_COVERAGE=0 -DVM_SC=0 -DVM_TIMING=0 -DVM_TRACE=0 -DVM_TRACE_FST=0 -DVM_TRACE_VCD=0 -DVM_TRACE_SAIF=0 -DVM_VPI=0 -faligned-new -fbracket-depth=4096 -fcf-protection=none -Xclang -fno-pch-timestamp -Qunused-arguments  -Wno-c++11-narrowing -Wno-constant-logical-operand -Wno-int-in-bool-context -Wno-non-pod-varargs -Wno-parentheses-equality -Wno-shadow -Wno-sign-compare  -Wno-tautological-compare -Wno-uninitialized -Wno-unnecessary-virtual-specifier -Wno-unused-but-set-parameter -Wno-unused-but-set-variable -Wno-unused-parameter -Wno-unused-variable -Wno-vla-cxx-extension    -std=c++17 -O3   -c -o verilated_threads.o /tmp/local-session
python3 /tmp/local-session -DVL_INCLUDE_OPT=include Vknown_spectral_core.cpp Vknown_spectral_core___024root__0.cpp Vknown_spectral_core___024root__Slow.cpp Vknown_spectral_core___024root__0__Slow.cpp Vknown_spectral_core__Syms__Slow.cpp > Vknown_spectral_core__ALL.cpp
g++ -Os  -I.  -MMD -I/tmp/local-session -I/tmp/local-session -DVERILATOR=1 -DVM_COVERAGE=0 -DVM_SC=0 -DVM_TIMING=0 -DVM_TRACE=0 -DVM_TRACE_FST=0 -DVM_TRACE_VCD=0 -DVM_TRACE_SAIF=0 -DVM_VPI=0 -faligned-new -fbracket-depth=4096 -fcf-protection=none -Xclang -fno-pch-timestamp -Qunused-arguments  -Wno-c++11-narrowing -Wno-constant-logical-operand -Wno-int-in-bool-context -Wno-non-pod-varargs -Wno-parentheses-equality -Wno-shadow -Wno-sign-compare  -Wno-tautological-compare -Wno-uninitialized -Wno-unnecessary-virtual-specifier -Wno-unused-but-set-parameter -Wno-unused-but-set-variable -Wno-unused-parameter -Wno-unused-variable -Wno-vla-cxx-extension    -std=c++17 -O3   -c -o Vknown_spectral_core__ALL.o Vknown_spectral_core__ALL.cpp
warning: unknown warning option '-Wno-unnecessary-virtual-specifier'; did you mean '-Wno-duplicate-decl-specifier'? [-Wunknown-warning-option]
warning: unknown warning option '-Wno-unnecessary-virtual-specifier'; did you mean '-Wno-duplicate-decl-specifier'? [-Wunknown-warning-option]
warning: unknown warning option '-Wno-unnecessary-virtual-specifier'; did you mean '-Wno-duplicate-decl-specifier'? [-Wunknown-warning-option]
warning: unknown warning option '-Wno-vla-cxx-extension'; did you mean '-Wno-vla-extension'? [-Wunknown-warning-option]
warning: unknown warning option '-Wno-vla-cxx-extension'; did you mean '-Wno-vla-extension'? [-Wunknown-warning-option]
warning: unknown warning option '-Wno-vla-cxx-extension'; did you mean '-Wno-vla-extension'? [-Wunknown-warning-option]
warning: unknown warning option '-Wno-unnecessary-virtual-specifier'; did you mean '-Wno-duplicate-decl-specifier'? [-Wunknown-warning-option]
warning: unknown warning option '-Wno-vla-cxx-extension'; did you mean '-Wno-vla-extension'? [-Wunknown-warning-option]
2 warnings generated.
2 warnings generated.
2 warnings generated.
2 warnings generated.
g++  -Wl,-U,__Z15vl_time_stamp64v,-U,__Z13sc_time_stampv,-U,_vlog_startup_routines   known_native_main.o verilated.o verilated_threads.o Vknown_spectral_core__ALL.a    -pthread -lpthread   -o Vknown_spectral_core
rm Vknown_spectral_core__ALL.verilator_deplist.tmp
Compiler cache MISS 7a20854ba126 (1.935s)
{"passed": true, "clips": 7, "windows": 1092, "lanes": 1, "samples": 1118208, "intermediate_checks": 3361799, "cycles": 1170863003, "sample_period_cycles": 0, "backpressure_cycles": 1166382051, "dropped_samples": 0, "physical_hardware": false, "stages": [{"pre": 479232, "dft": 164216832, "power": 2551452, "nn": 18147, "total": 167265663, "first_sample_to_output": 167266963, "last_sample_to_output": 3230321}, {"pre": 479232, "dft": 164216832, "power": 2551452, "nn": 18128, "total": 167265644, "first_sample_to_output": 169425152, "last_sample_to_output": 3230302}, {"pre": 479232, "dft": 164216832, "power": 2551452, "nn": 17717, "total": 167265233, "first_sample_to_output": 169424722, "last_sample_to_output": 3229891}, {"pre": 479232, "dft": 164216832, "power": 2551452, "nn": 18465, "total": 167265981, "first_sample_to_output": 169425059, "last_sample_to_output": 3230639}, {"pre": 479232, "dft": 164216832, "power": 2551452, "nn": 18056, "total": 167265572, "first_sample_to_output": 169425398, "last_sample_to_output": 3230230}, {"pre": 479232, "dft": 164216832, "power": 2551452, "nn": 18514, "total": 167266030, "first_sample_to_output": 169425447, "last_sample_to_output": 3230688}, {"pre": 479232, "dft": 164216832, "power": 2551452, "nn": 18997, "total": 167266513, "first_sample_to_output": 169426388, "last_sample_to_output": 3231169}]}
