absolute-linear_01 held 00 AUC 0.6447 recall 0.9875 FPR 0.9563
absolute-linear_01 held 02 AUC 0.5723 recall 0.9625 FPR 0.9688
absolute-linear_01 held 04 AUC 0.9411 recall 0.0563 FPR 0.0
absolute-linear_1 held 00 AUC 0.6539 recall 0.975 FPR 0.9187
absolute-linear_1 held 02 AUC 0.6066 recall 0.9625 FPR 0.9688
absolute-linear_1 held 04 AUC 0.9358 recall 0.0563 FPR 0.0
absolute-rbf_10 held 00 AUC 0.702 recall 1.0 FPR 1.0
absolute-rbf_10 held 02 AUC 0.5266 recall 0.9875 FPR 1.0
absolute-rbf_10 held 04 AUC 0.9709 recall 0.5 FPR 0.0187
absolute-trees held 00 AUC 0.6207 recall 1.0 FPR 1.0
absolute-trees held 02 AUC 0.6123 recall 1.0 FPR 1.0
absolute-trees held 04 AUC 0.7073 recall 0.9875 FPR 0.9437
shape-linear_01 held 00 AUC 0.5919 recall 0.95 FPR 0.9625
shape-linear_01 held 02 AUC 0.5302 recall 0.9313 FPR 0.9563
shape-linear_01 held 04 AUC 0.8332 recall 0.4437 FPR 0.0187
shape-linear_1 held 00 AUC 0.5979 recall 0.9563 FPR 0.9563
shape-linear_1 held 02 AUC 0.541 recall 0.9313 FPR 0.95
shape-linear_1 held 04 AUC 0.8336 recall 0.4062 FPR 0.0125
shape-rbf_10 held 00 AUC 0.6389 recall 1.0 FPR 0.9812
shape-rbf_10 held 02 AUC 0.6705 recall 0.7 FPR 0.6062
shape-rbf_10 held 04 AUC 0.9423 recall 0.125 FPR 0.0
shape-trees held 00 AUC 0.5839 recall 0.9938 FPR 0.9938
shape-trees held 02 AUC 0.7519 recall 0.8562 FPR 0.5375
shape-trees held 04 AUC 0.7748 recall 0.5875 FPR 0.2188
localcontrast-linear_01 held 00 AUC 0.5677 recall 0.9062 FPR 0.8562
localcontrast-linear_01 held 02 AUC 0.4497 recall 0.7688 FPR 0.9688
localcontrast-linear_01 held 04 AUC 0.8838 recall 0.3688 FPR 0.025
localcontrast-linear_1 held 00 AUC 0.5713 recall 0.8688 FPR 0.825
localcontrast-linear_1 held 02 AUC 0.4254 recall 0.7812 FPR 0.9688
localcontrast-linear_1 held 04 AUC 0.8768 recall 0.35 FPR 0.0312
localcontrast-rbf_10 held 00 AUC 0.6121 recall 0.9437 FPR 0.8812
localcontrast-rbf_10 held 02 AUC 0.4907 recall 0.7562 FPR 0.9688
localcontrast-rbf_10 held 04 AUC 0.9194 recall 0.5312 FPR 0.0312
localcontrast-trees held 00 AUC 0.5099 recall 1.0 FPR 1.0
localcontrast-trees held 02 AUC 0.3336 recall 0.9563 FPR 1.0
localcontrast-trees held 04 AUC 0.9405 recall 0.9875 FPR 0.475
FROZEN shape-linear_1 all development folds passed False threshold 1.338819727090399
