features 160
features 320
features 480
features 640
features 800
features 960
temporal-linear_01 00 AUC 0.5841 recall 0.2938 FPR 0.225
temporal-linear_01 02 AUC 0.5247 recall 0.3625 FPR 0.3
temporal-linear_01 04 AUC 0.7218 recall 0.1625 FPR 0.0187
temporal-linear_1 00 AUC 0.5705 recall 0.2188 FPR 0.1125
temporal-linear_1 02 AUC 0.5024 recall 0.1313 FPR 0.1375
temporal-linear_1 04 AUC 0.6938 recall 0.1313 FPR 0.0437
temporal-rbf_10 00 AUC 0.5606 recall 0.2437 FPR 0.2
temporal-rbf_10 02 AUC 0.5103 recall 0.1688 FPR 0.1688
temporal-rbf_10 04 AUC 0.654 recall 0.125 FPR 0.0312
temporal-trees 00 AUC 0.6136 recall 0.6875 FPR 0.5125
temporal-trees 02 AUC 0.53 recall 0.6188 FPR 0.55
temporal-trees 04 AUC 0.6682 recall 0.1437 FPR 0.0125
combined-linear_01 00 AUC 0.598 recall 0.9688 FPR 0.9437
combined-linear_01 02 AUC 0.535 recall 0.1313 FPR 0.1062
combined-linear_01 04 AUC 0.7553 recall 0.1 FPR 0.0063
combined-linear_1 00 AUC 0.5835 recall 0.925 FPR 0.8688
combined-linear_1 02 AUC 0.5202 recall 0.0187 FPR 0.0187
combined-linear_1 04 AUC 0.7319 recall 0.1 FPR 0.0125
combined-rbf_10 00 AUC 0.5277 recall 0.7875 FPR 0.8125
combined-rbf_10 02 AUC 0.523 recall 0.1187 FPR 0.125
combined-rbf_10 04 AUC 0.7004 recall 0.1375 FPR 0.025
combined-trees 00 AUC 0.5787 recall 1.0 FPR 0.9875
combined-trees 02 AUC 0.5251 recall 0.7188 FPR 0.6375
combined-trees 04 AUC 0.6817 recall 0.3812 FPR 0.0563
SELECTED temporal-linear_1 ALL PASSED False
