Collecting torchlibrosa==0.1.0
  Downloading torchlibrosa-0.1.0-py3-none-any.whl.metadata (3.5 kB)
Collecting librosa==0.11.0
  Downloading librosa-0.11.0-py3-none-any.whl.metadata (8.7 kB)
Requirement already satisfied: numpy in ./.venv/lib/python3.12/site-packages (from torchlibrosa==0.1.0) (2.5.2)
Collecting audioread>=2.1.9 (from librosa==0.11.0)
  Downloading audioread-3.1.0-py3-none-any.whl.metadata (9.0 kB)
Collecting numba>=0.51.0 (from librosa==0.11.0)
  Downloading numba-0.67.0-cp312-cp312-macosx_12_0_arm64.whl.metadata (2.7 kB)
Requirement already satisfied: scipy>=1.6.0 in ./.venv/lib/python3.12/site-packages (from librosa==0.11.0) (1.18.1)
Requirement already satisfied: scikit-learn>=1.1.0 in ./.venv/lib/python3.12/site-packages (from librosa==0.11.0) (1.9.0)
Requirement already satisfied: joblib>=1.0 in ./.venv/lib/python3.12/site-packages (from librosa==0.11.0) (1.6.0)
Collecting decorator>=4.3.0 (from librosa==0.11.0)
  Downloading decorator-5.3.1-py3-none-any.whl.metadata (3.9 kB)
Collecting soundfile>=0.12.1 (from librosa==0.11.0)
  Downloading soundfile-0.14.0-py2.py3-none-macosx_11_0_arm64.whl.metadata (18 kB)
Collecting pooch>=1.1 (from librosa==0.11.0)
  Downloading pooch-1.9.0-py3-none-any.whl.metadata (10 kB)
Collecting soxr>=0.3.2 (from librosa==0.11.0)
  Downloading soxr-1.1.0-cp312-abi3-macosx_11_0_arm64.whl.metadata (5.8 kB)
Requirement already satisfied: typing_extensions>=4.1.1 in ./.venv/lib/python3.12/site-packages (from librosa==0.11.0) (4.16.0)
Collecting lazy_loader>=0.1 (from librosa==0.11.0)
  Downloading lazy_loader-0.5-py3-none-any.whl.metadata (5.9 kB)
Collecting msgpack>=1.0 (from librosa==0.11.0)
  Downloading msgpack-1.2.2-cp312-cp312-macosx_11_0_arm64.whl.metadata (8.3 kB)
Requirement already satisfied: cloudpickle>=3.0 in ./.venv/lib/python3.12/site-packages (from joblib>=1.0->librosa==0.11.0) (3.1.2)
Requirement already satisfied: packaging in ./.venv/lib/python3.12/site-packages (from lazy_loader>=0.1->librosa==0.11.0) (26.3)
Collecting llvmlite<0.50,>=0.49.0dev0 (from numba>=0.51.0->librosa==0.11.0)
  Downloading llvmlite-0.49.0-cp312-cp312-macosx_12_0_arm64.whl.metadata (5.0 kB)
Collecting platformdirs>=2.5.0 (from pooch>=1.1->librosa==0.11.0)
  Downloading platformdirs-4.11.8-py3-none-any.whl.metadata (5.5 kB)
Collecting requests>=2.19.0 (from pooch>=1.1->librosa==0.11.0)
  Downloading requests-2.34.2-py3-none-any.whl.metadata (4.8 kB)
Requirement already satisfied: narwhals>=2.0.1 in ./.venv/lib/python3.12/site-packages (from scikit-learn>=1.1.0->librosa==0.11.0) (2.25.0)
Requirement already satisfied: threadpoolctl>=3.5.0 in ./.venv/lib/python3.12/site-packages (from scikit-learn>=1.1.0->librosa==0.11.0) (3.6.0)
Collecting cffi>=1.0 (from soundfile>=0.12.1->librosa==0.11.0)
  Downloading cffi-2.1.1-cp312-cp312-macosx_11_0_arm64.whl.metadata (2.5 kB)
Collecting pycparser (from cffi>=1.0->soundfile>=0.12.1->librosa==0.11.0)
  Downloading pycparser-3.0-py3-none-any.whl.metadata (8.2 kB)
Collecting charset_normalizer<4,>=2 (from requests>=2.19.0->pooch>=1.1->librosa==0.11.0)
  Downloading charset_normalizer-3.5.1-cp312-cp312-macosx_10_13_universal2.whl.metadata (45 kB)
Collecting idna<4,>=2.5 (from requests>=2.19.0->pooch>=1.1->librosa==0.11.0)
  Downloading idna-3.19-py3-none-any.whl.metadata (9.2 kB)
Collecting urllib3<3,>=1.26 (from requests>=2.19.0->pooch>=1.1->librosa==0.11.0)
  Downloading urllib3-2.7.0-py3-none-any.whl.metadata (6.9 kB)
Collecting certifi>=2023.5.7 (from requests>=2.19.0->pooch>=1.1->librosa==0.11.0)
  Downloading certifi-2026.7.22-py3-none-any.whl.metadata (2.5 kB)
Downloading torchlibrosa-0.1.0-py3-none-any.whl (11 kB)
Downloading librosa-0.11.0-py3-none-any.whl (260 kB)
Downloading audioread-3.1.0-py3-none-any.whl (23 kB)
Downloading decorator-5.3.1-py3-none-any.whl (10 kB)
Downloading lazy_loader-0.5-py3-none-any.whl (8.0 kB)
Downloading msgpack-1.2.2-cp312-cp312-macosx_11_0_arm64.whl (83 kB)
Downloading numba-0.67.0-cp312-cp312-macosx_12_0_arm64.whl (2.7 MB)
   ━━━━━━━━━━━━━━━━━━━━━━━━━━━━━━━━━━━━━━━━ 2.7/2.7 MB 14.8 MB/s eta 0:00:00
Downloading pooch-1.9.0-py3-none-any.whl (67 kB)
Downloading soundfile-0.14.0-py2.py3-none-macosx_11_0_arm64.whl (1.1 MB)
   ━━━━━━━━━━━━━━━━━━━━━━━━━━━━━━━━━━━━━━━━ 1.1/1.1 MB 3.5 MB/s eta 0:00:00
Downloading soxr-1.1.0-cp312-abi3-macosx_11_0_arm64.whl (165 kB)
Downloading cffi-2.1.1-cp312-cp312-macosx_11_0_arm64.whl (184 kB)
Downloading llvmlite-0.49.0-cp312-cp312-macosx_12_0_arm64.whl (40.5 MB)
   ━━━━━━━━━━━━━━━━━━━━━━━━━━━━━━━━━━━━━━━━ 40.5/40.5 MB 11.2 MB/s eta 0:00:00
Downloading platformdirs-4.11.8-py3-none-any.whl (24 kB)
Downloading requests-2.34.2-py3-none-any.whl (73 kB)
Downloading certifi-2026.7.22-py3-none-any.whl (136 kB)
Downloading charset_normalizer-3.5.1-cp312-cp312-macosx_10_13_universal2.whl (344 kB)
Downloading idna-3.19-py3-none-any.whl (68 kB)
Downloading urllib3-2.7.0-py3-none-any.whl (131 kB)
Downloading pycparser-3.0-py3-none-any.whl (48 kB)
Installing collected packages: urllib3, soxr, pycparser, platformdirs, msgpack, llvmlite, lazy_loader, idna, decorator, charset_normalizer, certifi, audioread, requests, numba, cffi, soundfile, pooch, librosa, torchlibrosa
Successfully installed audioread-3.1.0 certifi-2026.7.22 cffi-2.1.1 charset_normalizer-3.5.1 decorator-5.3.1 idna-3.19 lazy_loader-0.5 librosa-0.11.0 llvmlite-0.49.0 msgpack-1.2.2 numba-0.67.0 platformdirs-4.11.8 pooch-1.9.0 pycparser-3.0 requests-2.34.2 soundfile-0.14.0 soxr-1.1.0 torchlibrosa-0.1.0 urllib3-2.7.0

[notice] A new release of pip is available: 25.0.1 -> 26.2.1
[notice] To update, run: pip install --upgrade pip
