./.venv-efficientat/lib/python3.12/site-packages/torchvision/ops/misc.py:121: UserWarning: Don't use ConvNormActivation directly, please use Conv2dNormActivation and Conv3dNormActivation instead.
  warnings.warn(
Downloading: "https://github.com/fschmid56/EfficientAT/releases/download/v0.0.1/mn10_as_mAP_471.pt" to ./external/EfficientAT/resources/mn10_as_mAP_471.pt

  0%|          | 0.00/18.8M [00:00<?, ?B/s]
  7%|▋         | 1.38M/18.8M [00:00<00:01, 14.3MB/s]
 15%|█▌        | 2.88M/18.8M [00:00<00:01, 15.0MB/s]
 23%|██▎       | 4.38M/18.8M [00:00<00:01, 15.0MB/s]
 31%|███▏      | 5.88M/18.8M [00:00<00:00, 15.2MB/s]
 39%|███▉      | 7.38M/18.8M [00:00<00:00, 15.3MB/s]
 47%|████▋     | 8.88M/18.8M [00:00<00:00, 15.4MB/s]
 55%|█████▌    | 10.4M/18.8M [00:00<00:00, 15.3MB/s]
 63%|██████▎   | 11.9M/18.8M [00:00<00:00, 15.4MB/s]
 71%|███████   | 13.4M/18.8M [00:00<00:00, 15.4MB/s]
 79%|███████▉  | 14.9M/18.8M [00:01<00:00, 15.4MB/s]
 87%|████████▋ | 16.4M/18.8M [00:01<00:00, 15.4MB/s]
 95%|█████████▌| 17.9M/18.8M [00:01<00:00, 15.4MB/s]
100%|██████████| 18.8M/18.8M [00:01<00:00, 15.3MB/s]
MN(
  (features): Sequential(
    (0): ConvNormActivation(
      (0): Conv2d(1, 16, kernel_size=(3, 3), stride=(2, 2), padding=(1, 1), bias=False)
      (1): BatchNorm2d(16, eps=0.001, momentum=0.01, affine=True, track_running_stats=True)
      (2): Hardswish()
    )
    (1): InvertedResidual(
      (block): Sequential(
        (0): ConvNormActivation(
          (0): Conv2d(16, 16, kernel_size=(3, 3), stride=(1, 1), padding=(1, 1), groups=16, bias=False)
          (1): BatchNorm2d(16, eps=0.001, momentum=0.01, affine=True, track_running_stats=True)
          (2): ReLU(inplace=True)
        )
        (1): ConvNormActivation(
          (0): Conv2d(16, 16, kernel_size=(1, 1), stride=(1, 1), bias=False)
          (1): BatchNorm2d(16, eps=0.001, momentum=0.01, affine=True, track_running_stats=True)
        )
      )
    )
    (2): InvertedResidual(
      (block): Sequential(
        (0): ConvNormActivation(
          (0): Conv2d(16, 64, kernel_size=(1, 1), stride=(1, 1), bias=False)
          (1): BatchNorm2d(64, eps=0.001, momentum=0.01, affine=True, track_running_stats=True)
          (2): ReLU(inplace=True)
        )
        (1): ConvNormActivation(
          (0): Conv2d(64, 64, kernel_size=(3, 3), stride=(2, 2), padding=(1, 1), groups=64, bias=False)
          (1): BatchNorm2d(64, eps=0.001, momentum=0.01, affine=True, track_running_stats=True)
          (2): ReLU(inplace=True)
        )
        (2): ConvNormActivation(
          (0): Conv2d(64, 24, kernel_size=(1, 1), stride=(1, 1), bias=False)
          (1): BatchNorm2d(24, eps=0.001, momentum=0.01, affine=True, track_running_stats=True)
        )
      )
    )
    (3): InvertedResidual(
      (block): Sequential(
        (0): ConvNormActivation(
          (0): Conv2d(24, 72, kernel_size=(1, 1), stride=(1, 1), bias=False)
          (1): BatchNorm2d(72, eps=0.001, momentum=0.01, affine=True, track_running_stats=True)
          (2): ReLU(inplace=True)
        )
        (1): ConvNormActivation(
          (0): Conv2d(72, 72, kernel_size=(3, 3), stride=(1, 1), padding=(1, 1), groups=72, bias=False)
          (1): BatchNorm2d(72, eps=0.001, momentum=0.01, affine=True, track_running_stats=True)
          (2): ReLU(inplace=True)
        )
        (2): ConvNormActivation(
          (0): Conv2d(72, 24, kernel_size=(1, 1), stride=(1, 1), bias=False)
          (1): BatchNorm2d(24, eps=0.001, momentum=0.01, affine=True, track_running_stats=True)
        )
      )
    )
    (4): InvertedResidual(
      (block): Sequential(
        (0): ConvNormActivation(
          (0): Conv2d(24, 72, kernel_size=(1, 1), stride=(1, 1), bias=False)
          (1): BatchNorm2d(72, eps=0.001, momentum=0.01, affine=True, track_running_stats=True)
          (2): ReLU(inplace=True)
        )
        (1): ConvNormActivation(
          (0): Conv2d(72, 72, kernel_size=(5, 5), stride=(2, 2), padding=(2, 2), groups=72, bias=False)
          (1): BatchNorm2d(72, eps=0.001, momentum=0.01, affine=True, track_running_stats=True)
          (2): ReLU(inplace=True)
        )
        (2): ConcurrentSEBlock(
          (conc_se_layers): ModuleList(
            (0): SqueezeExcitation(
              (fc1): Linear(in_features=72, out_features=24, bias=True)
              (fc2): Linear(in_features=24, out_features=72, bias=True)
              (activation): ReLU()
              (scale_activation): Sigmoid()
            )
          )
        )
        (3): ConvNormActivation(
          (0): Conv2d(72, 40, kernel_size=(1, 1), stride=(1, 1), bias=False)
          (1): BatchNorm2d(40, eps=0.001, momentum=0.01, affine=True, track_running_stats=True)
        )
      )
    )
    (5): InvertedResidual(
      (block): Sequential(
        (0): ConvNormActivation(
          (0): Conv2d(40, 120, kernel_size=(1, 1), stride=(1, 1), bias=False)
          (1): BatchNorm2d(120, eps=0.001, momentum=0.01, affine=True, track_running_stats=True)
          (2): ReLU(inplace=True)
        )
        (1): ConvNormActivation(
          (0): Conv2d(120, 120, kernel_size=(5, 5), stride=(1, 1), padding=(2, 2), groups=120, bias=False)
          (1): BatchNorm2d(120, eps=0.001, momentum=0.01, affine=True, track_running_stats=True)
          (2): ReLU(inplace=True)
        )
        (2): ConcurrentSEBlock(
          (conc_se_layers): ModuleList(
            (0): SqueezeExcitation(
              (fc1): Linear(in_features=120, out_features=32, bias=True)
              (fc2): Linear(in_features=32, out_features=120, bias=True)
              (activation): ReLU()
              (scale_activation): Sigmoid()
            )
          )
        )
        (3): ConvNormActivation(
          (0): Conv2d(120, 40, kernel_size=(1, 1), stride=(1, 1), bias=False)
          (1): BatchNorm2d(40, eps=0.001, momentum=0.01, affine=True, track_running_stats=True)
        )
      )
    )
    (6): InvertedResidual(
      (block): Sequential(
        (0): ConvNormActivation(
          (0): Conv2d(40, 120, kernel_size=(1, 1), stride=(1, 1), bias=False)
          (1): BatchNorm2d(120, eps=0.001, momentum=0.01, affine=True, track_running_stats=True)
          (2): ReLU(inplace=True)
        )
        (1): ConvNormActivation(
          (0): Conv2d(120, 120, kernel_size=(5, 5), stride=(1, 1), padding=(2, 2), groups=120, bias=False)
          (1): BatchNorm2d(120, eps=0.001, momentum=0.01, affine=True, track_running_stats=True)
          (2): ReLU(inplace=True)
        )
        (2): ConcurrentSEBlock(
          (conc_se_layers): ModuleList(
            (0): SqueezeExcitation(
              (fc1): Linear(in_features=120, out_features=32, bias=True)
              (fc2): Linear(in_features=32, out_features=120, bias=True)
              (activation): ReLU()
              (scale_activation): Sigmoid()
            )
          )
        )
        (3): ConvNormActivation(
          (0): Conv2d(120, 40, kernel_size=(1, 1), stride=(1, 1), bias=False)
          (1): BatchNorm2d(40, eps=0.001, momentum=0.01, affine=True, track_running_stats=True)
        )
      )
    )
    (7): InvertedResidual(
      (block): Sequential(
        (0): ConvNormActivation(
          (0): Conv2d(40, 240, kernel_size=(1, 1), stride=(1, 1), bias=False)
          (1): BatchNorm2d(240, eps=0.001, momentum=0.01, affine=True, track_running_stats=True)
          (2): Hardswish()
        )
        (1): ConvNormActivation(
          (0): Conv2d(240, 240, kernel_size=(3, 3), stride=(2, 2), padding=(1, 1), groups=240, bias=False)
          (1): BatchNorm2d(240, eps=0.001, momentum=0.01, affine=True, track_running_stats=True)
          (2): Hardswish()
        )
        (2): ConvNormActivation(
          (0): Conv2d(240, 80, kernel_size=(1, 1), stride=(1, 1), bias=False)
          (1): BatchNorm2d(80, eps=0.001, momentum=0.01, affine=True, track_running_stats=True)
        )
      )
    )
    (8): InvertedResidual(
      (block): Sequential(
        (0): ConvNormActivation(
          (0): Conv2d(80, 200, kernel_size=(1, 1), stride=(1, 1), bias=False)
          (1): BatchNorm2d(200, eps=0.001, momentum=0.01, affine=True, track_running_stats=True)
          (2): Hardswish()
        )
        (1): ConvNormActivation(
          (0): Conv2d(200, 200, kernel_size=(3, 3), stride=(1, 1), padding=(1, 1), groups=200, bias=False)
          (1): BatchNorm2d(200, eps=0.001, momentum=0.01, affine=True, track_running_stats=True)
          (2): Hardswish()
        )
        (2): ConvNormActivation(
          (0): Conv2d(200, 80, kernel_size=(1, 1), stride=(1, 1), bias=False)
          (1): BatchNorm2d(80, eps=0.001, momentum=0.01, affine=True, track_running_stats=True)
        )
      )
    )
    (9): InvertedResidual(
      (block): Sequential(
        (0): ConvNormActivation(
          (0): Conv2d(80, 184, kernel_size=(1, 1), stride=(1, 1), bias=False)
          (1): BatchNorm2d(184, eps=0.001, momentum=0.01, affine=True, track_running_stats=True)
          (2): Hardswish()
        )
        (1): ConvNormActivation(
          (0): Conv2d(184, 184, kernel_size=(3, 3), stride=(1, 1), padding=(1, 1), groups=184, bias=False)
          (1): BatchNorm2d(184, eps=0.001, momentum=0.01, affine=True, track_running_stats=True)
          (2): Hardswish()
        )
        (2): ConvNormActivation(
          (0): Conv2d(184, 80, kernel_size=(1, 1), stride=(1, 1), bias=False)
          (1): BatchNorm2d(80, eps=0.001, momentum=0.01, affine=True, track_running_stats=True)
        )
      )
    )
    (10): InvertedResidual(
      (block): Sequential(
        (0): ConvNormActivation(
          (0): Conv2d(80, 184, kernel_size=(1, 1), stride=(1, 1), bias=False)
          (1): BatchNorm2d(184, eps=0.001, momentum=0.01, affine=True, track_running_stats=True)
          (2): Hardswish()
        )
        (1): ConvNormActivation(
          (0): Conv2d(184, 184, kernel_size=(3, 3), stride=(1, 1), padding=(1, 1), groups=184, bias=False)
          (1): BatchNorm2d(184, eps=0.001, momentum=0.01, affine=True, track_running_stats=True)
          (2): Hardswish()
        )
        (2): ConvNormActivation(
          (0): Conv2d(184, 80, kernel_size=(1, 1), stride=(1, 1), bias=False)
          (1): BatchNorm2d(80, eps=0.001, momentum=0.01, affine=True, track_running_stats=True)
        )
      )
    )
    (11): InvertedResidual(
      (block): Sequential(
        (0): ConvNormActivation(
          (0): Conv2d(80, 480, kernel_size=(1, 1), stride=(1, 1), bias=False)
          (1): BatchNorm2d(480, eps=0.001, momentum=0.01, affine=True, track_running_stats=True)
          (2): Hardswish()
        )
        (1): ConvNormActivation(
          (0): Conv2d(480, 480, kernel_size=(3, 3), stride=(1, 1), padding=(1, 1), groups=480, bias=False)
          (1): BatchNorm2d(480, eps=0.001, momentum=0.01, affine=True, track_running_stats=True)
          (2): Hardswish()
        )
        (2): ConcurrentSEBlock(
          (conc_se_layers): ModuleList(
            (0): SqueezeExcitation(
              (fc1): Linear(in_features=480, out_features=120, bias=True)
              (fc2): Linear(in_features=120, out_features=480, bias=True)
              (activation): ReLU()
              (scale_activation): Sigmoid()
            )
          )
        )
        (3): ConvNormActivation(
          (0): Conv2d(480, 112, kernel_size=(1, 1), stride=(1, 1), bias=False)
          (1): BatchNorm2d(112, eps=0.001, momentum=0.01, affine=True, track_running_stats=True)
        )
      )
    )
    (12): InvertedResidual(
      (block): Sequential(
        (0): ConvNormActivation(
          (0): Conv2d(112, 672, kernel_size=(1, 1), stride=(1, 1), bias=False)
          (1): BatchNorm2d(672, eps=0.001, momentum=0.01, affine=True, track_running_stats=True)
          (2): Hardswish()
        )
        (1): ConvNormActivation(
          (0): Conv2d(672, 672, kernel_size=(3, 3), stride=(1, 1), padding=(1, 1), groups=672, bias=False)
          (1): BatchNorm2d(672, eps=0.001, momentum=0.01, affine=True, track_running_stats=True)
          (2): Hardswish()
        )
        (2): ConcurrentSEBlock(
          (conc_se_layers): ModuleList(
            (0): SqueezeExcitation(
              (fc1): Linear(in_features=672, out_features=168, bias=True)
              (fc2): Linear(in_features=168, out_features=672, bias=True)
              (activation): ReLU()
              (scale_activation): Sigmoid()
            )
          )
        )
        (3): ConvNormActivation(
          (0): Conv2d(672, 112, kernel_size=(1, 1), stride=(1, 1), bias=False)
          (1): BatchNorm2d(112, eps=0.001, momentum=0.01, affine=True, track_running_stats=True)
        )
      )
    )
    (13): InvertedResidual(
      (block): Sequential(
        (0): ConvNormActivation(
          (0): Conv2d(112, 672, kernel_size=(1, 1), stride=(1, 1), bias=False)
          (1): BatchNorm2d(672, eps=0.001, momentum=0.01, affine=True, track_running_stats=True)
          (2): Hardswish()
        )
        (1): ConvNormActivation(
          (0): Conv2d(672, 672, kernel_size=(5, 5), stride=(2, 2), padding=(2, 2), groups=672, bias=False)
          (1): BatchNorm2d(672, eps=0.001, momentum=0.01, affine=True, track_running_stats=True)
          (2): Hardswish()
        )
        (2): ConcurrentSEBlock(
          (conc_se_layers): ModuleList(
            (0): SqueezeExcitation(
              (fc1): Linear(in_features=672, out_features=168, bias=True)
              (fc2): Linear(in_features=168, out_features=672, bias=True)
              (activation): ReLU()
              (scale_activation): Sigmoid()
            )
          )
        )
        (3): ConvNormActivation(
          (0): Conv2d(672, 160, kernel_size=(1, 1), stride=(1, 1), bias=False)
          (1): BatchNorm2d(160, eps=0.001, momentum=0.01, affine=True, track_running_stats=True)
        )
      )
    )
    (14): InvertedResidual(
      (block): Sequential(
        (0): ConvNormActivation(
          (0): Conv2d(160, 960, kernel_size=(1, 1), stride=(1, 1), bias=False)
          (1): BatchNorm2d(960, eps=0.001, momentum=0.01, affine=True, track_running_stats=True)
          (2): Hardswish()
        )
        (1): ConvNormActivation(
          (0): Conv2d(960, 960, kernel_size=(5, 5), stride=(1, 1), padding=(2, 2), groups=960, bias=False)
          (1): BatchNorm2d(960, eps=0.001, momentum=0.01, affine=True, track_running_stats=True)
          (2): Hardswish()
        )
        (2): ConcurrentSEBlock(
          (conc_se_layers): ModuleList(
            (0): SqueezeExcitation(
              (fc1): Linear(in_features=960, out_features=240, bias=True)
              (fc2): Linear(in_features=240, out_features=960, bias=True)
              (activation): ReLU()
              (scale_activation): Sigmoid()
            )
          )
        )
        (3): ConvNormActivation(
          (0): Conv2d(960, 160, kernel_size=(1, 1), stride=(1, 1), bias=False)
          (1): BatchNorm2d(160, eps=0.001, momentum=0.01, affine=True, track_running_stats=True)
        )
      )
    )
    (15): InvertedResidual(
      (block): Sequential(
        (0): ConvNormActivation(
          (0): Conv2d(160, 960, kernel_size=(1, 1), stride=(1, 1), bias=False)
          (1): BatchNorm2d(960, eps=0.001, momentum=0.01, affine=True, track_running_stats=True)
          (2): Hardswish()
        )
        (1): ConvNormActivation(
          (0): Conv2d(960, 960, kernel_size=(5, 5), stride=(1, 1), padding=(2, 2), groups=960, bias=False)
          (1): BatchNorm2d(960, eps=0.001, momentum=0.01, affine=True, track_running_stats=True)
          (2): Hardswish()
        )
        (2): ConcurrentSEBlock(
          (conc_se_layers): ModuleList(
            (0): SqueezeExcitation(
              (fc1): Linear(in_features=960, out_features=240, bias=True)
              (fc2): Linear(in_features=240, out_features=960, bias=True)
              (activation): ReLU()
              (scale_activation): Sigmoid()
            )
          )
        )
        (3): ConvNormActivation(
          (0): Conv2d(960, 160, kernel_size=(1, 1), stride=(1, 1), bias=False)
          (1): BatchNorm2d(160, eps=0.001, momentum=0.01, affine=True, track_running_stats=True)
        )
      )
    )
    (16): ConvNormActivation(
      (0): Conv2d(160, 960, kernel_size=(1, 1), stride=(1, 1), bias=False)
      (1): BatchNorm2d(960, eps=0.001, momentum=0.01, affine=True, track_running_stats=True)
      (2): Hardswish()
    )
  )
  (classifier): Sequential(
    (0): AdaptiveAvgPool2d(output_size=1)
    (1): Flatten(start_dim=1, end_dim=-1)
    (2): Linear(in_features=960, out_features=1280, bias=True)
    (3): Hardswish()
    (4): Dropout(p=0.2, inplace=True)
    (5): Linear(in_features=1280, out_features=527, bias=True)
  )
)./.venv-efficientat/lib/python3.12/site-packages/torch/functional.py:730: UserWarning: stft with return_complex=False is deprecated. In a future pytorch release, stft will return complex tensors for all inputs, and return_complex=False will raise an error.
Note: you can still call torch.view_as_real on the complex output to recover the old return format. (Triggered internally at /upstream/pytorch/pytorch/pytorch/aten/src/ATen/native/SpectralOps.cpp:880.)
  return _VF.stft(  # type: ignore[attr-defined]
./external/EfficientAT/models/preprocess.py:56: FutureWarning: `torch.cuda.amp.autocast(args...)` is deprecated. Please use `torch.amp.autocast('cuda', args...)` instead.
  with torch.cuda.amp.autocast(enabled=False):

Warning: FMAX is None setting to 15000 
embedded 120
embedded 240
embedded 360
embedded 480
embedded 600
embedded 720
embedded 840
embedded 960
linear_01 00 AUC 0.4289 TP/FP 144 156
linear_01 02 AUC 0.4453 TP/FP 73 91
linear_01 04 AUC 0.5658 TP/FP 3 0
linear_1 00 AUC 0.4275 TP/FP 139 151
linear_1 02 AUC 0.45 TP/FP 75 89
linear_1 04 AUC 0.5714 TP/FP 5 0
rbf_10 00 AUC 0.4516 TP/FP 156 157
rbf_10 02 AUC 0.4736 TP/FP 110 118
rbf_10 04 AUC 0.5563 TP/FP 3 0
