centroid-linear_01 00 AUC 0.6139 TP/FP 153 155
centroid-linear_01 02 AUC 0.4332 TP/FP 148 154
centroid-linear_01 04 AUC 0.8869 TP/FP 60 0
centroid-linear_1 00 AUC 0.6178 TP/FP 154 154
centroid-linear_1 02 AUC 0.441 TP/FP 149 154
centroid-linear_1 04 AUC 0.8767 TP/FP 57 0
centroid-rbf_10 00 AUC 0.6604 TP/FP 160 158
centroid-rbf_10 02 AUC 0.6148 TP/FP 134 125
centroid-rbf_10 04 AUC 0.9672 TP/FP 17 0
pc4-linear_01 00 AUC 0.6166 TP/FP 152 154
pc4-linear_01 02 AUC 0.5332 TP/FP 148 149
pc4-linear_01 04 AUC 0.9085 TP/FP 22 0
pc4-linear_1 00 AUC 0.6174 TP/FP 154 155
pc4-linear_1 02 AUC 0.5262 TP/FP 148 150
pc4-linear_1 04 AUC 0.9016 TP/FP 21 0
pc4-rbf_10 00 AUC 0.6184 TP/FP 157 155
pc4-rbf_10 02 AUC 0.7857 TP/FP 145 125
pc4-rbf_10 04 AUC 0.9571 TP/FP 18 0
pc16-linear_01 00 AUC 0.6121 TP/FP 152 152
pc16-linear_01 02 AUC 0.5612 TP/FP 153 150
pc16-linear_01 04 AUC 0.8571 TP/FP 66 1
pc16-linear_1 00 AUC 0.6131 TP/FP 155 152
pc16-linear_1 02 AUC 0.5627 TP/FP 151 147
pc16-linear_1 04 AUC 0.8495 TP/FP 59 1
pc16-rbf_10 00 AUC 0.6347 TP/FP 151 135
pc16-rbf_10 02 AUC 0.6845 TP/FP 148 141
pc16-rbf_10 04 AUC 0.9139 TP/FP 32 3
SELECTED pc16-rbf_10 ALL PASSED False
