{
  "source_kind": "synthetic_pipeline_fixture",
  "physical_board_tested": false,
  "claim": "synthetic pipeline diagnostics only",
  "model_sha256": "7881d621cc8075cbc2e280771a628f4662c234011830650dbf2fcc5ec12a61fe",
  "freeze_sha256": "cba064314e2f7d9e436b40e0e7caa540aa5e0edbc5959a77a528accbfc62f9ce",
  "records": [
    {
      "record_id": "test_0_0",
      "windows": 4,
      "discarded_tail_samples": 0,
      "clipped_samples": 0
    },
    {
      "record_id": "test_1_0",
      "windows": 4,
      "discarded_tail_samples": 0,
      "clipped_samples": 0
    },
    {
      "record_id": "test_2_0",
      "windows": 4,
      "discarded_tail_samples": 0,
      "clipped_samples": 0
    }
  ],
  "rms_threshold": {
    "accuracy": 0.6666666666666666,
    "balanced_accuracy": 0.6666666666666666,
    "macro_f1": 0.6444444444444444,
    "per_class_recall": [
      1.0,
      0.25,
      0.75
    ],
    "confusion_matrix": [
      [
        4,
        0,
        0
      ],
      [
        0,
        1,
        3
      ],
      [
        0,
        1,
        3
      ]
    ],
    "windows": 12,
    "class_names": [
      "stopped",
      "rigid_support_running",
      "flexible_support_running"
    ]
  },
  "linear_spectrum": {
    "accuracy": 1.0,
    "balanced_accuracy": 1.0,
    "macro_f1": 1.0,
    "per_class_recall": [
      1.0,
      1.0,
      1.0
    ],
    "confusion_matrix": [
      [
        4,
        0,
        0
      ],
      [
        0,
        4,
        0
      ],
      [
        0,
        0,
        4
      ]
    ],
    "windows": 12,
    "class_names": [
      "stopped",
      "rigid_support_running",
      "flexible_support_running"
    ]
  },
  "float_dsp_float_nn": {
    "accuracy": 1.0,
    "balanced_accuracy": 1.0,
    "macro_f1": 1.0,
    "per_class_recall": [
      1.0,
      1.0,
      1.0
    ],
    "confusion_matrix": [
      [
        4,
        0,
        0
      ],
      [
        0,
        4,
        0
      ],
      [
        0,
        0,
        4
      ]
    ],
    "windows": 12,
    "class_names": [
      "stopped",
      "rigid_support_running",
      "flexible_support_running"
    ]
  },
  "integer_dsp_float_nn": {
    "accuracy": 1.0,
    "balanced_accuracy": 1.0,
    "macro_f1": 1.0,
    "per_class_recall": [
      1.0,
      1.0,
      1.0
    ],
    "confusion_matrix": [
      [
        4,
        0,
        0
      ],
      [
        0,
        4,
        0
      ],
      [
        0,
        0,
        4
      ]
    ],
    "windows": 12,
    "class_names": [
      "stopped",
      "rigid_support_running",
      "flexible_support_running"
    ]
  },
  "integer_dsp_int8_nn": {
    "accuracy": 1.0,
    "balanced_accuracy": 1.0,
    "macro_f1": 1.0,
    "per_class_recall": [
      1.0,
      1.0,
      1.0
    ],
    "confusion_matrix": [
      [
        4,
        0,
        0
      ],
      [
        0,
        4,
        0
      ],
      [
        0,
        0,
        4
      ]
    ],
    "windows": 12,
    "class_names": [
      "stopped",
      "rigid_support_running",
      "flexible_support_running"
    ]
  }
}
