- V e r i l a t i o n   R e p o r t: Verilator 5.051 devel rev v5.050-312-gb1c06fdb0 (mod)
- Verilator: Built from 0.171 MB sources in 5 modules, into 0.247 MB in 6 C++ files needing 0.001 MB
- Verilator: Walltime 0.026 s (elab=0.004, cvt=0.016, bld=0.000); cpu 0.026 s on 1 threads; allocated 17.719 MB
g++  -I.  -MMD -I/tmp/local-session -I/tmp/local-session -DVERILATOR=1 -DVM_COVERAGE=0 -DVM_SC=0 -DVM_TIMING=0 -DVM_TRACE=0 -DVM_TRACE_FST=0 -DVM_TRACE_VCD=0 -DVM_TRACE_SAIF=0 -DVM_VPI=0 -faligned-new -fbracket-depth=4096 -fcf-protection=none -Xclang -fno-pch-timestamp -Qunused-arguments  -Wno-c++11-narrowing -Wno-constant-logical-operand -Wno-int-in-bool-context -Wno-non-pod-varargs -Wno-parentheses-equality -Wno-shadow -Wno-sign-compare  -Wno-tautological-compare -Wno-uninitialized -Wno-unnecessary-virtual-specifier -Wno-unused-but-set-parameter -Wno-unused-but-set-variable -Wno-unused-parameter -Wno-unused-variable -Wno-vla-cxx-extension    -std=c++17 -O3   -Os  -c -o fixed_rate_main.o /tmp/local-session
g++ -Os  -I.  -MMD -I/tmp/local-session -I/tmp/local-session -DVERILATOR=1 -DVM_COVERAGE=0 -DVM_SC=0 -DVM_TIMING=0 -DVM_TRACE=0 -DVM_TRACE_FST=0 -DVM_TRACE_VCD=0 -DVM_TRACE_SAIF=0 -DVM_VPI=0 -faligned-new -fbracket-depth=4096 -fcf-protection=none -Xclang -fno-pch-timestamp -Qunused-arguments  -Wno-c++11-narrowing -Wno-constant-logical-operand -Wno-int-in-bool-context -Wno-non-pod-varargs -Wno-parentheses-equality -Wno-shadow -Wno-sign-compare  -Wno-tautological-compare -Wno-uninitialized -Wno-unnecessary-virtual-specifier -Wno-unused-but-set-parameter -Wno-unused-but-set-variable -Wno-unused-parameter -Wno-unused-variable -Wno-vla-cxx-extension    -std=c++17 -O3   -c -o verilated.o /tmp/local-session
g++ -Os  -I.  -MMD -I/tmp/local-session -I/tmp/local-session -DVERILATOR=1 -DVM_COVERAGE=0 -DVM_SC=0 -DVM_TIMING=0 -DVM_TRACE=0 -DVM_TRACE_FST=0 -DVM_TRACE_VCD=0 -DVM_TRACE_SAIF=0 -DVM_VPI=0 -faligned-new -fbracket-depth=4096 -fcf-protection=none -Xclang -fno-pch-timestamp -Qunused-arguments  -Wno-c++11-narrowing -Wno-constant-logical-operand -Wno-int-in-bool-context -Wno-non-pod-varargs -Wno-parentheses-equality -Wno-shadow -Wno-sign-compare  -Wno-tautological-compare -Wno-uninitialized -Wno-unnecessary-virtual-specifier -Wno-unused-but-set-parameter -Wno-unused-but-set-variable -Wno-unused-parameter -Wno-unused-variable -Wno-vla-cxx-extension    -std=c++17 -O3   -c -o verilated_threads.o /tmp/local-session
python3 /tmp/local-session -DVL_INCLUDE_OPT=include Vfixed_rate_tb.cpp Vfixed_rate_tb___024root__0.cpp Vfixed_rate_tb__ConstPool__0__Slow.cpp Vfixed_rate_tb___024root__Slow.cpp Vfixed_rate_tb___024root__0__Slow.cpp Vfixed_rate_tb__Syms__Slow.cpp > Vfixed_rate_tb__ALL.cpp
g++ -Os  -I.  -MMD -I/tmp/local-session -I/tmp/local-session -DVERILATOR=1 -DVM_COVERAGE=0 -DVM_SC=0 -DVM_TIMING=0 -DVM_TRACE=0 -DVM_TRACE_FST=0 -DVM_TRACE_VCD=0 -DVM_TRACE_SAIF=0 -DVM_VPI=0 -faligned-new -fbracket-depth=4096 -fcf-protection=none -Xclang -fno-pch-timestamp -Qunused-arguments  -Wno-c++11-narrowing -Wno-constant-logical-operand -Wno-int-in-bool-context -Wno-non-pod-varargs -Wno-parentheses-equality -Wno-shadow -Wno-sign-compare  -Wno-tautological-compare -Wno-uninitialized -Wno-unnecessary-virtual-specifier -Wno-unused-but-set-parameter -Wno-unused-but-set-variable -Wno-unused-parameter -Wno-unused-variable -Wno-vla-cxx-extension    -std=c++17 -O3   -c -o Vfixed_rate_tb__ALL.o Vfixed_rate_tb__ALL.cpp
warning: unknown warning option '-Wno-unnecessary-virtual-specifier'; did you mean '-Wno-duplicate-decl-specifier'? [-Wunknown-warning-option]
warning: unknown warning option '-Wno-unnecessary-virtual-specifier'; did you mean '-Wno-duplicate-decl-specifier'? [-Wunknown-warning-option]
warning: unknown warning option '-Wno-unnecessary-virtual-specifier'; did you mean '-Wno-duplicate-decl-specifier'? [-Wunknown-warning-option]
warning: unknown warning option '-Wno-vla-cxx-extension'; did you mean '-Wno-vla-extension'? [-Wunknown-warning-option]
warning: unknown warning option '-Wno-vla-cxx-extension'; did you mean '-Wno-vla-extension'? [-Wunknown-warning-option]
warning: unknown warning option '-Wno-vla-cxx-extension'; did you mean '-Wno-vla-extension'? [-Wunknown-warning-option]
warning: unknown warning option '-Wno-unnecessary-virtual-specifier'; did you mean '-Wno-duplicate-decl-specifier'? [-Wunknown-warning-option]
warning: unknown warning option '-Wno-vla-cxx-extension'; did you mean '-Wno-vla-extension'? [-Wunknown-warning-option]
2 warnings generated.
2 warnings generated.
2 warnings generated.
2 warnings generated.
g++  -Wl,-U,__Z15vl_time_stamp64v,-U,__Z13sc_time_stampv,-U,_vlog_startup_routines   fixed_rate_main.o verilated.o verilated_threads.o Vfixed_rate_tb__ALL.a    -pthread -lpthread   -o Vfixed_rate_tb
rm Vfixed_rate_tb__ALL.verilator_deplist.tmp
Compiler cache MISS b3c0f042fa67 (2.121s)
fixed rate: 1 frames, 1423999 clocks, 0.0830937 seconds
overload/recovery passed: 4115 drops flagged
