
 /----------------------------------------------------------------------------\
 |  yosys -- Yosys Open SYnthesis Suite                                       |
 |  Copyright (C) 2012 - 2026  Claire Xenia Wolf <claire@yosyshq.com>         |
 |  Distributed under an ISC-like license, type "license" to see terms        |
 \----------------------------------------------------------------------------/
 Yosys 0.68+195 (git sha1 435977e97-dirty, Release, Clang /usr/local/osxcross/target/bin/aarch64-apple-darwin25.5-clang++ 21.1.8)

-- Executing script file `design_prep.ys' --

1. Executing RTLIL frontend.
Input filename: design.il

2. Executing SCC pass (detecting logic loops).
Found 0 SCCs in module $paramod\quant_functions_kernel\HIDDEN_SHIFT=s32'00000000000000000000000000001000.
Found 0 SCCs in module quant_functions_harness.
Found 0 SCCs.

3. Executing SIMPLEMAP pass (map simple cells to gate primitives).

4. Executing MEMORY_NORDFF pass (extracting $dff cells from memories).

5. Executing ASYNC2SYNC pass.

6. Executing OPT_CLEAN pass (remove unused cells and wires).
Finding unused cells or wires in module $paramod\quant_functions_kernel\HIDDEN_SHIFT=s32'00000000000000000000000000001000..
Finding unused cells or wires in module \quant_functions_harness..
Removed 39 unused cells and 39 unused wires.
<suppressed ~40 debug messages>

7. Executing FORMALFF pass.

8. Executing OPT_CLEAN pass (remove unused cells and wires).
Finding unused cells or wires in module $paramod\quant_functions_kernel\HIDDEN_SHIFT=s32'00000000000000000000000000001000..
Finding unused cells or wires in module \quant_functions_harness..
Removed 39 unused cells and 39 unused wires.
<suppressed ~40 debug messages>

9. Executing CHECK pass (checking for obvious problems).
Checking module $paramod\quant_functions_kernel\HIDDEN_SHIFT=s32'00000000000000000000000000001000...
Checking module quant_functions_harness...
Found and reported 0 problems.

10. Executing SETUNDEF pass (replace undef values with defined constants).

11. Executing OPT pass (performing simple optimizations).

11.1. Executing OPT_EXPR pass (perform const folding).
Optimizing module $paramod\quant_functions_kernel\HIDDEN_SHIFT=s32'00000000000000000000000000001000.
Optimizing module quant_functions_harness.

11.2. Executing OPT_MERGE pass (detect identical cells).
Finding identical cells in module `$paramod\quant_functions_kernel\HIDDEN_SHIFT=s32'00000000000000000000000000001000'.
Computing hashes of 43 cells of `$paramod\quant_functions_kernel\HIDDEN_SHIFT=s32'00000000000000000000000000001000'.
Finding duplicate cells in `$paramod\quant_functions_kernel\HIDDEN_SHIFT=s32'00000000000000000000000000001000'.
Finding identical cells in module `\quant_functions_harness'.
Computing hashes of 92 cells of `\quant_functions_harness'.
Finding duplicate cells in `\quant_functions_harness'.
Removed a total of 0 cells.

11.3. Executing OPT_DFF pass (perform DFF optimizations).

11.4. Executing OPT_CLEAN pass (remove unused cells and wires).
Finding unused cells or wires in module $paramod\quant_functions_kernel\HIDDEN_SHIFT=s32'00000000000000000000000000001000..
Finding unused cells or wires in module \quant_functions_harness..
Removed 30 unused cells and 60 unused wires.
<suppressed ~62 debug messages>

11.5. Finished fast OPT passes.

12. Executing OPT_CLEAN pass (remove unused cells and wires).
Finding unused cells or wires in module $paramod\quant_functions_kernel\HIDDEN_SHIFT=s32'00000000000000000000000000001000..
Finding unused cells or wires in module \quant_functions_harness..

13. Executing RTLIL backend.
Output filename: ../model/design_prep.il

End of script. Logfile hash: d915d35b71, time: 0.01s, user: 0.01s, system: 0.00s, MEM: 15.00 MB peak
Yosys 0.68+195 (git sha1 435977e97-dirty, Release, Clang /usr/local/osxcross/target/bin/aarch64-apple-darwin25.5-clang++ 21.1.8)
Time spent: 38% 4x opt_clean (0 sec), 19% 1x check (0 sec), ...
