
 /----------------------------------------------------------------------------\
 |  yosys -- Yosys Open SYnthesis Suite                                       |
 |  Copyright (C) 2012 - 2026  Claire Xenia Wolf <claire@yosyshq.com>         |
 |  Distributed under an ISC-like license, type "license" to see terms        |
 \----------------------------------------------------------------------------/
 Yosys 0.68+195 (git sha1 435977e97-dirty, Release, Clang /usr/local/osxcross/target/bin/aarch64-apple-darwin25.5-clang++ 21.1.8)

-- Executing script file `design_aiger.ys' --

1. Executing RTLIL frontend.
Input filename: design_prep.il

2. Executing HIERARCHY pass (managing design hierarchy).
Attribute `top' found on module `fifo_harness'. Setting top module to fifo_harness.

2.1. Analyzing design hierarchy..
Top module:  \fifo_harness
Used module:     $paramod$4ae5b8b575b68ca0ace81787b3f2bbd8ede82952\sync_fifo

2.2. Analyzing design hierarchy..
Top module:  \fifo_harness
Used module:     $paramod$4ae5b8b575b68ca0ace81787b3f2bbd8ede82952\sync_fifo
Removed 0 unused modules.
Module fifo_harness directly or indirectly contains formal properties -> setting "keep" attribute.

3. Executing FORMALFF pass.

4. Executing FLATTEN pass (flatten design).
Deleting now unused module $paramod$4ae5b8b575b68ca0ace81787b3f2bbd8ede82952\sync_fifo.
<suppressed ~1 debug messages>

5. Executing SETUNDEF pass (replace undef values with defined constants).

6. Executing OPT pass (performing simple optimizations).

6.1. Executing OPT_EXPR pass (perform const folding).
Optimizing module fifo_harness.
<suppressed ~20 debug messages>

6.2. Executing OPT_MERGE pass (detect identical cells).
Finding identical cells in module `\fifo_harness'.
Computing hashes of 120 cells of `\fifo_harness'.
Finding duplicate cells in `\fifo_harness'.
Computing hashes of 116 cells of `\fifo_harness'.
Finding duplicate cells in `\fifo_harness'.
Computing hashes of 113 cells of `\fifo_harness'.
Finding duplicate cells in `\fifo_harness'.
<suppressed ~20 debug messages>
Removed a total of 7 cells.

6.3. Executing OPT_MUXTREE pass (detect dead branches in mux trees).
Running muxtree optimizer on module \fifo_harness..
  Creating internal representation of mux trees.
  Evaluating internal representation of mux trees.
  Analyzing evaluation results.
Removed 0 multiplexer ports.
<suppressed ~23 debug messages>

6.4. Executing OPT_REDUCE pass (consolidate $*mux and $reduce_* inputs).
  Optimizing cells in module \fifo_harness.
Performed a total of 0 changes.

6.5. Executing OPT_MERGE pass (detect identical cells).
Finding identical cells in module `\fifo_harness'.
Computing hashes of 113 cells of `\fifo_harness'.
Finding duplicate cells in `\fifo_harness'.
Removed a total of 0 cells.

6.6. Executing OPT_SHARE pass.
    Found cells that share an operand and can be merged by moving the $pmux $flatten\dut.$procmux$281 in front of them:
        $flatten\dut.$sub$sync_fifo.sv:43$261
        $flatten\dut.$add$sync_fifo.sv:42$260

6.7. Executing OPT_DFF pass (perform DFF optimizations).
Setting constant 1-bit at position 0 on $auto$async2sync.cc:118:execute$430 ($ff) from module fifo_harness.

6.8. Executing OPT_CLEAN pass (remove unused cells and wires).
Finding unused cells or wires in module \fifo_harness..
Removed 0 unused cells and 14 unused wires.
<suppressed ~1 debug messages>

6.9. Executing OPT_EXPR pass (perform const folding).
Optimizing module fifo_harness.
<suppressed ~3 debug messages>

6.10. Rerunning OPT passes. (Maybe there is more to do..)

6.11. Executing OPT_MUXTREE pass (detect dead branches in mux trees).
Running muxtree optimizer on module \fifo_harness..
  Creating internal representation of mux trees.
  Evaluating internal representation of mux trees.
  Analyzing evaluation results.
Removed 0 multiplexer ports.
<suppressed ~23 debug messages>

6.12. Executing OPT_REDUCE pass (consolidate $*mux and $reduce_* inputs).
  Optimizing cells in module \fifo_harness.
    New ctrl vector for $pmux cell $flatten\dut.$procmux$281: $auto$opt_reduce.cc:137:opt_pmux$648
  Optimizing cells in module \fifo_harness.
Performed a total of 1 changes.

6.13. Executing OPT_MERGE pass (detect identical cells).
Finding identical cells in module `\fifo_harness'.
Computing hashes of 112 cells of `\fifo_harness'.
Finding duplicate cells in `\fifo_harness'.
Removed a total of 0 cells.

6.14. Executing OPT_SHARE pass.

6.15. Executing OPT_DFF pass (perform DFF optimizations).

6.16. Executing OPT_CLEAN pass (remove unused cells and wires).
Finding unused cells or wires in module \fifo_harness..
Removed 0 unused cells and 2 unused wires.
<suppressed ~1 debug messages>

6.17. Executing OPT_EXPR pass (perform const folding).
Optimizing module fifo_harness.

6.18. Rerunning OPT passes. (Maybe there is more to do..)

6.19. Executing OPT_MUXTREE pass (detect dead branches in mux trees).
Running muxtree optimizer on module \fifo_harness..
  Creating internal representation of mux trees.
  Evaluating internal representation of mux trees.
  Analyzing evaluation results.
Removed 0 multiplexer ports.
<suppressed ~23 debug messages>

6.20. Executing OPT_REDUCE pass (consolidate $*mux and $reduce_* inputs).
  Optimizing cells in module \fifo_harness.
Performed a total of 0 changes.

6.21. Executing OPT_MERGE pass (detect identical cells).
Finding identical cells in module `\fifo_harness'.
Computing hashes of 112 cells of `\fifo_harness'.
Finding duplicate cells in `\fifo_harness'.
Removed a total of 0 cells.

6.22. Executing OPT_SHARE pass.

6.23. Executing OPT_DFF pass (perform DFF optimizations).

6.24. Executing OPT_CLEAN pass (remove unused cells and wires).
Finding unused cells or wires in module \fifo_harness..

6.25. Executing OPT_EXPR pass (perform const folding).
Optimizing module fifo_harness.

6.26. Finished fast OPT passes. (There is nothing left to do.)

7. Executing TECHMAP pass (map to technology primitives).

7.1. Executing Verilog-2005 frontend: ./.tools/oss-cad-suite/libexec/../share/yosys/techmap.v
Parsing Verilog input from `./.tools/oss-cad-suite/libexec/../share/yosys/techmap.v' to AST representation.
Generating RTLIL representation for module `\_90_simplemap_bool_ops'.
Generating RTLIL representation for module `\_90_simplemap_reduce_ops'.
Generating RTLIL representation for module `\_90_simplemap_logic_ops'.
Generating RTLIL representation for module `\_90_simplemap_compare_ops'.
Generating RTLIL representation for module `\_90_simplemap_various'.
Generating RTLIL representation for module `\_90_simplemap_registers'.
Generating RTLIL representation for module `\_90_shift_ops_shr_shl_sshl_sshr'.
Generating RTLIL representation for module `\_90_shift_shiftx'.
Generating RTLIL representation for module `\_90_fa'.
Generating RTLIL representation for module `\_90_lcu_brent_kung'.
Generating RTLIL representation for module `\_90_alu'.
Generating RTLIL representation for module `\_90_macc'.
Generating RTLIL representation for module `\_90_alumacc'.
Generating RTLIL representation for module `$__div_mod_u'.
Generating RTLIL representation for module `$__div_mod_trunc'.
Generating RTLIL representation for module `\_90_div'.
Generating RTLIL representation for module `\_90_mod'.
Generating RTLIL representation for module `$__div_mod_floor'.
Generating RTLIL representation for module `\_90_divfloor'.
Generating RTLIL representation for module `\_90_modfloor'.
Generating RTLIL representation for module `\_90_pow'.
Generating RTLIL representation for module `\_90_demux'.
Generating RTLIL representation for module `\_90_lut'.
Generating RTLIL representation for module `$connect'.
Generating RTLIL representation for module `$input_port'.
Successfully finished Verilog frontend.

7.2. Continuing TECHMAP pass.
Using extmapper simplemap for cells of type $reduce_or.
Using extmapper simplemap for cells of type $logic_not.
Using extmapper simplemap for cells of type $not.
Using extmapper simplemap for cells of type $eq.
Using extmapper simplemap for cells of type $ff.
Using extmapper simplemap for cells of type $mux.
Running "alumacc" on wrapper $extern:wrap:$sub:A_SIGNED=0:A_WIDTH=1:B_SIGNED=0:B_WIDTH=1:Y_WIDTH=1:394426c56d1a028ba8fdd5469b163e04011def47.
Using template $extern:wrap:$sub:A_SIGNED=0:A_WIDTH=1:B_SIGNED=0:B_WIDTH=1:Y_WIDTH=1:394426c56d1a028ba8fdd5469b163e04011def47 for cells of type $extern:wrap:$sub:A_SIGNED=0:A_WIDTH=1:B_SIGNED=0:B_WIDTH=1:Y_WIDTH=1:394426c56d1a028ba8fdd5469b163e04011def47.
Using extmapper simplemap for cells of type $or.
Using extmapper simplemap for cells of type $and.
Using extmapper simplemap for cells of type $pmux.
Running "alumacc" on wrapper $extern:wrap:$lt:A_SIGNED=0:A_WIDTH=1:B_SIGNED=0:B_WIDTH=1:Y_WIDTH=1:394426c56d1a028ba8fdd5469b163e04011def47.
Using template $extern:wrap:$lt:A_SIGNED=0:A_WIDTH=1:B_SIGNED=0:B_WIDTH=1:Y_WIDTH=1:394426c56d1a028ba8fdd5469b163e04011def47 for cells of type $extern:wrap:$lt:A_SIGNED=0:A_WIDTH=1:B_SIGNED=0:B_WIDTH=1:Y_WIDTH=1:394426c56d1a028ba8fdd5469b163e04011def47.
Using extmapper simplemap for cells of type $logic_or.
Running "alumacc" on wrapper $extern:wrap:$add:A_SIGNED=0:A_WIDTH=1:B_SIGNED=0:B_WIDTH=1:Y_WIDTH=1:394426c56d1a028ba8fdd5469b163e04011def47.
Using template $extern:wrap:$add:A_SIGNED=0:A_WIDTH=1:B_SIGNED=0:B_WIDTH=1:Y_WIDTH=1:394426c56d1a028ba8fdd5469b163e04011def47 for cells of type $extern:wrap:$add:A_SIGNED=0:A_WIDTH=1:B_SIGNED=0:B_WIDTH=1:Y_WIDTH=1:394426c56d1a028ba8fdd5469b163e04011def47.
Using extmapper simplemap for cells of type $logic_and.
Using template $paramod$fc972a7a46956c1788f3cb5257b53c8f1df2d0cc\_90_alu for cells of type $alu.
Using extmapper simplemap for cells of type $xor.
Using template $paramod\_90_fa\WIDTH=32'00000000000000000000000000000001 for cells of type $fa.
Using template $paramod\_90_lcu_brent_kung\WIDTH=32'00000000000000000000000000000001 for cells of type $lcu.
Using extmapper simplemap for cells of type $pos.
No more expansions possible.
<suppressed ~386 debug messages>

8. Executing OPT pass (performing simple optimizations).

8.1. Executing OPT_EXPR pass (perform const folding).
Optimizing module fifo_harness.
<suppressed ~56 debug messages>

8.2. Executing OPT_MERGE pass (detect identical cells).
Finding identical cells in module `\fifo_harness'.
Computing hashes of 249 cells of `\fifo_harness'.
Finding duplicate cells in `\fifo_harness'.
Computing hashes of 242 cells of `\fifo_harness'.
Finding duplicate cells in `\fifo_harness'.
<suppressed ~21 debug messages>
Removed a total of 7 cells.

8.3. Executing OPT_DFF pass (perform DFF optimizations).

8.4. Executing OPT_CLEAN pass (remove unused cells and wires).
Finding unused cells or wires in module \fifo_harness..
Removed 1 unused cells and 241 unused wires.
<suppressed ~2 debug messages>

8.5. Finished fast OPT passes.

9. Executing MEMORY_MAP pass (converting memories to logic and flip-flops).
Mapping memory \dut.mem in module \fifo_harness:
  created 1 $dff cells and 0 static cells of width 16.
  read interface: 0 $dff and 0 $mux cells.
  write interface: 1 write mux blocks.

10. Executing FORMALFF pass.

11. Executing SIMPLEMAP pass (map simple cells to gate primitives).
Mapping fifo_harness.$auto$memory_map.cc:92:addr_decode$1076 ($eq).
Mapping fifo_harness.$memory\dut.mem$wren[0][0][0]$1078 ($and).
Mapping fifo_harness.$memory\dut.mem$wrmux[0][0][0]$1080 ($mux).

12. Executing DFFUNMAP pass (unmap clock enable and synchronous reset from FFs).

13. Executing AIGMAP pass (map logic to AIG).
Module fifo_harness: replaced 165 cells with 1041 new cells, skipped 94 cells.
  replaced 3 cell types:
      91 $_MUX_
      38 $_OR_
      36 $_XOR_
  not replaced 8 cell types:
      24 $_AND_
      18 $_FF_
      21 $_NOT_
       8 $anyinit
       7 $anyseq
      13 $assert
       2 $assume
       1 $scopeinfo

14. Executing OPT_CLEAN pass (remove unused cells and wires).
Finding unused cells or wires in module \fifo_harness..
Removed 0 unused cells and 56 unused wires.
<suppressed ~1 debug messages>

15. Printing statistics.

=== fifo_harness ===

        +----------Local Count, excluding submodules.
        | 
     1117 wires
     1267 wire bits
       33 public wires
      168 public wire bits
        1 ports
        1 port bits
     1135 cells
      443   $_AND_
       18   $_FF_
      643   $_NOT_
        8   $anyinit
        7   $anyseq
       13   $assert
        2   $assume
        1   $scopeinfo

16. Executing AIGER backend.
Warning: Treating undriven bit fifo_harness.\clk like $anyseq.
Warning: Treating a total of 1 undriven bits in fifo_harness like $anyseq.

Warnings: 2 unique messages, 2 total
End of script. Logfile hash: 061e48a181, time: 0.02s, user: 0.02s, system: 0.01s, MEM: 19.36 MB peak
Yosys 0.68+195 (git sha1 435977e97-dirty, Release, Clang /usr/local/osxcross/target/bin/aarch64-apple-darwin25.5-clang++ 21.1.8)
Time spent: 23% 1x read_verilog (0 sec), 18% 6x opt_clean (0 sec), ...
