Copyright 1986-2022 Xilinx, Inc. All Rights Reserved. Copyright 2022-2024 Advanced Micro Devices, Inc. All Rights Reserved.
---------------------------------------------------------------------------------------------------------------------------------------------
| Tool Version : Vivado v.2024.2 (lin64) Build 5239630 Fri Nov 08 22:34:34 MST 2024
| Date         : Tue Oct  6 05:28:22 2026
| Host         : LAB_HOST.engr.wustl.edu running 64-bit Rocky Linux release 8.10 (Green Obsidian)
| Command      : report_timing_summary -delay_type min_max -report_unconstrained -file timing_summary.rpt
| Design       : known_spectral_core
| Device       : 7a35t-cpg236
| Speed File   : -1  PRODUCTION 1.23 2018-06-13
| Design State : Routed
---------------------------------------------------------------------------------------------------------------------------------------------

Timing Summary Report

------------------------------------------------------------------------------------------------
| Timer Settings
| --------------
------------------------------------------------------------------------------------------------

  Enable Multi Corner Analysis               :  Yes
  Enable Pessimism Removal                   :  Yes
  Pessimism Removal Resolution               :  Nearest Common Node
  Enable Input Delay Default Clock           :  No
  Enable Preset / Clear Arcs                 :  No
  Disable Flight Delays                      :  No
  Ignore I/O Paths                           :  No
  Timing Early Launch at Borrowing Latches   :  No
  Borrow Time for Max Delay Exceptions       :  Yes
  Merge Timing Exceptions                    :  Yes
  Inter-SLR Compensation                     :  Conservative

  Corner  Analyze    Analyze
  Name    Max Paths  Min Paths
  ------  ---------  ---------
  Slow    Yes        Yes
  Fast    Yes        Yes


------------------------------------------------------------------------------------------------
| Report Methodology
| ------------------
------------------------------------------------------------------------------------------------

No report available as report_methodology has not been run prior. Run report_methodology on the current design for the summary of methodology violations.



check_timing report

Table of Contents
-----------------
1. checking no_clock (0)
2. checking constant_clock (0)
3. checking pulse_width_clock (0)
4. checking unconstrained_internal_endpoints (0)
5. checking no_input_delay (0)
6. checking no_output_delay (0)
7. checking multiple_clock (0)
8. checking generated_clocks (0)
9. checking loops (0)
10. checking partial_input_delay (0)
11. checking partial_output_delay (0)
12. checking latch_loops (0)

1. checking no_clock (0)
------------------------
 There are 0 register/latch pins with no clock.


2. checking constant_clock (0)
------------------------------
 There are 0 register/latch pins with constant_clock.


3. checking pulse_width_clock (0)
---------------------------------
 There are 0 register/latch pins which need pulse_width check


4. checking unconstrained_internal_endpoints (0)
------------------------------------------------
 There are 0 pins that are not constrained for maximum delay.

 There are 0 pins that are not constrained for maximum delay due to constant clock.


5. checking no_input_delay (0)
------------------------------
 There are 0 input ports with no input delay specified.

 There are 0 input ports with no input delay but user has a false path constraint.


6. checking no_output_delay (0)
-------------------------------
 There are 0 ports with no output delay specified.

 There are 0 ports with no output delay but user has a false path constraint

 There are 0 ports with no output delay but with a timing clock defined on it or propagating through it


7. checking multiple_clock (0)
------------------------------
 There are 0 register/latch pins with multiple clocks.


8. checking generated_clocks (0)
--------------------------------
 There are 0 generated clocks that are not connected to a clock source.


9. checking loops (0)
---------------------
 There are 0 combinational loops in the design.


10. checking partial_input_delay (0)
------------------------------------
 There are 0 input ports with partial input delay specified.


11. checking partial_output_delay (0)
-------------------------------------
 There are 0 ports with partial output delay specified.


12. checking latch_loops (0)
----------------------------
 There are 0 combinational latch loops in the design through latch input



------------------------------------------------------------------------------------------------
| Design Timing Summary
| ---------------------
------------------------------------------------------------------------------------------------

    WNS(ns)      TNS(ns)  TNS Failing Endpoints  TNS Total Endpoints      WHS(ns)      THS(ns)  THS Failing Endpoints  THS Total Endpoints     WPWS(ns)     TPWS(ns)  TPWS Failing Endpoints  TPWS Total Endpoints
    -------      -------  ---------------------  -------------------      -------      -------  ---------------------  -------------------     --------     --------  ----------------------  --------------------
      5.549        0.000                      0                 4677        0.151        0.000                      0                 4677        9.500        0.000                       0                  1326


All user specified timing constraints are met.


------------------------------------------------------------------------------------------------
| Clock Summary
| -------------
------------------------------------------------------------------------------------------------

Clock  Waveform(ns)       Period(ns)      Frequency(MHz)
-----  ------------       ----------      --------------
clk    {0.000 10.000}     20.000          50.000


------------------------------------------------------------------------------------------------
| Intra Clock Table
| -----------------
------------------------------------------------------------------------------------------------

Clock             WNS(ns)      TNS(ns)  TNS Failing Endpoints  TNS Total Endpoints      WHS(ns)      THS(ns)  THS Failing Endpoints  THS Total Endpoints     WPWS(ns)     TPWS(ns)  TPWS Failing Endpoints  TPWS Total Endpoints
-----             -------      -------  ---------------------  -------------------      -------      -------  ---------------------  -------------------     --------     --------  ----------------------  --------------------
clk                 5.549        0.000                      0                 4677        0.151        0.000                      0                 4677        9.500        0.000                       0                  1326


------------------------------------------------------------------------------------------------
| Inter Clock Table
| -----------------
------------------------------------------------------------------------------------------------

From Clock    To Clock          WNS(ns)      TNS(ns)  TNS Failing Endpoints  TNS Total Endpoints      WHS(ns)      THS(ns)  THS Failing Endpoints  THS Total Endpoints
----------    --------          -------      -------  ---------------------  -------------------      -------      -------  ---------------------  -------------------


------------------------------------------------------------------------------------------------
| Other Path Groups Table
| -----------------------
------------------------------------------------------------------------------------------------

Path Group    From Clock    To Clock          WNS(ns)      TNS(ns)  TNS Failing Endpoints  TNS Total Endpoints      WHS(ns)      THS(ns)  THS Failing Endpoints  THS Total Endpoints
----------    ----------    --------          -------      -------  ---------------------  -------------------      -------      -------  ---------------------  -------------------


------------------------------------------------------------------------------------------------
| User Ignored Path Table
| -----------------------
------------------------------------------------------------------------------------------------

Path Group    From Clock    To Clock
----------    ----------    --------


------------------------------------------------------------------------------------------------
| Unconstrained Path Table
| ------------------------
------------------------------------------------------------------------------------------------

Path Group    From Clock    To Clock
----------    ----------    --------


------------------------------------------------------------------------------------------------
| Timing Details
| --------------
------------------------------------------------------------------------------------------------


---------------------------------------------------------------------------------------------------
From Clock:  clk
  To Clock:  clk

Setup :            0  Failing Endpoints,  Worst Slack        5.549ns,  Total Violation        0.000ns
Hold  :            0  Failing Endpoints,  Worst Slack        0.151ns,  Total Violation        0.000ns
PW    :            0  Failing Endpoints,  Worst Slack        9.500ns,  Total Violation        0.000ns
---------------------------------------------------------------------------------------------------


Max Delay Paths
--------------------------------------------------------------------------------------
Slack (MET) :             5.549ns  (required time - arrival time)
  Source:                 purpose_reg[1]/C
                            (rising edge-triggered cell FDRE clocked by clk  {rise@0.000ns fall@10.000ns period=20.000ns})
  Destination:            dbg_value_reg[56]/D
                            (rising edge-triggered cell FDRE clocked by clk  {rise@0.000ns fall@10.000ns period=20.000ns})
  Path Group:             clk
  Path Type:              Setup (Max at Slow Process Corner)
  Requirement:            20.000ns  (clk rise@20.000ns - clk rise@0.000ns)
  Data Path Delay:        14.448ns  (logic 7.076ns (48.975%)  route 7.372ns (51.025%))
  Logic Levels:           25  (CARRY4=16 DSP48E1=1 LUT2=1 LUT4=3 LUT5=1 LUT6=3)
  Clock Path Skew:        -0.049ns (DCD - SCD + CPR)
    Destination Clock Delay (DCD):    0.924ns = ( 20.924 - 20.000 )
    Source Clock Delay      (SCD):    0.973ns
    Clock Pessimism Removal (CPR):    0.000ns
  Clock Uncertainty:      0.035ns  ((TSJ^2 + TIJ^2)^1/2 + DJ) / 2 + PE
    Total System Jitter     (TSJ):    0.071ns
    Total Input Jitter      (TIJ):    0.000ns
    Discrete Jitter          (DJ):    0.000ns
    Phase Error              (PE):    0.000ns

    Location             Delay type                Incr(ns)  Path(ns)    Netlist Resource(s)
  -------------------------------------------------------------------    -------------------
                         (clock clk rise edge)        0.000     0.000 r
                                                      0.000     0.000 r  clk (IN)
                         net (fo=1331, unset)         0.973     0.973    clk
    SLICE_X44Y65         FDRE                                         r  purpose_reg[1]/C
  -------------------------------------------------------------------    -------------------
    SLICE_X44Y65         FDRE (Prop_fdre_C_Q)         0.456     1.429 r  purpose_reg[1]/Q
                         net (fo=10, routed)          1.093     2.522    lanes[0].rom/cycles_nn[17]_i_3
    SLICE_X44Y63         LUT2 (Prop_lut2_I0_O)        0.124     2.646 r  lanes[0].rom/cycles_power[23]_i_5/O
                         net (fo=18, routed)          0.966     3.612    lanes[0].rom/purpose_reg[1]
    SLICE_X39Y50         LUT6 (Prop_lut6_I4_O)        0.124     3.736 f  lanes[0].rom/p_6_out_i_112/O
                         net (fo=2, routed)           1.152     4.888    lanes[0].rom_n_18
    SLICE_X30Y52         LUT4 (Prop_lut4_I3_O)        0.152     5.040 r  unsigned_product_i_2/O
                         net (fo=1, routed)           1.074     6.114    unsigned_product_i_2_n_0
    DSP48_X0Y21          DSP48E1 (Prop_dsp48e1_B[16]_P[0])
                                                      2.281     8.395 r  unsigned_product/P[0]
                         net (fo=3, routed)           1.037     9.432    power_ram/P[0]
    SLICE_X35Y50         LUT4 (Prop_lut4_I3_O)        0.124     9.556 r  power_ram/wide_acc[3]_i_7/O
                         net (fo=1, routed)           0.000     9.556    power_ram/wide_acc[3]_i_7_n_0
    SLICE_X35Y50         CARRY4 (Prop_carry4_S[0]_O[3])
                                                      0.606    10.162 r  power_ram/wide_acc_reg[3]_i_2/O[3]
                         net (fo=2, routed)           0.833    10.995    power_ram/wide_acc_reg[3][3]
    SLICE_X33Y50         LUT4 (Prop_lut4_I3_O)        0.306    11.301 f  power_ram/wide_acc[3]_i_9/O
                         net (fo=1, routed)           0.310    11.611    power_ram/wide_acc[3]_i_9_n_0
    SLICE_X34Y50         LUT6 (Prop_lut6_I0_O)        0.124    11.735 r  power_ram/wide_acc[3]_i_8/O
                         net (fo=1, routed)           0.000    11.735    power_ram/wide_acc[3]_i_8_n_0
    SLICE_X34Y50         CARRY4 (Prop_carry4_S[0]_CO[3])
                                                      0.513    12.248 r  power_ram/wide_acc_reg[3]_i_3/CO[3]
                         net (fo=1, routed)           0.000    12.248    power_ram/wide_acc_reg[3]_i_3_n_0
    SLICE_X34Y51         CARRY4 (Prop_carry4_CI_CO[3])
                                                      0.117    12.365 r  power_ram/wide_acc_reg[7]_i_3/CO[3]
                         net (fo=1, routed)           0.000    12.365    power_ram/wide_acc_reg[7]_i_3_n_0
    SLICE_X34Y52         CARRY4 (Prop_carry4_CI_CO[3])
                                                      0.117    12.482 r  power_ram/wide_acc_reg[11]_i_3/CO[3]
                         net (fo=1, routed)           0.000    12.482    power_ram/wide_acc_reg[11]_i_3_n_0
    SLICE_X34Y53         CARRY4 (Prop_carry4_CI_CO[3])
                                                      0.117    12.599 r  power_ram/wide_acc_reg[15]_i_3/CO[3]
                         net (fo=1, routed)           0.000    12.599    power_ram/wide_acc_reg[15]_i_3_n_0
    SLICE_X34Y54         CARRY4 (Prop_carry4_CI_CO[3])
                                                      0.117    12.716 r  power_ram/wide_acc_reg[19]_i_3/CO[3]
                         net (fo=1, routed)           0.000    12.716    power_ram/wide_acc_reg[19]_i_3_n_0
    SLICE_X34Y55         CARRY4 (Prop_carry4_CI_CO[3])
                                                      0.117    12.833 r  power_ram/wide_acc_reg[23]_i_3/CO[3]
                         net (fo=1, routed)           0.000    12.833    power_ram/wide_acc_reg[23]_i_3_n_0
    SLICE_X34Y56         CARRY4 (Prop_carry4_CI_CO[3])
                                                      0.117    12.950 r  power_ram/wide_acc_reg[27]_i_3/CO[3]
                         net (fo=1, routed)           0.000    12.950    power_ram/wide_acc_reg[27]_i_3_n_0
    SLICE_X34Y57         CARRY4 (Prop_carry4_CI_CO[3])
                                                      0.117    13.067 r  power_ram/wide_acc_reg[31]_i_3/CO[3]
                         net (fo=1, routed)           0.000    13.067    power_ram/wide_acc_reg[31]_i_3_n_0
    SLICE_X34Y58         CARRY4 (Prop_carry4_CI_CO[3])
                                                      0.117    13.184 r  power_ram/wide_acc_reg[35]_i_3/CO[3]
                         net (fo=1, routed)           0.000    13.184    power_ram/wide_acc_reg[35]_i_3_n_0
    SLICE_X34Y59         CARRY4 (Prop_carry4_CI_CO[3])
                                                      0.117    13.301 r  power_ram/wide_acc_reg[39]_i_3/CO[3]
                         net (fo=1, routed)           0.000    13.301    power_ram/wide_acc_reg[39]_i_3_n_0
    SLICE_X34Y60         CARRY4 (Prop_carry4_CI_CO[3])
                                                      0.117    13.418 r  power_ram/wide_acc_reg[43]_i_3/CO[3]
                         net (fo=1, routed)           0.000    13.418    power_ram/wide_acc_reg[43]_i_3_n_0
    SLICE_X34Y61         CARRY4 (Prop_carry4_CI_CO[3])
                                                      0.117    13.535 r  power_ram/wide_acc_reg[47]_i_3/CO[3]
                         net (fo=1, routed)           0.000    13.535    power_ram/wide_acc_reg[47]_i_3_n_0
    SLICE_X34Y62         CARRY4 (Prop_carry4_CI_CO[3])
                                                      0.117    13.652 r  power_ram/wide_acc_reg[51]_i_3/CO[3]
                         net (fo=1, routed)           0.000    13.652    power_ram/wide_acc_reg[51]_i_3_n_0
    SLICE_X34Y63         CARRY4 (Prop_carry4_CI_CO[3])
                                                      0.117    13.769 r  power_ram/wide_acc_reg[55]_i_3/CO[3]
                         net (fo=1, routed)           0.000    13.769    power_ram/wide_acc_reg[55]_i_3_n_0
    SLICE_X34Y64         CARRY4 (Prop_carry4_CI_CO[0])
                                                      0.254    14.023 r  power_ram/wide_acc_reg[56]_i_3/CO[0]
                         net (fo=3, routed)           0.456    14.479    power_ram_n_124
    SLICE_X37Y65         LUT6 (Prop_lut6_I5_O)        0.367    14.846 r  dbg_value[56]_i_2/O
                         net (fo=1, routed)           0.452    15.297    dbg_value[56]_i_2_n_0
    SLICE_X38Y65         LUT5 (Prop_lut5_I4_O)        0.124    15.421 r  dbg_value[56]_i_1/O
                         net (fo=1, routed)           0.000    15.421    dbg_value[56]_i_1_n_0
    SLICE_X38Y65         FDRE                                         r  dbg_value_reg[56]/D
  -------------------------------------------------------------------    -------------------

                         (clock clk rise edge)       20.000    20.000 r
                                                      0.000    20.000 r  clk (IN)
                         net (fo=1331, unset)         0.924    20.924    clk
    SLICE_X38Y65         FDRE                                         r  dbg_value_reg[56]/C
                         clock pessimism              0.000    20.924
                         clock uncertainty           -0.035    20.889
    SLICE_X38Y65         FDRE (Setup_fdre_C_D)        0.081    20.970    dbg_value_reg[56]
  -------------------------------------------------------------------
                         required time                         20.970
                         arrival time                         -15.421
  -------------------------------------------------------------------
                         slack                                  5.549





Min Delay Paths
--------------------------------------------------------------------------------------
Slack (MET) :             0.151ns  (arrival time - required time)
  Source:                 accumulator_reg[1][15]/C
                            (rising edge-triggered cell FDRE clocked by clk  {rise@0.000ns fall@10.000ns period=20.000ns})
  Destination:            imag_part_reg[7]/D
                            (rising edge-triggered cell FDRE clocked by clk  {rise@0.000ns fall@10.000ns period=20.000ns})
  Path Group:             clk
  Path Type:              Hold (Min at Fast Process Corner)
  Requirement:            0.000ns  (clk rise@0.000ns - clk rise@0.000ns)
  Data Path Delay:        0.302ns  (logic 0.250ns (82.753%)  route 0.052ns (17.247%))
  Logic Levels:           2  (CARRY4=1 LUT6=1)
  Clock Path Skew:        0.022ns (DCD - SCD - CPR)
    Destination Clock Delay (DCD):    0.432ns
    Source Clock Delay      (SCD):    0.410ns
    Clock Pessimism Removal (CPR):    -0.000ns

    Location             Delay type                Incr(ns)  Path(ns)    Netlist Resource(s)
  -------------------------------------------------------------------    -------------------
                         (clock clk rise edge)        0.000     0.000 r
                                                      0.000     0.000 r  clk (IN)
                         net (fo=1331, unset)         0.410     0.410    clk
    SLICE_X51Y49         FDRE                                         r  accumulator_reg[1][15]/C
  -------------------------------------------------------------------    -------------------
    SLICE_X51Y49         FDRE (Prop_fdre_C_Q)         0.141     0.551 r  accumulator_reg[1][15]/Q
                         net (fo=1, routed)           0.052     0.603    capture/accumulator_reg[1][15]
    SLICE_X50Y49         LUT6 (Prop_lut6_I0_O)        0.045     0.648 r  capture/real_part[7]_i_2/O
                         net (fo=1, routed)           0.000     0.648    capture/real_part[7]_i_2_n_0
    SLICE_X50Y49         CARRY4 (Prop_carry4_S[3]_O[3])
                                                      0.064     0.712 r  capture/real_part_reg[7]_i_1/O[3]
                         net (fo=3, routed)           0.000     0.712    capture_n_230
    SLICE_X50Y49         FDRE                                         r  imag_part_reg[7]/D
  -------------------------------------------------------------------    -------------------

                         (clock clk rise edge)        0.000     0.000 r
                                                      0.000     0.000 r  clk (IN)
                         net (fo=1331, unset)         0.432     0.432    clk
    SLICE_X50Y49         FDRE                                         r  imag_part_reg[7]/C
                         clock pessimism              0.000     0.432
    SLICE_X50Y49         FDRE (Hold_fdre_C_D)         0.130     0.562    imag_part_reg[7]
  -------------------------------------------------------------------
                         required time                         -0.562
                         arrival time                           0.712
  -------------------------------------------------------------------
                         slack                                  0.151





Pulse Width Checks
--------------------------------------------------------------------------------------
Clock Name:         clk
Waveform(ns):       { 0.000 10.000 }
Period(ns):         20.000
Sources:            { clk }

Check Type        Corner  Lib Pin             Reference Pin  Required(ns)  Actual(ns)  Slack(ns)  Location      Pin
Min Period        n/a     RAMB18E1/CLKARDCLK  n/a            2.944         20.000      17.056     RAMB18_X0Y20  windowed_reg/CLKARDCLK
Low Pulse Width   Slow    FDRE/C              n/a            0.500         10.000      9.500      SLICE_X55Y54  accumulator_reg[0][0]/C
High Pulse Width  Slow    FDRE/C              n/a            0.500         10.000      9.500      SLICE_X55Y54  accumulator_reg[0][0]/C
