#-----------------------------------------------------------
# Vivado v2024.2 (64-bit)
# SW Build 5239630 on Fri Nov 08 22:34:34 MST 2024
# IP Build 5239520 on Sun Nov 10 16:12:51 MST 2024
# SharedData Build 5239561 on Fri Nov 08 14:39:27 MST 2024
# Start of session at: Tue Oct  6 05:26:44 2026
# Process ID         : 921928
# Current directory  : LAB_HOME/LAB_USER/digital_ic_vivado/portability-c-id06-l4-vivado-r4
# Command line       : vivado -mode batch -source implement.tcl -log vivado.log -journal vivado.jou
# Log file           : LAB_HOME/LAB_USER/digital_ic_vivado/portability-c-id06-l4-vivado-r4/vivado.log
# Journal file       : LAB_HOME/LAB_USER/digital_ic_vivado/portability-c-id06-l4-vivado-r4/vivado.jou
# Running On         : LAB_HOST.engr.wustl.edu
# Platform           : Rocky
# Operating System   : Rocky Linux release 8.10 (Green Obsidian)
# Processor Detail   : Intel(R) Xeon(R) CPU E5-2630 v3 @ 2.40GHz
# CPU Frequency      : 2597.393 MHz
# CPU Physical cores : 16
# CPU Logical cores  : 16
# Host memory        : 134527 MB
# Swap memory        : 7999 MB
# Total Virtual      : 142526 MB
# Available Virtual  : 119826 MB
#-----------------------------------------------------------
source implement.tcl
# set_param general.maxThreads 2
# source config.tcl
## set stage impl
## set sources {rtl/core/vib_coeff_rom.sv rtl/platform/spram16k.sv rtl/core/known_capture.sv rtl/core/known_spectral_core.sv}
## set generics {N=1024 WINDOWS=156 LANES=4 QUANT_PIPELINE=1 MODEL_DIR=model BIAS=-64 THRESHOLD=-6387 LOG_CONSTANT=128145 LOG_FLOOR=-163279}
# set_property verilog_define AMD_FPGA [current_fileset]
# foreach path $sources {read_verilog -sv $path}
# synth_design -top known_spectral_core -part xc7a35tcpg236-1 -mode out_of_context -generic $generics
Command: synth_design -top known_spectral_core -part xc7a35tcpg236-1 -mode out_of_context -generic {N=1024 WINDOWS=156 LANES=4 QUANT_PIPELINE=1 MODEL_DIR=model BIAS=-64 THRESHOLD=-6387 LOG_CONSTANT=128145 LOG_FLOOR=-163279}
Starting synth_design
Attempting to get a license for feature 'Synthesis' and/or device 'xc7a35t'
INFO: [Common 17-349] Got license for feature 'Synthesis' and/or device 'xc7a35t'
INFO: [Synth 8-7079] Multithreading enabled for synth_design using a maximum of 2 processes.
INFO: [Synth 8-7078] Launching helper process for spawning children vivado processes
INFO: [Synth 8-7075] Helper process launched with PID 922080
---------------------------------------------------------------------------------
Starting Synthesize : Time (s): cpu = 00:00:05 ; elapsed = 00:00:06 . Memory (MB): peak = 1774.258 ; gain = 379.793 ; free physical = 30757 ; free virtual = 112334
---------------------------------------------------------------------------------
INFO: [Synth 8-6157] synthesizing module 'known_spectral_core' [LAB_HOME/LAB_USER/digital_ic_vivado/portability-c-id06-l4-vivado-r4/rtl/core/known_spectral_core.sv:3]
	Parameter N bound to: 1024 - type: integer
	Parameter LANES bound to: 4 - type: integer
	Parameter WINDOWS bound to: 156 - type: integer
	Parameter QUANT_PIPELINE bound to: 1 - type: integer
	Parameter MODEL_DIR bound to: model - type: string
	Parameter BIAS bound to: 32'sb11111111111111111111111111000000
	Parameter THRESHOLD bound to: 32'sb11111111111111111110011100001101
	Parameter LOG_CONSTANT bound to: 32'sb00000000000000011111010010010001
	Parameter LOG_FLOOR bound to: 32'sb11111111111111011000001000110001
INFO: [Synth 8-3876] $readmem data file 'model/mean_q12.hex' is read successfully [LAB_HOME/LAB_USER/digital_ic_vivado/portability-c-id06-l4-vivado-r4/rtl/core/known_spectral_core.sv:50]
INFO: [Synth 8-3876] $readmem data file 'model/gain_q24.hex' is read successfully [LAB_HOME/LAB_USER/digital_ic_vivado/portability-c-id06-l4-vivado-r4/rtl/core/known_spectral_core.sv:51]
INFO: [Synth 8-3876] $readmem data file 'model/weights.hex' is read successfully [LAB_HOME/LAB_USER/digital_ic_vivado/portability-c-id06-l4-vivado-r4/rtl/core/known_spectral_core.sv:52]
INFO: [Synth 8-3876] $readmem data file 'model/log_lut.hex' is read successfully [LAB_HOME/LAB_USER/digital_ic_vivado/portability-c-id06-l4-vivado-r4/rtl/core/known_spectral_core.sv:53]
INFO: [Synth 8-6157] synthesizing module 'vib_coeff_rom' [LAB_HOME/LAB_USER/digital_ic_vivado/portability-c-id06-l4-vivado-r4/rtl/core/vib_coeff_rom.sv:3]
	Parameter N bound to: 1024 - type: integer
	Parameter MODEL_DIR bound to: model - type: string
INFO: [Synth 8-3876] $readmem data file 'model/cos_quarter.hex' is read successfully [LAB_HOME/LAB_USER/digital_ic_vivado/portability-c-id06-l4-vivado-r4/rtl/core/vib_coeff_rom.sv:24]
INFO: [Synth 8-6155] done synthesizing module 'vib_coeff_rom' (0#1) [LAB_HOME/LAB_USER/digital_ic_vivado/portability-c-id06-l4-vivado-r4/rtl/core/vib_coeff_rom.sv:3]
INFO: [Synth 8-6157] synthesizing module 'known_capture' [LAB_HOME/LAB_USER/digital_ic_vivado/portability-c-id06-l4-vivado-r4/rtl/core/known_capture.sv:2]
	Parameter N bound to: 1024 - type: integer
INFO: [Synth 8-6155] done synthesizing module 'known_capture' (0#1) [LAB_HOME/LAB_USER/digital_ic_vivado/portability-c-id06-l4-vivado-r4/rtl/core/known_capture.sv:2]
INFO: [Synth 8-6157] synthesizing module 'spram16k' [LAB_HOME/LAB_USER/digital_ic_vivado/portability-c-id06-l4-vivado-r4/rtl/platform/spram16k.sv:4]
INFO: [Synth 8-6155] done synthesizing module 'spram16k' (0#1) [LAB_HOME/LAB_USER/digital_ic_vivado/portability-c-id06-l4-vivado-r4/rtl/platform/spram16k.sv:4]
INFO: [Synth 8-6155] done synthesizing module 'known_spectral_core' (0#1) [LAB_HOME/LAB_USER/digital_ic_vivado/portability-c-id06-l4-vivado-r4/rtl/core/known_spectral_core.sv:3]
WARNING: [Synth 8-6014] Unused sequential element log_value_reg was removed.  [LAB_HOME/LAB_USER/digital_ic_vivado/portability-c-id06-l4-vivado-r4/rtl/core/known_spectral_core.sv:262]
---------------------------------------------------------------------------------
Finished Synthesize : Time (s): cpu = 00:00:07 ; elapsed = 00:00:08 . Memory (MB): peak = 1864.227 ; gain = 469.762 ; free physical = 30647 ; free virtual = 112231
---------------------------------------------------------------------------------
---------------------------------------------------------------------------------
Finished Constraint Validation : Time (s): cpu = 00:00:08 ; elapsed = 00:00:09 . Memory (MB): peak = 1876.102 ; gain = 481.637 ; free physical = 30480 ; free virtual = 112060
---------------------------------------------------------------------------------
---------------------------------------------------------------------------------
Start Loading Part and Timing Information
---------------------------------------------------------------------------------
Loading part: xc7a35tcpg236-1
INFO: [Device 21-403] Loading part xc7a35tcpg236-1
---------------------------------------------------------------------------------
Finished Loading Part and Timing Information : Time (s): cpu = 00:00:08 ; elapsed = 00:00:09 . Memory (MB): peak = 1884.105 ; gain = 489.641 ; free physical = 30477 ; free virtual = 112059
---------------------------------------------------------------------------------
---------------------------------------------------------------------------------
Finished RTL Optimization Phase 2 : Time (s): cpu = 00:00:12 ; elapsed = 00:00:12 . Memory (MB): peak = 1909.027 ; gain = 514.562 ; free physical = 30376 ; free virtual = 111959
---------------------------------------------------------------------------------
No constraint files found.
---------------------------------------------------------------------------------
Start RTL Component Statistics
---------------------------------------------------------------------------------
Detailed RTL Component Info :
+---Adders :
	   2 Input   65 Bit       Adders := 1
	   2 Input   64 Bit       Adders := 4
	   2 Input   40 Bit       Adders := 1
	   2 Input   32 Bit       Adders := 5
	   3 Input   32 Bit       Adders := 2
	   2 Input   28 Bit       Adders := 1
	   2 Input   27 Bit       Adders := 1
	   2 Input   24 Bit       Adders := 1
	   2 Input   20 Bit       Adders := 1
	   2 Input   18 Bit       Adders := 1
	   3 Input   17 Bit       Adders := 1
	   2 Input   17 Bit       Adders := 1
	   2 Input   16 Bit       Adders := 7
	   2 Input   12 Bit       Adders := 2
	   2 Input   11 Bit       Adders := 4
	   2 Input   10 Bit       Adders := 4
	   3 Input   10 Bit       Adders := 2
	   2 Input    8 Bit       Adders := 7
	   2 Input    2 Bit       Adders := 3
+---Registers :
	               64 Bit    Registers := 5
	               48 Bit    Registers := 4
	               32 Bit    Registers := 23
	               28 Bit    Registers := 1
	               27 Bit    Registers := 1
	               24 Bit    Registers := 1
	               20 Bit    Registers := 1
	               18 Bit    Registers := 1
	               16 Bit    Registers := 10
	               12 Bit    Registers := 1
	               11 Bit    Registers := 3
	               10 Bit    Registers := 2
	                9 Bit    Registers := 4
	                8 Bit    Registers := 6
	                5 Bit    Registers := 1
	                4 Bit    Registers := 1
	                2 Bit    Registers := 6
	                1 Bit    Registers := 19
+---RAMs :
	             256K Bit	(16384 X 16 bit)          RAMs := 1
	              16K Bit	(1024 X 16 bit)          RAMs := 3
+---ROMs :
	                    ROMs := 8
+---Muxes :
	   2 Input   64 Bit        Muxes := 5
	  26 Input   64 Bit        Muxes := 1
	  26 Input   48 Bit        Muxes := 4
	   4 Input   48 Bit        Muxes := 1
	   2 Input   32 Bit        Muxes := 9
	  26 Input   32 Bit        Muxes := 1
	   2 Input   28 Bit        Muxes := 2
	   2 Input   27 Bit        Muxes := 2
	   2 Input   24 Bit        Muxes := 2
	   2 Input   20 Bit        Muxes := 2
	   2 Input   18 Bit        Muxes := 2
	   2 Input   16 Bit        Muxes := 13
	   5 Input   16 Bit        Muxes := 4
	  26 Input   11 Bit        Muxes := 3
	  26 Input   10 Bit        Muxes := 1
	   2 Input    8 Bit        Muxes := 5
	  26 Input    8 Bit        Muxes := 3
	   2 Input    7 Bit        Muxes := 2
	   2 Input    6 Bit        Muxes := 1
	   2 Input    5 Bit        Muxes := 4
	   3 Input    5 Bit        Muxes := 1
	   2 Input    4 Bit        Muxes := 1
	   2 Input    2 Bit        Muxes := 11
	  26 Input    2 Bit        Muxes := 3
	   2 Input    1 Bit        Muxes := 29
	  26 Input    1 Bit        Muxes := 27
	   5 Input    1 Bit        Muxes := 1
---------------------------------------------------------------------------------
Finished RTL Component Statistics
---------------------------------------------------------------------------------
---------------------------------------------------------------------------------
Start Part Resource Summary
---------------------------------------------------------------------------------
Part Resources:
DSPs: 90 (col length:60)
BRAMs: 100 (col length: RAMB18 60 RAMB36 30)
---------------------------------------------------------------------------------
Finished Part Resource Summary
---------------------------------------------------------------------------------
No constraint files found.
---------------------------------------------------------------------------------
Start Cross Boundary and Area Optimization
---------------------------------------------------------------------------------
WARNING: [Synth 8-7080] Parallel synthesis criteria is not met
DSP Report: Generating DSP p_0_out, operation Mode is: C+(A*B)'.
DSP Report: register lanes[3].product_reg[3] is absorbed into DSP p_0_out.
DSP Report: operator p_0_out is absorbed into DSP p_0_out.
DSP Report: operator p_0_out is absorbed into DSP p_0_out.
DSP Report: Generating DSP p_2_out, operation Mode is: C+(A*B)'.
DSP Report: register lanes[2].product_reg[2] is absorbed into DSP p_2_out.
DSP Report: operator p_0_out is absorbed into DSP p_2_out.
DSP Report: operator p_2_out is absorbed into DSP p_2_out.
DSP Report: Generating DSP p_4_out, operation Mode is: C+(A*B)'.
DSP Report: register lanes[1].product_reg[1] is absorbed into DSP p_4_out.
DSP Report: operator p_0_out is absorbed into DSP p_4_out.
DSP Report: operator p_4_out is absorbed into DSP p_4_out.
DSP Report: Generating DSP p_6_out, operation Mode is: C+(A*B)'.
DSP Report: register lanes[0].product_reg[0] is absorbed into DSP p_6_out.
DSP Report: operator p_0_out is absorbed into DSP p_6_out.
DSP Report: operator p_6_out is absorbed into DSP p_6_out.
DSP Report: Generating DSP lanes[0].product_reg[0], operation Mode is: (A*B)'.
DSP Report: register lanes[0].product_reg[0] is absorbed into DSP lanes[0].product_reg[0].
DSP Report: operator p_0_out is absorbed into DSP lanes[0].product_reg[0].
DSP Report: Generating DSP unsigned_product, operation Mode is: PCIN+A:B+C.
DSP Report: operator unsigned_product is absorbed into DSP unsigned_product.
DSP Report: Generating DSP score0, operation Mode is: C+(A*B)'.
DSP Report: register lanes[0].product_reg[0] is absorbed into DSP score0.
DSP Report: operator p_0_out is absorbed into DSP score0.
DSP Report: operator score0 is absorbed into DSP score0.
WARNING: [Synth 8-3917] design known_spectral_core has port cycles_pre[31] driven by constant 0
WARNING: [Synth 8-3917] design known_spectral_core has port cycles_pre[30] driven by constant 0
WARNING: [Synth 8-3917] design known_spectral_core has port cycles_pre[29] driven by constant 0
WARNING: [Synth 8-3917] design known_spectral_core has port cycles_pre[28] driven by constant 0
WARNING: [Synth 8-3917] design known_spectral_core has port cycles_pre[27] driven by constant 0
WARNING: [Synth 8-3917] design known_spectral_core has port cycles_pre[26] driven by constant 0
WARNING: [Synth 8-3917] design known_spectral_core has port cycles_pre[25] driven by constant 0
WARNING: [Synth 8-3917] design known_spectral_core has port cycles_pre[24] driven by constant 0
WARNING: [Synth 8-3917] design known_spectral_core has port cycles_pre[23] driven by constant 0
WARNING: [Synth 8-3917] design known_spectral_core has port cycles_pre[22] driven by constant 0
WARNING: [Synth 8-3917] design known_spectral_core has port cycles_pre[21] driven by constant 0
WARNING: [Synth 8-3917] design known_spectral_core has port cycles_pre[20] driven by constant 0
WARNING: [Synth 8-3917] design known_spectral_core has port cycles_dft[31] driven by constant 0
WARNING: [Synth 8-3917] design known_spectral_core has port cycles_dft[30] driven by constant 0
WARNING: [Synth 8-3917] design known_spectral_core has port cycles_dft[29] driven by constant 0
WARNING: [Synth 8-3917] design known_spectral_core has port cycles_dft[28] driven by constant 0
WARNING: [Synth 8-3917] design known_spectral_core has port cycles_dft[27] driven by constant 0
WARNING: [Synth 8-3917] design known_spectral_core has port cycles_power[31] driven by constant 0
WARNING: [Synth 8-3917] design known_spectral_core has port cycles_power[30] driven by constant 0
WARNING: [Synth 8-3917] design known_spectral_core has port cycles_power[29] driven by constant 0
WARNING: [Synth 8-3917] design known_spectral_core has port cycles_power[28] driven by constant 0
WARNING: [Synth 8-3917] design known_spectral_core has port cycles_power[27] driven by constant 0
WARNING: [Synth 8-3917] design known_spectral_core has port cycles_power[26] driven by constant 0
WARNING: [Synth 8-3917] design known_spectral_core has port cycles_power[25] driven by constant 0
WARNING: [Synth 8-3917] design known_spectral_core has port cycles_power[24] driven by constant 0
WARNING: [Synth 8-3917] design known_spectral_core has port cycles_nn[31] driven by constant 0
WARNING: [Synth 8-3917] design known_spectral_core has port cycles_nn[30] driven by constant 0
WARNING: [Synth 8-3917] design known_spectral_core has port cycles_nn[29] driven by constant 0
WARNING: [Synth 8-3917] design known_spectral_core has port cycles_nn[28] driven by constant 0
WARNING: [Synth 8-3917] design known_spectral_core has port cycles_nn[27] driven by constant 0
WARNING: [Synth 8-3917] design known_spectral_core has port cycles_nn[26] driven by constant 0
WARNING: [Synth 8-3917] design known_spectral_core has port cycles_nn[25] driven by constant 0
WARNING: [Synth 8-3917] design known_spectral_core has port cycles_nn[24] driven by constant 0
WARNING: [Synth 8-3917] design known_spectral_core has port cycles_nn[23] driven by constant 0
WARNING: [Synth 8-3917] design known_spectral_core has port cycles_nn[22] driven by constant 0
WARNING: [Synth 8-3917] design known_spectral_core has port cycles_nn[21] driven by constant 0
WARNING: [Synth 8-3917] design known_spectral_core has port cycles_nn[20] driven by constant 0
WARNING: [Synth 8-3917] design known_spectral_core has port cycles_nn[19] driven by constant 0
WARNING: [Synth 8-3917] design known_spectral_core has port cycles_nn[18] driven by constant 0
WARNING: [Synth 8-3917] design known_spectral_core has port cycles_total[31] driven by constant 0
WARNING: [Synth 8-3917] design known_spectral_core has port cycles_total[30] driven by constant 0
WARNING: [Synth 8-3917] design known_spectral_core has port cycles_total[29] driven by constant 0
WARNING: [Synth 8-3917] design known_spectral_core has port cycles_total[28] driven by constant 0
WARNING: [Synth 8-3917] design known_spectral_core has port dbg_kind[3] driven by constant 0
WARNING: [Synth 8-3917] design known_spectral_core has port dbg_index[15] driven by constant 0
WARNING: [Synth 8-3917] design known_spectral_core has port dbg_index[14] driven by constant 0
WARNING: [Synth 8-3917] design known_spectral_core has port dbg_index[13] driven by constant 0
WARNING: [Synth 8-3917] design known_spectral_core has port dbg_index[12] driven by constant 0
WARNING: [Synth 8-3917] design known_spectral_core has port dbg_index[11] driven by constant 0
WARNING: [Synth 8-3917] design known_spectral_core has port dbg_index[10] driven by constant 0
---------------------------------------------------------------------------------
Finished Cross Boundary and Area Optimization : Time (s): cpu = 00:00:23 ; elapsed = 00:00:28 . Memory (MB): peak = 2051.801 ; gain = 657.336 ; free physical = 29776 ; free virtual = 111358
---------------------------------------------------------------------------------
 Sort Area is  lanes[0].product_reg[0]_5 : 0 0 : 1969 2221 : Used 1 time 0
 Sort Area is  lanes[0].product_reg[0]_5 : 0 1 : 252 2221 : Used 1 time 0
 Sort Area is  p_0_out_4 : 0 0 : 2129 2129 : Used 1 time 0
 Sort Area is  p_2_out_3 : 0 0 : 2129 2129 : Used 1 time 0
 Sort Area is  p_4_out_2 : 0 0 : 2129 2129 : Used 1 time 0
 Sort Area is  p_6_out_0 : 0 0 : 2129 2129 : Used 1 time 0
 Sort Area is  score0_8 : 0 0 : 2064 2064 : Used 1 time 0
---------------------------------------------------------------------------------
Start ROM, RAM, DSP, Shift Register and Retiming Reporting
---------------------------------------------------------------------------------

Block RAM: Preliminary Mapping Report (see note below)
+--------------------+----------------------+------------------------+---+---+------------------------+---+---+------------------+--------+--------+
|Module Name         | RTL Object           | PORT A (Depth x Width) | W | R | PORT B (Depth x Width) | W | R | Ports driving FF | RAMB18 | RAMB36 |
+--------------------+----------------------+------------------------+---+---+------------------------+---+---+------------------+--------+--------+
|capture             | raw0_reg             | 1 K x 16(READ_FIRST)   | W |   | 1 K x 16(WRITE_FIRST)  |   | R | Port A and B     | 1      | 0      |
|capture             | raw1_reg             | 1 K x 16(READ_FIRST)   | W |   | 1 K x 16(WRITE_FIRST)  |   | R | Port A and B     | 1      | 0      |
|known_spectral_core | power_ram/memory_reg | 2 K x 16(NO_CHANGE)    | W | R |                        |   |   | Port A           | 0      | 1      |
|known_spectral_core | windowed_reg         | 1 K x 16(READ_FIRST)   | W |   | 1 K x 16(WRITE_FIRST)  |   | R | Port A and B     | 1      | 0      |
+--------------------+----------------------+------------------------+---+---+------------------------+---+---+------------------+--------+--------+

Note: The table above is a preliminary report that shows the Block RAMs at the current stage of the synthesis flow. Some Block RAMs may be reimplemented as non Block RAM primitives later in the synthesis flow. Multiple instantiated Block RAMs are reported only once.

DSP: Preliminary Mapping Report (see note below. The ' indicates corresponding REG is set)
+--------------------+-------------+--------+--------+--------+--------+--------+------+------+------+------+-------+------+------+
|Module Name         | DSP Mapping | A Size | B Size | C Size | D Size | P Size | AREG | BREG | CREG | DREG | ADREG | MREG | PREG |
+--------------------+-------------+--------+--------+--------+--------+--------+------+------+------+------+-------+------+------+
|known_spectral_core | C+(A*B)'    | 16     | 16     | 48     | -      | 48     | 0    | 0    | 0    | -    | -     | 1    | 0    |
|known_spectral_core | C+(A*B)'    | 16     | 16     | 48     | -      | 48     | 0    | 0    | 0    | -    | -     | 1    | 0    |
|known_spectral_core | C+(A*B)'    | 16     | 16     | 48     | -      | 48     | 0    | 0    | 0    | -    | -     | 1    | 0    |
|known_spectral_core | C+(A*B)'    | 16     | 16     | 48     | -      | 48     | 0    | 0    | 0    | -    | -     | 1    | 0    |
|known_spectral_core | (A*B)'      | 16     | 16     | -      | -      | 32     | 0    | 0    | -    | -    | -     | 1    | 0    |
|known_spectral_core | PCIN+A:B+C  | 14     | 18     | 32     | -      | -1     | 0    | 0    | 0    | -    | -     | 0    | 0    |
|known_spectral_core | C+(A*B)'    | 16     | 16     | 32     | -      | 32     | 0    | 0    | 0    | -    | -     | 1    | 0    |
+--------------------+-------------+--------+--------+--------+--------+--------+------+------+------+------+-------+------+------+

Note: The table above is a preliminary report that shows the DSPs inferred at the current stage of the synthesis flow. Some DSP may be reimplemented as non DSP primitives later in the synthesis flow. Multiple instantiated DSPs are reported only once.
---------------------------------------------------------------------------------
Finished ROM, RAM, DSP, Shift Register and Retiming Reporting
---------------------------------------------------------------------------------
No constraint files found.
---------------------------------------------------------------------------------
Start Timing Optimization
---------------------------------------------------------------------------------
---------------------------------------------------------------------------------
Finished Timing Optimization : Time (s): cpu = 00:00:23 ; elapsed = 00:00:28 . Memory (MB): peak = 2051.801 ; gain = 657.336 ; free physical = 29781 ; free virtual = 111363
---------------------------------------------------------------------------------
---------------------------------------------------------------------------------
Start ROM, RAM, DSP, Shift Register and Retiming Reporting
---------------------------------------------------------------------------------

Block RAM: Final Mapping Report
+--------------------+----------------------+------------------------+---+---+------------------------+---+---+------------------+--------+--------+
|Module Name         | RTL Object           | PORT A (Depth x Width) | W | R | PORT B (Depth x Width) | W | R | Ports driving FF | RAMB18 | RAMB36 |
+--------------------+----------------------+------------------------+---+---+------------------------+---+---+------------------+--------+--------+
|capture             | raw0_reg             | 1 K x 16(READ_FIRST)   | W |   | 1 K x 16(WRITE_FIRST)  |   | R | Port A and B     | 1      | 0      |
|capture             | raw1_reg             | 1 K x 16(READ_FIRST)   | W |   | 1 K x 16(WRITE_FIRST)  |   | R | Port A and B     | 1      | 0      |
|known_spectral_core | power_ram/memory_reg | 2 K x 16(NO_CHANGE)    | W | R |                        |   |   | Port A           | 0      | 1      |
|known_spectral_core | windowed_reg         | 1 K x 16(READ_FIRST)   | W |   | 1 K x 16(WRITE_FIRST)  |   | R | Port A and B     | 1      | 0      |
+--------------------+----------------------+------------------------+---+---+------------------------+---+---+------------------+--------+--------+

---------------------------------------------------------------------------------
Finished ROM, RAM, DSP, Shift Register and Retiming Reporting
---------------------------------------------------------------------------------
---------------------------------------------------------------------------------
Start Technology Mapping
---------------------------------------------------------------------------------
INFO: [Synth 8-7052] The timing for the instance lanes[0].rom/magnitude_reg (implemented as a Block RAM) might be sub-optimal as no optional output register could be merged into the ram block. Providing additional output register may help in improving timing.
INFO: [Synth 8-7052] The timing for the instance lanes[0].rom/magnitude_reg (implemented as a Block RAM) might be sub-optimal as no optional output register could be merged into the ram block. Providing additional output register may help in improving timing.
INFO: [Synth 8-7052] The timing for the instance lanes[2].rom/magnitude_reg (implemented as a Block RAM) might be sub-optimal as no optional output register could be merged into the ram block. Providing additional output register may help in improving timing.
INFO: [Synth 8-7052] The timing for the instance lanes[2].rom/magnitude_reg (implemented as a Block RAM) might be sub-optimal as no optional output register could be merged into the ram block. Providing additional output register may help in improving timing.
INFO: [Synth 8-7052] The timing for the instance capture/raw0_reg (implemented as a Block RAM) might be sub-optimal as no optional output register could be merged into the ram block. Providing additional output register may help in improving timing.
INFO: [Synth 8-7052] The timing for the instance capture/raw1_reg (implemented as a Block RAM) might be sub-optimal as no optional output register could be merged into the ram block. Providing additional output register may help in improving timing.
INFO: [Synth 8-7052] The timing for the instance power_ram/memory_reg (implemented as a Block RAM) might be sub-optimal as no optional output register could be merged into the ram block. Providing additional output register may help in improving timing.
INFO: [Synth 8-7052] The timing for the instance windowed_reg (implemented as a Block RAM) might be sub-optimal as no optional output register could be merged into the ram block. Providing additional output register may help in improving timing.
---------------------------------------------------------------------------------
Finished Technology Mapping : Time (s): cpu = 00:00:24 ; elapsed = 00:00:29 . Memory (MB): peak = 2051.801 ; gain = 657.336 ; free physical = 29782 ; free virtual = 111365
---------------------------------------------------------------------------------
---------------------------------------------------------------------------------
Start IO Insertion
---------------------------------------------------------------------------------
---------------------------------------------------------------------------------
Start Flattening Before IO Insertion
---------------------------------------------------------------------------------
---------------------------------------------------------------------------------
Finished Flattening Before IO Insertion
---------------------------------------------------------------------------------
---------------------------------------------------------------------------------
Start Final Netlist Cleanup
---------------------------------------------------------------------------------
---------------------------------------------------------------------------------
Finished Final Netlist Cleanup
---------------------------------------------------------------------------------
---------------------------------------------------------------------------------
Finished IO Insertion : Time (s): cpu = 00:00:27 ; elapsed = 00:00:33 . Memory (MB): peak = 2155.613 ; gain = 761.148 ; free physical = 29655 ; free virtual = 111238
---------------------------------------------------------------------------------
---------------------------------------------------------------------------------
Start Renaming Generated Instances
---------------------------------------------------------------------------------
---------------------------------------------------------------------------------
Finished Renaming Generated Instances : Time (s): cpu = 00:00:27 ; elapsed = 00:00:33 . Memory (MB): peak = 2155.613 ; gain = 761.148 ; free physical = 29655 ; free virtual = 111238
---------------------------------------------------------------------------------
---------------------------------------------------------------------------------
Start Rebuilding User Hierarchy
---------------------------------------------------------------------------------
---------------------------------------------------------------------------------
Finished Rebuilding User Hierarchy : Time (s): cpu = 00:00:27 ; elapsed = 00:00:33 . Memory (MB): peak = 2155.613 ; gain = 761.148 ; free physical = 29653 ; free virtual = 111235
---------------------------------------------------------------------------------
---------------------------------------------------------------------------------
Start Renaming Generated Ports
---------------------------------------------------------------------------------
---------------------------------------------------------------------------------
Finished Renaming Generated Ports : Time (s): cpu = 00:00:27 ; elapsed = 00:00:33 . Memory (MB): peak = 2155.613 ; gain = 761.148 ; free physical = 29652 ; free virtual = 111234
---------------------------------------------------------------------------------
---------------------------------------------------------------------------------
Start Handling Custom Attributes
---------------------------------------------------------------------------------
---------------------------------------------------------------------------------
Finished Handling Custom Attributes : Time (s): cpu = 00:00:28 ; elapsed = 00:00:33 . Memory (MB): peak = 2158.582 ; gain = 764.117 ; free physical = 29642 ; free virtual = 111225
---------------------------------------------------------------------------------
---------------------------------------------------------------------------------
Start Renaming Generated Nets
---------------------------------------------------------------------------------
---------------------------------------------------------------------------------
Finished Renaming Generated Nets : Time (s): cpu = 00:00:28 ; elapsed = 00:00:33 . Memory (MB): peak = 2158.582 ; gain = 764.117 ; free physical = 29642 ; free virtual = 111224
---------------------------------------------------------------------------------
---------------------------------------------------------------------------------
Start Writing Synthesis Report
---------------------------------------------------------------------------------

DSP Final Report (the ' indicates corresponding REG is set)
+--------------------+-------------+--------+--------+--------+--------+--------+------+------+------+------+-------+------+------+
|Module Name         | DSP Mapping | A Size | B Size | C Size | D Size | P Size | AREG | BREG | CREG | DREG | ADREG | MREG | PREG |
+--------------------+-------------+--------+--------+--------+--------+--------+------+------+------+------+-------+------+------+
|known_spectral_core | C'+(A*B)'   | 30     | 18     | 48     | -      | 48     | 0    | 0    | 1    | -    | -     | 1    | 0    |
|known_spectral_core | C'+(A*B)'   | 30     | 18     | 48     | -      | 48     | 0    | 0    | 1    | -    | -     | 1    | 0    |
|known_spectral_core | C'+(A*B)'   | 30     | 18     | 48     | -      | 48     | 0    | 0    | 1    | -    | -     | 1    | 0    |
|known_spectral_core | C'+(A*B)'   | 30     | 18     | 48     | -      | 48     | 0    | 0    | 1    | -    | -     | 1    | 0    |
|known_spectral_core | (A*B)'      | 30     | 18     | -      | -      | 32     | 0    | 0    | -    | -    | -     | 1    | 0    |
|known_spectral_core | PCIN+A:B+C  | 14     | 18     | -      | -      | 32     | 0    | 0    | -    | -    | -     | 0    | 0    |
|known_spectral_core | C+(A*B)'    | 30     | 18     | 48     | -      | 32     | 0    | 0    | 0    | -    | -     | 1    | 0    |
+--------------------+-------------+--------+--------+--------+--------+--------+------+------+------+------+-------+------+------+


Report BlackBoxes:
+-+--------------+----------+
| |BlackBox name |Instances |
+-+--------------+----------+
+-+--------------+----------+

Report Cell Usage:
+------+---------+------+
|      |Cell     |Count |
+------+---------+------+
|1     |CARRY4   |   255|
|2     |DSP48E1  |     7|
|3     |LUT1     |   225|
|4     |LUT2     |   704|
|5     |LUT3     |   194|
|6     |LUT4     |   220|
|7     |LUT5     |   332|
|8     |LUT6     |   484|
|9     |MUXF7    |     2|
|10    |RAMB18E1 |     9|
|11    |RAMB36E1 |     1|
|12    |FDRE     |  1283|
|13    |FDSE     |    26|
+------+---------+------+

Report Instance Areas:
+------+-----------------+----------------+------+
|      |Instance         |Module          |Cells |
+------+-----------------+----------------+------+
|1     |top              |                |  3742|
|2     |  capture        |known_capture   |   984|
|3     |  \lanes[0].rom  |vib_coeff_rom   |   155|
|4     |  \lanes[1].rom  |vib_coeff_rom_0 |    20|
|5     |  \lanes[2].rom  |vib_coeff_rom_1 |    85|
|6     |  \lanes[3].rom  |vib_coeff_rom_2 |    21|
|7     |  power_ram      |spram16k        |   263|
+------+-----------------+----------------+------+
---------------------------------------------------------------------------------
Finished Writing Synthesis Report : Time (s): cpu = 00:00:28 ; elapsed = 00:00:33 . Memory (MB): peak = 2158.582 ; gain = 764.117 ; free physical = 29640 ; free virtual = 111223
---------------------------------------------------------------------------------
Synthesis finished with 0 errors, 0 critical warnings and 52 warnings.
Synthesis Optimization Runtime : Time (s): cpu = 00:00:28 ; elapsed = 00:00:33 . Memory (MB): peak = 2158.582 ; gain = 764.117 ; free physical = 29638 ; free virtual = 111220
Synthesis Optimization Complete : Time (s): cpu = 00:00:28 ; elapsed = 00:00:33 . Memory (MB): peak = 2158.590 ; gain = 764.117 ; free physical = 29637 ; free virtual = 111220
INFO: [Project 1-571] Translating synthesized netlist
Netlist sorting complete. Time (s): cpu = 00:00:00.02 ; elapsed = 00:00:00.02 . Memory (MB): peak = 2175.574 ; gain = 0.000 ; free physical = 29771 ; free virtual = 111353
INFO: [Netlist 29-17] Analyzing 274 Unisim elements for replacement
INFO: [Netlist 29-28] Unisim Transformation completed in 0 CPU seconds
INFO: [Project 1-570] Preparing netlist for logic optimization
INFO: [Opt 31-138] Pushed 0 inverter(s) to 0 load pin(s).
Netlist sorting complete. Time (s): cpu = 00:00:00 ; elapsed = 00:00:00 . Memory (MB): peak = 2272.172 ; gain = 0.000 ; free physical = 29820 ; free virtual = 111402
INFO: [Project 1-111] Unisim Transformation Summary:
No Unisim elements were transformed.

Synth Design complete | Checksum: b916da4c
INFO: [Common 17-83] Releasing license: Synthesis
33 Infos, 52 Warnings, 0 Critical Warnings and 0 Errors encountered.
synth_design completed successfully
synth_design: Time (s): cpu = 00:00:35 ; elapsed = 00:00:38 . Memory (MB): peak = 2272.172 ; gain = 877.715 ; free physical = 29805 ; free virtual = 111387
INFO: [Common 17-2834] synth_design peak Physical Memory [PSS] (MB): overall = 1425.581; main = 1425.581; forked = 237.630
INFO: [Common 17-2834] synth_design peak Virtual Memory [VSS] (MB): overall = 3000.098; main = 2272.176; forked = 948.293
# report_utilization -file utilization.rpt
# write_checkpoint -force synthesized.dcp
INFO: [Timing 38-35] Done setting XDC timing constraints.
Write ShapeDB Complete: Time (s): cpu = 00:00:00.01 ; elapsed = 00:00:00.01 . Memory (MB): peak = 2573.141 ; gain = 0.000 ; free physical = 29576 ; free virtual = 111159
INFO: [Common 17-1381] The checkpoint 'LAB_HOME/LAB_USER/digital_ic_vivado/portability-c-id06-l4-vivado-r4/synthesized.dcp' has been generated.
write_checkpoint: Time (s): cpu = 00:00:08 ; elapsed = 00:00:08 . Memory (MB): peak = 2573.141 ; gain = 300.969 ; free physical = 29333 ; free virtual = 110916
# if {$stage eq "impl"} {
#     read_xdc core.xdc
#     opt_design
#     place_design
#     route_design
#     report_timing_summary -delay_type min_max -report_unconstrained -file timing_summary.rpt
#     report_timing -from [all_registers -clock clk] -to [all_registers -clock clk] -max_paths 20 -path_type full_clock_expanded -file critical_paths.rpt
#     report_timing -delay_type min -max_paths 20 -file hold_paths.rpt
#     check_timing -verbose -file check_timing.rpt
#     report_drc -file drc.rpt
#     report_utilization -file utilization.rpt
#     write_checkpoint -force routed.dcp
#     set internal [get_timing_paths -from [all_registers -clock clk] -to [all_registers -clock clk] -max_paths 1]
#     set setup [get_timing_paths -delay_type max -max_paths 100000]
#     set hold [get_timing_paths -delay_type min -max_paths 100000]
#     if {[llength $internal]==0 || [llength $setup]==0 || [llength $hold]==0} {error "Missing timed paths"}
#     set tns 0.0; foreach p $setup {set s [get_property SLACK $p]; if {$s<0} {set tns [expr {$tns+$s}]}}
#     set htns 0.0; foreach p $hold {set s [get_property SLACK $p]; if {$s<0} {set htns [expr {$htns+$s}]}}
#     set unconstrained 0
#     set cf [open check_timing.rpt r]; set constraint_report [read $cf]; close $cf
#     foreach name {no_clock unconstrained_internal_endpoints no_input_delay no_output_delay} {
#         if {![regexp [format {checking %s \(([0-9]+)\)} $name] $constraint_report unused count]} {error "Missing constraint check $name"}
#         incr unconstrained $count
#     }
#     set blackboxes [llength [get_cells -hier -filter {IS_BLACKBOX == 1}]]
#     set brams [llength [get_cells -hier -filter {REF_NAME =~ RAMB*}]]
#     set fd [open metrics.json w]
#     puts $fd [format {{"internal_delay_ns":%s,"wns_ns":%s,"tns_ns":%s,"hold_wns_ns":%s,"hold_tns_ns":%s,"path_start":"%s","path_end":"%s","unconstrained_paths":%d,"blackboxes":%d,"bram_count":%d}} [get_property DATAPATH_DELAY $internal] [get_property SLACK [lindex $setup 0]] $tns [get_property SLACK [lindex $hold 0]] $htns [get_property STARTPOINT_PIN $internal] [get_property ENDPOINT_PIN $internal] $unconstrained $blackboxes $brams]
#     close $fd
# }
Parsing XDC File [LAB_HOME/LAB_USER/digital_ic_vivado/portability-c-id06-l4-vivado-r4/core.xdc]
Finished Parsing XDC File [LAB_HOME/LAB_USER/digital_ic_vivado/portability-c-id06-l4-vivado-r4/core.xdc]
Command: opt_design
Attempting to get a license for feature 'Implementation' and/or device 'xc7a35t'
INFO: [Common 17-349] Got license for feature 'Implementation' and/or device 'xc7a35t'
Running DRC as a precondition to command opt_design

Starting DRC Task
INFO: [DRC 23-27] Running DRC with 2 threads
WARNING: [DRC 23-814] Not all possible (connectivity based) DRCs may have been run because this design is seen as Out of Context.
INFO: [Project 1-461] DRC finished with 0 Errors
INFO: [Project 1-462] Please refer to the DRC report (report_drc) for more information.

Time (s): cpu = 00:00:01 ; elapsed = 00:00:01 . Memory (MB): peak = 2616.734 ; gain = 37.656 ; free physical = 29290 ; free virtual = 110872

Starting Cache Timing Information Task
Ending Cache Timing Information Task | Checksum: 1a2de2ae6

Time (s): cpu = 00:00:00.02 ; elapsed = 00:00:00.02 . Memory (MB): peak = 2616.734 ; gain = 0.000 ; free physical = 29290 ; free virtual = 110872

Starting Logic Optimization Task

Phase 1 Initialization

Phase 1.1 Core Generation And Design Setup
Phase 1.1 Core Generation And Design Setup | Checksum: 1a2de2ae6

Time (s): cpu = 00:00:00.01 ; elapsed = 00:00:00.01 . Memory (MB): peak = 2860.734 ; gain = 0.000 ; free physical = 29036 ; free virtual = 110617

Phase 1.2 Setup Constraints And Sort Netlist
Phase 1.2 Setup Constraints And Sort Netlist | Checksum: 1a2de2ae6

Time (s): cpu = 00:00:00.01 ; elapsed = 00:00:00.01 . Memory (MB): peak = 2860.734 ; gain = 0.000 ; free physical = 29036 ; free virtual = 110617
Phase 1 Initialization | Checksum: 1a2de2ae6

Time (s): cpu = 00:00:00.01 ; elapsed = 00:00:00.02 . Memory (MB): peak = 2860.734 ; gain = 0.000 ; free physical = 29036 ; free virtual = 110617

Phase 2 Timer Update And Timing Data Collection

Phase 2.1 Timer Update
Phase 2.1 Timer Update | Checksum: 1a2de2ae6

Time (s): cpu = 00:00:00.15 ; elapsed = 00:00:00.11 . Memory (MB): peak = 2860.734 ; gain = 0.000 ; free physical = 29035 ; free virtual = 110616

Phase 2.2 Timing Data Collection
Phase 2.2 Timing Data Collection | Checksum: 1a2de2ae6

Time (s): cpu = 00:00:00.16 ; elapsed = 00:00:00.13 . Memory (MB): peak = 2860.734 ; gain = 0.000 ; free physical = 29034 ; free virtual = 110615
Phase 2 Timer Update And Timing Data Collection | Checksum: 1a2de2ae6

Time (s): cpu = 00:00:00.16 ; elapsed = 00:00:00.13 . Memory (MB): peak = 2860.734 ; gain = 0.000 ; free physical = 29034 ; free virtual = 110615

Phase 3 Retarget
INFO: [Opt 31-1851] Number of loadless carry chains removed were: 0
INFO: [Opt 31-1834] Total Chains To Be Transformed Were: 0 AND Number of Transformed insts Created are: 0
INFO: [Opt 31-1566] Pulled 2 inverters resulting in an inversion of 32 pins
INFO: [Opt 31-138] Pushed 2 inverter(s) to 2 load pin(s).
INFO: [Opt 31-49] Retargeted 0 cell(s).
Phase 3 Retarget | Checksum: 10e329f7c

Time (s): cpu = 00:00:00.24 ; elapsed = 00:00:00.22 . Memory (MB): peak = 2860.734 ; gain = 0.000 ; free physical = 29033 ; free virtual = 110614
Retarget | Checksum: 10e329f7c
INFO: [Opt 31-389] Phase Retarget created 0 cells and removed 14 cells

Phase 4 Constant propagation
INFO: [Opt 31-138] Pushed 0 inverter(s) to 0 load pin(s).
Phase 4 Constant propagation | Checksum: 10e329f7c

Time (s): cpu = 00:00:00.27 ; elapsed = 00:00:00.25 . Memory (MB): peak = 2860.734 ; gain = 0.000 ; free physical = 29027 ; free virtual = 110608
Constant propagation | Checksum: 10e329f7c
INFO: [Opt 31-389] Phase Constant propagation created 0 cells and removed 0 cells

Phase 5 Sweep
INFO: [Constraints 18-11670] Building netlist checker database with flags, 0x8
Done building netlist checker database: Time (s): cpu = 00:00:00.01 ; elapsed = 00:00:00 . Memory (MB): peak = 2860.734 ; gain = 0.000 ; free physical = 29038 ; free virtual = 110620
Phase 5 Sweep | Checksum: d1d62dcb

Time (s): cpu = 00:00:00.33 ; elapsed = 00:00:00.31 . Memory (MB): peak = 2860.734 ; gain = 0.000 ; free physical = 29038 ; free virtual = 110620
Sweep | Checksum: d1d62dcb
INFO: [Opt 31-389] Phase Sweep created 0 cells and removed 0 cells

Phase 6 BUFG optimization
Phase 6 BUFG optimization | Checksum: d1d62dcb

Time (s): cpu = 00:00:00.34 ; elapsed = 00:00:00.34 . Memory (MB): peak = 2860.734 ; gain = 0.000 ; free physical = 29035 ; free virtual = 110617
BUFG optimization | Checksum: d1d62dcb
INFO: [Opt 31-662] Phase BUFG optimization created 0 cells of which 0 are BUFGs and removed 0 cells.

Phase 7 Shift Register Optimization
INFO: [Opt 31-1064] SRL Remap converted 0 SRLs to 0 registers and converted 0 registers of register chains to 0 SRLs
Phase 7 Shift Register Optimization | Checksum: d1d62dcb

Time (s): cpu = 00:00:00.35 ; elapsed = 00:00:00.34 . Memory (MB): peak = 2860.734 ; gain = 0.000 ; free physical = 29034 ; free virtual = 110616
Shift Register Optimization | Checksum: d1d62dcb
INFO: [Opt 31-389] Phase Shift Register Optimization created 0 cells and removed 0 cells

Phase 8 Post Processing Netlist
Phase 8 Post Processing Netlist | Checksum: d1d62dcb

Time (s): cpu = 00:00:00.36 ; elapsed = 00:00:00.35 . Memory (MB): peak = 2860.734 ; gain = 0.000 ; free physical = 29034 ; free virtual = 110616
Post Processing Netlist | Checksum: d1d62dcb
INFO: [Opt 31-389] Phase Post Processing Netlist created 0 cells and removed 0 cells

Phase 9 Finalization

Phase 9.1 Finalizing Design Cores and Updating Shapes
Phase 9.1 Finalizing Design Cores and Updating Shapes | Checksum: 1a7c4ccd9

Time (s): cpu = 00:00:00.47 ; elapsed = 00:00:00.46 . Memory (MB): peak = 2860.734 ; gain = 0.000 ; free physical = 29036 ; free virtual = 110617

Phase 9.2 Verifying Netlist Connectivity

Starting Connectivity Check Task

Time (s): cpu = 00:00:00.01 ; elapsed = 00:00:00.04 . Memory (MB): peak = 2860.734 ; gain = 0.000 ; free physical = 29040 ; free virtual = 110621
Phase 9.2 Verifying Netlist Connectivity | Checksum: 1a7c4ccd9

Time (s): cpu = 00:00:00.48 ; elapsed = 00:00:00.5 . Memory (MB): peak = 2860.734 ; gain = 0.000 ; free physical = 29040 ; free virtual = 110621
Phase 9 Finalization | Checksum: 1a7c4ccd9

Time (s): cpu = 00:00:00.48 ; elapsed = 00:00:00.5 . Memory (MB): peak = 2860.734 ; gain = 0.000 ; free physical = 29040 ; free virtual = 110621
Opt_design Change Summary
=========================


-------------------------------------------------------------------------------------------------------------------------
|  Phase                        |  #Cells created  |  #Cells Removed  |  #Constrained objects preventing optimizations  |
-------------------------------------------------------------------------------------------------------------------------
|  Retarget                     |               0  |              14  |                                              0  |
|  Constant propagation         |               0  |               0  |                                              0  |
|  Sweep                        |               0  |               0  |                                              0  |
|  BUFG optimization            |               0  |               0  |                                              0  |
|  Shift Register Optimization  |               0  |               0  |                                              0  |
|  Post Processing Netlist      |               0  |               0  |                                              0  |
-------------------------------------------------------------------------------------------------------------------------


Ending Logic Optimization Task | Checksum: 1a7c4ccd9

Time (s): cpu = 00:00:00.48 ; elapsed = 00:00:00.5 . Memory (MB): peak = 2860.734 ; gain = 0.000 ; free physical = 29040 ; free virtual = 110621

Starting Power Optimization Task
INFO: [Pwropt 34-132] Skipping clock gating for clocks with a period < 2.00 ns.
INFO: [Timing 38-35] Done setting XDC timing constraints.
INFO: [Pwropt 34-9] Applying IDT optimizations ...
INFO: [Pwropt 34-10] Applying ODC optimizations ...
Running Vector-less Activity Propagation...

Finished Running Vector-less Activity Propagation


Starting PowerOpt Patch Enables Task
INFO: [Pwropt 34-162] WRITE_MODE attribute of 0 BRAM(s) out of a total of 10 has been updated to save power. Run report_power_opt to get a complete listing of the BRAMs updated.
INFO: [Pwropt 34-201] Structural ODC has moved 0 WE to EN ports
Number of BRAM Ports augmented: 3 newly gated: 0 Total Ports: 20
Ending PowerOpt Patch Enables Task | Checksum: 21b3ca70b

Time (s): cpu = 00:00:00.03 ; elapsed = 00:00:00.04 . Memory (MB): peak = 2955.801 ; gain = 0.000 ; free physical = 29025 ; free virtual = 110606
Ending Power Optimization Task | Checksum: 21b3ca70b

Time (s): cpu = 00:00:03 ; elapsed = 00:00:02 . Memory (MB): peak = 2955.801 ; gain = 95.066 ; free physical = 29025 ; free virtual = 110606

Starting Final Cleanup Task
Ending Final Cleanup Task | Checksum: 21b3ca70b

Time (s): cpu = 00:00:00 ; elapsed = 00:00:00 . Memory (MB): peak = 2955.801 ; gain = 0.000 ; free physical = 29025 ; free virtual = 110606

Starting Netlist Obfuscation Task
Netlist sorting complete. Time (s): cpu = 00:00:00.02 ; elapsed = 00:00:00.01 . Memory (MB): peak = 2955.801 ; gain = 0.000 ; free physical = 29024 ; free virtual = 110606
Ending Netlist Obfuscation Task | Checksum: 281debcd5

Time (s): cpu = 00:00:00.02 ; elapsed = 00:00:00.02 . Memory (MB): peak = 2955.801 ; gain = 0.000 ; free physical = 29024 ; free virtual = 110606
INFO: [Common 17-83] Releasing license: Implementation
25 Infos, 1 Warnings, 0 Critical Warnings and 0 Errors encountered.
opt_design completed successfully
opt_design: Time (s): cpu = 00:00:07 ; elapsed = 00:00:07 . Memory (MB): peak = 2955.801 ; gain = 376.723 ; free physical = 29024 ; free virtual = 110606
Command: place_design
Attempting to get a license for feature 'Implementation' and/or device 'xc7a35t'
INFO: [Common 17-349] Got license for feature 'Implementation' and/or device 'xc7a35t'
INFO: [Common 17-83] Releasing license: Implementation
INFO: [DRC 23-27] Running DRC with 2 threads
WARNING: [DRC 23-814] Not all possible (connectivity based) DRCs may have been run because this design is seen as Out of Context.
INFO: [Vivado_Tcl 4-198] DRC finished with 0 Errors
INFO: [Vivado_Tcl 4-199] Please refer to the DRC report (report_drc) for more information.
Running DRC as a precondition to command place_design
INFO: [DRC 23-27] Running DRC with 2 threads
WARNING: [DRC 23-814] Not all possible (connectivity based) DRCs may have been run because this design is seen as Out of Context.
INFO: [Vivado_Tcl 4-198] DRC finished with 0 Errors
INFO: [Vivado_Tcl 4-199] Please refer to the DRC report (report_drc) for more information.
INFO: [Place 30-611] Multithreading enabled for place_design using a maximum of 2 CPUs

Starting Placer Task

Phase 1 Placer Initialization

Phase 1.1 Placer Initialization Netlist Sorting
Netlist sorting complete. Time (s): cpu = 00:00:00 ; elapsed = 00:00:00 . Memory (MB): peak = 2955.801 ; gain = 0.000 ; free physical = 29015 ; free virtual = 110596
Phase 1.1 Placer Initialization Netlist Sorting | Checksum: 18e37088c

Time (s): cpu = 00:00:00 ; elapsed = 00:00:00 . Memory (MB): peak = 2955.801 ; gain = 0.000 ; free physical = 29015 ; free virtual = 110596
Netlist sorting complete. Time (s): cpu = 00:00:00 ; elapsed = 00:00:00 . Memory (MB): peak = 2955.801 ; gain = 0.000 ; free physical = 29015 ; free virtual = 110596

Phase 1.2 IO Placement/ Clock Placement/ Build Placer Device
INFO: [Timing 38-35] Done setting XDC timing constraints.
Phase 1.2 IO Placement/ Clock Placement/ Build Placer Device | Checksum: 19e89d65b

Time (s): cpu = 00:00:01 ; elapsed = 00:00:00.76 . Memory (MB): peak = 2955.801 ; gain = 0.000 ; free physical = 29016 ; free virtual = 110598

Phase 1.3 Build Placer Netlist Model
Phase 1.3 Build Placer Netlist Model | Checksum: 28c1f13c7

Time (s): cpu = 00:00:02 ; elapsed = 00:00:02 . Memory (MB): peak = 2955.801 ; gain = 0.000 ; free physical = 30498 ; free virtual = 112068

Phase 1.4 Constrain Clocks/Macros
Phase 1.4 Constrain Clocks/Macros | Checksum: 28c1f13c7

Time (s): cpu = 00:00:02 ; elapsed = 00:00:02 . Memory (MB): peak = 2955.801 ; gain = 0.000 ; free physical = 30501 ; free virtual = 112072
Phase 1 Placer Initialization | Checksum: 28c1f13c7

Time (s): cpu = 00:00:02 ; elapsed = 00:00:02 . Memory (MB): peak = 2955.801 ; gain = 0.000 ; free physical = 30501 ; free virtual = 112073

Phase 2 Global Placement

Phase 2.1 Floorplanning
Phase 2.1 Floorplanning | Checksum: 1c1451608

Time (s): cpu = 00:00:02 ; elapsed = 00:00:02 . Memory (MB): peak = 2955.801 ; gain = 0.000 ; free physical = 30516 ; free virtual = 112089

Phase 2.2 Update Timing before SLR Path Opt
Phase 2.2 Update Timing before SLR Path Opt | Checksum: 1e7a2e6c4

Time (s): cpu = 00:00:03 ; elapsed = 00:00:02 . Memory (MB): peak = 2955.801 ; gain = 0.000 ; free physical = 30508 ; free virtual = 112083

Phase 2.3 Post-Processing in Floorplanning
Phase 2.3 Post-Processing in Floorplanning | Checksum: 1e7a2e6c4

Time (s): cpu = 00:00:03 ; elapsed = 00:00:02 . Memory (MB): peak = 2955.801 ; gain = 0.000 ; free physical = 30515 ; free virtual = 112090

Phase 2.4 Global Place Phase1
Phase 2.4 Global Place Phase1 | Checksum: 33b20ef24

Time (s): cpu = 00:00:05 ; elapsed = 00:00:04 . Memory (MB): peak = 2955.801 ; gain = 0.000 ; free physical = 30493 ; free virtual = 112076

Phase 2.5 Global Place Phase2

Phase 2.5.1 UpdateTiming Before Physical Synthesis
Phase 2.5.1 UpdateTiming Before Physical Synthesis | Checksum: 33b20ef24

Time (s): cpu = 00:00:05 ; elapsed = 00:00:04 . Memory (MB): peak = 2955.801 ; gain = 0.000 ; free physical = 30487 ; free virtual = 112070

Phase 2.5.2 Physical Synthesis In Placer
INFO: [Physopt 32-1035] Found 0 LUTNM shape to break, 259 LUT instances to create LUTNM shape
INFO: [Physopt 32-1044] Break lutnm for timing: one critical 0, two critical 0, total 0, new lutff created 0
INFO: [Physopt 32-1138] End 1 Pass. Optimized 126 nets or LUTs. Breaked 0 LUT, combined 126 existing LUTs and moved 0 existing LUT
INFO: [Physopt 32-65] No nets found for high-fanout optimization.
INFO: [Physopt 32-232] Optimized 0 net. Created 0 new instance.
INFO: [Physopt 32-775] End 1 Pass. Optimized 0 net or cell. Created 0 new cell, deleted 0 existing cell and moved 0 existing cell
INFO: [Physopt 32-670] No setup violation found.  DSP Register Optimization was not performed.
INFO: [Physopt 32-670] No setup violation found.  Shift Register to Pipeline Optimization was not performed.
INFO: [Physopt 32-670] No setup violation found.  Shift Register Optimization was not performed.
INFO: [Physopt 32-670] No setup violation found.  BRAM Register Optimization was not performed.
INFO: [Physopt 32-670] No setup violation found.  URAM Register Optimization was not performed.
INFO: [Physopt 32-949] No candidate nets found for dynamic/static region interface net replication
INFO: [Physopt 32-775] End 1 Pass. Optimized 0 net or cell. Created 0 new cell, deleted 0 existing cell and moved 0 existing cell
Netlist sorting complete. Time (s): cpu = 00:00:00 ; elapsed = 00:00:00 . Memory (MB): peak = 2955.801 ; gain = 0.000 ; free physical = 30482 ; free virtual = 112065

Summary of Physical Synthesis Optimizations
============================================


-----------------------------------------------------------------------------------------------------------------------------------------------------------
|  Optimization                                     |  Added Cells  |  Removed Cells  |  Optimized Cells/Nets  |  Dont Touch  |  Iterations  |  Elapsed   |
-----------------------------------------------------------------------------------------------------------------------------------------------------------
|  LUT Combining                                    |            0  |            126  |                   126  |           0  |           1  |  00:00:00  |
|  Retime                                           |            0  |              0  |                     0  |           0  |           1  |  00:00:00  |
|  Very High Fanout                                 |            0  |              0  |                     0  |           0  |           1  |  00:00:00  |
|  DSP Register                                     |            0  |              0  |                     0  |           0  |           0  |  00:00:00  |
|  Shift Register to Pipeline                       |            0  |              0  |                     0  |           0  |           0  |  00:00:00  |
|  Shift Register                                   |            0  |              0  |                     0  |           0  |           0  |  00:00:00  |
|  BRAM Register                                    |            0  |              0  |                     0  |           0  |           0  |  00:00:00  |
|  URAM Register                                    |            0  |              0  |                     0  |           0  |           0  |  00:00:00  |
|  Dynamic/Static Region Interface Net Replication  |            0  |              0  |                     0  |           0  |           1  |  00:00:00  |
|  Total                                            |            0  |            126  |                   126  |           0  |           4  |  00:00:00  |
-----------------------------------------------------------------------------------------------------------------------------------------------------------


Phase 2.5.2 Physical Synthesis In Placer | Checksum: 2d28c66cf

Time (s): cpu = 00:00:06 ; elapsed = 00:00:05 . Memory (MB): peak = 2955.801 ; gain = 0.000 ; free physical = 30475 ; free virtual = 112056
Phase 2.5 Global Place Phase2 | Checksum: 30703e026

Time (s): cpu = 00:00:06 ; elapsed = 00:00:05 . Memory (MB): peak = 2955.801 ; gain = 0.000 ; free physical = 30480 ; free virtual = 112060
Phase 2 Global Placement | Checksum: 30703e026

Time (s): cpu = 00:00:06 ; elapsed = 00:00:05 . Memory (MB): peak = 2955.801 ; gain = 0.000 ; free physical = 30480 ; free virtual = 112060

Phase 3 Detail Placement

Phase 3.1 Commit Multi Column Macros
Phase 3.1 Commit Multi Column Macros | Checksum: 278a6ae36

Time (s): cpu = 00:00:07 ; elapsed = 00:00:05 . Memory (MB): peak = 2955.801 ; gain = 0.000 ; free physical = 30484 ; free virtual = 112064

Phase 3.2 Commit Most Macros & LUTRAMs
Phase 3.2 Commit Most Macros & LUTRAMs | Checksum: 21a1d656f

Time (s): cpu = 00:00:07 ; elapsed = 00:00:05 . Memory (MB): peak = 2955.801 ; gain = 0.000 ; free physical = 30495 ; free virtual = 112076

Phase 3.3 Area Swap Optimization
Phase 3.3 Area Swap Optimization | Checksum: 276a7671a

Time (s): cpu = 00:00:07 ; elapsed = 00:00:05 . Memory (MB): peak = 2955.801 ; gain = 0.000 ; free physical = 30495 ; free virtual = 112076

Phase 3.4 Pipeline Register Optimization
Phase 3.4 Pipeline Register Optimization | Checksum: 2c050e2fc

Time (s): cpu = 00:00:07 ; elapsed = 00:00:05 . Memory (MB): peak = 2955.801 ; gain = 0.000 ; free physical = 30495 ; free virtual = 112076

Phase 3.5 Small Shape Detail Placement
Phase 3.5 Small Shape Detail Placement | Checksum: 31d0101a4

Time (s): cpu = 00:00:08 ; elapsed = 00:00:06 . Memory (MB): peak = 2955.801 ; gain = 0.000 ; free physical = 30486 ; free virtual = 112067

Phase 3.6 Re-assign LUT pins
Phase 3.6 Re-assign LUT pins | Checksum: 2ac9561cc

Time (s): cpu = 00:00:08 ; elapsed = 00:00:06 . Memory (MB): peak = 2955.801 ; gain = 0.000 ; free physical = 30482 ; free virtual = 112063

Phase 3.7 Pipeline Register Optimization
Phase 3.7 Pipeline Register Optimization | Checksum: 27aebe5ae

Time (s): cpu = 00:00:08 ; elapsed = 00:00:06 . Memory (MB): peak = 2955.801 ; gain = 0.000 ; free physical = 30482 ; free virtual = 112063
Phase 3 Detail Placement | Checksum: 27aebe5ae

Time (s): cpu = 00:00:08 ; elapsed = 00:00:06 . Memory (MB): peak = 2955.801 ; gain = 0.000 ; free physical = 30482 ; free virtual = 112063

Phase 4 Post Placement Optimization and Clean-Up

Phase 4.1 Post Commit Optimization
INFO: [Timing 38-35] Done setting XDC timing constraints.

Phase 4.1.1 Post Placement Optimization
Post Placement Optimization Initialization | Checksum: 2cd8d0dfd

Phase 4.1.1.1 BUFG Insertion

Starting Physical Synthesis Task

Phase 1 Physical Synthesis Initialization
INFO: [Physopt 32-721] Multithreading enabled for phys_opt_design using a maximum of 2 CPUs
INFO: [Physopt 32-619] Estimated Timing Summary | WNS=5.344 | TNS=0.000 |
Phase 1 Physical Synthesis Initialization | Checksum: 29ba5064c

Time (s): cpu = 00:00:00.17 ; elapsed = 00:00:00.12 . Memory (MB): peak = 2955.801 ; gain = 0.000 ; free physical = 30467 ; free virtual = 112048
INFO: [Place 46-56] BUFG insertion identified 0 candidate nets. Inserted BUFG: 0, Replicated BUFG Driver: 0, Skipped due to Placement/Routing Conflicts: 0, Skipped due to Timing Degradation: 0, Skipped due to netlist editing failed: 0.
Ending Physical Synthesis Task | Checksum: 2cdf1ae4e

Time (s): cpu = 00:00:00.2 ; elapsed = 00:00:00.14 . Memory (MB): peak = 2955.801 ; gain = 0.000 ; free physical = 30463 ; free virtual = 112044
Phase 4.1.1.1 BUFG Insertion | Checksum: 2cd8d0dfd

Time (s): cpu = 00:00:10 ; elapsed = 00:00:07 . Memory (MB): peak = 2955.801 ; gain = 0.000 ; free physical = 30463 ; free virtual = 112044

Phase 4.1.1.2 Post Placement Timing Optimization
INFO: [Place 30-746] Post Placement Timing Summary WNS=5.344. For the most accurate timing information please run report_timing.
Phase 4.1.1.2 Post Placement Timing Optimization | Checksum: 24ecb6334

Time (s): cpu = 00:00:10 ; elapsed = 00:00:07 . Memory (MB): peak = 2955.801 ; gain = 0.000 ; free physical = 30470 ; free virtual = 112051

Time (s): cpu = 00:00:10 ; elapsed = 00:00:07 . Memory (MB): peak = 2955.801 ; gain = 0.000 ; free physical = 30470 ; free virtual = 112051
Phase 4.1 Post Commit Optimization | Checksum: 24ecb6334

Time (s): cpu = 00:00:10 ; elapsed = 00:00:08 . Memory (MB): peak = 2955.801 ; gain = 0.000 ; free physical = 30469 ; free virtual = 112050

Phase 4.2 Post Placement Cleanup
Phase 4.2 Post Placement Cleanup | Checksum: 24ecb6334

Time (s): cpu = 00:00:10 ; elapsed = 00:00:08 . Memory (MB): peak = 2955.801 ; gain = 0.000 ; free physical = 30463 ; free virtual = 112044

Phase 4.3 Placer Reporting

Phase 4.3.1 Print Estimated Congestion
INFO: [Place 30-612] Post-Placement Estimated Congestion
 ____________________________________________________
|           | Global Congestion | Short Congestion  |
| Direction | Region Size       | Region Size       |
|___________|___________________|___________________|
|      North|                1x1|                1x1|
|___________|___________________|___________________|
|      South|                1x1|                1x1|
|___________|___________________|___________________|
|       East|                1x1|                1x1|
|___________|___________________|___________________|
|       West|                1x1|                2x2|
|___________|___________________|___________________|

Phase 4.3.1 Print Estimated Congestion | Checksum: 24ecb6334

Time (s): cpu = 00:00:10 ; elapsed = 00:00:08 . Memory (MB): peak = 2955.801 ; gain = 0.000 ; free physical = 30485 ; free virtual = 112066
Phase 4.3 Placer Reporting | Checksum: 24ecb6334

Time (s): cpu = 00:00:10 ; elapsed = 00:00:08 . Memory (MB): peak = 2955.801 ; gain = 0.000 ; free physical = 30481 ; free virtual = 112063

Phase 4.4 Final Placement Cleanup
Netlist sorting complete. Time (s): cpu = 00:00:00 ; elapsed = 00:00:00 . Memory (MB): peak = 2955.801 ; gain = 0.000 ; free physical = 30482 ; free virtual = 112063

Time (s): cpu = 00:00:10 ; elapsed = 00:00:08 . Memory (MB): peak = 2955.801 ; gain = 0.000 ; free physical = 30482 ; free virtual = 112063
Phase 4 Post Placement Optimization and Clean-Up | Checksum: 2709289a1

Time (s): cpu = 00:00:10 ; elapsed = 00:00:08 . Memory (MB): peak = 2955.801 ; gain = 0.000 ; free physical = 30483 ; free virtual = 112064
Ending Placer Task | Checksum: 1fc112072

Time (s): cpu = 00:00:10 ; elapsed = 00:00:08 . Memory (MB): peak = 2955.801 ; gain = 0.000 ; free physical = 30479 ; free virtual = 112060
54 Infos, 3 Warnings, 0 Critical Warnings and 0 Errors encountered.
place_design completed successfully
place_design: Time (s): cpu = 00:00:13 ; elapsed = 00:00:10 . Memory (MB): peak = 2955.801 ; gain = 0.000 ; free physical = 30474 ; free virtual = 112055
Command: route_design
Attempting to get a license for feature 'Implementation' and/or device 'xc7a35t'
INFO: [Common 17-349] Got license for feature 'Implementation' and/or device 'xc7a35t'


Starting Routing Task
INFO: [Route 35-254] Multithreading enabled for route_design using a maximum of 2 CPUs

Phase 1 Build RT Design
Checksum: PlaceDB: 850e5fa3 ConstDB: 0 ShapeSum: d6816478 RouteDB: a0815c57
WARNING: [Route 35-197] Clock port "clk" does not have an associated HD.CLK_SRC. Without this constraint, timing analysis may not be accurate and upstream checks cannot be done to ensure correct clock placement.
WARNING: [Route 35-198] Port "rst" does not have an associated HD.PARTPIN_LOCS, which will prevent the partial routing of the signal "rst". Without this partial route, timing analysis to/from this port will not be accurate, and no routing information for this port can be exported.
WARNING: [Route 35-198] Port "in_frame_id[30]" does not have an associated HD.PARTPIN_LOCS, which will prevent the partial routing of the signal "in_frame_id[30]". Without this partial route, timing analysis to/from this port will not be accurate, and no routing information for this port can be exported.
WARNING: [Route 35-198] Port "in_frame_id[29]" does not have an associated HD.PARTPIN_LOCS, which will prevent the partial routing of the signal "in_frame_id[29]". Without this partial route, timing analysis to/from this port will not be accurate, and no routing information for this port can be exported.
WARNING: [Route 35-198] Port "in_frame_id[28]" does not have an associated HD.PARTPIN_LOCS, which will prevent the partial routing of the signal "in_frame_id[28]". Without this partial route, timing analysis to/from this port will not be accurate, and no routing information for this port can be exported.
WARNING: [Route 35-198] Port "in_frame_id[31]" does not have an associated HD.PARTPIN_LOCS, which will prevent the partial routing of the signal "in_frame_id[31]". Without this partial route, timing analysis to/from this port will not be accurate, and no routing information for this port can be exported.
WARNING: [Route 35-198] Port "in_frame_id[27]" does not have an associated HD.PARTPIN_LOCS, which will prevent the partial routing of the signal "in_frame_id[27]". Without this partial route, timing analysis to/from this port will not be accurate, and no routing information for this port can be exported.
WARNING: [Route 35-198] Port "in_frame_id[26]" does not have an associated HD.PARTPIN_LOCS, which will prevent the partial routing of the signal "in_frame_id[26]". Without this partial route, timing analysis to/from this port will not be accurate, and no routing information for this port can be exported.
WARNING: [Route 35-198] Port "in_frame_id[21]" does not have an associated HD.PARTPIN_LOCS, which will prevent the partial routing of the signal "in_frame_id[21]". Without this partial route, timing analysis to/from this port will not be accurate, and no routing information for this port can be exported.
WARNING: [Route 35-198] Port "in_frame_id[20]" does not have an associated HD.PARTPIN_LOCS, which will prevent the partial routing of the signal "in_frame_id[20]". Without this partial route, timing analysis to/from this port will not be accurate, and no routing information for this port can be exported.
WARNING: [Route 35-198] Port "in_frame_id[19]" does not have an associated HD.PARTPIN_LOCS, which will prevent the partial routing of the signal "in_frame_id[19]". Without this partial route, timing analysis to/from this port will not be accurate, and no routing information for this port can be exported.
WARNING: [Route 35-198] Port "in_frame_id[18]" does not have an associated HD.PARTPIN_LOCS, which will prevent the partial routing of the signal "in_frame_id[18]". Without this partial route, timing analysis to/from this port will not be accurate, and no routing information for this port can be exported.
WARNING: [Route 35-198] Port "in_frame_id[25]" does not have an associated HD.PARTPIN_LOCS, which will prevent the partial routing of the signal "in_frame_id[25]". Without this partial route, timing analysis to/from this port will not be accurate, and no routing information for this port can be exported.
WARNING: [Route 35-198] Port "in_frame_id[24]" does not have an associated HD.PARTPIN_LOCS, which will prevent the partial routing of the signal "in_frame_id[24]". Without this partial route, timing analysis to/from this port will not be accurate, and no routing information for this port can be exported.
WARNING: [Route 35-198] Port "in_frame_id[23]" does not have an associated HD.PARTPIN_LOCS, which will prevent the partial routing of the signal "in_frame_id[23]". Without this partial route, timing analysis to/from this port will not be accurate, and no routing information for this port can be exported.
WARNING: [Route 35-198] Port "in_frame_id[22]" does not have an associated HD.PARTPIN_LOCS, which will prevent the partial routing of the signal "in_frame_id[22]". Without this partial route, timing analysis to/from this port will not be accurate, and no routing information for this port can be exported.
WARNING: [Route 35-198] Port "in_frame_id[9]" does not have an associated HD.PARTPIN_LOCS, which will prevent the partial routing of the signal "in_frame_id[9]". Without this partial route, timing analysis to/from this port will not be accurate, and no routing information for this port can be exported.
WARNING: [Route 35-198] Port "in_frame_id[8]" does not have an associated HD.PARTPIN_LOCS, which will prevent the partial routing of the signal "in_frame_id[8]". Without this partial route, timing analysis to/from this port will not be accurate, and no routing information for this port can be exported.
WARNING: [Route 35-198] Port "in_frame_id[17]" does not have an associated HD.PARTPIN_LOCS, which will prevent the partial routing of the signal "in_frame_id[17]". Without this partial route, timing analysis to/from this port will not be accurate, and no routing information for this port can be exported.
WARNING: [Route 35-198] Port "in_frame_id[16]" does not have an associated HD.PARTPIN_LOCS, which will prevent the partial routing of the signal "in_frame_id[16]". Without this partial route, timing analysis to/from this port will not be accurate, and no routing information for this port can be exported.
WARNING: [Route 35-198] Port "in_frame_id[15]" does not have an associated HD.PARTPIN_LOCS, which will prevent the partial routing of the signal "in_frame_id[15]". Without this partial route, timing analysis to/from this port will not be accurate, and no routing information for this port can be exported.
WARNING: [Route 35-198] Port "in_frame_id[14]" does not have an associated HD.PARTPIN_LOCS, which will prevent the partial routing of the signal "in_frame_id[14]". Without this partial route, timing analysis to/from this port will not be accurate, and no routing information for this port can be exported.
WARNING: [Route 35-198] Port "in_frame_id[5]" does not have an associated HD.PARTPIN_LOCS, which will prevent the partial routing of the signal "in_frame_id[5]". Without this partial route, timing analysis to/from this port will not be accurate, and no routing information for this port can be exported.
WARNING: [Route 35-198] Port "in_frame_id[4]" does not have an associated HD.PARTPIN_LOCS, which will prevent the partial routing of the signal "in_frame_id[4]". Without this partial route, timing analysis to/from this port will not be accurate, and no routing information for this port can be exported.
WARNING: [Route 35-198] Port "in_frame_id[13]" does not have an associated HD.PARTPIN_LOCS, which will prevent the partial routing of the signal "in_frame_id[13]". Without this partial route, timing analysis to/from this port will not be accurate, and no routing information for this port can be exported.
WARNING: [Route 35-198] Port "in_frame_id[12]" does not have an associated HD.PARTPIN_LOCS, which will prevent the partial routing of the signal "in_frame_id[12]". Without this partial route, timing analysis to/from this port will not be accurate, and no routing information for this port can be exported.
WARNING: [Route 35-198] Port "in_frame_id[7]" does not have an associated HD.PARTPIN_LOCS, which will prevent the partial routing of the signal "in_frame_id[7]". Without this partial route, timing analysis to/from this port will not be accurate, and no routing information for this port can be exported.
WARNING: [Route 35-198] Port "in_frame_id[6]" does not have an associated HD.PARTPIN_LOCS, which will prevent the partial routing of the signal "in_frame_id[6]". Without this partial route, timing analysis to/from this port will not be accurate, and no routing information for this port can be exported.
WARNING: [Route 35-198] Port "in_frame_id[11]" does not have an associated HD.PARTPIN_LOCS, which will prevent the partial routing of the signal "in_frame_id[11]". Without this partial route, timing analysis to/from this port will not be accurate, and no routing information for this port can be exported.
WARNING: [Route 35-198] Port "in_frame_id[10]" does not have an associated HD.PARTPIN_LOCS, which will prevent the partial routing of the signal "in_frame_id[10]". Without this partial route, timing analysis to/from this port will not be accurate, and no routing information for this port can be exported.
WARNING: [Route 35-198] Port "in_frame_id[1]" does not have an associated HD.PARTPIN_LOCS, which will prevent the partial routing of the signal "in_frame_id[1]". Without this partial route, timing analysis to/from this port will not be accurate, and no routing information for this port can be exported.
WARNING: [Route 35-198] Port "in_frame_id[0]" does not have an associated HD.PARTPIN_LOCS, which will prevent the partial routing of the signal "in_frame_id[0]". Without this partial route, timing analysis to/from this port will not be accurate, and no routing information for this port can be exported.
WARNING: [Route 35-198] Port "in_frame_id[3]" does not have an associated HD.PARTPIN_LOCS, which will prevent the partial routing of the signal "in_frame_id[3]". Without this partial route, timing analysis to/from this port will not be accurate, and no routing information for this port can be exported.
WARNING: [Route 35-198] Port "in_frame_id[2]" does not have an associated HD.PARTPIN_LOCS, which will prevent the partial routing of the signal "in_frame_id[2]". Without this partial route, timing analysis to/from this port will not be accurate, and no routing information for this port can be exported.
WARNING: [Route 35-198] Port "out_ready" does not have an associated HD.PARTPIN_LOCS, which will prevent the partial routing of the signal "out_ready". Without this partial route, timing analysis to/from this port will not be accurate, and no routing information for this port can be exported.
WARNING: [Route 35-198] Port "in_valid" does not have an associated HD.PARTPIN_LOCS, which will prevent the partial routing of the signal "in_valid". Without this partial route, timing analysis to/from this port will not be accurate, and no routing information for this port can be exported.
WARNING: [Route 35-198] Port "in_sample[15]" does not have an associated HD.PARTPIN_LOCS, which will prevent the partial routing of the signal "in_sample[15]". Without this partial route, timing analysis to/from this port will not be accurate, and no routing information for this port can be exported.
WARNING: [Route 35-198] Port "in_sample[14]" does not have an associated HD.PARTPIN_LOCS, which will prevent the partial routing of the signal "in_sample[14]". Without this partial route, timing analysis to/from this port will not be accurate, and no routing information for this port can be exported.
WARNING: [Route 35-198] Port "in_sample[13]" does not have an associated HD.PARTPIN_LOCS, which will prevent the partial routing of the signal "in_sample[13]". Without this partial route, timing analysis to/from this port will not be accurate, and no routing information for this port can be exported.
WARNING: [Route 35-198] Port "in_sample[12]" does not have an associated HD.PARTPIN_LOCS, which will prevent the partial routing of the signal "in_sample[12]". Without this partial route, timing analysis to/from this port will not be accurate, and no routing information for this port can be exported.
WARNING: [Route 35-198] Port "in_sample[11]" does not have an associated HD.PARTPIN_LOCS, which will prevent the partial routing of the signal "in_sample[11]". Without this partial route, timing analysis to/from this port will not be accurate, and no routing information for this port can be exported.
WARNING: [Route 35-198] Port "in_sample[10]" does not have an associated HD.PARTPIN_LOCS, which will prevent the partial routing of the signal "in_sample[10]". Without this partial route, timing analysis to/from this port will not be accurate, and no routing information for this port can be exported.
WARNING: [Route 35-198] Port "in_sample[9]" does not have an associated HD.PARTPIN_LOCS, which will prevent the partial routing of the signal "in_sample[9]". Without this partial route, timing analysis to/from this port will not be accurate, and no routing information for this port can be exported.
WARNING: [Route 35-198] Port "in_last" does not have an associated HD.PARTPIN_LOCS, which will prevent the partial routing of the signal "in_last". Without this partial route, timing analysis to/from this port will not be accurate, and no routing information for this port can be exported.
WARNING: [Route 35-198] Port "in_sample[8]" does not have an associated HD.PARTPIN_LOCS, which will prevent the partial routing of the signal "in_sample[8]". Without this partial route, timing analysis to/from this port will not be accurate, and no routing information for this port can be exported.
WARNING: [Route 35-198] Port "in_sample[7]" does not have an associated HD.PARTPIN_LOCS, which will prevent the partial routing of the signal "in_sample[7]". Without this partial route, timing analysis to/from this port will not be accurate, and no routing information for this port can be exported.
WARNING: [Route 35-198] Port "in_sample[6]" does not have an associated HD.PARTPIN_LOCS, which will prevent the partial routing of the signal "in_sample[6]". Without this partial route, timing analysis to/from this port will not be accurate, and no routing information for this port can be exported.
WARNING: [Route 35-198] Port "in_sample[5]" does not have an associated HD.PARTPIN_LOCS, which will prevent the partial routing of the signal "in_sample[5]". Without this partial route, timing analysis to/from this port will not be accurate, and no routing information for this port can be exported.
WARNING: [Route 35-198] Port "in_sample[1]" does not have an associated HD.PARTPIN_LOCS, which will prevent the partial routing of the signal "in_sample[1]". Without this partial route, timing analysis to/from this port will not be accurate, and no routing information for this port can be exported.
WARNING: [Route 35-198] Port "in_sample[4]" does not have an associated HD.PARTPIN_LOCS, which will prevent the partial routing of the signal "in_sample[4]". Without this partial route, timing analysis to/from this port will not be accurate, and no routing information for this port can be exported.
WARNING: [Route 35-198] Port "in_sample[3]" does not have an associated HD.PARTPIN_LOCS, which will prevent the partial routing of the signal "in_sample[3]". Without this partial route, timing analysis to/from this port will not be accurate, and no routing information for this port can be exported.
WARNING: [Route 35-198] Port "in_sample[2]" does not have an associated HD.PARTPIN_LOCS, which will prevent the partial routing of the signal "in_sample[2]". Without this partial route, timing analysis to/from this port will not be accurate, and no routing information for this port can be exported.
WARNING: [Route 35-198] Port "in_sample[0]" does not have an associated HD.PARTPIN_LOCS, which will prevent the partial routing of the signal "in_sample[0]". Without this partial route, timing analysis to/from this port will not be accurate, and no routing information for this port can be exported.
WARNING: [Constraints 18-8777] Unable to split tiles. All required files are not available.
Post Restoration Checksum: NetGraph: 7e5dab29 | NumContArr: 81686f85 | Constraints: c2a8fa9d | Timing: c2a8fa9d
Phase 1 Build RT Design | Checksum: 285180fe8

Time (s): cpu = 00:00:20 ; elapsed = 00:00:18 . Memory (MB): peak = 2955.801 ; gain = 0.000 ; free physical = 31762 ; free virtual = 113476

Phase 2 Router Initialization

Phase 2.1 Fix Topology Constraints
Phase 2.1 Fix Topology Constraints | Checksum: 285180fe8

Time (s): cpu = 00:00:20 ; elapsed = 00:00:18 . Memory (MB): peak = 2955.801 ; gain = 0.000 ; free physical = 31762 ; free virtual = 113476

Phase 2.2 Pre Route Cleanup
Phase 2.2 Pre Route Cleanup | Checksum: 285180fe8

Time (s): cpu = 00:00:20 ; elapsed = 00:00:18 . Memory (MB): peak = 2955.801 ; gain = 0.000 ; free physical = 31762 ; free virtual = 113476
 Number of Nodes with overlaps = 0

Phase 2.3 Update Timing
Phase 2.3 Update Timing | Checksum: 282c52014

Time (s): cpu = 00:00:21 ; elapsed = 00:00:18 . Memory (MB): peak = 2955.801 ; gain = 0.000 ; free physical = 31752 ; free virtual = 113469
INFO: [Route 35-416] Intermediate Timing Summary | WNS=5.458  | TNS=0.000  | WHS=0.133  | THS=0.000  |


Router Utilization Summary
  Global Vertical Routing Utilization    = 0 %
  Global Horizontal Routing Utilization  = 0 %
  Routable Net Status*
  *Does not include unroutable nets such as driverless and loadless.
  Run report_route_status for detailed report.
  Number of Failed Nets               = 3520
    (Failed Nets is the sum of unrouted and partially routed nets)
  Number of Unrouted Nets             = 3520
  Number of Partially Routed Nets     = 0
  Number of Node Overlaps             = 0

Phase 2 Router Initialization | Checksum: 224c89efe

Time (s): cpu = 00:00:22 ; elapsed = 00:00:19 . Memory (MB): peak = 2955.801 ; gain = 0.000 ; free physical = 31750 ; free virtual = 113466

Phase 3 Global Routing
Phase 3 Global Routing | Checksum: 224c89efe

Time (s): cpu = 00:00:22 ; elapsed = 00:00:19 . Memory (MB): peak = 2955.801 ; gain = 0.000 ; free physical = 31750 ; free virtual = 113466

Phase 4 Initial Routing

Phase 4.1 Initial Net Routing Pass
Phase 4.1 Initial Net Routing Pass | Checksum: 264b24581

Time (s): cpu = 00:00:23 ; elapsed = 00:00:20 . Memory (MB): peak = 2955.801 ; gain = 0.000 ; free physical = 31746 ; free virtual = 113462
Phase 4 Initial Routing | Checksum: 264b24581

Time (s): cpu = 00:00:23 ; elapsed = 00:00:20 . Memory (MB): peak = 2955.801 ; gain = 0.000 ; free physical = 31746 ; free virtual = 113463

Phase 5 Rip-up And Reroute

Phase 5.1 Global Iteration 0
 Number of Nodes with overlaps = 176
 Number of Nodes with overlaps = 3
 Number of Nodes with overlaps = 0
INFO: [Route 35-416] Intermediate Timing Summary | WNS=5.545  | TNS=0.000  | WHS=N/A    | THS=N/A    |

Phase 5.1 Global Iteration 0 | Checksum: 1bde3a4d9

Time (s): cpu = 00:00:25 ; elapsed = 00:00:21 . Memory (MB): peak = 2955.801 ; gain = 0.000 ; free physical = 31684 ; free virtual = 113401
Phase 5 Rip-up And Reroute | Checksum: 1bde3a4d9

Time (s): cpu = 00:00:25 ; elapsed = 00:00:21 . Memory (MB): peak = 2955.801 ; gain = 0.000 ; free physical = 31684 ; free virtual = 113401

Phase 6 Delay and Skew Optimization

Phase 6.1 Delay CleanUp
Phase 6.1 Delay CleanUp | Checksum: 1bde3a4d9

Time (s): cpu = 00:00:25 ; elapsed = 00:00:21 . Memory (MB): peak = 2955.801 ; gain = 0.000 ; free physical = 31684 ; free virtual = 113401

Phase 6.2 Clock Skew Optimization
Phase 6.2 Clock Skew Optimization | Checksum: 1bde3a4d9

Time (s): cpu = 00:00:25 ; elapsed = 00:00:21 . Memory (MB): peak = 2955.801 ; gain = 0.000 ; free physical = 31684 ; free virtual = 113401
Phase 6 Delay and Skew Optimization | Checksum: 1bde3a4d9

Time (s): cpu = 00:00:25 ; elapsed = 00:00:21 . Memory (MB): peak = 2955.801 ; gain = 0.000 ; free physical = 31684 ; free virtual = 113401

Phase 7 Post Hold Fix

Phase 7.1 Hold Fix Iter
INFO: [Route 35-416] Intermediate Timing Summary | WNS=5.545  | TNS=0.000  | WHS=0.150  | THS=0.000  |

Phase 7.1 Hold Fix Iter | Checksum: 1c99e5c6d

Time (s): cpu = 00:00:25 ; elapsed = 00:00:21 . Memory (MB): peak = 2955.801 ; gain = 0.000 ; free physical = 31677 ; free virtual = 113395
Phase 7 Post Hold Fix | Checksum: 1c99e5c6d

Time (s): cpu = 00:00:25 ; elapsed = 00:00:21 . Memory (MB): peak = 2955.801 ; gain = 0.000 ; free physical = 31677 ; free virtual = 113395

Phase 8 Route finalize

Router Utilization Summary
  Global Vertical Routing Utilization    = 0.822531 %
  Global Horizontal Routing Utilization  = 1.36439 %
  Routable Net Status*
  *Does not include unroutable nets such as driverless and loadless.
  Run report_route_status for detailed report.
  Number of Failed Nets               = 0
    (Failed Nets is the sum of unrouted and partially routed nets)
  Number of Unrouted Nets             = 0
  Number of Partially Routed Nets     = 0
  Number of Node Overlaps             = 0

Phase 8 Route finalize | Checksum: 1c99e5c6d

Time (s): cpu = 00:00:26 ; elapsed = 00:00:21 . Memory (MB): peak = 2955.801 ; gain = 0.000 ; free physical = 31676 ; free virtual = 113396

Phase 9 Verifying routed nets

 Verification completed successfully
Phase 9 Verifying routed nets | Checksum: 1c99e5c6d

Time (s): cpu = 00:00:26 ; elapsed = 00:00:21 . Memory (MB): peak = 2955.801 ; gain = 0.000 ; free physical = 31676 ; free virtual = 113396

Phase 10 Depositing Routes
Phase 10 Depositing Routes | Checksum: 1a8fe9b84

Time (s): cpu = 00:00:26 ; elapsed = 00:00:21 . Memory (MB): peak = 2955.801 ; gain = 0.000 ; free physical = 31668 ; free virtual = 113390

Phase 11 Post Process Routing
Phase 11 Post Process Routing | Checksum: 1a8fe9b84

Time (s): cpu = 00:00:26 ; elapsed = 00:00:21 . Memory (MB): peak = 2955.801 ; gain = 0.000 ; free physical = 31668 ; free virtual = 113390

Phase 12 Post Router Timing
INFO: [Route 35-57] Estimated Timing Summary | WNS=5.545  | TNS=0.000  | WHS=0.150  | THS=0.000  |

INFO: [Route 35-327] The final timing numbers are based on the router estimated timing analysis. For a complete and accurate timing signoff, please run report_timing_summary.
Phase 12 Post Router Timing | Checksum: 1a8fe9b84

Time (s): cpu = 00:00:26 ; elapsed = 00:00:21 . Memory (MB): peak = 2955.801 ; gain = 0.000 ; free physical = 31668 ; free virtual = 113390
Total Elapsed time in route_design: 21.4 secs

Phase 13 Post-Route Event Processing
Phase 13 Post-Route Event Processing | Checksum: 243d49458

Time (s): cpu = 00:00:26 ; elapsed = 00:00:21 . Memory (MB): peak = 2955.801 ; gain = 0.000 ; free physical = 31667 ; free virtual = 113390
INFO: [Route 35-16] Router Completed Successfully
Ending Routing Task | Checksum: 243d49458

Time (s): cpu = 00:00:26 ; elapsed = 00:00:21 . Memory (MB): peak = 2955.801 ; gain = 0.000 ; free physical = 31667 ; free virtual = 113390

Routing Is Done.
INFO: [Common 17-83] Releasing license: Implementation
63 Infos, 57 Warnings, 0 Critical Warnings and 0 Errors encountered.
route_design completed successfully
route_design: Time (s): cpu = 00:00:26 ; elapsed = 00:00:22 . Memory (MB): peak = 2955.801 ; gain = 0.000 ; free physical = 31667 ; free virtual = 113389
INFO: [Timing 38-91] UpdateTimingParams: Speed grade: -1, Delay Type: min_max.
INFO: [Timing 38-191] Multithreading enabled for timing update using a maximum of 2 CPUs
WARNING: [Timing 38-242] The property HD.CLK_SRC of clock port "clk" is not set. In out-of-context mode, this prevents timing estimation for clock delay/skew
Resolution: Set the HD.CLK_SRC property of the out-of-context port to the location of the clock buffer instance in the top-level design
INFO: [Timing 38-91] UpdateTimingParams: Speed grade: -1, Delay Type: max.
INFO: [Timing 38-191] Multithreading enabled for timing update using a maximum of 2 CPUs
INFO: [Timing 38-78] ReportTimingParams: -from_pins  -to_pins  -max_paths 20 -nworst 1 -delay_type max -sort_by slack.
INFO: [Timing 38-91] UpdateTimingParams: Speed grade: -1, Delay Type: min.
INFO: [Timing 38-191] Multithreading enabled for timing update using a maximum of 2 CPUs
INFO: [Timing 38-78] ReportTimingParams: -max_paths 20 -nworst 1 -delay_type min -sort_by slack.
Command: report_drc -file drc.rpt
INFO: [IP_Flow 19-234] Refreshing IP repositories
INFO: [IP_Flow 19-1704] No user IP repositories specified
INFO: [IP_Flow 19-2313] Loaded Vivado IP repository '/project/engineering/xilinx/2024.2/Vivado/2024.2/data/ip'.
INFO: [DRC 23-27] Running DRC with 2 threads
WARNING: [DRC 23-814] Not all possible (connectivity based) DRCs may have been run because this design is seen as Out of Context.
INFO: [Vivado_Tcl 2-168] The results of DRC are in file LAB_HOME/LAB_USER/digital_ic_vivado/portability-c-id06-l4-vivado-r4/drc.rpt.
report_drc completed successfully
INFO: [Timing 38-480] Writing timing data to binary archive.
Write ShapeDB Complete: Time (s): cpu = 00:00:00.01 ; elapsed = 00:00:00.01 . Memory (MB): peak = 2955.801 ; gain = 0.000 ; free physical = 31353 ; free virtual = 113117
Wrote PlaceDB: Time (s): cpu = 00:00:00.4 ; elapsed = 00:00:00.23 . Memory (MB): peak = 2955.801 ; gain = 0.000 ; free physical = 31363 ; free virtual = 113134
Wrote PulsedLatchDB: Time (s): cpu = 00:00:00 ; elapsed = 00:00:00 . Memory (MB): peak = 2955.801 ; gain = 0.000 ; free physical = 31371 ; free virtual = 113142
Writing XDEF routing.
Writing XDEF routing logical nets.
Writing XDEF routing special nets.
Wrote RouteStorage: Time (s): cpu = 00:00:00.1 ; elapsed = 00:00:00.06 . Memory (MB): peak = 2955.801 ; gain = 0.000 ; free physical = 31358 ; free virtual = 113127
Wrote Netlist Cache: Time (s): cpu = 00:00:00.01 ; elapsed = 00:00:00.01 . Memory (MB): peak = 2955.801 ; gain = 0.000 ; free physical = 31354 ; free virtual = 113123
Wrote Device Cache: Time (s): cpu = 00:00:00 ; elapsed = 00:00:00 . Memory (MB): peak = 2955.801 ; gain = 0.000 ; free physical = 31352 ; free virtual = 113122
Write Physdb Complete: Time (s): cpu = 00:00:00.57 ; elapsed = 00:00:00.4 . Memory (MB): peak = 2955.801 ; gain = 0.000 ; free physical = 31348 ; free virtual = 113117
INFO: [Common 17-1381] The checkpoint 'LAB_HOME/LAB_USER/digital_ic_vivado/portability-c-id06-l4-vivado-r4/routed.dcp' has been generated.
WARNING: [Vivado 12-180] No cells matched 'get_cells -hier -filter {IS_BLACKBOX == 1}'.
# puts VIVADO_PORTABILITY_COMPLETE
VIVADO_PORTABILITY_COMPLETE
INFO: [Common 17-206] Exiting Vivado at Tue Oct  6 05:28:31 2026...
