Copyright 1986-2022 Xilinx, Inc. All Rights Reserved. Copyright 2022-2024 Advanced Micro Devices, Inc. All Rights Reserved.
---------------------------------------------------------------------------------------------------------------------------------------------
| Tool Version : Vivado v.2024.2 (lin64) Build 5239630 Fri Nov 08 22:34:34 MST 2024
| Date         : Tue Oct  6 05:25:40 2026
| Host         : LAB_HOST.engr.wustl.edu running 64-bit Rocky Linux release 8.10 (Green Obsidian)
| Command      : report_timing_summary -delay_type min_max -report_unconstrained -file timing_summary.rpt
| Design       : known_spectral_core
| Device       : 7a35t-cpg236
| Speed File   : -1  PRODUCTION 1.23 2018-06-13
| Design State : Routed
---------------------------------------------------------------------------------------------------------------------------------------------

Timing Summary Report

------------------------------------------------------------------------------------------------
| Timer Settings
| --------------
------------------------------------------------------------------------------------------------

  Enable Multi Corner Analysis               :  Yes
  Enable Pessimism Removal                   :  Yes
  Pessimism Removal Resolution               :  Nearest Common Node
  Enable Input Delay Default Clock           :  No
  Enable Preset / Clear Arcs                 :  No
  Disable Flight Delays                      :  No
  Ignore I/O Paths                           :  No
  Timing Early Launch at Borrowing Latches   :  No
  Borrow Time for Max Delay Exceptions       :  Yes
  Merge Timing Exceptions                    :  Yes
  Inter-SLR Compensation                     :  Conservative

  Corner  Analyze    Analyze
  Name    Max Paths  Min Paths
  ------  ---------  ---------
  Slow    Yes        Yes
  Fast    Yes        Yes


------------------------------------------------------------------------------------------------
| Report Methodology
| ------------------
------------------------------------------------------------------------------------------------

No report available as report_methodology has not been run prior. Run report_methodology on the current design for the summary of methodology violations.



check_timing report

Table of Contents
-----------------
1. checking no_clock (0)
2. checking constant_clock (0)
3. checking pulse_width_clock (0)
4. checking unconstrained_internal_endpoints (0)
5. checking no_input_delay (0)
6. checking no_output_delay (0)
7. checking multiple_clock (0)
8. checking generated_clocks (0)
9. checking loops (0)
10. checking partial_input_delay (0)
11. checking partial_output_delay (0)
12. checking latch_loops (0)

1. checking no_clock (0)
------------------------
 There are 0 register/latch pins with no clock.


2. checking constant_clock (0)
------------------------------
 There are 0 register/latch pins with constant_clock.


3. checking pulse_width_clock (0)
---------------------------------
 There are 0 register/latch pins which need pulse_width check


4. checking unconstrained_internal_endpoints (0)
------------------------------------------------
 There are 0 pins that are not constrained for maximum delay.

 There are 0 pins that are not constrained for maximum delay due to constant clock.


5. checking no_input_delay (0)
------------------------------
 There are 0 input ports with no input delay specified.

 There are 0 input ports with no input delay but user has a false path constraint.


6. checking no_output_delay (0)
-------------------------------
 There are 0 ports with no output delay specified.

 There are 0 ports with no output delay but user has a false path constraint

 There are 0 ports with no output delay but with a timing clock defined on it or propagating through it


7. checking multiple_clock (0)
------------------------------
 There are 0 register/latch pins with multiple clocks.


8. checking generated_clocks (0)
--------------------------------
 There are 0 generated clocks that are not connected to a clock source.


9. checking loops (0)
---------------------
 There are 0 combinational loops in the design.


10. checking partial_input_delay (0)
------------------------------------
 There are 0 input ports with partial input delay specified.


11. checking partial_output_delay (0)
-------------------------------------
 There are 0 ports with partial output delay specified.


12. checking latch_loops (0)
----------------------------
 There are 0 combinational latch loops in the design through latch input



------------------------------------------------------------------------------------------------
| Design Timing Summary
| ---------------------
------------------------------------------------------------------------------------------------

    WNS(ns)      TNS(ns)  TNS Failing Endpoints  TNS Total Endpoints      WHS(ns)      THS(ns)  THS Failing Endpoints  THS Total Endpoints     WPWS(ns)     TPWS(ns)  TPWS Failing Endpoints  TPWS Total Endpoints
    -------      -------  ---------------------  -------------------      -------      -------  ---------------------  -------------------     --------     --------  ----------------------  --------------------
      2.759        0.000                      0                 4668        0.110        0.000                      0                 4668        9.500        0.000                       0                  1323


All user specified timing constraints are met.


------------------------------------------------------------------------------------------------
| Clock Summary
| -------------
------------------------------------------------------------------------------------------------

Clock  Waveform(ns)       Period(ns)      Frequency(MHz)
-----  ------------       ----------      --------------
clk    {0.000 10.000}     20.000          50.000


------------------------------------------------------------------------------------------------
| Intra Clock Table
| -----------------
------------------------------------------------------------------------------------------------

Clock             WNS(ns)      TNS(ns)  TNS Failing Endpoints  TNS Total Endpoints      WHS(ns)      THS(ns)  THS Failing Endpoints  THS Total Endpoints     WPWS(ns)     TPWS(ns)  TPWS Failing Endpoints  TPWS Total Endpoints
-----             -------      -------  ---------------------  -------------------      -------      -------  ---------------------  -------------------     --------     --------  ----------------------  --------------------
clk                 2.759        0.000                      0                 4668        0.110        0.000                      0                 4668        9.500        0.000                       0                  1323


------------------------------------------------------------------------------------------------
| Inter Clock Table
| -----------------
------------------------------------------------------------------------------------------------

From Clock    To Clock          WNS(ns)      TNS(ns)  TNS Failing Endpoints  TNS Total Endpoints      WHS(ns)      THS(ns)  THS Failing Endpoints  THS Total Endpoints
----------    --------          -------      -------  ---------------------  -------------------      -------      -------  ---------------------  -------------------


------------------------------------------------------------------------------------------------
| Other Path Groups Table
| -----------------------
------------------------------------------------------------------------------------------------

Path Group    From Clock    To Clock          WNS(ns)      TNS(ns)  TNS Failing Endpoints  TNS Total Endpoints      WHS(ns)      THS(ns)  THS Failing Endpoints  THS Total Endpoints
----------    ----------    --------          -------      -------  ---------------------  -------------------      -------      -------  ---------------------  -------------------


------------------------------------------------------------------------------------------------
| User Ignored Path Table
| -----------------------
------------------------------------------------------------------------------------------------

Path Group    From Clock    To Clock
----------    ----------    --------


------------------------------------------------------------------------------------------------
| Unconstrained Path Table
| ------------------------
------------------------------------------------------------------------------------------------

Path Group    From Clock    To Clock
----------    ----------    --------


------------------------------------------------------------------------------------------------
| Timing Details
| --------------
------------------------------------------------------------------------------------------------


---------------------------------------------------------------------------------------------------
From Clock:  clk
  To Clock:  clk

Setup :            0  Failing Endpoints,  Worst Slack        2.759ns,  Total Violation        0.000ns
Hold  :            0  Failing Endpoints,  Worst Slack        0.110ns,  Total Violation        0.000ns
PW    :            0  Failing Endpoints,  Worst Slack        9.500ns,  Total Violation        0.000ns
---------------------------------------------------------------------------------------------------


Max Delay Paths
--------------------------------------------------------------------------------------
Slack (MET) :             2.759ns  (required time - arrival time)
  Source:                 bin_index_reg_rep/CLKARDCLK
                            (rising edge-triggered cell RAMB18E1 clocked by clk  {rise@0.000ns fall@10.000ns period=20.000ns})
  Destination:            dbg_value_reg[58]/D
                            (rising edge-triggered cell FDRE clocked by clk  {rise@0.000ns fall@10.000ns period=20.000ns})
  Path Group:             clk
  Path Type:              Setup (Max at Slow Process Corner)
  Requirement:            20.000ns  (clk rise@20.000ns - clk rise@0.000ns)
  Data Path Delay:        16.888ns  (logic 7.909ns (46.832%)  route 8.979ns (53.168%))
  Logic Levels:           27  (CARRY4=14 DSP48E1=1 LUT4=4 LUT5=2 LUT6=6)
  Clock Path Skew:        -0.049ns (DCD - SCD + CPR)
    Destination Clock Delay (DCD):    0.924ns = ( 20.924 - 20.000 )
    Source Clock Delay      (SCD):    0.973ns
    Clock Pessimism Removal (CPR):    0.000ns
  Clock Uncertainty:      0.035ns  ((TSJ^2 + TIJ^2)^1/2 + DJ) / 2 + PE
    Total System Jitter     (TSJ):    0.071ns
    Total Input Jitter      (TIJ):    0.000ns
    Discrete Jitter          (DJ):    0.000ns
    Phase Error              (PE):    0.000ns

    Location             Delay type                Incr(ns)  Path(ns)    Netlist Resource(s)
  -------------------------------------------------------------------    -------------------
                         (clock clk rise edge)        0.000     0.000 r
                                                      0.000     0.000 r  clk (IN)
                         net (fo=1328, unset)         0.973     0.973    clk
    RAMB18_X0Y12         RAMB18E1                                     r  bin_index_reg_rep/CLKARDCLK
  -------------------------------------------------------------------    -------------------
    RAMB18_X0Y12         RAMB18E1 (Prop_ramb18e1_CLKARDCLK_DOADO[15])
                                                      0.882     1.855 r  bin_index_reg_rep/DOADO[15]
                         net (fo=1, routed)           1.303     3.158    lanes[0].rom/score0_3[15]
    SLICE_X10Y31         LUT6 (Prop_lut6_I0_O)        0.124     3.282 r  lanes[0].rom/p_6_out_i_82/O
                         net (fo=18, routed)          0.822     4.104    lanes[0].rom_n_19
    SLICE_X10Y33         LUT4 (Prop_lut4_I3_O)        0.150     4.254 r  unsigned_product_i_3/O
                         net (fo=1, routed)           0.536     4.790    A[13]
    DSP48_X0Y13          DSP48E1 (Prop_dsp48e1_A[13]_P[5])
                                                      2.281     7.071 r  unsigned_product/P[5]
                         net (fo=3, routed)           0.876     7.947    power_ram/P[5]
    SLICE_X13Y31         LUT4 (Prop_lut4_I1_O)        0.124     8.071 r  power_ram/wide_acc[7]_i_6/O
                         net (fo=1, routed)           0.000     8.071    power_ram/wide_acc[7]_i_6_n_0
    SLICE_X13Y31         CARRY4 (Prop_carry4_S[1]_CO[3])
                                                      0.550     8.621 r  power_ram/wide_acc_reg[7]_i_3/CO[3]
                         net (fo=1, routed)           0.000     8.621    power_ram/wide_acc_reg[7]_i_3_n_0
    SLICE_X13Y32         CARRY4 (Prop_carry4_CI_CO[3])
                                                      0.114     8.735 r  power_ram/wide_acc_reg[11]_i_3/CO[3]
                         net (fo=1, routed)           0.000     8.735    power_ram/wide_acc_reg[11]_i_3_n_0
    SLICE_X13Y33         CARRY4 (Prop_carry4_CI_CO[3])
                                                      0.114     8.849 r  power_ram/wide_acc_reg[15]_i_3/CO[3]
                         net (fo=1, routed)           0.000     8.849    power_ram/wide_acc_reg[15]_i_3_n_0
    SLICE_X13Y34         CARRY4 (Prop_carry4_CI_O[1])
                                                      0.334     9.183 r  power_ram/wide_acc_reg[19]_i_3/O[1]
                         net (fo=4, routed)           0.596     9.779    power_ram_n_142
    SLICE_X15Y32         LUT4 (Prop_lut4_I0_O)        0.303    10.082 r  feature[3]_i_11/O
                         net (fo=1, routed)           0.667    10.749    feature[3]_i_11_n_0
    SLICE_X15Y32         LUT6 (Prop_lut6_I0_O)        0.124    10.873 r  feature[3]_i_8/O
                         net (fo=1, routed)           0.291    11.164    feature[3]_i_8_n_0
    SLICE_X15Y34         LUT6 (Prop_lut6_I5_O)        0.124    11.288 r  feature[3]_i_4/O
                         net (fo=1, routed)           0.603    11.890    feature[3]_i_4_n_0
    SLICE_X12Y35         LUT5 (Prop_lut5_I1_O)        0.124    12.014 r  feature[3]_i_3/O
                         net (fo=1, routed)           0.000    12.014    feature[3]_i_3_n_0
    SLICE_X12Y35         CARRY4 (Prop_carry4_S[0]_CO[3])
                                                      0.513    12.527 r  feature_reg[3]_i_2/CO[3]
                         net (fo=1, routed)           0.000    12.527    feature_reg[3]_i_2_n_0
    SLICE_X12Y36         CARRY4 (Prop_carry4_CI_CO[3])
                                                      0.117    12.644 r  feature_reg[7]_i_8/CO[3]
                         net (fo=1, routed)           0.000    12.644    feature_reg[7]_i_8_n_0
    SLICE_X12Y37         CARRY4 (Prop_carry4_CI_CO[3])
                                                      0.117    12.761 r  feature_reg[7]_i_22/CO[3]
                         net (fo=1, routed)           0.000    12.761    feature_reg[7]_i_22_n_0
    SLICE_X12Y38         CARRY4 (Prop_carry4_CI_CO[3])
                                                      0.117    12.878 r  feature_reg[7]_i_23/CO[3]
                         net (fo=1, routed)           0.000    12.878    feature_reg[7]_i_23_n_0
    SLICE_X12Y39         CARRY4 (Prop_carry4_CI_CO[3])
                                                      0.117    12.995 r  feature_reg[7]_i_20/CO[3]
                         net (fo=1, routed)           0.000    12.995    feature_reg[7]_i_20_n_0
    SLICE_X12Y40         CARRY4 (Prop_carry4_CI_CO[3])
                                                      0.117    13.112 r  feature_reg[7]_i_21/CO[3]
                         net (fo=1, routed)           0.000    13.112    feature_reg[7]_i_21_n_0
    SLICE_X12Y41         CARRY4 (Prop_carry4_CI_CO[3])
                                                      0.117    13.229 r  feature_reg[7]_i_19/CO[3]
                         net (fo=1, routed)           0.000    13.229    feature_reg[7]_i_19_n_0
    SLICE_X12Y42         CARRY4 (Prop_carry4_CI_CO[3])
                                                      0.117    13.346 r  feature_reg[7]_i_17/CO[3]
                         net (fo=1, routed)           0.000    13.346    feature_reg[7]_i_17_n_0
    SLICE_X12Y43         CARRY4 (Prop_carry4_CI_CO[3])
                                                      0.117    13.463 r  feature_reg[7]_i_10/CO[3]
                         net (fo=1, routed)           0.000    13.463    feature_reg[7]_i_10_n_0
    SLICE_X12Y44         CARRY4 (Prop_carry4_CI_O[3])
                                                      0.315    13.778 r  feature_reg[7]_i_18/O[3]
                         net (fo=1, routed)           0.569    14.347    rounded_magnitude__0[39]
    SLICE_X15Y44         LUT4 (Prop_lut4_I0_O)        0.307    14.654 r  feature[7]_i_11/O
                         net (fo=1, routed)           0.404    15.058    feature[7]_i_11_n_0
    SLICE_X15Y42         LUT6 (Prop_lut6_I5_O)        0.124    15.182 r  feature[7]_i_5/O
                         net (fo=2, routed)           0.528    15.710    feature[7]_i_5_n_0
    SLICE_X11Y37         LUT6 (Prop_lut6_I0_O)        0.124    15.834 r  feature[7]_i_2/O
                         net (fo=4, routed)           0.831    16.665    feature[7]_i_2_n_0
    SLICE_X30Y40         LUT6 (Prop_lut6_I4_O)        0.124    16.789 r  dbg_value[63]_i_2/O
                         net (fo=24, routed)          0.614    17.403    dbg_value[63]_i_2_n_0
    SLICE_X33Y40         LUT5 (Prop_lut5_I4_O)        0.118    17.521 r  dbg_value[58]_i_1/O
                         net (fo=1, routed)           0.339    17.861    dbg_value[58]_i_1_n_0
    SLICE_X32Y41         FDRE                                         r  dbg_value_reg[58]/D
  -------------------------------------------------------------------    -------------------

                         (clock clk rise edge)       20.000    20.000 r
                                                      0.000    20.000 r  clk (IN)
                         net (fo=1328, unset)         0.924    20.924    clk
    SLICE_X32Y41         FDRE                                         r  dbg_value_reg[58]/C
                         clock pessimism              0.000    20.924
                         clock uncertainty           -0.035    20.889
    SLICE_X32Y41         FDRE (Setup_fdre_C_D)       -0.269    20.620    dbg_value_reg[58]
  -------------------------------------------------------------------
                         required time                         20.620
                         arrival time                         -17.861
  -------------------------------------------------------------------
                         slack                                  2.759





Min Delay Paths
--------------------------------------------------------------------------------------
Slack (MET) :             0.110ns  (arrival time - required time)
  Source:                 difference_reg[10]/C
                            (rising edge-triggered cell FDRE clocked by clk  {rise@0.000ns fall@10.000ns period=20.000ns})
  Destination:            wide_a_reg[10]/D
                            (rising edge-triggered cell FDRE clocked by clk  {rise@0.000ns fall@10.000ns period=20.000ns})
  Path Group:             clk
  Path Type:              Hold (Min at Fast Process Corner)
  Requirement:            0.000ns  (clk rise@0.000ns - clk rise@0.000ns)
  Data Path Delay:        0.252ns  (logic 0.186ns (73.740%)  route 0.066ns (26.260%))
  Logic Levels:           1  (LUT6=1)
  Clock Path Skew:        0.022ns (DCD - SCD - CPR)
    Destination Clock Delay (DCD):    0.432ns
    Source Clock Delay      (SCD):    0.410ns
    Clock Pessimism Removal (CPR):    -0.000ns

    Location             Delay type                Incr(ns)  Path(ns)    Netlist Resource(s)
  -------------------------------------------------------------------    -------------------
                         (clock clk rise edge)        0.000     0.000 r
                                                      0.000     0.000 r  clk (IN)
                         net (fo=1328, unset)         0.410     0.410    clk
    SLICE_X35Y30         FDRE                                         r  difference_reg[10]/C
  -------------------------------------------------------------------    -------------------
    SLICE_X35Y30         FDRE (Prop_fdre_C_Q)         0.141     0.551 r  difference_reg[10]/Q
                         net (fo=2, routed)           0.066     0.617    difference_reg_n_0_[10]
    SLICE_X34Y30         LUT6 (Prop_lut6_I4_O)        0.045     0.662 r  wide_a[10]_i_1/O
                         net (fo=1, routed)           0.000     0.662    wide_a[10]
    SLICE_X34Y30         FDRE                                         r  wide_a_reg[10]/D
  -------------------------------------------------------------------    -------------------

                         (clock clk rise edge)        0.000     0.000 r
                                                      0.000     0.000 r  clk (IN)
                         net (fo=1328, unset)         0.432     0.432    clk
    SLICE_X34Y30         FDRE                                         r  wide_a_reg[10]/C
                         clock pessimism              0.000     0.432
    SLICE_X34Y30         FDRE (Hold_fdre_C_D)         0.121     0.553    wide_a_reg[10]
  -------------------------------------------------------------------
                         required time                         -0.553
                         arrival time                           0.662
  -------------------------------------------------------------------
                         slack                                  0.110





Pulse Width Checks
--------------------------------------------------------------------------------------
Clock Name:         clk
Waveform(ns):       { 0.000 10.000 }
Period(ns):         20.000
Sources:            { clk }

Check Type        Corner  Lib Pin             Reference Pin  Required(ns)  Actual(ns)  Slack(ns)  Location      Pin
Min Period        n/a     RAMB18E1/CLKARDCLK  n/a            2.944         20.000      17.056     RAMB18_X0Y13  windowed_reg/CLKARDCLK
Low Pulse Width   Slow    FDRE/C              n/a            0.500         10.000      9.500      SLICE_X55Y34  accumulator_reg[0][0]/C
High Pulse Width  Slow    FDRE/C              n/a            0.500         10.000      9.500      SLICE_X55Y34  accumulator_reg[0][0]/C
