#-----------------------------------------------------------
# Vivado v2024.2 (64-bit)
# SW Build 5239630 on Fri Nov 08 22:34:34 MST 2024
# IP Build 5239520 on Sun Nov 10 16:12:51 MST 2024
# SharedData Build 5239561 on Fri Nov 08 14:39:27 MST 2024
# Start of session at: Tue Oct  6 05:23:54 2026
# Process ID         : 918075
# Current directory  : LAB_HOME/LAB_USER/digital_ic_vivado/portability-b-id00-l4-vivado-r4
# Command line       : vivado -mode batch -source implement.tcl -log vivado.log -journal vivado.jou
# Log file           : LAB_HOME/LAB_USER/digital_ic_vivado/portability-b-id00-l4-vivado-r4/vivado.log
# Journal file       : LAB_HOME/LAB_USER/digital_ic_vivado/portability-b-id00-l4-vivado-r4/vivado.jou
# Running On         : LAB_HOST.engr.wustl.edu
# Platform           : Rocky
# Operating System   : Rocky Linux release 8.10 (Green Obsidian)
# Processor Detail   : Intel(R) Xeon(R) CPU E5-2630 v3 @ 2.40GHz
# CPU Frequency      : 2214.828 MHz
# CPU Physical cores : 16
# CPU Logical cores  : 16
# Host memory        : 134527 MB
# Swap memory        : 7999 MB
# Total Virtual      : 142526 MB
# Available Virtual  : 117411 MB
#-----------------------------------------------------------
source implement.tcl
# set_param general.maxThreads 2
# source config.tcl
## set stage impl
## set sources {rtl/core/vib_coeff_rom.sv rtl/platform/spram16k.sv rtl/core/known_capture.sv rtl/core/known_spectral_core.sv}
## set generics {N=1024 WINDOWS=156 LANES=4 QUANT_PIPELINE=0 MODEL_DIR=model BIAS=441 THRESHOLD=-1029 LOG_CONSTANT=128145 LOG_FLOOR=-163279}
# set_property verilog_define AMD_FPGA [current_fileset]
# foreach path $sources {read_verilog -sv $path}
# synth_design -top known_spectral_core -part xc7a35tcpg236-1 -mode out_of_context -generic $generics
Command: synth_design -top known_spectral_core -part xc7a35tcpg236-1 -mode out_of_context -generic {N=1024 WINDOWS=156 LANES=4 QUANT_PIPELINE=0 MODEL_DIR=model BIAS=441 THRESHOLD=-1029 LOG_CONSTANT=128145 LOG_FLOOR=-163279}
Starting synth_design
Attempting to get a license for feature 'Synthesis' and/or device 'xc7a35t'
INFO: [Common 17-349] Got license for feature 'Synthesis' and/or device 'xc7a35t'
INFO: [Synth 8-7079] Multithreading enabled for synth_design using a maximum of 2 processes.
INFO: [Synth 8-7078] Launching helper process for spawning children vivado processes
INFO: [Synth 8-7075] Helper process launched with PID 918903
---------------------------------------------------------------------------------
Starting Synthesize : Time (s): cpu = 00:00:05 ; elapsed = 00:00:06 . Memory (MB): peak = 1771.922 ; gain = 317.855 ; free physical = 33116 ; free virtual = 114665
---------------------------------------------------------------------------------
INFO: [Synth 8-6157] synthesizing module 'known_spectral_core' [LAB_HOME/LAB_USER/digital_ic_vivado/portability-b-id00-l4-vivado-r4/rtl/core/known_spectral_core.sv:3]
	Parameter N bound to: 1024 - type: integer
	Parameter LANES bound to: 4 - type: integer
	Parameter WINDOWS bound to: 156 - type: integer
	Parameter QUANT_PIPELINE bound to: 0 - type: integer
	Parameter MODEL_DIR bound to: model - type: string
	Parameter BIAS bound to: 32'sb00000000000000000000000110111001
	Parameter THRESHOLD bound to: 32'sb11111111111111111111101111111011
	Parameter LOG_CONSTANT bound to: 32'sb00000000000000011111010010010001
	Parameter LOG_FLOOR bound to: 32'sb11111111111111011000001000110001
INFO: [Synth 8-3876] $readmem data file 'model/mean_q12.hex' is read successfully [LAB_HOME/LAB_USER/digital_ic_vivado/portability-b-id00-l4-vivado-r4/rtl/core/known_spectral_core.sv:50]
INFO: [Synth 8-3876] $readmem data file 'model/gain_q24.hex' is read successfully [LAB_HOME/LAB_USER/digital_ic_vivado/portability-b-id00-l4-vivado-r4/rtl/core/known_spectral_core.sv:51]
INFO: [Synth 8-3876] $readmem data file 'model/weights.hex' is read successfully [LAB_HOME/LAB_USER/digital_ic_vivado/portability-b-id00-l4-vivado-r4/rtl/core/known_spectral_core.sv:52]
INFO: [Synth 8-3876] $readmem data file 'model/log_lut.hex' is read successfully [LAB_HOME/LAB_USER/digital_ic_vivado/portability-b-id00-l4-vivado-r4/rtl/core/known_spectral_core.sv:53]
INFO: [Synth 8-6157] synthesizing module 'vib_coeff_rom' [LAB_HOME/LAB_USER/digital_ic_vivado/portability-b-id00-l4-vivado-r4/rtl/core/vib_coeff_rom.sv:3]
	Parameter N bound to: 1024 - type: integer
	Parameter MODEL_DIR bound to: model - type: string
INFO: [Synth 8-3876] $readmem data file 'model/cos_quarter.hex' is read successfully [LAB_HOME/LAB_USER/digital_ic_vivado/portability-b-id00-l4-vivado-r4/rtl/core/vib_coeff_rom.sv:24]
INFO: [Synth 8-6155] done synthesizing module 'vib_coeff_rom' (0#1) [LAB_HOME/LAB_USER/digital_ic_vivado/portability-b-id00-l4-vivado-r4/rtl/core/vib_coeff_rom.sv:3]
INFO: [Synth 8-6157] synthesizing module 'known_capture' [LAB_HOME/LAB_USER/digital_ic_vivado/portability-b-id00-l4-vivado-r4/rtl/core/known_capture.sv:2]
	Parameter N bound to: 1024 - type: integer
INFO: [Synth 8-6155] done synthesizing module 'known_capture' (0#1) [LAB_HOME/LAB_USER/digital_ic_vivado/portability-b-id00-l4-vivado-r4/rtl/core/known_capture.sv:2]
INFO: [Synth 8-6157] synthesizing module 'spram16k' [LAB_HOME/LAB_USER/digital_ic_vivado/portability-b-id00-l4-vivado-r4/rtl/platform/spram16k.sv:4]
INFO: [Synth 8-6155] done synthesizing module 'spram16k' (0#1) [LAB_HOME/LAB_USER/digital_ic_vivado/portability-b-id00-l4-vivado-r4/rtl/platform/spram16k.sv:4]
INFO: [Synth 8-6155] done synthesizing module 'known_spectral_core' (0#1) [LAB_HOME/LAB_USER/digital_ic_vivado/portability-b-id00-l4-vivado-r4/rtl/core/known_spectral_core.sv:3]
WARNING: [Synth 8-6014] Unused sequential element log_value_reg was removed.  [LAB_HOME/LAB_USER/digital_ic_vivado/portability-b-id00-l4-vivado-r4/rtl/core/known_spectral_core.sv:262]
---------------------------------------------------------------------------------
Finished Synthesize : Time (s): cpu = 00:00:07 ; elapsed = 00:00:08 . Memory (MB): peak = 1863.891 ; gain = 409.824 ; free physical = 33015 ; free virtual = 114565
---------------------------------------------------------------------------------
---------------------------------------------------------------------------------
Finished Constraint Validation : Time (s): cpu = 00:00:08 ; elapsed = 00:00:09 . Memory (MB): peak = 1875.766 ; gain = 421.699 ; free physical = 33019 ; free virtual = 114568
---------------------------------------------------------------------------------
---------------------------------------------------------------------------------
Start Loading Part and Timing Information
---------------------------------------------------------------------------------
Loading part: xc7a35tcpg236-1
INFO: [Device 21-403] Loading part xc7a35tcpg236-1
---------------------------------------------------------------------------------
Finished Loading Part and Timing Information : Time (s): cpu = 00:00:08 ; elapsed = 00:00:09 . Memory (MB): peak = 1883.770 ; gain = 429.703 ; free physical = 33019 ; free virtual = 114568
---------------------------------------------------------------------------------
---------------------------------------------------------------------------------
Finished RTL Optimization Phase 2 : Time (s): cpu = 00:00:11 ; elapsed = 00:00:11 . Memory (MB): peak = 1908.691 ; gain = 454.625 ; free physical = 33011 ; free virtual = 114561
---------------------------------------------------------------------------------
No constraint files found.
---------------------------------------------------------------------------------
Start RTL Component Statistics
---------------------------------------------------------------------------------
Detailed RTL Component Info :
+---Adders :
	   2 Input   65 Bit       Adders := 1
	   2 Input   64 Bit       Adders := 4
	   2 Input   40 Bit       Adders := 1
	   2 Input   32 Bit       Adders := 5
	   3 Input   32 Bit       Adders := 2
	   2 Input   28 Bit       Adders := 1
	   2 Input   27 Bit       Adders := 1
	   2 Input   24 Bit       Adders := 1
	   2 Input   20 Bit       Adders := 1
	   2 Input   18 Bit       Adders := 1
	   3 Input   17 Bit       Adders := 1
	   2 Input   17 Bit       Adders := 1
	   2 Input   16 Bit       Adders := 7
	   2 Input   12 Bit       Adders := 2
	   2 Input   11 Bit       Adders := 4
	   2 Input   10 Bit       Adders := 4
	   3 Input   10 Bit       Adders := 2
	   2 Input    8 Bit       Adders := 7
	   2 Input    2 Bit       Adders := 3
+---Registers :
	               64 Bit    Registers := 5
	               48 Bit    Registers := 4
	               32 Bit    Registers := 23
	               28 Bit    Registers := 1
	               27 Bit    Registers := 1
	               24 Bit    Registers := 1
	               20 Bit    Registers := 1
	               18 Bit    Registers := 1
	               16 Bit    Registers := 10
	               12 Bit    Registers := 1
	               11 Bit    Registers := 3
	               10 Bit    Registers := 2
	                9 Bit    Registers := 4
	                8 Bit    Registers := 6
	                5 Bit    Registers := 1
	                4 Bit    Registers := 1
	                2 Bit    Registers := 6
	                1 Bit    Registers := 19
+---RAMs :
	             256K Bit	(16384 X 16 bit)          RAMs := 1
	              16K Bit	(1024 X 16 bit)          RAMs := 3
+---ROMs :
	                    ROMs := 8
+---Muxes :
	   2 Input   64 Bit        Muxes := 5
	  26 Input   64 Bit        Muxes := 1
	  26 Input   48 Bit        Muxes := 4
	   4 Input   48 Bit        Muxes := 1
	   2 Input   32 Bit        Muxes := 9
	  26 Input   32 Bit        Muxes := 1
	   2 Input   28 Bit        Muxes := 2
	   2 Input   27 Bit        Muxes := 2
	   2 Input   24 Bit        Muxes := 2
	   2 Input   20 Bit        Muxes := 2
	   2 Input   18 Bit        Muxes := 2
	   2 Input   16 Bit        Muxes := 13
	   5 Input   16 Bit        Muxes := 4
	  26 Input   11 Bit        Muxes := 3
	  26 Input   10 Bit        Muxes := 1
	   2 Input    8 Bit        Muxes := 5
	  26 Input    8 Bit        Muxes := 3
	   2 Input    7 Bit        Muxes := 2
	   2 Input    6 Bit        Muxes := 1
	   2 Input    5 Bit        Muxes := 4
	   3 Input    5 Bit        Muxes := 1
	   2 Input    4 Bit        Muxes := 1
	   2 Input    3 Bit        Muxes := 1
	   2 Input    2 Bit        Muxes := 11
	  26 Input    2 Bit        Muxes := 3
	   2 Input    1 Bit        Muxes := 30
	  26 Input    1 Bit        Muxes := 27
	   5 Input    1 Bit        Muxes := 1
---------------------------------------------------------------------------------
Finished RTL Component Statistics
---------------------------------------------------------------------------------
---------------------------------------------------------------------------------
Start Part Resource Summary
---------------------------------------------------------------------------------
Part Resources:
DSPs: 90 (col length:60)
BRAMs: 100 (col length: RAMB18 60 RAMB36 30)
---------------------------------------------------------------------------------
Finished Part Resource Summary
---------------------------------------------------------------------------------
No constraint files found.
---------------------------------------------------------------------------------
Start Cross Boundary and Area Optimization
---------------------------------------------------------------------------------
WARNING: [Synth 8-7080] Parallel synthesis criteria is not met
DSP Report: Generating DSP p_0_out, operation Mode is: C+(A*B)'.
DSP Report: register lanes[3].product_reg[3] is absorbed into DSP p_0_out.
DSP Report: operator p_0_out is absorbed into DSP p_0_out.
DSP Report: operator p_0_out is absorbed into DSP p_0_out.
DSP Report: Generating DSP p_2_out, operation Mode is: C+(A*B)'.
DSP Report: register lanes[2].product_reg[2] is absorbed into DSP p_2_out.
DSP Report: operator p_0_out is absorbed into DSP p_2_out.
DSP Report: operator p_2_out is absorbed into DSP p_2_out.
DSP Report: Generating DSP p_4_out, operation Mode is: C+(A*B)'.
DSP Report: register lanes[1].product_reg[1] is absorbed into DSP p_4_out.
DSP Report: operator p_0_out is absorbed into DSP p_4_out.
DSP Report: operator p_4_out is absorbed into DSP p_4_out.
DSP Report: Generating DSP p_6_out, operation Mode is: C+(A*B)'.
DSP Report: register lanes[0].product_reg[0] is absorbed into DSP p_6_out.
DSP Report: operator p_0_out is absorbed into DSP p_6_out.
DSP Report: operator p_6_out is absorbed into DSP p_6_out.
DSP Report: Generating DSP lanes[0].product_reg[0], operation Mode is: (A*B)'.
DSP Report: register lanes[0].product_reg[0] is absorbed into DSP lanes[0].product_reg[0].
DSP Report: operator p_0_out is absorbed into DSP lanes[0].product_reg[0].
DSP Report: Generating DSP unsigned_product, operation Mode is: PCIN+A:B+C.
DSP Report: operator unsigned_product is absorbed into DSP unsigned_product.
DSP Report: Generating DSP score0, operation Mode is: C+(A*B)'.
DSP Report: register lanes[0].product_reg[0] is absorbed into DSP score0.
DSP Report: operator p_0_out is absorbed into DSP score0.
DSP Report: operator score0 is absorbed into DSP score0.
WARNING: [Synth 8-3917] design known_spectral_core has port cycles_pre[31] driven by constant 0
WARNING: [Synth 8-3917] design known_spectral_core has port cycles_pre[30] driven by constant 0
WARNING: [Synth 8-3917] design known_spectral_core has port cycles_pre[29] driven by constant 0
WARNING: [Synth 8-3917] design known_spectral_core has port cycles_pre[28] driven by constant 0
WARNING: [Synth 8-3917] design known_spectral_core has port cycles_pre[27] driven by constant 0
WARNING: [Synth 8-3917] design known_spectral_core has port cycles_pre[26] driven by constant 0
WARNING: [Synth 8-3917] design known_spectral_core has port cycles_pre[25] driven by constant 0
WARNING: [Synth 8-3917] design known_spectral_core has port cycles_pre[24] driven by constant 0
WARNING: [Synth 8-3917] design known_spectral_core has port cycles_pre[23] driven by constant 0
WARNING: [Synth 8-3917] design known_spectral_core has port cycles_pre[22] driven by constant 0
WARNING: [Synth 8-3917] design known_spectral_core has port cycles_pre[21] driven by constant 0
WARNING: [Synth 8-3917] design known_spectral_core has port cycles_pre[20] driven by constant 0
WARNING: [Synth 8-3917] design known_spectral_core has port cycles_dft[31] driven by constant 0
WARNING: [Synth 8-3917] design known_spectral_core has port cycles_dft[30] driven by constant 0
WARNING: [Synth 8-3917] design known_spectral_core has port cycles_dft[29] driven by constant 0
WARNING: [Synth 8-3917] design known_spectral_core has port cycles_dft[28] driven by constant 0
WARNING: [Synth 8-3917] design known_spectral_core has port cycles_dft[27] driven by constant 0
WARNING: [Synth 8-3917] design known_spectral_core has port cycles_power[31] driven by constant 0
WARNING: [Synth 8-3917] design known_spectral_core has port cycles_power[30] driven by constant 0
WARNING: [Synth 8-3917] design known_spectral_core has port cycles_power[29] driven by constant 0
WARNING: [Synth 8-3917] design known_spectral_core has port cycles_power[28] driven by constant 0
WARNING: [Synth 8-3917] design known_spectral_core has port cycles_power[27] driven by constant 0
WARNING: [Synth 8-3917] design known_spectral_core has port cycles_power[26] driven by constant 0
WARNING: [Synth 8-3917] design known_spectral_core has port cycles_power[25] driven by constant 0
WARNING: [Synth 8-3917] design known_spectral_core has port cycles_power[24] driven by constant 0
WARNING: [Synth 8-3917] design known_spectral_core has port cycles_nn[31] driven by constant 0
WARNING: [Synth 8-3917] design known_spectral_core has port cycles_nn[30] driven by constant 0
WARNING: [Synth 8-3917] design known_spectral_core has port cycles_nn[29] driven by constant 0
WARNING: [Synth 8-3917] design known_spectral_core has port cycles_nn[28] driven by constant 0
WARNING: [Synth 8-3917] design known_spectral_core has port cycles_nn[27] driven by constant 0
WARNING: [Synth 8-3917] design known_spectral_core has port cycles_nn[26] driven by constant 0
WARNING: [Synth 8-3917] design known_spectral_core has port cycles_nn[25] driven by constant 0
WARNING: [Synth 8-3917] design known_spectral_core has port cycles_nn[24] driven by constant 0
WARNING: [Synth 8-3917] design known_spectral_core has port cycles_nn[23] driven by constant 0
WARNING: [Synth 8-3917] design known_spectral_core has port cycles_nn[22] driven by constant 0
WARNING: [Synth 8-3917] design known_spectral_core has port cycles_nn[21] driven by constant 0
WARNING: [Synth 8-3917] design known_spectral_core has port cycles_nn[20] driven by constant 0
WARNING: [Synth 8-3917] design known_spectral_core has port cycles_nn[19] driven by constant 0
WARNING: [Synth 8-3917] design known_spectral_core has port cycles_nn[18] driven by constant 0
WARNING: [Synth 8-3917] design known_spectral_core has port cycles_total[31] driven by constant 0
WARNING: [Synth 8-3917] design known_spectral_core has port cycles_total[30] driven by constant 0
WARNING: [Synth 8-3917] design known_spectral_core has port cycles_total[29] driven by constant 0
WARNING: [Synth 8-3917] design known_spectral_core has port cycles_total[28] driven by constant 0
WARNING: [Synth 8-3917] design known_spectral_core has port dbg_kind[3] driven by constant 0
WARNING: [Synth 8-3917] design known_spectral_core has port dbg_index[15] driven by constant 0
WARNING: [Synth 8-3917] design known_spectral_core has port dbg_index[14] driven by constant 0
WARNING: [Synth 8-3917] design known_spectral_core has port dbg_index[13] driven by constant 0
WARNING: [Synth 8-3917] design known_spectral_core has port dbg_index[12] driven by constant 0
WARNING: [Synth 8-3917] design known_spectral_core has port dbg_index[11] driven by constant 0
WARNING: [Synth 8-3917] design known_spectral_core has port dbg_index[10] driven by constant 0
---------------------------------------------------------------------------------
Finished Cross Boundary and Area Optimization : Time (s): cpu = 00:00:22 ; elapsed = 00:00:31 . Memory (MB): peak = 2052.441 ; gain = 598.375 ; free physical = 32882 ; free virtual = 114432
---------------------------------------------------------------------------------
 Sort Area is  lanes[0].product_reg[0]_5 : 0 0 : 1969 2221 : Used 1 time 0
 Sort Area is  lanes[0].product_reg[0]_5 : 0 1 : 252 2221 : Used 1 time 0
 Sort Area is  p_0_out_4 : 0 0 : 2129 2129 : Used 1 time 0
 Sort Area is  p_2_out_3 : 0 0 : 2129 2129 : Used 1 time 0
 Sort Area is  p_4_out_2 : 0 0 : 2129 2129 : Used 1 time 0
 Sort Area is  p_6_out_0 : 0 0 : 2129 2129 : Used 1 time 0
 Sort Area is  score0_8 : 0 0 : 2064 2064 : Used 1 time 0
---------------------------------------------------------------------------------
Start ROM, RAM, DSP, Shift Register and Retiming Reporting
---------------------------------------------------------------------------------

Block RAM: Preliminary Mapping Report (see note below)
+--------------------+----------------------+------------------------+---+---+------------------------+---+---+------------------+--------+--------+
|Module Name         | RTL Object           | PORT A (Depth x Width) | W | R | PORT B (Depth x Width) | W | R | Ports driving FF | RAMB18 | RAMB36 |
+--------------------+----------------------+------------------------+---+---+------------------------+---+---+------------------+--------+--------+
|capture             | raw0_reg             | 1 K x 16(READ_FIRST)   | W |   | 1 K x 16(WRITE_FIRST)  |   | R | Port A and B     | 1      | 0      |
|capture             | raw1_reg             | 1 K x 16(READ_FIRST)   | W |   | 1 K x 16(WRITE_FIRST)  |   | R | Port A and B     | 1      | 0      |
|known_spectral_core | power_ram/memory_reg | 2 K x 16(NO_CHANGE)    | W | R |                        |   |   | Port A           | 0      | 1      |
|known_spectral_core | windowed_reg         | 1 K x 16(READ_FIRST)   | W |   | 1 K x 16(WRITE_FIRST)  |   | R | Port A and B     | 1      | 0      |
+--------------------+----------------------+------------------------+---+---+------------------------+---+---+------------------+--------+--------+

Note: The table above is a preliminary report that shows the Block RAMs at the current stage of the synthesis flow. Some Block RAMs may be reimplemented as non Block RAM primitives later in the synthesis flow. Multiple instantiated Block RAMs are reported only once.

DSP: Preliminary Mapping Report (see note below. The ' indicates corresponding REG is set)
+--------------------+-------------+--------+--------+--------+--------+--------+------+------+------+------+-------+------+------+
|Module Name         | DSP Mapping | A Size | B Size | C Size | D Size | P Size | AREG | BREG | CREG | DREG | ADREG | MREG | PREG |
+--------------------+-------------+--------+--------+--------+--------+--------+------+------+------+------+-------+------+------+
|known_spectral_core | C+(A*B)'    | 16     | 16     | 48     | -      | 48     | 0    | 0    | 0    | -    | -     | 1    | 0    |
|known_spectral_core | C+(A*B)'    | 16     | 16     | 48     | -      | 48     | 0    | 0    | 0    | -    | -     | 1    | 0    |
|known_spectral_core | C+(A*B)'    | 16     | 16     | 48     | -      | 48     | 0    | 0    | 0    | -    | -     | 1    | 0    |
|known_spectral_core | C+(A*B)'    | 16     | 16     | 48     | -      | 48     | 0    | 0    | 0    | -    | -     | 1    | 0    |
|known_spectral_core | (A*B)'      | 16     | 16     | -      | -      | 32     | 0    | 0    | -    | -    | -     | 1    | 0    |
|known_spectral_core | PCIN+A:B+C  | 14     | 18     | 32     | -      | -1     | 0    | 0    | 0    | -    | -     | 0    | 0    |
|known_spectral_core | C+(A*B)'    | 16     | 16     | 32     | -      | 32     | 0    | 0    | 0    | -    | -     | 1    | 0    |
+--------------------+-------------+--------+--------+--------+--------+--------+------+------+------+------+-------+------+------+

Note: The table above is a preliminary report that shows the DSPs inferred at the current stage of the synthesis flow. Some DSP may be reimplemented as non DSP primitives later in the synthesis flow. Multiple instantiated DSPs are reported only once.
---------------------------------------------------------------------------------
Finished ROM, RAM, DSP, Shift Register and Retiming Reporting
---------------------------------------------------------------------------------
No constraint files found.
---------------------------------------------------------------------------------
Start Timing Optimization
---------------------------------------------------------------------------------
---------------------------------------------------------------------------------
Finished Timing Optimization : Time (s): cpu = 00:00:22 ; elapsed = 00:00:32 . Memory (MB): peak = 2052.441 ; gain = 598.375 ; free physical = 32884 ; free virtual = 114434
---------------------------------------------------------------------------------
---------------------------------------------------------------------------------
Start ROM, RAM, DSP, Shift Register and Retiming Reporting
---------------------------------------------------------------------------------

Block RAM: Final Mapping Report
+--------------------+----------------------+------------------------+---+---+------------------------+---+---+------------------+--------+--------+
|Module Name         | RTL Object           | PORT A (Depth x Width) | W | R | PORT B (Depth x Width) | W | R | Ports driving FF | RAMB18 | RAMB36 |
+--------------------+----------------------+------------------------+---+---+------------------------+---+---+------------------+--------+--------+
|capture             | raw0_reg             | 1 K x 16(READ_FIRST)   | W |   | 1 K x 16(WRITE_FIRST)  |   | R | Port A and B     | 1      | 0      |
|capture             | raw1_reg             | 1 K x 16(READ_FIRST)   | W |   | 1 K x 16(WRITE_FIRST)  |   | R | Port A and B     | 1      | 0      |
|known_spectral_core | power_ram/memory_reg | 2 K x 16(NO_CHANGE)    | W | R |                        |   |   | Port A           | 0      | 1      |
|known_spectral_core | windowed_reg         | 1 K x 16(READ_FIRST)   | W |   | 1 K x 16(WRITE_FIRST)  |   | R | Port A and B     | 1      | 0      |
+--------------------+----------------------+------------------------+---+---+------------------------+---+---+------------------+--------+--------+

---------------------------------------------------------------------------------
Finished ROM, RAM, DSP, Shift Register and Retiming Reporting
---------------------------------------------------------------------------------
---------------------------------------------------------------------------------
Start Technology Mapping
---------------------------------------------------------------------------------
INFO: [Synth 8-7052] The timing for the instance lanes[0].rom/magnitude_reg (implemented as a Block RAM) might be sub-optimal as no optional output register could be merged into the ram block. Providing additional output register may help in improving timing.
INFO: [Synth 8-7052] The timing for the instance lanes[0].rom/magnitude_reg (implemented as a Block RAM) might be sub-optimal as no optional output register could be merged into the ram block. Providing additional output register may help in improving timing.
INFO: [Synth 8-7052] The timing for the instance lanes[2].rom/magnitude_reg (implemented as a Block RAM) might be sub-optimal as no optional output register could be merged into the ram block. Providing additional output register may help in improving timing.
INFO: [Synth 8-7052] The timing for the instance lanes[2].rom/magnitude_reg (implemented as a Block RAM) might be sub-optimal as no optional output register could be merged into the ram block. Providing additional output register may help in improving timing.
INFO: [Synth 8-7052] The timing for the instance capture/raw0_reg (implemented as a Block RAM) might be sub-optimal as no optional output register could be merged into the ram block. Providing additional output register may help in improving timing.
INFO: [Synth 8-7052] The timing for the instance capture/raw1_reg (implemented as a Block RAM) might be sub-optimal as no optional output register could be merged into the ram block. Providing additional output register may help in improving timing.
INFO: [Synth 8-7052] The timing for the instance power_ram/memory_reg (implemented as a Block RAM) might be sub-optimal as no optional output register could be merged into the ram block. Providing additional output register may help in improving timing.
INFO: [Synth 8-7052] The timing for the instance windowed_reg (implemented as a Block RAM) might be sub-optimal as no optional output register could be merged into the ram block. Providing additional output register may help in improving timing.
---------------------------------------------------------------------------------
Finished Technology Mapping : Time (s): cpu = 00:00:23 ; elapsed = 00:00:33 . Memory (MB): peak = 2052.441 ; gain = 598.375 ; free physical = 32877 ; free virtual = 114427
---------------------------------------------------------------------------------
---------------------------------------------------------------------------------
Start IO Insertion
---------------------------------------------------------------------------------
---------------------------------------------------------------------------------
Start Flattening Before IO Insertion
---------------------------------------------------------------------------------
---------------------------------------------------------------------------------
Finished Flattening Before IO Insertion
---------------------------------------------------------------------------------
---------------------------------------------------------------------------------
Start Final Netlist Cleanup
---------------------------------------------------------------------------------
---------------------------------------------------------------------------------
Finished Final Netlist Cleanup
---------------------------------------------------------------------------------
---------------------------------------------------------------------------------
Finished IO Insertion : Time (s): cpu = 00:00:27 ; elapsed = 00:00:36 . Memory (MB): peak = 2158.254 ; gain = 704.188 ; free physical = 32783 ; free virtual = 114334
---------------------------------------------------------------------------------
---------------------------------------------------------------------------------
Start Renaming Generated Instances
---------------------------------------------------------------------------------
---------------------------------------------------------------------------------
Finished Renaming Generated Instances : Time (s): cpu = 00:00:27 ; elapsed = 00:00:36 . Memory (MB): peak = 2158.254 ; gain = 704.188 ; free physical = 32779 ; free virtual = 114329
---------------------------------------------------------------------------------
---------------------------------------------------------------------------------
Start Rebuilding User Hierarchy
---------------------------------------------------------------------------------
---------------------------------------------------------------------------------
Finished Rebuilding User Hierarchy : Time (s): cpu = 00:00:27 ; elapsed = 00:00:37 . Memory (MB): peak = 2158.254 ; gain = 704.188 ; free physical = 32779 ; free virtual = 114329
---------------------------------------------------------------------------------
---------------------------------------------------------------------------------
Start Renaming Generated Ports
---------------------------------------------------------------------------------
---------------------------------------------------------------------------------
Finished Renaming Generated Ports : Time (s): cpu = 00:00:27 ; elapsed = 00:00:37 . Memory (MB): peak = 2158.254 ; gain = 704.188 ; free physical = 32779 ; free virtual = 114329
---------------------------------------------------------------------------------
---------------------------------------------------------------------------------
Start Handling Custom Attributes
---------------------------------------------------------------------------------
---------------------------------------------------------------------------------
Finished Handling Custom Attributes : Time (s): cpu = 00:00:27 ; elapsed = 00:00:37 . Memory (MB): peak = 2161.223 ; gain = 707.156 ; free physical = 32775 ; free virtual = 114326
---------------------------------------------------------------------------------
---------------------------------------------------------------------------------
Start Renaming Generated Nets
---------------------------------------------------------------------------------
---------------------------------------------------------------------------------
Finished Renaming Generated Nets : Time (s): cpu = 00:00:27 ; elapsed = 00:00:37 . Memory (MB): peak = 2161.223 ; gain = 707.156 ; free physical = 32775 ; free virtual = 114325
---------------------------------------------------------------------------------
---------------------------------------------------------------------------------
Start Writing Synthesis Report
---------------------------------------------------------------------------------

DSP Final Report (the ' indicates corresponding REG is set)
+--------------------+-------------+--------+--------+--------+--------+--------+------+------+------+------+-------+------+------+
|Module Name         | DSP Mapping | A Size | B Size | C Size | D Size | P Size | AREG | BREG | CREG | DREG | ADREG | MREG | PREG |
+--------------------+-------------+--------+--------+--------+--------+--------+------+------+------+------+-------+------+------+
|known_spectral_core | C'+(A*B)'   | 30     | 18     | 48     | -      | 48     | 0    | 0    | 1    | -    | -     | 1    | 0    |
|known_spectral_core | C'+(A*B)'   | 30     | 18     | 48     | -      | 48     | 0    | 0    | 1    | -    | -     | 1    | 0    |
|known_spectral_core | C'+(A*B)'   | 30     | 18     | 48     | -      | 48     | 0    | 0    | 1    | -    | -     | 1    | 0    |
|known_spectral_core | C'+(A*B)'   | 30     | 18     | 48     | -      | 48     | 0    | 0    | 1    | -    | -     | 1    | 0    |
|known_spectral_core | (A*B)'      | 30     | 18     | -      | -      | 32     | 0    | 0    | -    | -    | -     | 1    | 0    |
|known_spectral_core | PCIN+A:B+C  | 14     | 18     | -      | -      | 32     | 0    | 0    | -    | -    | -     | 0    | 0    |
|known_spectral_core | C+(A*B)'    | 30     | 18     | 48     | -      | 32     | 0    | 0    | 0    | -    | -     | 1    | 0    |
+--------------------+-------------+--------+--------+--------+--------+--------+------+------+------+------+-------+------+------+


Report BlackBoxes:
+-+--------------+----------+
| |BlackBox name |Instances |
+-+--------------+----------+
+-+--------------+----------+

Report Cell Usage:
+------+---------+------+
|      |Cell     |Count |
+------+---------+------+
|1     |CARRY4   |   255|
|2     |DSP48E1  |     7|
|3     |LUT1     |   216|
|4     |LUT2     |   701|
|5     |LUT3     |   129|
|6     |LUT4     |   183|
|7     |LUT5     |   353|
|8     |LUT6     |   605|
|9     |RAMB18E1 |     9|
|10    |RAMB36E1 |     1|
|11    |FDRE     |  1300|
|12    |FDSE     |     6|
+------+---------+------+

Report Instance Areas:
+------+-----------------+----------------+------+
|      |Instance         |Module          |Cells |
+------+-----------------+----------------+------+
|1     |top              |                |  3765|
|2     |  capture        |known_capture   |   975|
|3     |  \lanes[0].rom  |vib_coeff_rom   |   160|
|4     |  \lanes[1].rom  |vib_coeff_rom_0 |    20|
|5     |  \lanes[2].rom  |vib_coeff_rom_1 |    86|
|6     |  \lanes[3].rom  |vib_coeff_rom_2 |    21|
|7     |  power_ram      |spram16k        |   263|
+------+-----------------+----------------+------+
---------------------------------------------------------------------------------
Finished Writing Synthesis Report : Time (s): cpu = 00:00:27 ; elapsed = 00:00:37 . Memory (MB): peak = 2161.223 ; gain = 707.156 ; free physical = 32775 ; free virtual = 114325
---------------------------------------------------------------------------------
Synthesis finished with 0 errors, 0 critical warnings and 52 warnings.
Synthesis Optimization Runtime : Time (s): cpu = 00:00:27 ; elapsed = 00:00:37 . Memory (MB): peak = 2161.223 ; gain = 707.156 ; free physical = 32773 ; free virtual = 114324
Synthesis Optimization Complete : Time (s): cpu = 00:00:27 ; elapsed = 00:00:37 . Memory (MB): peak = 2161.230 ; gain = 707.156 ; free physical = 32774 ; free virtual = 114324
INFO: [Project 1-571] Translating synthesized netlist
Netlist sorting complete. Time (s): cpu = 00:00:00.03 ; elapsed = 00:00:00.02 . Memory (MB): peak = 2180.184 ; gain = 0.000 ; free physical = 32936 ; free virtual = 114487
INFO: [Netlist 29-17] Analyzing 272 Unisim elements for replacement
INFO: [Netlist 29-28] Unisim Transformation completed in 0 CPU seconds
INFO: [Project 1-570] Preparing netlist for logic optimization
INFO: [Opt 31-138] Pushed 0 inverter(s) to 0 load pin(s).
Netlist sorting complete. Time (s): cpu = 00:00:00 ; elapsed = 00:00:00 . Memory (MB): peak = 2273.781 ; gain = 0.000 ; free physical = 32894 ; free virtual = 114445
INFO: [Project 1-111] Unisim Transformation Summary:
No Unisim elements were transformed.

Synth Design complete | Checksum: 7b1840d9
INFO: [Common 17-83] Releasing license: Synthesis
33 Infos, 52 Warnings, 0 Critical Warnings and 0 Errors encountered.
synth_design completed successfully
synth_design: Time (s): cpu = 00:00:34 ; elapsed = 00:00:41 . Memory (MB): peak = 2273.781 ; gain = 819.723 ; free physical = 32894 ; free virtual = 114445
INFO: [Common 17-2834] synth_design peak Physical Memory [PSS] (MB): overall = 1782.540; main = 1782.540; forked = 335.939
INFO: [Common 17-2834] synth_design peak Virtual Memory [VSS] (MB): overall = 2992.730; main = 2273.785; forked = 948.293
# report_utilization -file utilization.rpt
# write_checkpoint -force synthesized.dcp
INFO: [Timing 38-35] Done setting XDC timing constraints.
Write ShapeDB Complete: Time (s): cpu = 00:00:00 ; elapsed = 00:00:00 . Memory (MB): peak = 2574.750 ; gain = 0.000 ; free physical = 32720 ; free virtual = 114270
INFO: [Common 17-1381] The checkpoint 'LAB_HOME/LAB_USER/digital_ic_vivado/portability-b-id00-l4-vivado-r4/synthesized.dcp' has been generated.
write_checkpoint: Time (s): cpu = 00:00:08 ; elapsed = 00:00:08 . Memory (MB): peak = 2578.242 ; gain = 304.461 ; free physical = 32700 ; free virtual = 114252
# if {$stage eq "impl"} {
#     read_xdc core.xdc
#     opt_design
#     place_design
#     route_design
#     report_timing_summary -delay_type min_max -report_unconstrained -file timing_summary.rpt
#     report_timing -from [all_registers -clock clk] -to [all_registers -clock clk] -max_paths 20 -path_type full_clock_expanded -file critical_paths.rpt
#     report_timing -delay_type min -max_paths 20 -file hold_paths.rpt
#     check_timing -verbose -file check_timing.rpt
#     report_drc -file drc.rpt
#     report_utilization -file utilization.rpt
#     write_checkpoint -force routed.dcp
#     set internal [get_timing_paths -from [all_registers -clock clk] -to [all_registers -clock clk] -max_paths 1]
#     set setup [get_timing_paths -delay_type max -max_paths 100000]
#     set hold [get_timing_paths -delay_type min -max_paths 100000]
#     if {[llength $internal]==0 || [llength $setup]==0 || [llength $hold]==0} {error "Missing timed paths"}
#     set tns 0.0; foreach p $setup {set s [get_property SLACK $p]; if {$s<0} {set tns [expr {$tns+$s}]}}
#     set htns 0.0; foreach p $hold {set s [get_property SLACK $p]; if {$s<0} {set htns [expr {$htns+$s}]}}
#     set unconstrained 0
#     set cf [open check_timing.rpt r]; set constraint_report [read $cf]; close $cf
#     foreach name {no_clock unconstrained_internal_endpoints no_input_delay no_output_delay} {
#         if {![regexp [format {checking %s \(([0-9]+)\)} $name] $constraint_report unused count]} {error "Missing constraint check $name"}
#         incr unconstrained $count
#     }
#     set blackboxes [llength [get_cells -hier -filter {IS_BLACKBOX == 1}]]
#     set brams [llength [get_cells -hier -filter {REF_NAME =~ RAMB*}]]
#     set fd [open metrics.json w]
#     puts $fd [format {{"internal_delay_ns":%s,"wns_ns":%s,"tns_ns":%s,"hold_wns_ns":%s,"hold_tns_ns":%s,"path_start":"%s","path_end":"%s","unconstrained_paths":%d,"blackboxes":%d,"bram_count":%d}} [get_property DATAPATH_DELAY $internal] [get_property SLACK [lindex $setup 0]] $tns [get_property SLACK [lindex $hold 0]] $htns [get_property STARTPOINT_PIN $internal] [get_property ENDPOINT_PIN $internal] $unconstrained $blackboxes $brams]
#     close $fd
# }
Parsing XDC File [LAB_HOME/LAB_USER/digital_ic_vivado/portability-b-id00-l4-vivado-r4/core.xdc]
Finished Parsing XDC File [LAB_HOME/LAB_USER/digital_ic_vivado/portability-b-id00-l4-vivado-r4/core.xdc]
Command: opt_design
Attempting to get a license for feature 'Implementation' and/or device 'xc7a35t'
INFO: [Common 17-349] Got license for feature 'Implementation' and/or device 'xc7a35t'
Running DRC as a precondition to command opt_design

Starting DRC Task
INFO: [DRC 23-27] Running DRC with 2 threads
WARNING: [DRC 23-814] Not all possible (connectivity based) DRCs may have been run because this design is seen as Out of Context.
INFO: [Project 1-461] DRC finished with 0 Errors
INFO: [Project 1-462] Please refer to the DRC report (report_drc) for more information.

Time (s): cpu = 00:00:01 ; elapsed = 00:00:01 . Memory (MB): peak = 2617.867 ; gain = 36.656 ; free physical = 32701 ; free virtual = 114252

Starting Cache Timing Information Task
Ending Cache Timing Information Task | Checksum: 1ded882ce

Time (s): cpu = 00:00:00.03 ; elapsed = 00:00:00.02 . Memory (MB): peak = 2617.867 ; gain = 0.000 ; free physical = 32701 ; free virtual = 114252

Starting Logic Optimization Task

Phase 1 Initialization

Phase 1.1 Core Generation And Design Setup
Phase 1.1 Core Generation And Design Setup | Checksum: 1ded882ce

Time (s): cpu = 00:00:00 ; elapsed = 00:00:00 . Memory (MB): peak = 2861.867 ; gain = 0.000 ; free physical = 32434 ; free virtual = 113985

Phase 1.2 Setup Constraints And Sort Netlist
Phase 1.2 Setup Constraints And Sort Netlist | Checksum: 1ded882ce

Time (s): cpu = 00:00:00 ; elapsed = 00:00:00.01 . Memory (MB): peak = 2861.867 ; gain = 0.000 ; free physical = 32435 ; free virtual = 113986
Phase 1 Initialization | Checksum: 1ded882ce

Time (s): cpu = 00:00:00.01 ; elapsed = 00:00:00.01 . Memory (MB): peak = 2861.867 ; gain = 0.000 ; free physical = 32435 ; free virtual = 113986

Phase 2 Timer Update And Timing Data Collection

Phase 2.1 Timer Update
Phase 2.1 Timer Update | Checksum: 1ded882ce

Time (s): cpu = 00:00:00.12 ; elapsed = 00:00:00.1 . Memory (MB): peak = 2861.867 ; gain = 0.000 ; free physical = 32435 ; free virtual = 113986

Phase 2.2 Timing Data Collection
Phase 2.2 Timing Data Collection | Checksum: 1ded882ce

Time (s): cpu = 00:00:00.13 ; elapsed = 00:00:00.11 . Memory (MB): peak = 2861.867 ; gain = 0.000 ; free physical = 32436 ; free virtual = 113987
Phase 2 Timer Update And Timing Data Collection | Checksum: 1ded882ce

Time (s): cpu = 00:00:00.13 ; elapsed = 00:00:00.12 . Memory (MB): peak = 2861.867 ; gain = 0.000 ; free physical = 32436 ; free virtual = 113987

Phase 3 Retarget
INFO: [Opt 31-1851] Number of loadless carry chains removed were: 0
INFO: [Opt 31-1834] Total Chains To Be Transformed Were: 0 AND Number of Transformed insts Created are: 0
INFO: [Opt 31-1566] Pulled 3 inverters resulting in an inversion of 11 pins
INFO: [Opt 31-138] Pushed 2 inverter(s) to 2 load pin(s).
INFO: [Opt 31-49] Retargeted 0 cell(s).
Phase 3 Retarget | Checksum: 212a4294c

Time (s): cpu = 00:00:00.21 ; elapsed = 00:00:00.2 . Memory (MB): peak = 2861.867 ; gain = 0.000 ; free physical = 32436 ; free virtual = 113987
Retarget | Checksum: 212a4294c
INFO: [Opt 31-389] Phase Retarget created 0 cells and removed 5 cells

Phase 4 Constant propagation
INFO: [Opt 31-138] Pushed 0 inverter(s) to 0 load pin(s).
Phase 4 Constant propagation | Checksum: 212a4294c

Time (s): cpu = 00:00:00.24 ; elapsed = 00:00:00.23 . Memory (MB): peak = 2861.867 ; gain = 0.000 ; free physical = 32436 ; free virtual = 113987
Constant propagation | Checksum: 212a4294c
INFO: [Opt 31-389] Phase Constant propagation created 0 cells and removed 0 cells

Phase 5 Sweep
INFO: [Constraints 18-11670] Building netlist checker database with flags, 0x8
Done building netlist checker database: Time (s): cpu = 00:00:00 ; elapsed = 00:00:00.01 . Memory (MB): peak = 2861.867 ; gain = 0.000 ; free physical = 32436 ; free virtual = 113987
Phase 5 Sweep | Checksum: 218ae9d55

Time (s): cpu = 00:00:00.3 ; elapsed = 00:00:00.29 . Memory (MB): peak = 2861.867 ; gain = 0.000 ; free physical = 32436 ; free virtual = 113987
Sweep | Checksum: 218ae9d55
INFO: [Opt 31-389] Phase Sweep created 0 cells and removed 0 cells

Phase 6 BUFG optimization
Phase 6 BUFG optimization | Checksum: 218ae9d55

Time (s): cpu = 00:00:00.31 ; elapsed = 00:00:00.31 . Memory (MB): peak = 2861.867 ; gain = 0.000 ; free physical = 32436 ; free virtual = 113987
BUFG optimization | Checksum: 218ae9d55
INFO: [Opt 31-662] Phase BUFG optimization created 0 cells of which 0 are BUFGs and removed 0 cells.

Phase 7 Shift Register Optimization
INFO: [Opt 31-1064] SRL Remap converted 0 SRLs to 0 registers and converted 0 registers of register chains to 0 SRLs
Phase 7 Shift Register Optimization | Checksum: 218ae9d55

Time (s): cpu = 00:00:00.31 ; elapsed = 00:00:00.31 . Memory (MB): peak = 2861.867 ; gain = 0.000 ; free physical = 32436 ; free virtual = 113987
Shift Register Optimization | Checksum: 218ae9d55
INFO: [Opt 31-389] Phase Shift Register Optimization created 0 cells and removed 0 cells

Phase 8 Post Processing Netlist
Phase 8 Post Processing Netlist | Checksum: 218ae9d55

Time (s): cpu = 00:00:00.32 ; elapsed = 00:00:00.32 . Memory (MB): peak = 2861.867 ; gain = 0.000 ; free physical = 32436 ; free virtual = 113987
Post Processing Netlist | Checksum: 218ae9d55
INFO: [Opt 31-389] Phase Post Processing Netlist created 0 cells and removed 0 cells

Phase 9 Finalization

Phase 9.1 Finalizing Design Cores and Updating Shapes
Phase 9.1 Finalizing Design Cores and Updating Shapes | Checksum: 164f52e35

Time (s): cpu = 00:00:00.42 ; elapsed = 00:00:00.42 . Memory (MB): peak = 2861.867 ; gain = 0.000 ; free physical = 32436 ; free virtual = 113987

Phase 9.2 Verifying Netlist Connectivity

Starting Connectivity Check Task

Time (s): cpu = 00:00:00 ; elapsed = 00:00:00.03 . Memory (MB): peak = 2861.867 ; gain = 0.000 ; free physical = 32438 ; free virtual = 113989
Phase 9.2 Verifying Netlist Connectivity | Checksum: 164f52e35

Time (s): cpu = 00:00:00.42 ; elapsed = 00:00:00.45 . Memory (MB): peak = 2861.867 ; gain = 0.000 ; free physical = 32438 ; free virtual = 113989
Phase 9 Finalization | Checksum: 164f52e35

Time (s): cpu = 00:00:00.42 ; elapsed = 00:00:00.45 . Memory (MB): peak = 2861.867 ; gain = 0.000 ; free physical = 32438 ; free virtual = 113989
Opt_design Change Summary
=========================


-------------------------------------------------------------------------------------------------------------------------
|  Phase                        |  #Cells created  |  #Cells Removed  |  #Constrained objects preventing optimizations  |
-------------------------------------------------------------------------------------------------------------------------
|  Retarget                     |               0  |               5  |                                              0  |
|  Constant propagation         |               0  |               0  |                                              0  |
|  Sweep                        |               0  |               0  |                                              0  |
|  BUFG optimization            |               0  |               0  |                                              0  |
|  Shift Register Optimization  |               0  |               0  |                                              0  |
|  Post Processing Netlist      |               0  |               0  |                                              0  |
-------------------------------------------------------------------------------------------------------------------------


Ending Logic Optimization Task | Checksum: 164f52e35

Time (s): cpu = 00:00:00.43 ; elapsed = 00:00:00.46 . Memory (MB): peak = 2861.867 ; gain = 0.000 ; free physical = 32438 ; free virtual = 113989

Starting Power Optimization Task
INFO: [Pwropt 34-132] Skipping clock gating for clocks with a period < 2.00 ns.
INFO: [Timing 38-35] Done setting XDC timing constraints.
INFO: [Pwropt 34-9] Applying IDT optimizations ...
INFO: [Pwropt 34-10] Applying ODC optimizations ...
Running Vector-less Activity Propagation...

Finished Running Vector-less Activity Propagation


Starting PowerOpt Patch Enables Task
INFO: [Pwropt 34-162] WRITE_MODE attribute of 0 BRAM(s) out of a total of 10 has been updated to save power. Run report_power_opt to get a complete listing of the BRAMs updated.
INFO: [Pwropt 34-201] Structural ODC has moved 0 WE to EN ports
Number of BRAM Ports augmented: 3 newly gated: 0 Total Ports: 20
Ending PowerOpt Patch Enables Task | Checksum: cc42dd72

Time (s): cpu = 00:00:00.03 ; elapsed = 00:00:00.04 . Memory (MB): peak = 2956.934 ; gain = 0.000 ; free physical = 32436 ; free virtual = 113987
Ending Power Optimization Task | Checksum: cc42dd72

Time (s): cpu = 00:00:02 ; elapsed = 00:00:02 . Memory (MB): peak = 2956.934 ; gain = 95.066 ; free physical = 32436 ; free virtual = 113987

Starting Final Cleanup Task
Ending Final Cleanup Task | Checksum: cc42dd72

Time (s): cpu = 00:00:00 ; elapsed = 00:00:00 . Memory (MB): peak = 2956.934 ; gain = 0.000 ; free physical = 32436 ; free virtual = 113987

Starting Netlist Obfuscation Task
Netlist sorting complete. Time (s): cpu = 00:00:00.01 ; elapsed = 00:00:00.01 . Memory (MB): peak = 2956.934 ; gain = 0.000 ; free physical = 32436 ; free virtual = 113987
Ending Netlist Obfuscation Task | Checksum: be59b7cc

Time (s): cpu = 00:00:00.01 ; elapsed = 00:00:00.01 . Memory (MB): peak = 2956.934 ; gain = 0.000 ; free physical = 32436 ; free virtual = 113987
INFO: [Common 17-83] Releasing license: Implementation
25 Infos, 1 Warnings, 0 Critical Warnings and 0 Errors encountered.
opt_design completed successfully
opt_design: Time (s): cpu = 00:00:07 ; elapsed = 00:00:06 . Memory (MB): peak = 2956.934 ; gain = 375.723 ; free physical = 32436 ; free virtual = 113987
Command: place_design
Attempting to get a license for feature 'Implementation' and/or device 'xc7a35t'
INFO: [Common 17-349] Got license for feature 'Implementation' and/or device 'xc7a35t'
INFO: [Common 17-83] Releasing license: Implementation
INFO: [DRC 23-27] Running DRC with 2 threads
WARNING: [DRC 23-814] Not all possible (connectivity based) DRCs may have been run because this design is seen as Out of Context.
INFO: [Vivado_Tcl 4-198] DRC finished with 0 Errors
INFO: [Vivado_Tcl 4-199] Please refer to the DRC report (report_drc) for more information.
Running DRC as a precondition to command place_design
INFO: [DRC 23-27] Running DRC with 2 threads
WARNING: [DRC 23-814] Not all possible (connectivity based) DRCs may have been run because this design is seen as Out of Context.
INFO: [Vivado_Tcl 4-198] DRC finished with 0 Errors
INFO: [Vivado_Tcl 4-199] Please refer to the DRC report (report_drc) for more information.
INFO: [Place 30-611] Multithreading enabled for place_design using a maximum of 2 CPUs

Starting Placer Task

Phase 1 Placer Initialization

Phase 1.1 Placer Initialization Netlist Sorting
Netlist sorting complete. Time (s): cpu = 00:00:00 ; elapsed = 00:00:00 . Memory (MB): peak = 2956.934 ; gain = 0.000 ; free physical = 32443 ; free virtual = 113994
Phase 1.1 Placer Initialization Netlist Sorting | Checksum: a35409b1

Time (s): cpu = 00:00:00 ; elapsed = 00:00:00 . Memory (MB): peak = 2956.934 ; gain = 0.000 ; free physical = 32443 ; free virtual = 113994
Netlist sorting complete. Time (s): cpu = 00:00:00 ; elapsed = 00:00:00 . Memory (MB): peak = 2956.934 ; gain = 0.000 ; free physical = 32443 ; free virtual = 113994

Phase 1.2 IO Placement/ Clock Placement/ Build Placer Device
INFO: [Timing 38-35] Done setting XDC timing constraints.
Phase 1.2 IO Placement/ Clock Placement/ Build Placer Device | Checksum: 115a830ef

Time (s): cpu = 00:00:00.9 ; elapsed = 00:00:00.69 . Memory (MB): peak = 2956.934 ; gain = 0.000 ; free physical = 32444 ; free virtual = 113995

Phase 1.3 Build Placer Netlist Model
Phase 1.3 Build Placer Netlist Model | Checksum: 1ba009188

Time (s): cpu = 00:00:02 ; elapsed = 00:00:01 . Memory (MB): peak = 2956.934 ; gain = 0.000 ; free physical = 32446 ; free virtual = 113997

Phase 1.4 Constrain Clocks/Macros
Phase 1.4 Constrain Clocks/Macros | Checksum: 1ba009188

Time (s): cpu = 00:00:02 ; elapsed = 00:00:01 . Memory (MB): peak = 2956.934 ; gain = 0.000 ; free physical = 32446 ; free virtual = 113997
Phase 1 Placer Initialization | Checksum: 1ba009188

Time (s): cpu = 00:00:02 ; elapsed = 00:00:01 . Memory (MB): peak = 2956.934 ; gain = 0.000 ; free physical = 32446 ; free virtual = 113997

Phase 2 Global Placement

Phase 2.1 Floorplanning
Phase 2.1 Floorplanning | Checksum: 1714cd0ae

Time (s): cpu = 00:00:02 ; elapsed = 00:00:02 . Memory (MB): peak = 2956.934 ; gain = 0.000 ; free physical = 32442 ; free virtual = 113993

Phase 2.2 Update Timing before SLR Path Opt
Phase 2.2 Update Timing before SLR Path Opt | Checksum: 13a3c6ab4

Time (s): cpu = 00:00:03 ; elapsed = 00:00:02 . Memory (MB): peak = 2956.934 ; gain = 0.000 ; free physical = 32442 ; free virtual = 113993

Phase 2.3 Post-Processing in Floorplanning
Phase 2.3 Post-Processing in Floorplanning | Checksum: 13a3c6ab4

Time (s): cpu = 00:00:03 ; elapsed = 00:00:02 . Memory (MB): peak = 2956.934 ; gain = 0.000 ; free physical = 32442 ; free virtual = 113993

Phase 2.4 Global Place Phase1
Phase 2.4 Global Place Phase1 | Checksum: 250dbb44c

Time (s): cpu = 00:00:05 ; elapsed = 00:00:03 . Memory (MB): peak = 2956.934 ; gain = 0.000 ; free physical = 32443 ; free virtual = 113995

Phase 2.5 Global Place Phase2

Phase 2.5.1 UpdateTiming Before Physical Synthesis
Phase 2.5.1 UpdateTiming Before Physical Synthesis | Checksum: 2ef795a44

Time (s): cpu = 00:00:05 ; elapsed = 00:00:04 . Memory (MB): peak = 2956.934 ; gain = 0.000 ; free physical = 32444 ; free virtual = 113995

Phase 2.5.2 Physical Synthesis In Placer
INFO: [Physopt 32-1035] Found 5 LUTNM shape to break, 247 LUT instances to create LUTNM shape
INFO: [Physopt 32-1044] Break lutnm for timing: one critical 4, two critical 1, total 5, new lutff created 1
INFO: [Physopt 32-1138] End 1 Pass. Optimized 121 nets or LUTs. Breaked 5 LUTs, combined 116 existing LUTs and moved 0 existing LUT
INFO: [Physopt 32-65] No nets found for high-fanout optimization.
INFO: [Physopt 32-232] Optimized 0 net. Created 0 new instance.
INFO: [Physopt 32-775] End 1 Pass. Optimized 0 net or cell. Created 0 new cell, deleted 0 existing cell and moved 0 existing cell
INFO: [Physopt 32-456] No candidate cells for DSP register optimization found in the design.
INFO: [Physopt 32-775] End 2 Pass. Optimized 0 net or cell. Created 0 new cell, deleted 0 existing cell and moved 0 existing cell
INFO: [Physopt 32-1123] No candidate cells found for Shift Register to Pipeline optimization
INFO: [Physopt 32-775] End 2 Pass. Optimized 0 net or cell. Created 0 new cell, deleted 0 existing cell and moved 0 existing cell
INFO: [Physopt 32-1401] No candidate cells found for Shift Register optimization.
INFO: [Physopt 32-677] No candidate cells for Shift Register optimization found in the design
INFO: [Physopt 32-775] End 1 Pass. Optimized 0 net or cell. Created 0 new cell, deleted 0 existing cell and moved 0 existing cell
INFO: [Physopt 32-526] No candidate cells for BRAM register optimization found in the design
INFO: [Physopt 32-775] End 1 Pass. Optimized 0 net or cell. Created 0 new cell, deleted 0 existing cell and moved 0 existing cell
INFO: [Physopt 32-846] No candidate cells for URAM register optimization found in the design
INFO: [Physopt 32-775] End 1 Pass. Optimized 0 net or cell. Created 0 new cell, deleted 0 existing cell and moved 0 existing cell
INFO: [Physopt 32-846] No candidate cells for URAM register optimization found in the design
INFO: [Physopt 32-775] End 1 Pass. Optimized 0 net or cell. Created 0 new cell, deleted 0 existing cell and moved 0 existing cell
INFO: [Physopt 32-949] No candidate nets found for dynamic/static region interface net replication
INFO: [Physopt 32-775] End 1 Pass. Optimized 0 net or cell. Created 0 new cell, deleted 0 existing cell and moved 0 existing cell
Netlist sorting complete. Time (s): cpu = 00:00:00 ; elapsed = 00:00:00 . Memory (MB): peak = 2956.934 ; gain = 0.000 ; free physical = 32444 ; free virtual = 113995

Summary of Physical Synthesis Optimizations
============================================


-----------------------------------------------------------------------------------------------------------------------------------------------------------
|  Optimization                                     |  Added Cells  |  Removed Cells  |  Optimized Cells/Nets  |  Dont Touch  |  Iterations  |  Elapsed   |
-----------------------------------------------------------------------------------------------------------------------------------------------------------
|  LUT Combining                                    |            5  |            116  |                   121  |           0  |           1  |  00:00:00  |
|  Retime                                           |            0  |              0  |                     0  |           0  |           1  |  00:00:00  |
|  Very High Fanout                                 |            0  |              0  |                     0  |           0  |           1  |  00:00:00  |
|  DSP Register                                     |            0  |              0  |                     0  |           0  |           1  |  00:00:00  |
|  Shift Register to Pipeline                       |            0  |              0  |                     0  |           0  |           1  |  00:00:00  |
|  Shift Register                                   |            0  |              0  |                     0  |           0  |           1  |  00:00:00  |
|  BRAM Register                                    |            0  |              0  |                     0  |           0  |           1  |  00:00:00  |
|  URAM Register                                    |            0  |              0  |                     0  |           0  |           1  |  00:00:00  |
|  Dynamic/Static Region Interface Net Replication  |            0  |              0  |                     0  |           0  |           1  |  00:00:00  |
|  Total                                            |            5  |            116  |                   121  |           0  |           9  |  00:00:00  |
-----------------------------------------------------------------------------------------------------------------------------------------------------------


Phase 2.5.2 Physical Synthesis In Placer | Checksum: 2dfcdfccc

Time (s): cpu = 00:00:06 ; elapsed = 00:00:04 . Memory (MB): peak = 2956.934 ; gain = 0.000 ; free physical = 32445 ; free virtual = 113996
Phase 2.5 Global Place Phase2 | Checksum: 1e8688397

Time (s): cpu = 00:00:06 ; elapsed = 00:00:05 . Memory (MB): peak = 2956.934 ; gain = 0.000 ; free physical = 32445 ; free virtual = 113996
Phase 2 Global Placement | Checksum: 1e8688397

Time (s): cpu = 00:00:06 ; elapsed = 00:00:05 . Memory (MB): peak = 2956.934 ; gain = 0.000 ; free physical = 32445 ; free virtual = 113996

Phase 3 Detail Placement

Phase 3.1 Commit Multi Column Macros
Phase 3.1 Commit Multi Column Macros | Checksum: 1c06a823d

Time (s): cpu = 00:00:06 ; elapsed = 00:00:05 . Memory (MB): peak = 2956.934 ; gain = 0.000 ; free physical = 32445 ; free virtual = 113996

Phase 3.2 Commit Most Macros & LUTRAMs
Phase 3.2 Commit Most Macros & LUTRAMs | Checksum: 207699a02

Time (s): cpu = 00:00:07 ; elapsed = 00:00:05 . Memory (MB): peak = 2956.934 ; gain = 0.000 ; free physical = 32445 ; free virtual = 113996

Phase 3.3 Area Swap Optimization
Phase 3.3 Area Swap Optimization | Checksum: 1bb6451e0

Time (s): cpu = 00:00:07 ; elapsed = 00:00:05 . Memory (MB): peak = 2956.934 ; gain = 0.000 ; free physical = 32445 ; free virtual = 113996

Phase 3.4 Pipeline Register Optimization
Phase 3.4 Pipeline Register Optimization | Checksum: 198af7fb0

Time (s): cpu = 00:00:07 ; elapsed = 00:00:05 . Memory (MB): peak = 2956.934 ; gain = 0.000 ; free physical = 32445 ; free virtual = 113996

Phase 3.5 Small Shape Detail Placement
Phase 3.5 Small Shape Detail Placement | Checksum: 1a450a053

Time (s): cpu = 00:00:08 ; elapsed = 00:00:06 . Memory (MB): peak = 2956.934 ; gain = 0.000 ; free physical = 32445 ; free virtual = 113996

Phase 3.6 Re-assign LUT pins
Phase 3.6 Re-assign LUT pins | Checksum: 1e014a348

Time (s): cpu = 00:00:08 ; elapsed = 00:00:06 . Memory (MB): peak = 2956.934 ; gain = 0.000 ; free physical = 32445 ; free virtual = 113996

Phase 3.7 Pipeline Register Optimization
Phase 3.7 Pipeline Register Optimization | Checksum: 20d47d598

Time (s): cpu = 00:00:08 ; elapsed = 00:00:06 . Memory (MB): peak = 2956.934 ; gain = 0.000 ; free physical = 32445 ; free virtual = 113996
Phase 3 Detail Placement | Checksum: 20d47d598

Time (s): cpu = 00:00:08 ; elapsed = 00:00:06 . Memory (MB): peak = 2956.934 ; gain = 0.000 ; free physical = 32445 ; free virtual = 113996

Phase 4 Post Placement Optimization and Clean-Up

Phase 4.1 Post Commit Optimization
INFO: [Timing 38-35] Done setting XDC timing constraints.

Phase 4.1.1 Post Placement Optimization
Post Placement Optimization Initialization | Checksum: 1acab449e

Phase 4.1.1.1 BUFG Insertion

Starting Physical Synthesis Task

Phase 1 Physical Synthesis Initialization
INFO: [Physopt 32-721] Multithreading enabled for phys_opt_design using a maximum of 2 CPUs
INFO: [Physopt 32-619] Estimated Timing Summary | WNS=1.573 | TNS=0.000 |
Phase 1 Physical Synthesis Initialization | Checksum: 76cb7713

Time (s): cpu = 00:00:00.17 ; elapsed = 00:00:00.12 . Memory (MB): peak = 2956.934 ; gain = 0.000 ; free physical = 32447 ; free virtual = 113998
INFO: [Place 46-56] BUFG insertion identified 0 candidate nets. Inserted BUFG: 0, Replicated BUFG Driver: 0, Skipped due to Placement/Routing Conflicts: 0, Skipped due to Timing Degradation: 0, Skipped due to netlist editing failed: 0.
Ending Physical Synthesis Task | Checksum: 17edfdd60

Time (s): cpu = 00:00:00.2 ; elapsed = 00:00:00.15 . Memory (MB): peak = 2956.934 ; gain = 0.000 ; free physical = 32447 ; free virtual = 113998
Phase 4.1.1.1 BUFG Insertion | Checksum: 1acab449e

Time (s): cpu = 00:00:10 ; elapsed = 00:00:07 . Memory (MB): peak = 2956.934 ; gain = 0.000 ; free physical = 32447 ; free virtual = 113998

Phase 4.1.1.2 Post Placement Timing Optimization
INFO: [Place 30-746] Post Placement Timing Summary WNS=1.573. For the most accurate timing information please run report_timing.
Phase 4.1.1.2 Post Placement Timing Optimization | Checksum: 1f5e5dc93

Time (s): cpu = 00:00:10 ; elapsed = 00:00:07 . Memory (MB): peak = 2956.934 ; gain = 0.000 ; free physical = 32447 ; free virtual = 113998

Time (s): cpu = 00:00:10 ; elapsed = 00:00:07 . Memory (MB): peak = 2956.934 ; gain = 0.000 ; free physical = 32447 ; free virtual = 113998
Phase 4.1 Post Commit Optimization | Checksum: 1f5e5dc93

Time (s): cpu = 00:00:10 ; elapsed = 00:00:07 . Memory (MB): peak = 2956.934 ; gain = 0.000 ; free physical = 32447 ; free virtual = 113998

Phase 4.2 Post Placement Cleanup
Phase 4.2 Post Placement Cleanup | Checksum: 1f5e5dc93

Time (s): cpu = 00:00:10 ; elapsed = 00:00:07 . Memory (MB): peak = 2956.934 ; gain = 0.000 ; free physical = 32447 ; free virtual = 113998

Phase 4.3 Placer Reporting

Phase 4.3.1 Print Estimated Congestion
INFO: [Place 30-612] Post-Placement Estimated Congestion
 ____________________________________________________
|           | Global Congestion | Short Congestion  |
| Direction | Region Size       | Region Size       |
|___________|___________________|___________________|
|      North|                1x1|                1x1|
|___________|___________________|___________________|
|      South|                1x1|                1x1|
|___________|___________________|___________________|
|       East|                1x1|                1x1|
|___________|___________________|___________________|
|       West|                1x1|                1x1|
|___________|___________________|___________________|

Phase 4.3.1 Print Estimated Congestion | Checksum: 1f5e5dc93

Time (s): cpu = 00:00:10 ; elapsed = 00:00:07 . Memory (MB): peak = 2956.934 ; gain = 0.000 ; free physical = 32447 ; free virtual = 113998
Phase 4.3 Placer Reporting | Checksum: 1f5e5dc93

Time (s): cpu = 00:00:10 ; elapsed = 00:00:07 . Memory (MB): peak = 2956.934 ; gain = 0.000 ; free physical = 32447 ; free virtual = 113998

Phase 4.4 Final Placement Cleanup
Netlist sorting complete. Time (s): cpu = 00:00:00.01 ; elapsed = 00:00:00 . Memory (MB): peak = 2956.934 ; gain = 0.000 ; free physical = 32447 ; free virtual = 113998

Time (s): cpu = 00:00:10 ; elapsed = 00:00:07 . Memory (MB): peak = 2956.934 ; gain = 0.000 ; free physical = 32447 ; free virtual = 113998
Phase 4 Post Placement Optimization and Clean-Up | Checksum: 2a1ded69d

Time (s): cpu = 00:00:10 ; elapsed = 00:00:07 . Memory (MB): peak = 2956.934 ; gain = 0.000 ; free physical = 32447 ; free virtual = 113998
Ending Placer Task | Checksum: 20fd3294f

Time (s): cpu = 00:00:10 ; elapsed = 00:00:07 . Memory (MB): peak = 2956.934 ; gain = 0.000 ; free physical = 32447 ; free virtual = 113998
62 Infos, 3 Warnings, 0 Critical Warnings and 0 Errors encountered.
place_design completed successfully
place_design: Time (s): cpu = 00:00:13 ; elapsed = 00:00:10 . Memory (MB): peak = 2956.934 ; gain = 0.000 ; free physical = 32447 ; free virtual = 113998
Command: route_design
Attempting to get a license for feature 'Implementation' and/or device 'xc7a35t'
INFO: [Common 17-349] Got license for feature 'Implementation' and/or device 'xc7a35t'


Starting Routing Task
INFO: [Route 35-254] Multithreading enabled for route_design using a maximum of 2 CPUs

Phase 1 Build RT Design
Checksum: PlaceDB: b0641f4f ConstDB: 0 ShapeSum: beedada9 RouteDB: a0815c57
WARNING: [Route 35-197] Clock port "clk" does not have an associated HD.CLK_SRC. Without this constraint, timing analysis may not be accurate and upstream checks cannot be done to ensure correct clock placement.
WARNING: [Route 35-198] Port "rst" does not have an associated HD.PARTPIN_LOCS, which will prevent the partial routing of the signal "rst". Without this partial route, timing analysis to/from this port will not be accurate, and no routing information for this port can be exported.
WARNING: [Route 35-198] Port "in_frame_id[31]" does not have an associated HD.PARTPIN_LOCS, which will prevent the partial routing of the signal "in_frame_id[31]". Without this partial route, timing analysis to/from this port will not be accurate, and no routing information for this port can be exported.
WARNING: [Route 35-198] Port "in_frame_id[25]" does not have an associated HD.PARTPIN_LOCS, which will prevent the partial routing of the signal "in_frame_id[25]". Without this partial route, timing analysis to/from this port will not be accurate, and no routing information for this port can be exported.
WARNING: [Route 35-198] Port "in_frame_id[24]" does not have an associated HD.PARTPIN_LOCS, which will prevent the partial routing of the signal "in_frame_id[24]". Without this partial route, timing analysis to/from this port will not be accurate, and no routing information for this port can be exported.
WARNING: [Route 35-198] Port "in_frame_id[27]" does not have an associated HD.PARTPIN_LOCS, which will prevent the partial routing of the signal "in_frame_id[27]". Without this partial route, timing analysis to/from this port will not be accurate, and no routing information for this port can be exported.
WARNING: [Route 35-198] Port "in_frame_id[26]" does not have an associated HD.PARTPIN_LOCS, which will prevent the partial routing of the signal "in_frame_id[26]". Without this partial route, timing analysis to/from this port will not be accurate, and no routing information for this port can be exported.
WARNING: [Route 35-198] Port "in_frame_id[19]" does not have an associated HD.PARTPIN_LOCS, which will prevent the partial routing of the signal "in_frame_id[19]". Without this partial route, timing analysis to/from this port will not be accurate, and no routing information for this port can be exported.
WARNING: [Route 35-198] Port "in_frame_id[18]" does not have an associated HD.PARTPIN_LOCS, which will prevent the partial routing of the signal "in_frame_id[18]". Without this partial route, timing analysis to/from this port will not be accurate, and no routing information for this port can be exported.
WARNING: [Route 35-198] Port "in_frame_id[30]" does not have an associated HD.PARTPIN_LOCS, which will prevent the partial routing of the signal "in_frame_id[30]". Without this partial route, timing analysis to/from this port will not be accurate, and no routing information for this port can be exported.
WARNING: [Route 35-198] Port "in_frame_id[29]" does not have an associated HD.PARTPIN_LOCS, which will prevent the partial routing of the signal "in_frame_id[29]". Without this partial route, timing analysis to/from this port will not be accurate, and no routing information for this port can be exported.
WARNING: [Route 35-198] Port "in_frame_id[28]" does not have an associated HD.PARTPIN_LOCS, which will prevent the partial routing of the signal "in_frame_id[28]". Without this partial route, timing analysis to/from this port will not be accurate, and no routing information for this port can be exported.
WARNING: [Route 35-198] Port "in_frame_id[23]" does not have an associated HD.PARTPIN_LOCS, which will prevent the partial routing of the signal "in_frame_id[23]". Without this partial route, timing analysis to/from this port will not be accurate, and no routing information for this port can be exported.
WARNING: [Route 35-198] Port "in_frame_id[22]" does not have an associated HD.PARTPIN_LOCS, which will prevent the partial routing of the signal "in_frame_id[22]". Without this partial route, timing analysis to/from this port will not be accurate, and no routing information for this port can be exported.
WARNING: [Route 35-198] Port "in_frame_id[17]" does not have an associated HD.PARTPIN_LOCS, which will prevent the partial routing of the signal "in_frame_id[17]". Without this partial route, timing analysis to/from this port will not be accurate, and no routing information for this port can be exported.
WARNING: [Route 35-198] Port "in_frame_id[16]" does not have an associated HD.PARTPIN_LOCS, which will prevent the partial routing of the signal "in_frame_id[16]". Without this partial route, timing analysis to/from this port will not be accurate, and no routing information for this port can be exported.
WARNING: [Route 35-198] Port "in_frame_id[13]" does not have an associated HD.PARTPIN_LOCS, which will prevent the partial routing of the signal "in_frame_id[13]". Without this partial route, timing analysis to/from this port will not be accurate, and no routing information for this port can be exported.
WARNING: [Route 35-198] Port "in_frame_id[12]" does not have an associated HD.PARTPIN_LOCS, which will prevent the partial routing of the signal "in_frame_id[12]". Without this partial route, timing analysis to/from this port will not be accurate, and no routing information for this port can be exported.
WARNING: [Route 35-198] Port "in_frame_id[11]" does not have an associated HD.PARTPIN_LOCS, which will prevent the partial routing of the signal "in_frame_id[11]". Without this partial route, timing analysis to/from this port will not be accurate, and no routing information for this port can be exported.
WARNING: [Route 35-198] Port "in_frame_id[10]" does not have an associated HD.PARTPIN_LOCS, which will prevent the partial routing of the signal "in_frame_id[10]". Without this partial route, timing analysis to/from this port will not be accurate, and no routing information for this port can be exported.
WARNING: [Route 35-198] Port "in_frame_id[21]" does not have an associated HD.PARTPIN_LOCS, which will prevent the partial routing of the signal "in_frame_id[21]". Without this partial route, timing analysis to/from this port will not be accurate, and no routing information for this port can be exported.
WARNING: [Route 35-198] Port "in_frame_id[20]" does not have an associated HD.PARTPIN_LOCS, which will prevent the partial routing of the signal "in_frame_id[20]". Without this partial route, timing analysis to/from this port will not be accurate, and no routing information for this port can be exported.
WARNING: [Route 35-198] Port "in_frame_id[15]" does not have an associated HD.PARTPIN_LOCS, which will prevent the partial routing of the signal "in_frame_id[15]". Without this partial route, timing analysis to/from this port will not be accurate, and no routing information for this port can be exported.
WARNING: [Route 35-198] Port "in_frame_id[14]" does not have an associated HD.PARTPIN_LOCS, which will prevent the partial routing of the signal "in_frame_id[14]". Without this partial route, timing analysis to/from this port will not be accurate, and no routing information for this port can be exported.
WARNING: [Route 35-198] Port "in_frame_id[1]" does not have an associated HD.PARTPIN_LOCS, which will prevent the partial routing of the signal "in_frame_id[1]". Without this partial route, timing analysis to/from this port will not be accurate, and no routing information for this port can be exported.
WARNING: [Route 35-198] Port "in_frame_id[0]" does not have an associated HD.PARTPIN_LOCS, which will prevent the partial routing of the signal "in_frame_id[0]". Without this partial route, timing analysis to/from this port will not be accurate, and no routing information for this port can be exported.
WARNING: [Route 35-198] Port "in_frame_id[9]" does not have an associated HD.PARTPIN_LOCS, which will prevent the partial routing of the signal "in_frame_id[9]". Without this partial route, timing analysis to/from this port will not be accurate, and no routing information for this port can be exported.
WARNING: [Route 35-198] Port "in_frame_id[8]" does not have an associated HD.PARTPIN_LOCS, which will prevent the partial routing of the signal "in_frame_id[8]". Without this partial route, timing analysis to/from this port will not be accurate, and no routing information for this port can be exported.
WARNING: [Route 35-198] Port "in_frame_id[7]" does not have an associated HD.PARTPIN_LOCS, which will prevent the partial routing of the signal "in_frame_id[7]". Without this partial route, timing analysis to/from this port will not be accurate, and no routing information for this port can be exported.
WARNING: [Route 35-198] Port "in_frame_id[6]" does not have an associated HD.PARTPIN_LOCS, which will prevent the partial routing of the signal "in_frame_id[6]". Without this partial route, timing analysis to/from this port will not be accurate, and no routing information for this port can be exported.
WARNING: [Route 35-198] Port "in_frame_id[5]" does not have an associated HD.PARTPIN_LOCS, which will prevent the partial routing of the signal "in_frame_id[5]". Without this partial route, timing analysis to/from this port will not be accurate, and no routing information for this port can be exported.
WARNING: [Route 35-198] Port "in_frame_id[4]" does not have an associated HD.PARTPIN_LOCS, which will prevent the partial routing of the signal "in_frame_id[4]". Without this partial route, timing analysis to/from this port will not be accurate, and no routing information for this port can be exported.
WARNING: [Route 35-198] Port "in_frame_id[3]" does not have an associated HD.PARTPIN_LOCS, which will prevent the partial routing of the signal "in_frame_id[3]". Without this partial route, timing analysis to/from this port will not be accurate, and no routing information for this port can be exported.
WARNING: [Route 35-198] Port "in_frame_id[2]" does not have an associated HD.PARTPIN_LOCS, which will prevent the partial routing of the signal "in_frame_id[2]". Without this partial route, timing analysis to/from this port will not be accurate, and no routing information for this port can be exported.
WARNING: [Route 35-198] Port "out_ready" does not have an associated HD.PARTPIN_LOCS, which will prevent the partial routing of the signal "out_ready". Without this partial route, timing analysis to/from this port will not be accurate, and no routing information for this port can be exported.
WARNING: [Route 35-198] Port "in_valid" does not have an associated HD.PARTPIN_LOCS, which will prevent the partial routing of the signal "in_valid". Without this partial route, timing analysis to/from this port will not be accurate, and no routing information for this port can be exported.
WARNING: [Route 35-198] Port "in_sample[15]" does not have an associated HD.PARTPIN_LOCS, which will prevent the partial routing of the signal "in_sample[15]". Without this partial route, timing analysis to/from this port will not be accurate, and no routing information for this port can be exported.
WARNING: [Route 35-198] Port "in_sample[14]" does not have an associated HD.PARTPIN_LOCS, which will prevent the partial routing of the signal "in_sample[14]". Without this partial route, timing analysis to/from this port will not be accurate, and no routing information for this port can be exported.
WARNING: [Route 35-198] Port "in_sample[13]" does not have an associated HD.PARTPIN_LOCS, which will prevent the partial routing of the signal "in_sample[13]". Without this partial route, timing analysis to/from this port will not be accurate, and no routing information for this port can be exported.
WARNING: [Route 35-198] Port "in_last" does not have an associated HD.PARTPIN_LOCS, which will prevent the partial routing of the signal "in_last". Without this partial route, timing analysis to/from this port will not be accurate, and no routing information for this port can be exported.
WARNING: [Route 35-198] Port "in_sample[12]" does not have an associated HD.PARTPIN_LOCS, which will prevent the partial routing of the signal "in_sample[12]". Without this partial route, timing analysis to/from this port will not be accurate, and no routing information for this port can be exported.
WARNING: [Route 35-198] Port "in_sample[11]" does not have an associated HD.PARTPIN_LOCS, which will prevent the partial routing of the signal "in_sample[11]". Without this partial route, timing analysis to/from this port will not be accurate, and no routing information for this port can be exported.
WARNING: [Route 35-198] Port "in_sample[10]" does not have an associated HD.PARTPIN_LOCS, which will prevent the partial routing of the signal "in_sample[10]". Without this partial route, timing analysis to/from this port will not be accurate, and no routing information for this port can be exported.
WARNING: [Route 35-198] Port "in_sample[9]" does not have an associated HD.PARTPIN_LOCS, which will prevent the partial routing of the signal "in_sample[9]". Without this partial route, timing analysis to/from this port will not be accurate, and no routing information for this port can be exported.
WARNING: [Route 35-198] Port "in_sample[8]" does not have an associated HD.PARTPIN_LOCS, which will prevent the partial routing of the signal "in_sample[8]". Without this partial route, timing analysis to/from this port will not be accurate, and no routing information for this port can be exported.
WARNING: [Route 35-198] Port "in_sample[7]" does not have an associated HD.PARTPIN_LOCS, which will prevent the partial routing of the signal "in_sample[7]". Without this partial route, timing analysis to/from this port will not be accurate, and no routing information for this port can be exported.
WARNING: [Route 35-198] Port "in_sample[6]" does not have an associated HD.PARTPIN_LOCS, which will prevent the partial routing of the signal "in_sample[6]". Without this partial route, timing analysis to/from this port will not be accurate, and no routing information for this port can be exported.
WARNING: [Route 35-198] Port "in_sample[5]" does not have an associated HD.PARTPIN_LOCS, which will prevent the partial routing of the signal "in_sample[5]". Without this partial route, timing analysis to/from this port will not be accurate, and no routing information for this port can be exported.
WARNING: [Route 35-198] Port "in_sample[1]" does not have an associated HD.PARTPIN_LOCS, which will prevent the partial routing of the signal "in_sample[1]". Without this partial route, timing analysis to/from this port will not be accurate, and no routing information for this port can be exported.
WARNING: [Route 35-198] Port "in_sample[4]" does not have an associated HD.PARTPIN_LOCS, which will prevent the partial routing of the signal "in_sample[4]". Without this partial route, timing analysis to/from this port will not be accurate, and no routing information for this port can be exported.
WARNING: [Route 35-198] Port "in_sample[3]" does not have an associated HD.PARTPIN_LOCS, which will prevent the partial routing of the signal "in_sample[3]". Without this partial route, timing analysis to/from this port will not be accurate, and no routing information for this port can be exported.
WARNING: [Route 35-198] Port "in_sample[2]" does not have an associated HD.PARTPIN_LOCS, which will prevent the partial routing of the signal "in_sample[2]". Without this partial route, timing analysis to/from this port will not be accurate, and no routing information for this port can be exported.
WARNING: [Route 35-198] Port "in_sample[0]" does not have an associated HD.PARTPIN_LOCS, which will prevent the partial routing of the signal "in_sample[0]". Without this partial route, timing analysis to/from this port will not be accurate, and no routing information for this port can be exported.
WARNING: [Constraints 18-8777] Unable to split tiles. All required files are not available.
Post Restoration Checksum: NetGraph: 536f91a7 | NumContArr: 362cf2ef | Constraints: c2a8fa9d | Timing: c2a8fa9d
Phase 1 Build RT Design | Checksum: 20eee79d0

Time (s): cpu = 00:00:18 ; elapsed = 00:00:16 . Memory (MB): peak = 2956.934 ; gain = 0.000 ; free physical = 32454 ; free virtual = 114005

Phase 2 Router Initialization

Phase 2.1 Fix Topology Constraints
Phase 2.1 Fix Topology Constraints | Checksum: 20eee79d0

Time (s): cpu = 00:00:18 ; elapsed = 00:00:16 . Memory (MB): peak = 2956.934 ; gain = 0.000 ; free physical = 32454 ; free virtual = 114005

Phase 2.2 Pre Route Cleanup
Phase 2.2 Pre Route Cleanup | Checksum: 20eee79d0

Time (s): cpu = 00:00:18 ; elapsed = 00:00:16 . Memory (MB): peak = 2956.934 ; gain = 0.000 ; free physical = 32454 ; free virtual = 114005
 Number of Nodes with overlaps = 0

Phase 2.3 Update Timing
Phase 2.3 Update Timing | Checksum: 29bcfeff6

Time (s): cpu = 00:00:20 ; elapsed = 00:00:17 . Memory (MB): peak = 2956.934 ; gain = 0.000 ; free physical = 32454 ; free virtual = 114006
INFO: [Route 35-416] Intermediate Timing Summary | WNS=1.869  | TNS=0.000  | WHS=0.102  | THS=0.000  |


Router Utilization Summary
  Global Vertical Routing Utilization    = 0 %
  Global Horizontal Routing Utilization  = 0 %
  Routable Net Status*
  *Does not include unroutable nets such as driverless and loadless.
  Run report_route_status for detailed report.
  Number of Failed Nets               = 3560
    (Failed Nets is the sum of unrouted and partially routed nets)
  Number of Unrouted Nets             = 3560
  Number of Partially Routed Nets     = 0
  Number of Node Overlaps             = 0

Phase 2 Router Initialization | Checksum: 1df6f7b53

Time (s): cpu = 00:00:20 ; elapsed = 00:00:17 . Memory (MB): peak = 2956.934 ; gain = 0.000 ; free physical = 32455 ; free virtual = 114006

Phase 3 Global Routing
Phase 3 Global Routing | Checksum: 1df6f7b53

Time (s): cpu = 00:00:20 ; elapsed = 00:00:17 . Memory (MB): peak = 2956.934 ; gain = 0.000 ; free physical = 32455 ; free virtual = 114006

Phase 4 Initial Routing

Phase 4.1 Initial Net Routing Pass
Phase 4.1 Initial Net Routing Pass | Checksum: 2f06be663

Time (s): cpu = 00:00:21 ; elapsed = 00:00:18 . Memory (MB): peak = 2956.934 ; gain = 0.000 ; free physical = 32456 ; free virtual = 114007
Phase 4 Initial Routing | Checksum: 2f06be663

Time (s): cpu = 00:00:21 ; elapsed = 00:00:18 . Memory (MB): peak = 2956.934 ; gain = 0.000 ; free physical = 32456 ; free virtual = 114007

Phase 5 Rip-up And Reroute

Phase 5.1 Global Iteration 0
 Number of Nodes with overlaps = 356
 Number of Nodes with overlaps = 101
 Number of Nodes with overlaps = 47
 Number of Nodes with overlaps = 18
 Number of Nodes with overlaps = 11
 Number of Nodes with overlaps = 15
 Number of Nodes with overlaps = 8
 Number of Nodes with overlaps = 6
 Number of Nodes with overlaps = 5
 Number of Nodes with overlaps = 1
 Number of Nodes with overlaps = 0
INFO: [Route 35-416] Intermediate Timing Summary | WNS=2.723  | TNS=0.000  | WHS=N/A    | THS=N/A    |

Phase 5.1 Global Iteration 0 | Checksum: 302b26ebf

Time (s): cpu = 00:00:26 ; elapsed = 00:00:22 . Memory (MB): peak = 2956.934 ; gain = 0.000 ; free physical = 32462 ; free virtual = 114013
Phase 5 Rip-up And Reroute | Checksum: 302b26ebf

Time (s): cpu = 00:00:26 ; elapsed = 00:00:22 . Memory (MB): peak = 2956.934 ; gain = 0.000 ; free physical = 32462 ; free virtual = 114013

Phase 6 Delay and Skew Optimization

Phase 6.1 Delay CleanUp
Phase 6.1 Delay CleanUp | Checksum: 302b26ebf

Time (s): cpu = 00:00:26 ; elapsed = 00:00:22 . Memory (MB): peak = 2956.934 ; gain = 0.000 ; free physical = 32462 ; free virtual = 114013

Phase 6.2 Clock Skew Optimization
Phase 6.2 Clock Skew Optimization | Checksum: 302b26ebf

Time (s): cpu = 00:00:26 ; elapsed = 00:00:22 . Memory (MB): peak = 2956.934 ; gain = 0.000 ; free physical = 32462 ; free virtual = 114013
Phase 6 Delay and Skew Optimization | Checksum: 302b26ebf

Time (s): cpu = 00:00:26 ; elapsed = 00:00:22 . Memory (MB): peak = 2956.934 ; gain = 0.000 ; free physical = 32462 ; free virtual = 114013

Phase 7 Post Hold Fix

Phase 7.1 Hold Fix Iter
INFO: [Route 35-416] Intermediate Timing Summary | WNS=2.723  | TNS=0.000  | WHS=0.109  | THS=0.000  |

Phase 7.1 Hold Fix Iter | Checksum: 2f20e4710

Time (s): cpu = 00:00:26 ; elapsed = 00:00:22 . Memory (MB): peak = 2956.934 ; gain = 0.000 ; free physical = 32462 ; free virtual = 114013
Phase 7 Post Hold Fix | Checksum: 2f20e4710

Time (s): cpu = 00:00:26 ; elapsed = 00:00:22 . Memory (MB): peak = 2956.934 ; gain = 0.000 ; free physical = 32462 ; free virtual = 114013

Phase 8 Route finalize

Router Utilization Summary
  Global Vertical Routing Utilization    = 0.885833 %
  Global Horizontal Routing Utilization  = 1.47514 %
  Routable Net Status*
  *Does not include unroutable nets such as driverless and loadless.
  Run report_route_status for detailed report.
  Number of Failed Nets               = 0
    (Failed Nets is the sum of unrouted and partially routed nets)
  Number of Unrouted Nets             = 0
  Number of Partially Routed Nets     = 0
  Number of Node Overlaps             = 0

Phase 8 Route finalize | Checksum: 2f20e4710

Time (s): cpu = 00:00:26 ; elapsed = 00:00:22 . Memory (MB): peak = 2956.934 ; gain = 0.000 ; free physical = 32462 ; free virtual = 114013

Phase 9 Verifying routed nets

 Verification completed successfully
Phase 9 Verifying routed nets | Checksum: 2f20e4710

Time (s): cpu = 00:00:26 ; elapsed = 00:00:22 . Memory (MB): peak = 2956.934 ; gain = 0.000 ; free physical = 32462 ; free virtual = 114013

Phase 10 Depositing Routes
Phase 10 Depositing Routes | Checksum: 2c6c4ab15

Time (s): cpu = 00:00:27 ; elapsed = 00:00:23 . Memory (MB): peak = 2956.934 ; gain = 0.000 ; free physical = 32462 ; free virtual = 114013

Phase 11 Post Process Routing
Phase 11 Post Process Routing | Checksum: 2c6c4ab15

Time (s): cpu = 00:00:27 ; elapsed = 00:00:23 . Memory (MB): peak = 2956.934 ; gain = 0.000 ; free physical = 32462 ; free virtual = 114013

Phase 12 Post Router Timing
INFO: [Route 35-57] Estimated Timing Summary | WNS=2.723  | TNS=0.000  | WHS=0.109  | THS=0.000  |

INFO: [Route 35-327] The final timing numbers are based on the router estimated timing analysis. For a complete and accurate timing signoff, please run report_timing_summary.
Phase 12 Post Router Timing | Checksum: 2c6c4ab15

Time (s): cpu = 00:00:27 ; elapsed = 00:00:23 . Memory (MB): peak = 2956.934 ; gain = 0.000 ; free physical = 32462 ; free virtual = 114013
Total Elapsed time in route_design: 22.71 secs

Phase 13 Post-Route Event Processing
Phase 13 Post-Route Event Processing | Checksum: 1a370a4f8

Time (s): cpu = 00:00:27 ; elapsed = 00:00:23 . Memory (MB): peak = 2956.934 ; gain = 0.000 ; free physical = 32462 ; free virtual = 114013
INFO: [Route 35-16] Router Completed Successfully
Ending Routing Task | Checksum: 1a370a4f8

Time (s): cpu = 00:00:27 ; elapsed = 00:00:23 . Memory (MB): peak = 2956.934 ; gain = 0.000 ; free physical = 32462 ; free virtual = 114013

Routing Is Done.
INFO: [Common 17-83] Releasing license: Implementation
71 Infos, 57 Warnings, 0 Critical Warnings and 0 Errors encountered.
route_design completed successfully
route_design: Time (s): cpu = 00:00:27 ; elapsed = 00:00:23 . Memory (MB): peak = 2956.934 ; gain = 0.000 ; free physical = 32462 ; free virtual = 114013
INFO: [Timing 38-91] UpdateTimingParams: Speed grade: -1, Delay Type: min_max.
INFO: [Timing 38-191] Multithreading enabled for timing update using a maximum of 2 CPUs
WARNING: [Timing 38-242] The property HD.CLK_SRC of clock port "clk" is not set. In out-of-context mode, this prevents timing estimation for clock delay/skew
Resolution: Set the HD.CLK_SRC property of the out-of-context port to the location of the clock buffer instance in the top-level design
INFO: [Timing 38-91] UpdateTimingParams: Speed grade: -1, Delay Type: max.
INFO: [Timing 38-191] Multithreading enabled for timing update using a maximum of 2 CPUs
INFO: [Timing 38-78] ReportTimingParams: -from_pins  -to_pins  -max_paths 20 -nworst 1 -delay_type max -sort_by slack.
INFO: [Timing 38-91] UpdateTimingParams: Speed grade: -1, Delay Type: min.
INFO: [Timing 38-191] Multithreading enabled for timing update using a maximum of 2 CPUs
INFO: [Timing 38-78] ReportTimingParams: -max_paths 20 -nworst 1 -delay_type min -sort_by slack.
Command: report_drc -file drc.rpt
INFO: [IP_Flow 19-234] Refreshing IP repositories
INFO: [IP_Flow 19-1704] No user IP repositories specified
INFO: [IP_Flow 19-2313] Loaded Vivado IP repository '/project/engineering/xilinx/2024.2/Vivado/2024.2/data/ip'.
INFO: [DRC 23-27] Running DRC with 2 threads
WARNING: [DRC 23-814] Not all possible (connectivity based) DRCs may have been run because this design is seen as Out of Context.
INFO: [Vivado_Tcl 2-168] The results of DRC are in file LAB_HOME/LAB_USER/digital_ic_vivado/portability-b-id00-l4-vivado-r4/drc.rpt.
report_drc completed successfully
report_drc: Time (s): cpu = 00:00:06 ; elapsed = 00:00:05 . Memory (MB): peak = 2956.934 ; gain = 0.000 ; free physical = 32479 ; free virtual = 114030
INFO: [Timing 38-480] Writing timing data to binary archive.
Write ShapeDB Complete: Time (s): cpu = 00:00:00.01 ; elapsed = 00:00:00.01 . Memory (MB): peak = 2956.934 ; gain = 0.000 ; free physical = 32453 ; free virtual = 114004
Wrote PlaceDB: Time (s): cpu = 00:00:00.45 ; elapsed = 00:00:00.3 . Memory (MB): peak = 2956.934 ; gain = 0.000 ; free physical = 32451 ; free virtual = 114007
Wrote PulsedLatchDB: Time (s): cpu = 00:00:00 ; elapsed = 00:00:00 . Memory (MB): peak = 2956.934 ; gain = 0.000 ; free physical = 32451 ; free virtual = 114006
Writing XDEF routing.
Writing XDEF routing logical nets.
Writing XDEF routing special nets.
Wrote RouteStorage: Time (s): cpu = 00:00:00.05 ; elapsed = 00:00:00.04 . Memory (MB): peak = 2956.934 ; gain = 0.000 ; free physical = 32441 ; free virtual = 113997
Wrote Netlist Cache: Time (s): cpu = 00:00:00 ; elapsed = 00:00:00 . Memory (MB): peak = 2956.934 ; gain = 0.000 ; free physical = 32441 ; free virtual = 113997
Wrote Device Cache: Time (s): cpu = 00:00:00 ; elapsed = 00:00:00.01 . Memory (MB): peak = 2956.934 ; gain = 0.000 ; free physical = 32436 ; free virtual = 113992
Write Physdb Complete: Time (s): cpu = 00:00:00.54 ; elapsed = 00:00:00.43 . Memory (MB): peak = 2956.934 ; gain = 0.000 ; free physical = 32438 ; free virtual = 113995
INFO: [Common 17-1381] The checkpoint 'LAB_HOME/LAB_USER/digital_ic_vivado/portability-b-id00-l4-vivado-r4/routed.dcp' has been generated.
WARNING: [Vivado 12-180] No cells matched 'get_cells -hier -filter {IS_BLACKBOX == 1}'.
# puts VIVADO_PORTABILITY_COMPLETE
VIVADO_PORTABILITY_COMPLETE
INFO: [Common 17-206] Exiting Vivado at Tue Oct  6 05:25:49 2026...
