
 /----------------------------------------------------------------------------\
 |  yosys -- Yosys Open SYnthesis Suite                                       |
 |  Copyright (C) 2012 - 2026  Claire Xenia Wolf <claire@yosyshq.com>         |
 |  Distributed under an ISC-like license, type "license" to see terms        |
 \----------------------------------------------------------------------------/
 Yosys 0.68+195 (git sha1 435977e97-dirty, Release, Clang /usr/local/osxcross/target/bin/aarch64-apple-darwin25.5-clang++ 21.1.8)

-- Executing script file `design_aiger.ys' --

1. Executing RTLIL frontend.
Input filename: design_prep.il

2. Executing HIERARCHY pass (managing design hierarchy).
Attribute `top' found on module `replay_fifo_harness'. Setting top module to replay_fifo_harness.

2.1. Analyzing design hierarchy..
Top module:  \replay_fifo_harness
Used module:     \replay_fifo

2.2. Analyzing design hierarchy..
Top module:  \replay_fifo_harness
Used module:     \replay_fifo
Removed 0 unused modules.
Module replay_fifo_harness directly or indirectly contains formal properties -> setting "keep" attribute.

3. Executing FORMALFF pass.

4. Executing FLATTEN pass (flatten design).
Deleting now unused module replay_fifo.
<suppressed ~1 debug messages>

5. Executing SETUNDEF pass (replace undef values with defined constants).

6. Executing OPT pass (performing simple optimizations).

6.1. Executing OPT_EXPR pass (perform const folding).
Optimizing module replay_fifo_harness.
<suppressed ~13 debug messages>

6.2. Executing OPT_MERGE pass (detect identical cells).
Finding identical cells in module `\replay_fifo_harness'.
Computing hashes of 125 cells of `\replay_fifo_harness'.
Finding duplicate cells in `\replay_fifo_harness'.
Computing hashes of 121 cells of `\replay_fifo_harness'.
Finding duplicate cells in `\replay_fifo_harness'.
Computing hashes of 118 cells of `\replay_fifo_harness'.
Finding duplicate cells in `\replay_fifo_harness'.
<suppressed ~20 debug messages>
Removed a total of 7 cells.

6.3. Executing OPT_MUXTREE pass (detect dead branches in mux trees).
Running muxtree optimizer on module \replay_fifo_harness..
  Creating internal representation of mux trees.
  Evaluating internal representation of mux trees.
  Analyzing evaluation results.
Removed 0 multiplexer ports.
<suppressed ~36 debug messages>

6.4. Executing OPT_REDUCE pass (consolidate $*mux and $reduce_* inputs).
  Optimizing cells in module \replay_fifo_harness.
Performed a total of 0 changes.

6.5. Executing OPT_MERGE pass (detect identical cells).
Finding identical cells in module `\replay_fifo_harness'.
Computing hashes of 118 cells of `\replay_fifo_harness'.
Finding duplicate cells in `\replay_fifo_harness'.
Removed a total of 0 cells.

6.6. Executing OPT_SHARE pass.
    Found cells that share an operand and can be merged by moving the $pmux $flatten\dut.$procmux$153 in front of them:
        $flatten\dut.$sub$upduino_replay.sv:343$126
        $flatten\dut.$add$upduino_replay.sv:342$125

6.7. Executing OPT_DFF pass (perform DFF optimizations).

6.8. Executing OPT_CLEAN pass (remove unused cells and wires).
Finding unused cells or wires in module \replay_fifo_harness..
Removed 0 unused cells and 11 unused wires.
<suppressed ~1 debug messages>

6.9. Executing OPT_EXPR pass (perform const folding).
Optimizing module replay_fifo_harness.
<suppressed ~2 debug messages>

6.10. Rerunning OPT passes. (Maybe there is more to do..)

6.11. Executing OPT_MUXTREE pass (detect dead branches in mux trees).
Running muxtree optimizer on module \replay_fifo_harness..
  Creating internal representation of mux trees.
  Evaluating internal representation of mux trees.
  Analyzing evaluation results.
Removed 0 multiplexer ports.
<suppressed ~38 debug messages>

6.12. Executing OPT_REDUCE pass (consolidate $*mux and $reduce_* inputs).
  Optimizing cells in module \replay_fifo_harness.
    Consolidated identical input bits for $mux cell $auto$opt_share.cc:246:merge_operators$440:
      Old ports: A=2'11, B=2'01, Y=$auto$rtlil.cc:3388:Pmux$441
      New ports: A=1'1, B=1'0, Y=$auto$rtlil.cc:3388:Pmux$441 [1]
      New connections: $auto$rtlil.cc:3388:Pmux$441 [0] = 1'1
    New ctrl vector for $pmux cell $flatten\dut.$procmux$153: $auto$opt_reduce.cc:137:opt_pmux$443
  Optimizing cells in module \replay_fifo_harness.
Performed a total of 2 changes.

6.13. Executing OPT_MERGE pass (detect identical cells).
Finding identical cells in module `\replay_fifo_harness'.
Computing hashes of 119 cells of `\replay_fifo_harness'.
Finding duplicate cells in `\replay_fifo_harness'.
Removed a total of 0 cells.

6.14. Executing OPT_SHARE pass.

6.15. Executing OPT_DFF pass (perform DFF optimizations).

6.16. Executing OPT_CLEAN pass (remove unused cells and wires).
Finding unused cells or wires in module \replay_fifo_harness..
Removed 0 unused cells and 1 unused wires.
<suppressed ~1 debug messages>

6.17. Executing OPT_EXPR pass (perform const folding).
Optimizing module replay_fifo_harness.
<suppressed ~1 debug messages>

6.18. Rerunning OPT passes. (Maybe there is more to do..)

6.19. Executing OPT_MUXTREE pass (detect dead branches in mux trees).
Running muxtree optimizer on module \replay_fifo_harness..
  Creating internal representation of mux trees.
  Evaluating internal representation of mux trees.
  Analyzing evaluation results.
Removed 0 multiplexer ports.
<suppressed ~36 debug messages>

6.20. Executing OPT_REDUCE pass (consolidate $*mux and $reduce_* inputs).
  Optimizing cells in module \replay_fifo_harness.
Performed a total of 0 changes.

6.21. Executing OPT_MERGE pass (detect identical cells).
Finding identical cells in module `\replay_fifo_harness'.
Computing hashes of 119 cells of `\replay_fifo_harness'.
Finding duplicate cells in `\replay_fifo_harness'.
Removed a total of 0 cells.

6.22. Executing OPT_SHARE pass.

6.23. Executing OPT_DFF pass (perform DFF optimizations).

6.24. Executing OPT_CLEAN pass (remove unused cells and wires).
Finding unused cells or wires in module \replay_fifo_harness..

6.25. Executing OPT_EXPR pass (perform const folding).
Optimizing module replay_fifo_harness.

6.26. Finished fast OPT passes. (There is nothing left to do.)

7. Executing TECHMAP pass (map to technology primitives).

7.1. Executing Verilog-2005 frontend: ./.tools/oss-cad-suite/libexec/../share/yosys/techmap.v
Parsing Verilog input from `./.tools/oss-cad-suite/libexec/../share/yosys/techmap.v' to AST representation.
Generating RTLIL representation for module `\_90_simplemap_bool_ops'.
Generating RTLIL representation for module `\_90_simplemap_reduce_ops'.
Generating RTLIL representation for module `\_90_simplemap_logic_ops'.
Generating RTLIL representation for module `\_90_simplemap_compare_ops'.
Generating RTLIL representation for module `\_90_simplemap_various'.
Generating RTLIL representation for module `\_90_simplemap_registers'.
Generating RTLIL representation for module `\_90_shift_ops_shr_shl_sshl_sshr'.
Generating RTLIL representation for module `\_90_shift_shiftx'.
Generating RTLIL representation for module `\_90_fa'.
Generating RTLIL representation for module `\_90_lcu_brent_kung'.
Generating RTLIL representation for module `\_90_alu'.
Generating RTLIL representation for module `\_90_macc'.
Generating RTLIL representation for module `\_90_alumacc'.
Generating RTLIL representation for module `$__div_mod_u'.
Generating RTLIL representation for module `$__div_mod_trunc'.
Generating RTLIL representation for module `\_90_div'.
Generating RTLIL representation for module `\_90_mod'.
Generating RTLIL representation for module `$__div_mod_floor'.
Generating RTLIL representation for module `\_90_divfloor'.
Generating RTLIL representation for module `\_90_modfloor'.
Generating RTLIL representation for module `\_90_pow'.
Generating RTLIL representation for module `\_90_demux'.
Generating RTLIL representation for module `\_90_lut'.
Generating RTLIL representation for module `$connect'.
Generating RTLIL representation for module `$input_port'.
Successfully finished Verilog frontend.

7.2. Continuing TECHMAP pass.
Using extmapper simplemap for cells of type $reduce_or.
Using extmapper simplemap for cells of type $not.
Using extmapper simplemap for cells of type $logic_not.
Using extmapper simplemap for cells of type $ff.
Using extmapper simplemap for cells of type $mux.
Running "alumacc" on wrapper $extern:wrap:$sub:A_SIGNED=0:A_WIDTH=2:B_SIGNED=0:B_WIDTH=1:Y_WIDTH=2:394426c56d1a028ba8fdd5469b163e04011def47.
Using template $extern:wrap:$sub:A_SIGNED=0:A_WIDTH=2:B_SIGNED=0:B_WIDTH=1:Y_WIDTH=2:394426c56d1a028ba8fdd5469b163e04011def47 for cells of type $extern:wrap:$sub:A_SIGNED=0:A_WIDTH=2:B_SIGNED=0:B_WIDTH=1:Y_WIDTH=2:394426c56d1a028ba8fdd5469b163e04011def47.
Using extmapper simplemap for cells of type $pmux.
Using extmapper simplemap for cells of type $or.
Using extmapper simplemap for cells of type $and.
Running "alumacc" on wrapper $extern:wrap:$le:A_SIGNED=0:A_WIDTH=2:B_SIGNED=0:B_WIDTH=2:Y_WIDTH=1:394426c56d1a028ba8fdd5469b163e04011def47.
Using template $extern:wrap:$le:A_SIGNED=0:A_WIDTH=2:B_SIGNED=0:B_WIDTH=2:Y_WIDTH=1:394426c56d1a028ba8fdd5469b163e04011def47 for cells of type $extern:wrap:$le:A_SIGNED=0:A_WIDTH=2:B_SIGNED=0:B_WIDTH=2:Y_WIDTH=1:394426c56d1a028ba8fdd5469b163e04011def47.
Using extmapper simplemap for cells of type $eq.
Using extmapper simplemap for cells of type $reduce_bool.
Running "alumacc" on wrapper $extern:wrap:$lt:A_SIGNED=0:A_WIDTH=2:B_SIGNED=0:B_WIDTH=2:Y_WIDTH=1:394426c56d1a028ba8fdd5469b163e04011def47.
Using template $extern:wrap:$lt:A_SIGNED=0:A_WIDTH=2:B_SIGNED=0:B_WIDTH=2:Y_WIDTH=1:394426c56d1a028ba8fdd5469b163e04011def47 for cells of type $extern:wrap:$lt:A_SIGNED=0:A_WIDTH=2:B_SIGNED=0:B_WIDTH=2:Y_WIDTH=1:394426c56d1a028ba8fdd5469b163e04011def47.
Using extmapper simplemap for cells of type $logic_or.
Running "alumacc" on wrapper $extern:wrap:$add:A_SIGNED=0:A_WIDTH=2:B_SIGNED=0:B_WIDTH=1:Y_WIDTH=2:394426c56d1a028ba8fdd5469b163e04011def47.
Using template $extern:wrap:$add:A_SIGNED=0:A_WIDTH=2:B_SIGNED=0:B_WIDTH=1:Y_WIDTH=2:394426c56d1a028ba8fdd5469b163e04011def47 for cells of type $extern:wrap:$add:A_SIGNED=0:A_WIDTH=2:B_SIGNED=0:B_WIDTH=1:Y_WIDTH=2:394426c56d1a028ba8fdd5469b163e04011def47.
Using extmapper simplemap for cells of type $logic_and.
Using extmapper simplemap for cells of type $ne.
Running "alumacc" on wrapper $extern:wrap:$sub:A_SIGNED=0:A_WIDTH=2:B_SIGNED=0:B_WIDTH=2:Y_WIDTH=2:394426c56d1a028ba8fdd5469b163e04011def47.
Using template $extern:wrap:$sub:A_SIGNED=0:A_WIDTH=2:B_SIGNED=0:B_WIDTH=2:Y_WIDTH=2:394426c56d1a028ba8fdd5469b163e04011def47 for cells of type $extern:wrap:$sub:A_SIGNED=0:A_WIDTH=2:B_SIGNED=0:B_WIDTH=2:Y_WIDTH=2:394426c56d1a028ba8fdd5469b163e04011def47.
Using template $paramod$ba698a254f9a5947e85cbe7beae6b161eefc5386\_90_alu for cells of type $alu.
Using extmapper simplemap for cells of type $reduce_and.
Using template $paramod$7e708ae28ab761f11d0fb59d3ffc72f6a4baf5d9\_90_alu for cells of type $alu.
Using template $paramod$175e67c02b86e96b1288b9dc100122520d7240d8\_90_alu for cells of type $alu.
Using extmapper simplemap for cells of type $xor.
Using template $paramod\_90_fa\WIDTH=32'00000000000000000000000000000010 for cells of type $fa.
Using template $paramod\_90_lcu_brent_kung\WIDTH=32'00000000000000000000000000000010 for cells of type $lcu.
Using extmapper simplemap for cells of type $pos.
No more expansions possible.
<suppressed ~486 debug messages>

8. Executing OPT pass (performing simple optimizations).

8.1. Executing OPT_EXPR pass (perform const folding).
Optimizing module replay_fifo_harness.
<suppressed ~111 debug messages>

8.2. Executing OPT_MERGE pass (detect identical cells).
Finding identical cells in module `\replay_fifo_harness'.
Computing hashes of 805 cells of `\replay_fifo_harness'.
Finding duplicate cells in `\replay_fifo_harness'.
Computing hashes of 793 cells of `\replay_fifo_harness'.
Finding duplicate cells in `\replay_fifo_harness'.
<suppressed ~36 debug messages>
Removed a total of 12 cells.

8.3. Executing OPT_DFF pass (perform DFF optimizations).

8.4. Executing OPT_CLEAN pass (remove unused cells and wires).
Finding unused cells or wires in module \replay_fifo_harness..
Removed 10 unused cells and 303 unused wires.
<suppressed ~11 debug messages>

8.5. Finished fast OPT passes.

9. Executing MEMORY_MAP pass (converting memories to logic and flip-flops).

10. Executing FORMALFF pass.

11. Executing SIMPLEMAP pass (map simple cells to gate primitives).

12. Executing DFFUNMAP pass (unmap clock enable and synchronous reset from FFs).

13. Executing AIGMAP pass (map logic to AIG).
Module replay_fifo_harness: replaced 687 cells with 4473 new cells, skipped 96 cells.
  replaced 3 cell types:
     466 $_MUX_
     112 $_OR_
     109 $_XOR_
  not replaced 8 cell types:
      26 $_AND_
      16 $_FF_
      25 $_NOT_
      11 $anyinit
       5 $anyseq
      10 $assert
       2 $assume
       1 $scopeinfo

14. Executing OPT_CLEAN pass (remove unused cells and wires).
Finding unused cells or wires in module \replay_fifo_harness..
Removed 0 unused cells and 163 unused wires.
<suppressed ~1 debug messages>

15. Printing statistics.

=== replay_fifo_harness ===

        +----------Local Count, excluding submodules.
        | 
     4465 wires
     4917 wire bits
       34 public wires
      422 public wire bits
        1 ports
        1 port bits
     4569 cells
     1863   $_AND_
       16   $_FF_
     2661   $_NOT_
       11   $anyinit
        5   $anyseq
       10   $assert
        2   $assume
        1   $scopeinfo

16. Executing AIGER backend.
Warning: Treating undriven bit replay_fifo_harness.\clk like $anyseq.
Warning: Treating a total of 1 undriven bits in replay_fifo_harness like $anyseq.

Warnings: 2 unique messages, 2 total
End of script. Logfile hash: d293d84b64, time: 0.03s, user: 0.03s, system: 0.01s, MEM: 24.78 MB peak
Yosys 0.68+195 (git sha1 435977e97-dirty, Release, Clang /usr/local/osxcross/target/bin/aarch64-apple-darwin25.5-clang++ 21.1.8)
Time spent: 28% 6x opt_clean (0 sec), 15% 7x opt_expr (0 sec), ...
