mkdir: /home/researcher/.config/yosyshq: Operation not permitted
mkdir: /home/researcher/.local/share/yosyshq: Operation not permitted
Info: constrained 'clk12' to bel 'X19/Y0/io1'
Info: constrained 'flash_cs_n' to bel 'X24/Y0/io1'
Info: constrained 'flash_sclk' to bel 'X24/Y0/io0'
Info: constrained 'flash_mosi' to bel 'X23/Y0/io1'
Info: constrained 'flash_miso' to bel 'X23/Y0/io0'
Info: constrained 'sensor_cs_n' to bel 'X19/Y31/io0'
Info: constrained 'sensor_sclk' to bel 'X19/Y31/io1'
Info: constrained 'sensor_mosi' to bel 'X18/Y31/io0'
Info: constrained 'sensor_miso' to bel 'X18/Y31/io1'
Info: constrained 'sensor_drdy' to bel 'X16/Y31/io0'
Info: constrained 'status_done' to bel 'X18/Y0/io1'
Info: constrained 'status_error' to bel 'X18/Y0/io0'
Info: constrained 'status_running' to bel 'X19/Y0/io0'

Info: Packing constants..
Info: Packing IOs..
Info: Packing LUT-FFs..
Info:     1641 LCs used as LUT4 only
Info:      784 LCs used as LUT4 and DFF
Info: Packing non-LUT FFs..
Info:      397 LCs used as DFF only
Info: Packing carries..
Info:      271 LCs used as CARRY only
Info: Packing indirect carry+LUT pairs...
Info:       78 LUTs merged into carry LCs
Info: Packing RAMs..
Info: Placing PLLs..
Info: Packing special functions..
Info: Packing PLLs..
Info: Promoting globals..
Info: promoting clk12$SB_IO_IN (fanout 1184)
Info: promoting rst [reset] (fanout 987)
Info: promoting startup_SB_CARRY_I0_CO_SB_LUT4_I2_O[1] [reset] (fanout 85)
Info: promoting system.calibration.busy_SB_LUT4_I2_O [cen] (fanout 150)
Info: promoting system.calibration.out_valid_SB_LUT4_I2_O [cen] (fanout 128)
Info: promoting system.capture.sample_valid_SB_LUT4_I0_O [cen] (fanout 48)
Info: Constraining chains...
Info:       55 LCs used to legalise carry chains.
Info: Checksum: 0xfbcff25f

Info: Device utilisation:
Info: 	         ICESTORM_LC:    3073/   5280    58%
Info: 	        ICESTORM_RAM:       0/     30     0%
Info: 	               SB_IO:      13/     39    33%
Info: 	               SB_GB:       6/      8    75%
Info: 	        ICESTORM_PLL:       0/      1     0%
Info: 	         SB_WARMBOOT:       0/      1     0%
Info: 	        ICESTORM_DSP:       0/      8     0%
Info: 	      ICESTORM_HFOSC:       0/      1     0%
Info: 	      ICESTORM_LFOSC:       0/      1     0%
Info: 	              SB_I2C:       0/      2     0%
Info: 	              SB_SPI:       0/      2     0%
Info: 	              IO_I3C:       0/      2     0%
Info: 	         SB_LEDDA_IP:       0/      1     0%
Info: 	         SB_RGBA_DRV:       0/      1     0%
Info: 	      ICESTORM_SPRAM:       3/      4    75%

Info: Placed 13 cells based on constraints.
Info: Creating initial analytic placement for 2061 cells, random placement wirelen = 68826.
Info:     at initial placer iter 0, wirelen = 1558
Info:     at initial placer iter 1, wirelen = 1823
Info:     at initial placer iter 2, wirelen = 1894
Info:     at initial placer iter 3, wirelen = 1941
Info: Running main analytical placer, max placement attempts per cell = 1197378.
Info:     at iteration #1, type ALL: wirelen solved = 1760, spread = 22319, legal = 23655; time = 0.03s
Info:     at iteration #2, type ALL: wirelen solved = 1752, spread = 22127, legal = 24331; time = 0.02s
Info:     at iteration #3, type ALL: wirelen solved = 2397, spread = 20298, legal = 23262; time = 0.03s
Info:     at iteration #4, type ALL: wirelen solved = 2934, spread = 19449, legal = 22182; time = 0.03s
Info:     at iteration #5, type ALL: wirelen solved = 3506, spread = 17369, legal = 20018; time = 0.02s
Info:     at iteration #6, type ALL: wirelen solved = 3889, spread = 16582, legal = 18662; time = 0.02s
Info:     at iteration #7, type ALL: wirelen solved = 4108, spread = 16952, legal = 18703; time = 0.02s
Info:     at iteration #8, type ALL: wirelen solved = 4509, spread = 16520, legal = 18385; time = 0.02s
Info:     at iteration #9, type ALL: wirelen solved = 4842, spread = 16006, legal = 18552; time = 0.02s
Info:     at iteration #10, type ALL: wirelen solved = 4853, spread = 16020, legal = 17857; time = 0.02s
Info:     at iteration #11, type ALL: wirelen solved = 5411, spread = 14830, legal = 17649; time = 0.03s
Info:     at iteration #12, type ALL: wirelen solved = 5179, spread = 14896, legal = 17533; time = 0.05s
Info:     at iteration #13, type ALL: wirelen solved = 5651, spread = 14440, legal = 17056; time = 0.02s
Info:     at iteration #14, type ALL: wirelen solved = 5817, spread = 14294, legal = 16903; time = 0.02s
Info:     at iteration #15, type ALL: wirelen solved = 5908, spread = 14065, legal = 17148; time = 0.03s
Info:     at iteration #16, type ALL: wirelen solved = 6066, spread = 13730, legal = 16424; time = 0.02s
Info:     at iteration #17, type ALL: wirelen solved = 6169, spread = 13719, legal = 16571; time = 0.02s
Info:     at iteration #18, type ALL: wirelen solved = 6304, spread = 13598, legal = 16371; time = 0.02s
Info:     at iteration #19, type ALL: wirelen solved = 6443, spread = 13581, legal = 16646; time = 0.02s
Info:     at iteration #20, type ALL: wirelen solved = 6792, spread = 13759, legal = 16179; time = 0.02s
Info:     at iteration #21, type ALL: wirelen solved = 7075, spread = 13395, legal = 15889; time = 0.02s
Info:     at iteration #22, type ALL: wirelen solved = 6948, spread = 13715, legal = 16002; time = 0.02s
Info:     at iteration #23, type ALL: wirelen solved = 7149, spread = 13761, legal = 15925; time = 0.02s
Info:     at iteration #24, type ALL: wirelen solved = 7248, spread = 13722, legal = 15777; time = 0.02s
Info:     at iteration #25, type ALL: wirelen solved = 7403, spread = 13725, legal = 15863; time = 0.02s
Info:     at iteration #26, type ALL: wirelen solved = 7516, spread = 13595, legal = 15623; time = 0.02s
Info:     at iteration #27, type ALL: wirelen solved = 7842, spread = 13213, legal = 16111; time = 0.02s
Info:     at iteration #28, type ALL: wirelen solved = 7824, spread = 13482, legal = 15935; time = 0.02s
Info:     at iteration #29, type ALL: wirelen solved = 8063, spread = 13643, legal = 16032; time = 0.02s
Info:     at iteration #30, type ALL: wirelen solved = 8043, spread = 13546, legal = 15687; time = 0.02s
Info:     at iteration #31, type ALL: wirelen solved = 8090, spread = 13665, legal = 15859; time = 0.02s
Info: HeAP Placer Time: 0.98s
Info:   of which solving equations: 0.55s
Info:   of which spreading cells: 0.06s
Info:   of which strict legalisation: 0.18s

Info: Running simulated annealing placer for refinement.
Info:   at iteration #1: temp = 0.000000, timing cost = 1282, wirelen = 15623
Info:   at iteration #5: temp = 0.000000, timing cost = 1480, wirelen = 13786
Info:   at iteration #10: temp = 0.000000, timing cost = 1450, wirelen = 13191
Info:   at iteration #15: temp = 0.000000, timing cost = 1437, wirelen = 12823
Info:   at iteration #20: temp = 0.000000, timing cost = 1412, wirelen = 12677
Info:   at iteration #23: temp = 0.000000, timing cost = 1433, wirelen = 12650 
Info: SA placement time 0.87s

Info: Max frequency for clock 'clk12$SB_IO_IN_$glb_clk': 18.38 MHz (PASS at 12.00 MHz)

Info: Max delay <async>                         -> posedge clk12$SB_IO_IN_$glb_clk: 4.41 ns
Info: Max delay posedge clk12$SB_IO_IN_$glb_clk -> <async>                        : 13.08 ns

Info: Slack histogram:
Info:  legend: * represents 19 endpoint(s)
Info:          + represents [1,19) endpoint(s)
Info: [ 28933,  31461) |+
Info: [ 31461,  33989) |+
Info: [ 33989,  36517) |*+
Info: [ 36517,  39045) |*+
Info: [ 39045,  41573) |**+
Info: [ 41573,  44101) |**+
Info: [ 44101,  46629) |***+
Info: [ 46629,  49157) |**********+
Info: [ 49157,  51685) |******+
Info: [ 51685,  54213) |****+
Info: [ 54213,  56741) |*****+
Info: [ 56741,  59269) |*************+
Info: [ 59269,  61797) |************************************************************ 
Info: [ 61797,  64325) |**************+
Info: [ 64325,  66853) |**********+
Info: [ 66853,  69381) |**********+
Info: [ 69381,  71909) |**************+
Info: [ 71909,  74437) |**************+
Info: [ 74437,  76965) |***************+
Info: [ 76965,  79493) |****************************************+
Info: Checksum: 0xd0e6f9b2

Info: Routing..
Info: Setting up routing queue.
Info: Routing 9821 arcs.
Info:            |   (re-)routed arcs  |   delta    | remaining|       time spent     |
Info:    IterCnt |  w/ripup   wo/ripup |  w/r  wo/r |      arcs| batch(sec) total(sec)|
Info:       1000 |       97        902 |   97   902 |      8986|       0.16       0.16|
Info:       2000 |      324       1675 |  227   773 |      8350|       0.12       0.28|
Info:       3000 |      683       2316 |  359   641 |      7920|       0.12       0.40|
Info:       4000 |     1098       2886 |  415   570 |      7561|       0.11       0.51|
Info:       5000 |     1663       3321 |  565   435 |      7320|       0.10       0.60|
Info:       6000 |     2232       3752 |  569   431 |      7067|       0.12       0.73|
Info:       7000 |     2849       4085 |  617   333 |      6826|       0.12       0.84|
Info:       8000 |     3486       4444 |  637   359 |      6650|       0.12       0.96|
Info:       9000 |     4033       4864 |  547   420 |      6301|       0.09       1.05|
Info:      10000 |     4669       5204 |  636   340 |      6121|       0.12       1.18|
Info:      11000 |     5258       5550 |  589   346 |      5825|       0.09       1.27|
Info:      12000 |     5895       5910 |  637   360 |      5681|       0.13       1.40|
Info:      13000 |     6448       6356 |  553   446 |      5395|       0.11       1.51|
Info:      14000 |     7009       6764 |  561   408 |      5118|       0.14       1.65|
Info:      15000 |     7482       7182 |  473   418 |      4683|       0.10       1.75|
Info:      16000 |     7961       7665 |  479   483 |      4293|       0.12       1.87|
Info:      17000 |     8476       8067 |  515   402 |      3965|       0.11       1.98|
Info:      18000 |     8837       8667 |  361   600 |      3422|       0.09       2.07|
Info:      19000 |     9328       9154 |  491   487 |      3044|       0.10       2.17|
Info:      20000 |     9712       9580 |  384   426 |      2534|       0.08       2.25|
Info:      21000 |    10360       9850 |  648   270 |      2322|       0.15       2.40|
Info:      22000 |    10936      10240 |  576   390 |      2085|       0.12       2.52|
Info:      23000 |    11277      10870 |  341   630 |      1522|       0.09       2.61|
Info:      24000 |    11480      11643 |  203   773 |       781|       0.05       2.66|
Info:      24876 |    11563      12431 |   83   788 |         0|       0.13       2.78|
Info: Routing complete.
Info: Router1 time 2.78s
Info: Checksum: 0xf46898f2

Info: Critical path report for clock 'clk12$SB_IO_IN_$glb_clk' (posedge -> posedge):
Info:       type curr  total name
Info:   clk-to-q  1.39  1.39 Source system.write_position_SB_DFFESR_Q_9_D_SB_LUT4_O_LC.O
Info:    routing  3.70  5.09 Net system.write_position[7] (12,8) -> (12,18)
Info:                          Sink system.write_position_SB_DFFESR_Q_15_D_SB_LUT4_O_I3_SB_LUT4_I3_O_SB_LUT4_O_I3_SB_LUT4_O_2_I3_SB_LUT4_O_1_I2_SB_LUT4_O_I2_SB_LUT4_I3_O_SB_LUT4_O_LC.I2
Info:                          Defined in:
Info:                               ./.tools/oss-cad-suite/libexec/../share/yosys/ice40/cells_map.v:6.21-6.22
Info:      logic  1.21  6.30 Source system.write_position_SB_DFFESR_Q_15_D_SB_LUT4_O_I3_SB_LUT4_I3_O_SB_LUT4_O_I3_SB_LUT4_O_2_I3_SB_LUT4_O_1_I2_SB_LUT4_O_I2_SB_LUT4_I3_O_SB_LUT4_O_LC.O
Info:    routing  3.60  9.90 Net system.write_position_SB_DFFESR_Q_15_D_SB_LUT4_O_I3_SB_LUT4_I3_O_SB_LUT4_O_I3_SB_LUT4_O_2_I3_SB_LUT4_O_1_I1[0] (12,18) -> (10,23)
Info:                          Sink system.write_position_SB_DFFESR_Q_15_D_SB_LUT4_O_I3_SB_LUT4_I3_O_SB_LUT4_O_I3_SB_LUT4_O_2_I3_SB_LUT4_O_1_I2_SB_LUT4_I3_I2_SB_LUT4_I2_I3_SB_LUT4_O_I3_SB_LUT4_O_I3_SB_LUT4_I0_I3_SB_LUT4_O_1_I3_SB_LUT4_O_I3_SB_LUT4_I3_O_SB_LUT4_O_I3_SB_LUT4_O_LC.I3
Info:                          Defined in:
Info:                               ./.tools/oss-cad-suite/libexec/../share/yosys/ice40/cells_map.v:6.21-6.22
Info:      logic  0.87  10.77 Source system.write_position_SB_DFFESR_Q_15_D_SB_LUT4_O_I3_SB_LUT4_I3_O_SB_LUT4_O_I3_SB_LUT4_O_2_I3_SB_LUT4_O_1_I2_SB_LUT4_I3_I2_SB_LUT4_I2_I3_SB_LUT4_O_I3_SB_LUT4_O_I3_SB_LUT4_I0_I3_SB_LUT4_O_1_I3_SB_LUT4_O_I3_SB_LUT4_I3_O_SB_LUT4_O_I3_SB_LUT4_O_LC.O
Info:    routing  1.76  12.53 Net system.write_position_SB_DFFESR_Q_15_D_SB_LUT4_O_I3_SB_LUT4_I3_O_SB_LUT4_O_I3_SB_LUT4_O_2_I3_SB_LUT4_O_1_I2_SB_LUT4_I3_I2_SB_LUT4_I2_I3_SB_LUT4_O_I3_SB_LUT4_O_I3_SB_LUT4_I0_I3_SB_LUT4_O_1_I3_SB_LUT4_O_I3_SB_LUT4_I3_O_SB_LUT4_O_I3[1] (10,23) -> (10,24)
Info:                          Sink system.write_position_SB_DFFESR_Q_15_D_SB_LUT4_O_I3_SB_LUT4_I3_O_SB_LUT4_O_I3_SB_LUT4_O_2_I3_SB_LUT4_O_1_I2_SB_LUT4_I3_I2_SB_LUT4_I2_I3_SB_LUT4_O_I3_SB_LUT4_O_I3_SB_LUT4_I0_I3_SB_LUT4_O_1_I3_SB_LUT4_O_I3_SB_LUT4_I3_O_SB_LUT4_O_I3_SB_LUT4_I3_2_LC.I3
Info:                          Defined in:
Info:                               ./.tools/oss-cad-suite/libexec/../share/yosys/ice40/cells_map.v:6.21-6.22
Info:      logic  0.87  13.41 Source system.write_position_SB_DFFESR_Q_15_D_SB_LUT4_O_I3_SB_LUT4_I3_O_SB_LUT4_O_I3_SB_LUT4_O_2_I3_SB_LUT4_O_1_I2_SB_LUT4_I3_I2_SB_LUT4_I2_I3_SB_LUT4_O_I3_SB_LUT4_O_I3_SB_LUT4_I0_I3_SB_LUT4_O_1_I3_SB_LUT4_O_I3_SB_LUT4_I3_O_SB_LUT4_O_I3_SB_LUT4_I3_2_LC.O
Info:    routing  1.76  15.17 Net system.write_position_SB_DFFESR_Q_15_D_SB_LUT4_O_I3_SB_LUT4_I3_O_SB_LUT4_O_I3_SB_LUT4_O_1_I3_SB_LUT4_O_I3_SB_LUT4_O_I3[1] (10,24) -> (9,24)
Info:                          Sink system.write_position_SB_DFFESR_Q_15_D_SB_LUT4_O_I3_SB_LUT4_I3_O_SB_LUT4_O_I3_SB_LUT4_O_2_I3_SB_LUT4_O_1_I2_SB_LUT4_I2_1_O_SB_LUT4_O_1_I3_SB_LUT4_O_I3_SB_LUT4_O_I3_SB_LUT4_O_I3_SB_LUT4_O_LC.I2
Info:                          Defined in:
Info:                               ./.tools/oss-cad-suite/libexec/../share/yosys/ice40/cells_map.v:6.21-6.22
Info:      logic  1.21  16.38 Source system.write_position_SB_DFFESR_Q_15_D_SB_LUT4_O_I3_SB_LUT4_I3_O_SB_LUT4_O_I3_SB_LUT4_O_2_I3_SB_LUT4_O_1_I2_SB_LUT4_I2_1_O_SB_LUT4_O_1_I3_SB_LUT4_O_I3_SB_LUT4_O_I3_SB_LUT4_O_I3_SB_LUT4_O_LC.O
Info:    routing  1.76  18.14 Net system.write_position_SB_DFFESR_Q_15_D_SB_LUT4_O_I3_SB_LUT4_I3_O_SB_LUT4_O_I3_SB_LUT4_O_2_I3_SB_LUT4_O_1_I2_SB_LUT4_I2_1_O_SB_LUT4_O_1_I3_SB_LUT4_O_I3_SB_LUT4_O_I3_SB_LUT4_O_I3[3] (9,24) -> (8,25)
Info:                          Sink system.write_position_SB_DFFESR_Q_15_D_SB_LUT4_O_I3_SB_LUT4_I3_O_SB_LUT4_O_I3_SB_LUT4_O_2_I3_SB_LUT4_O_1_I2_SB_LUT4_I2_1_O_SB_LUT4_O_1_I3_SB_LUT4_O_I3_SB_LUT4_O_I3_SB_LUT4_O_LC.I3
Info:                          Defined in:
Info:                               ./.tools/oss-cad-suite/libexec/../share/yosys/ice40/cells_map.v:6.21-6.22
Info:      logic  0.87  19.01 Source system.write_position_SB_DFFESR_Q_15_D_SB_LUT4_O_I3_SB_LUT4_I3_O_SB_LUT4_O_I3_SB_LUT4_O_2_I3_SB_LUT4_O_1_I2_SB_LUT4_I2_1_O_SB_LUT4_O_1_I3_SB_LUT4_O_I3_SB_LUT4_O_I3_SB_LUT4_O_LC.O
Info:    routing  1.76  20.77 Net system.write_position_SB_DFFESR_Q_15_D_SB_LUT4_O_I3_SB_LUT4_I3_O_SB_LUT4_O_I3_SB_LUT4_O_2_I3_SB_LUT4_O_1_I2_SB_LUT4_I2_1_O_SB_LUT4_O_1_I3_SB_LUT4_O_I3_SB_LUT4_O_I3[3] (8,25) -> (8,26)
Info:                          Sink system.write_position_SB_DFFESR_Q_15_D_SB_LUT4_O_I3_SB_LUT4_I3_O_SB_LUT4_O_I3_SB_LUT4_O_2_I3_SB_LUT4_O_1_I2_SB_LUT4_I2_1_O_SB_LUT4_O_1_I3_SB_LUT4_O_I3_SB_LUT4_O_LC.I3
Info:                          Defined in:
Info:                               ./.tools/oss-cad-suite/libexec/../share/yosys/ice40/cells_map.v:6.21-6.22
Info:      logic  0.87  21.65 Source system.write_position_SB_DFFESR_Q_15_D_SB_LUT4_O_I3_SB_LUT4_I3_O_SB_LUT4_O_I3_SB_LUT4_O_2_I3_SB_LUT4_O_1_I2_SB_LUT4_I2_1_O_SB_LUT4_O_1_I3_SB_LUT4_O_I3_SB_LUT4_O_LC.O
Info:    routing  1.76  23.41 Net system.write_position_SB_DFFESR_Q_15_D_SB_LUT4_O_I3_SB_LUT4_I3_O_SB_LUT4_O_I3_SB_LUT4_O_2_I3_SB_LUT4_O_1_I2_SB_LUT4_I2_1_O_SB_LUT4_O_1_I3_SB_LUT4_O_I3[3] (8,26) -> (9,26)
Info:                          Sink system.write_position_SB_DFFESR_Q_15_D_SB_LUT4_O_I3_SB_LUT4_I3_O_SB_LUT4_O_I3_SB_LUT4_O_2_I3_SB_LUT4_O_1_I2_SB_LUT4_I2_1_O_SB_LUT4_O_1_I3_SB_LUT4_O_LC.I3
Info:                          Defined in:
Info:                               ./.tools/oss-cad-suite/libexec/../share/yosys/ice40/cells_map.v:6.21-6.22
Info:      logic  0.87  24.28 Source system.write_position_SB_DFFESR_Q_15_D_SB_LUT4_O_I3_SB_LUT4_I3_O_SB_LUT4_O_I3_SB_LUT4_O_2_I3_SB_LUT4_O_1_I2_SB_LUT4_I2_1_O_SB_LUT4_O_1_I3_SB_LUT4_O_LC.O
Info:    routing  1.76  26.04 Net system.write_position_SB_DFFESR_Q_15_D_SB_LUT4_O_I3_SB_LUT4_I3_O_SB_LUT4_O_I3_SB_LUT4_O_2_I3_SB_LUT4_O_1_I2_SB_LUT4_I2_1_O_SB_LUT4_O_1_I3[3] (9,26) -> (10,27)
Info:                          Sink system.write_position_SB_DFFESR_Q_15_D_SB_LUT4_O_I3_SB_LUT4_I3_O_SB_LUT4_O_I3_SB_LUT4_O_2_I3_SB_LUT4_O_1_I2_SB_LUT4_I2_1_O_SB_LUT4_O_1_LC.I3
Info:                          Defined in:
Info:                               ./.tools/oss-cad-suite/libexec/../share/yosys/ice40/cells_map.v:6.21-6.22
Info:      logic  0.87  26.92 Source system.write_position_SB_DFFESR_Q_15_D_SB_LUT4_O_I3_SB_LUT4_I3_O_SB_LUT4_O_I3_SB_LUT4_O_2_I3_SB_LUT4_O_1_I2_SB_LUT4_I2_1_O_SB_LUT4_O_1_LC.O
Info:    routing  1.76  28.68 Net system.write_position_SB_DFFESR_Q_15_D_SB_LUT4_O_I3_SB_LUT4_I3_O_SB_LUT4_O_I3_SB_LUT4_O_2_I3_SB_LUT4_O_1_I2_SB_LUT4_I2_1_O[3] (10,27) -> (11,26)
Info:                          Sink system.transport.spi.tx_shift_SB_DFFESR_Q_6_D_SB_LUT4_O_I3_SB_LUT4_I3_O_SB_LUT4_O_I3_SB_LUT4_O_I3_SB_LUT4_O_I3_SB_LUT4_O_1_I3_SB_LUT4_O_1_I3_SB_LUT4_O_1_I1_SB_LUT4_I3_1_O_SB_LUT4_I3_O_SB_LUT4_I3_O_SB_LUT4_O_LC.I3
Info:                          Defined in:
Info:                               ./.tools/oss-cad-suite/libexec/../share/yosys/ice40/cells_map.v:6.21-6.22
Info:      logic  0.87  29.55 Source system.transport.spi.tx_shift_SB_DFFESR_Q_6_D_SB_LUT4_O_I3_SB_LUT4_I3_O_SB_LUT4_O_I3_SB_LUT4_O_I3_SB_LUT4_O_I3_SB_LUT4_O_1_I3_SB_LUT4_O_1_I3_SB_LUT4_O_1_I1_SB_LUT4_I3_1_O_SB_LUT4_I3_O_SB_LUT4_I3_O_SB_LUT4_O_LC.O
Info:    routing  3.70  33.26 Net system.transport.spi.tx_shift_SB_DFFESR_Q_6_D_SB_LUT4_O_I3_SB_LUT4_I3_O_SB_LUT4_O_I3_SB_LUT4_O_I3_SB_LUT4_O_I3_SB_LUT4_O_1_I3_SB_LUT4_O_1_I3_SB_LUT4_O_1_I1_SB_LUT4_I3_1_O_SB_LUT4_I3_O_SB_LUT4_I3_O[3] (11,26) -> (11,18)
Info:                          Sink system.transport.spi.mosi_SB_DFFESR_Q_D_SB_LUT4_O_I3_SB_LUT4_O_I3_SB_LUT4_I3_O_SB_LUT4_O_I3_SB_LUT4_O_I3_SB_LUT4_O_2_I3_SB_LUT4_O_LC.I3
Info:                          Defined in:
Info:                               ./.tools/oss-cad-suite/libexec/../share/yosys/ice40/cells_map.v:6.21-6.22
Info:      logic  0.87  34.13 Source system.transport.spi.mosi_SB_DFFESR_Q_D_SB_LUT4_O_I3_SB_LUT4_O_I3_SB_LUT4_I3_O_SB_LUT4_O_I3_SB_LUT4_O_I3_SB_LUT4_O_2_I3_SB_LUT4_O_LC.O
Info:    routing  3.06  37.19 Net system.transport.spi.mosi_SB_DFFESR_Q_D_SB_LUT4_O_I3_SB_LUT4_O_I3_SB_LUT4_I3_O_SB_LUT4_O_I3_SB_LUT4_O_I3_SB_LUT4_O_2_I3[3] (11,18) -> (11,13)
Info:                          Sink system.transport.spi.mosi_SB_DFFESR_Q_D_SB_LUT4_O_I3_SB_LUT4_O_I3_SB_LUT4_I3_O_SB_LUT4_O_I3_SB_LUT4_O_I3_SB_LUT4_O_2_LC.I3
Info:                          Defined in:
Info:                               ./.tools/oss-cad-suite/libexec/../share/yosys/ice40/cells_map.v:6.21-6.22
Info:      logic  0.87  38.06 Source system.transport.spi.mosi_SB_DFFESR_Q_D_SB_LUT4_O_I3_SB_LUT4_O_I3_SB_LUT4_I3_O_SB_LUT4_O_I3_SB_LUT4_O_I3_SB_LUT4_O_2_LC.O
Info:    routing  1.76  39.82 Net system.transport.spi.mosi_SB_DFFESR_Q_D_SB_LUT4_O_I3_SB_LUT4_O_I3_SB_LUT4_I3_O_SB_LUT4_O_I3_SB_LUT4_O_I3[3] (11,13) -> (12,12)
Info:                          Sink system.transport.spi.mosi_SB_DFFESR_Q_D_SB_LUT4_O_I3_SB_LUT4_O_I3_SB_LUT4_I3_O_SB_LUT4_O_I3_SB_LUT4_O_LC.I3
Info:                          Defined in:
Info:                               ./.tools/oss-cad-suite/libexec/../share/yosys/ice40/cells_map.v:6.21-6.22
Info:      logic  0.87  40.69 Source system.transport.spi.mosi_SB_DFFESR_Q_D_SB_LUT4_O_I3_SB_LUT4_O_I3_SB_LUT4_I3_O_SB_LUT4_O_I3_SB_LUT4_O_LC.O
Info:    routing  1.76  42.46 Net system.transport.spi.mosi_SB_DFFESR_Q_D_SB_LUT4_O_I3_SB_LUT4_O_I3_SB_LUT4_I3_O_SB_LUT4_O_I3[2] (12,12) -> (13,13)
Info:                          Sink system.transport.spi.mosi_SB_DFFESR_Q_D_SB_LUT4_O_I3_SB_LUT4_O_I3_SB_LUT4_I3_O_SB_LUT4_O_LC.I3
Info:                          Defined in:
Info:                               ./.tools/oss-cad-suite/libexec/../share/yosys/ice40/cells_map.v:6.21-6.22
Info:      logic  0.87  43.33 Source system.transport.spi.mosi_SB_DFFESR_Q_D_SB_LUT4_O_I3_SB_LUT4_O_I3_SB_LUT4_I3_O_SB_LUT4_O_LC.O
Info:    routing  3.70  47.03 Net system.transport.spi.mosi_SB_DFFESR_Q_D_SB_LUT4_O_I3_SB_LUT4_O_I3_SB_LUT4_I3_O[0] (13,13) -> (13,24)
Info:                          Sink system.transport.spi.mosi_SB_DFFESR_Q_D_SB_LUT4_O_I3_SB_LUT4_O_I3_SB_LUT4_I3_O_SB_LUT4_I3_LC.I2
Info:                          Defined in:
Info:                               ./.tools/oss-cad-suite/libexec/../share/yosys/ice40/cells_map.v:6.21-6.22
Info:      logic  1.21  48.24 Source system.transport.spi.mosi_SB_DFFESR_Q_D_SB_LUT4_O_I3_SB_LUT4_O_I3_SB_LUT4_I3_O_SB_LUT4_I3_LC.O
Info:    routing  1.76  50.00 Net system.crc_SB_DFFESS_Q_4_D_SB_LUT4_O_I3[0] (13,24) -> (14,24)
Info:                          Sink system.transport.spi.tx_shift_SB_DFFESR_Q_1_D_SB_LUT4_O_I3_SB_LUT4_O_I3_SB_LUT4_I3_O_SB_LUT4_O_LC.I2
Info:                          Defined in:
Info:                               ./.tools/oss-cad-suite/libexec/../share/yosys/ice40/cells_map.v:6.21-6.22
Info:      logic  1.21  51.21 Source system.transport.spi.tx_shift_SB_DFFESR_Q_1_D_SB_LUT4_O_I3_SB_LUT4_O_I3_SB_LUT4_I3_O_SB_LUT4_O_LC.O
Info:    routing  1.76  52.97 Net system.crc_SB_DFFESS_Q_15_D_SB_LUT4_O_I3[0] (14,24) -> (14,25)
Info:                          Sink system.crc_SB_DFFESS_Q_2_D_SB_LUT4_O_LC.I3
Info:                          Defined in:
Info:                               ./.tools/oss-cad-suite/libexec/../share/yosys/ice40/cells_map.v:6.21-6.22
Info:      logic  0.87  53.84 Source system.crc_SB_DFFESS_Q_2_D_SB_LUT4_O_LC.O
Info:    routing  1.76  55.60 Net system.crc_SB_DFFESS_Q_2_D[3] (14,25) -> (14,25)
Info:                          Sink system.crc_SB_DFFESS_Q_2_DFFLC.I0
Info:                          Defined in:
Info:                               ./.tools/oss-cad-suite/libexec/../share/yosys/ice40/cells_map.v:6.21-6.22
Info:      setup  1.23  56.84 Source system.crc_SB_DFFESS_Q_2_DFFLC.I0
Info: 17.93 ns logic, 38.90 ns routing

Info: Critical path report for cross-domain path '<async>' -> 'posedge clk12$SB_IO_IN_$glb_clk':
Info:       type curr  total name
Info:     source  0.00  0.00 Source sensor_miso$sb_io.D_IN_0
Info:    routing  5.23  5.23 Net sensor_miso$SB_IO_IN (18,31) -> (4,26)
Info:                          Sink system.capture.master.rx_shift_SB_DFFESR_Q_7_DFFLC.I0
Info:                          Defined in:
Info:                               rtl/upduino_sensor.sv:45.36-45.47
Info:      setup  1.23  6.46 Source system.capture.master.rx_shift_SB_DFFESR_Q_7_DFFLC.I0
Info: 1.23 ns logic, 5.23 ns routing

Info: Critical path report for cross-domain path 'posedge clk12$SB_IO_IN_$glb_clk' -> '<async>':
Info:       type curr  total name
Info:   clk-to-q  1.39  1.39 Source system.error_flags_SB_DFFESR_Q_DFFLC.O
Info:    routing  4.35  5.74 Net system.error_flags[6] (11,1) -> (12,13)
Info:                          Sink status_error_SB_LUT4_O_I3_SB_LUT4_O_1_LC.I1
Info:                          Defined in:
Info:                               rtl/upduino_sensor.sv:55.15-55.26
Info:      logic  1.23  6.97 Source status_error_SB_LUT4_O_I3_SB_LUT4_O_1_LC.O
Info:    routing  1.76  8.73 Net status_error_SB_LUT4_O_I3[1] (12,13) -> (13,13)
Info:                          Sink status_error_SB_LUT4_O_LC.I3
Info:                          Defined in:
Info:                               ./.tools/oss-cad-suite/libexec/../share/yosys/ice40/cells_map.v:6.21-6.22
Info:      logic  0.87  9.61 Source status_error_SB_LUT4_O_LC.O
Info:    routing  4.90  14.51 Net status_error$SB_IO_OUT (13,13) -> (18,0)
Info:                          Sink status_error$sb_io.D_OUT_0
Info:                          Defined in:
Info:                               rtl/upduino_sensor.sv:48.28-48.40
Info: 3.49 ns logic, 11.01 ns routing

Info: Max frequency for clock 'clk12$SB_IO_IN_$glb_clk': 17.59 MHz (PASS at 12.00 MHz)

Info: Max delay <async>                         -> posedge clk12$SB_IO_IN_$glb_clk: 6.46 ns
Info: Max delay posedge clk12$SB_IO_IN_$glb_clk -> <async>                        : 14.51 ns

Info: Slack histogram:
Info:  legend: * represents 19 endpoint(s)
Info:          + represents [1,19) endpoint(s)
Info: [ 26497,  29141) |+
Info: [ 29141,  31785) |+
Info: [ 31785,  34429) |**+
Info: [ 34429,  37073) |*+
Info: [ 37073,  39717) |*+
Info: [ 39717,  42361) |***+
Info: [ 42361,  45005) |**+
Info: [ 45005,  47649) |***+
Info: [ 47649,  50293) |*+
Info: [ 50293,  52937) |*************+
Info: [ 52937,  55581) |**************+
Info: [ 55581,  58225) |*******+
Info: [ 58225,  60869) |************+
Info: [ 60869,  63513) |********************+
Info: [ 63513,  66157) |************************************************************ 
Info: [ 66157,  68801) |**********+
Info: [ 68801,  71445) |**************+
Info: [ 71445,  74089) |*************+
Info: [ 74089,  76733) |***************+
Info: [ 76733,  79377) |**************************************+

Info: Program finished normally.
